
> elite-tailwind@0.1.0 build
> next build

  ▲ Next.js 14.2.28
  - Environments: .env

   Linting and checking validity of types ...
 ⨯ ESLint: Invalid Options: - Unknown options: useEslintrc, extensions - 'extensions' has been removed.
   Creating an optimized production build ...
 ✓ Compiled successfully
   Collecting page data ...
[SSG] Generating static paths for category prompts...
[Build Time] Fetching all categories from: https://admin.promptland.in/api/get_categories
[Build Time] Fetching all categories from: https://admin.promptland.in/api/get_categories
[SSG] Generating static paths for all trending prompts...
[Build Time] Fetching all trending prompts from: https://admin.promptland.in/api/get_questions_by_level
[Build Time] Successfully fetched 29 categories
[SSG] Generated 29 paths for category prompts
[Build Time] Successfully fetched 29 categories
[Build Time] Fetching prompts for category 7, subcategory none
[Build Time] Successfully fetched 50 prompts for category 7
[Build Time] Fetching prompts for category 17, subcategory none
[Build Time] Successfully fetched 50 trending prompts
[SSG] Generated 100 static paths (50 prompts x 2 formats)
[Build Time] Successfully fetched 15 prompts for category 17
[Build Time] Fetching prompts for category 18, subcategory none
[Build Time] Successfully fetched 5 prompts for category 18
[Build Time] Fetching prompts for category 19, subcategory none
[Build Time] Successfully fetched 3 prompts for category 19
[Build Time] Fetching prompts for category 22, subcategory none
[Build Time] Successfully fetched 6 prompts for category 22
[Build Time] Fetching prompts for category 23, subcategory none
[Build Time] Successfully fetched 4 prompts for category 23
[Build Time] Fetching prompts for category 24, subcategory none
[Build Time] Successfully fetched 5 prompts for category 24
[Build Time] Fetching prompts for category 25, subcategory none
[Build Time] Successfully fetched 6 prompts for category 25
[Build Time] Fetching prompts for category 26, subcategory none
[Build Time] Successfully fetched 2 prompts for category 26
[Build Time] Fetching prompts for category 29, subcategory none
[Build Time] Successfully fetched 13 prompts for category 29
[Build Time] Fetching prompts for category 32, subcategory none
[Build Time] Successfully fetched 2 prompts for category 32
[Build Time] Fetching prompts for category 33, subcategory none
[Build Time] Successfully fetched 2 prompts for category 33
[Build Time] Fetching prompts for category 35, subcategory none
[Build Time] Successfully fetched 4 prompts for category 35
[Build Time] Fetching prompts for category 5, subcategory none
[Build Time] Successfully fetched 50 prompts for category 5
[Build Time] Fetching prompts for category 9, subcategory none
[Build Time] Successfully fetched 18 prompts for category 9
[Build Time] Fetching prompts for category 16, subcategory none
[Build Time] Successfully fetched 26 prompts for category 16
[Build Time] Fetching prompts for category 15, subcategory none
[Build Time] Successfully fetched 5 prompts for category 15
[Build Time] Fetching prompts for category 8, subcategory none
[Build Time] Successfully fetched 19 prompts for category 8
[Build Time] Fetching prompts for category 10, subcategory none
[Build Time] Successfully fetched 33 prompts for category 10
[Build Time] Fetching prompts for category 11, subcategory none
[Build Time] Successfully fetched 46 prompts for category 11
[Build Time] Fetching prompts for category 6, subcategory none
[Build Time] Successfully fetched 36 prompts for category 6
[Build Time] Fetching prompts for category 36, subcategory none
[Build Time] Successfully fetched 1 prompts for category 36
[Build Time] Fetching prompts for category 12, subcategory none
[Build Time] Successfully fetched 28 prompts for category 12
[Build Time] Fetching prompts for category 13, subcategory none
[Build Time] Successfully fetched 7 prompts for category 13
[Build Time] Fetching prompts for category 1, subcategory none
[Build Time] Successfully fetched 20 prompts for category 1
[Build Time] Fetching prompts for category 34, subcategory none
[Build Time] Successfully fetched 2 prompts for category 34
[Build Time] Fetching prompts for category 31, subcategory none
[Build Time] Successfully fetched 10 prompts for category 31
[Build Time] Fetching prompts for category 30, subcategory none
[Build Time] Successfully fetched 3 prompts for category 30
[Build Time] Fetching prompts for category 14, subcategory none
[Build Time] Successfully fetched 18 prompts for category 14
   Generating static pages (0/673) ...
this is outer subcat
[Build Time] Fetching all categories from: https://admin.promptland.in/api/get_categories
[Build Time] Successfully fetched 29 categories
[Build Time] Fetching all trending prompts from: https://admin.promptland.in/api/get_questions_by_level
[Build Time] Successfully fetched 50 trending prompts
[Build Time] Transformed 50 trending prompts for home page
[Build Time] Fetching all prompt heroes from: https://admin.promptland.in/api/get_questions_by_level
[Build Time] Successfully fetched 2 prompt heroes
[Build Time] Fetched 2 prompt heroes for home page
[SSG] Generating static prompt-heroes page...
[Build Time] Fetching all prompt heroes from: https://admin.promptland.in/api/get_questions_by_level
[Build Time] Successfully fetched 2 prompt heroes
[SSG] Generated prompt-heroes page with 2 heroes
[SSG] Generating static trending listing page...
[Build Time] Fetching all trending prompts from: https://admin.promptland.in/api/get_questions_by_level
[Build Time] Successfully fetched 50 trending prompts
[SSG] Generated trending page with 50 prompts
{}
[SSG] Generating static top-creators page...
[Build Time] Fetching all top creators from: https://admin.promptland.in/api/get_questions_by_level
[SSG] Generated top-creators page with 0 creators
[Build Time] API Error: 102

Error occurred prerendering page "/top-creators". Read more: https://nextjs.org/docs/messages/prerender-error

Error: ISR cannot be used with "output: export". See more info here: https://nextjs.org/docs/advanced-features/static-html-export
    at e3 (/home/jay/Desktop/prompt/node_modules/next/dist/compiled/next-server/pages.runtime.prod.js:26:487)
    at process.processTicksAndRejections (node:internal/process/task_queues:95:5)
    at async exportPages (/home/jay/Desktop/prompt/node_modules/next/dist/export/routes/pages.js:84:28)
    at async exportPageImpl (/home/jay/Desktop/prompt/node_modules/next/dist/export/worker.js:206:16)
    at async Span.traceAsyncFn (/home/jay/Desktop/prompt/node_modules/next/dist/trace/trace.js:154:20)
    at async Object.exportPage (/home/jay/Desktop/prompt/node_modules/next/dist/export/worker.js:237:20)
[Build Time] Fetching all trending prompts from: https://admin.promptland.in/api/get_questions_by_level
[Build Time] Successfully fetched 50 trending prompts
[Build Time] Transformed 50 trending prompts for home page
[Build Time] Fetching all prompt heroes from: https://admin.promptland.in/api/get_questions_by_level
[Build Time] Successfully fetched 2 prompt heroes
[Build Time] Fetched 2 prompt heroes for home page
[Build Time] Fetching all categories from: https://admin.promptland.in/api/get_categories
[Build Time] Successfully fetched 29 categories
[Build Time] Fetching prompts for category 18, subcategory none
[Build Time] Successfully fetched 5 prompts for category 18
[Build Time] Fetching all categories from: https://admin.promptland.in/api/get_categories
[Build Time] Successfully fetched 29 categories
[Build Time] Fetching prompts for category 22, subcategory none
[Build Time] Successfully fetched 6 prompts for category 22
[Build Time] Fetching all categories from: https://admin.promptland.in/api/get_categories
[Build Time] Successfully fetched 29 categories
[Build Time] Fetching prompts for category 19, subcategory none
[Build Time] Successfully fetched 3 prompts for category 19
[Build Time] Fetching all categories from: https://admin.promptland.in/api/get_categories
[Build Time] Successfully fetched 29 categories
[Build Time] Fetching prompts for category 7, subcategory none
[Build Time] Successfully fetched 50 prompts for category 7
[Build Time] Fetching all categories from: https://admin.promptland.in/api/get_categories
[Build Time] Successfully fetched 29 categories
[Build Time] Fetching prompts for category 17, subcategory none
[Build Time] Successfully fetched 15 prompts for category 17
[Build Time] Fetching all categories from: https://admin.promptland.in/api/get_categories
[Build Time] Successfully fetched 29 categories
[Build Time] Fetching prompts for category 23, subcategory none
[Build Time] Successfully fetched 4 prompts for category 23
[Build Time] Fetching all categories from: https://admin.promptland.in/api/get_categories
[Build Time] Successfully fetched 29 categories
[Build Time] Fetching prompts for category 24, subcategory none
[Build Time] Successfully fetched 5 prompts for category 24
[Build Time] Fetching all categories from: https://admin.promptland.in/api/get_categories
[Build Time] Successfully fetched 29 categories
[Build Time] Fetching prompts for category 25, subcategory none
[Build Time] Successfully fetched 6 prompts for category 25
[Build Time] Fetching all categories from: https://admin.promptland.in/api/get_categories
[Build Time] Successfully fetched 29 categories
[Build Time] Fetching prompts for category 32, subcategory none
[Build Time] Successfully fetched 2 prompts for category 32
[Build Time] Fetching all categories from: https://admin.promptland.in/api/get_categories
[Build Time] Successfully fetched 29 categories
[Build Time] Fetching prompts for category 26, subcategory none
[Build Time] Successfully fetched 2 prompts for category 26
[Build Time] Fetching all categories from: https://admin.promptland.in/api/get_categories
[Build Time] Successfully fetched 29 categories
[Build Time] Fetching prompts for category 29, subcategory none
[Build Time] Successfully fetched 13 prompts for category 29
[Build Time] Fetching all categories from: https://admin.promptland.in/api/get_categories
[Build Time] Successfully fetched 29 categories
[Build Time] Fetching prompts for category 5, subcategory none
[Build Time] Successfully fetched 50 prompts for category 5
[Build Time] Fetching all categories from: https://admin.promptland.in/api/get_categories
[Build Time] Successfully fetched 29 categories
[Build Time] Fetching prompts for category 33, subcategory none
[Build Time] Successfully fetched 2 prompts for category 33
[Build Time] Fetching all categories from: https://admin.promptland.in/api/get_categories
[Build Time] Successfully fetched 29 categories
[Build Time] Fetching prompts for category 35, subcategory none
[Build Time] Successfully fetched 4 prompts for category 35
[Build Time] Fetching all categories from: https://admin.promptland.in/api/get_categories
[Build Time] Successfully fetched 29 categories
[Build Time] Fetching prompts for category 8, subcategory none
[Build Time] Successfully fetched 19 prompts for category 8
[Build Time] Fetching all categories from: https://admin.promptland.in/api/get_categories
[Build Time] Successfully fetched 29 categories
[Build Time] Fetching prompts for category 16, subcategory none
[Build Time] Successfully fetched 26 prompts for category 16
[Build Time] Fetching all categories from: https://admin.promptland.in/api/get_categories
[Build Time] Successfully fetched 29 categories
[Build Time] Fetching prompts for category 15, subcategory none
[Build Time] Successfully fetched 5 prompts for category 15
[Build Time] Fetching all categories from: https://admin.promptland.in/api/get_categories
[Build Time] Successfully fetched 29 categories
[Build Time] Fetching prompts for category 9, subcategory none
[Build Time] Successfully fetched 18 prompts for category 9
[Build Time] Fetching all categories from: https://admin.promptland.in/api/get_categories
[Build Time] Successfully fetched 29 categories
[Build Time] Fetching prompts for category 11, subcategory none
[Build Time] Successfully fetched 46 prompts for category 11
[Build Time] Fetching all categories from: https://admin.promptland.in/api/get_categories
[Build Time] Successfully fetched 29 categories
[Build Time] Fetching prompts for category 10, subcategory none
[Build Time] Successfully fetched 33 prompts for category 10
[Build Time] Fetching all categories from: https://admin.promptland.in/api/get_categories
[Build Time] Successfully fetched 29 categories
[Build Time] Fetching prompts for category 6, subcategory none
[Build Time] Successfully fetched 36 prompts for category 6
[Build Time] Fetching all categories from: https://admin.promptland.in/api/get_categories
[Build Time] Successfully fetched 29 categories
[Build Time] Fetching prompts for category 13, subcategory none
[Build Time] Successfully fetched 7 prompts for category 13
[Build Time] Fetching all categories from: https://admin.promptland.in/api/get_categories
[Build Time] Successfully fetched 29 categories
[Build Time] Fetching prompts for category 1, subcategory none
[Build Time] Successfully fetched 20 prompts for category 1
[Build Time] Fetching all categories from: https://admin.promptland.in/api/get_categories
[Build Time] Successfully fetched 29 categories
[Build Time] Fetching prompts for category 12, subcategory none
[Build Time] Successfully fetched 28 prompts for category 12
[Build Time] Fetching all categories from: https://admin.promptland.in/api/get_categories
[Build Time] Successfully fetched 29 categories
[Build Time] Fetching prompts for category 36, subcategory none
[Build Time] Successfully fetched 1 prompts for category 36
[Build Time] Fetching all categories from: https://admin.promptland.in/api/get_categories
[Build Time] Successfully fetched 29 categories
[Build Time] Fetching prompts for category 31, subcategory none
[Build Time] Successfully fetched 10 prompts for category 31
[Build Time] Fetching all categories from: https://admin.promptland.in/api/get_categories
[Build Time] Successfully fetched 29 categories
[Build Time] Fetching prompts for category 34, subcategory none
[Build Time] Successfully fetched 2 prompts for category 34
[Build Time] Fetching all categories from: https://admin.promptland.in/api/get_categories
[Build Time] Successfully fetched 29 categories
[Build Time] Fetching prompts for category 30, subcategory none
[Build Time] Successfully fetched 3 prompts for category 30
[Build Time] Fetching all categories from: https://admin.promptland.in/api/get_categories
[Build Time] Successfully fetched 29 categories
[Build Time] Fetching prompts for category 14, subcategory none
[Build Time] Successfully fetched 18 prompts for category 14
[SSG] Generating static page for: the-magical-butterfly
[Build Time] Fetching all trending prompts from: https://admin.promptland.in/api/get_questions_by_level
[Build Time] Successfully fetched 50 trending prompts
[SSG] Generated page for prompt: The Magical Butterfly
[SSG] Generating static page for: The Magical Butterfly
[Build Time] Fetching all trending prompts from: https://admin.promptland.in/api/get_questions_by_level
[Build Time] Successfully fetched 50 trending prompts
[SSG] Generated page for prompt: The Magical Butterfly
[SSG] Generating static page for: the-social-media-illusion
[Build Time] Fetching all trending prompts from: https://admin.promptland.in/api/get_questions_by_level
[Build Time] Successfully fetched 50 trending prompts
[SSG] Generated page for prompt: The Social Media illusion
[SSG] Generating static page for: the-whiskey-cigar-lounge
[Build Time] Fetching all trending prompts from: https://admin.promptland.in/api/get_questions_by_level
[Build Time] Successfully fetched 50 trending prompts
[SSG] Generated page for prompt: The Whiskey & Cigar Lounge
[SSG] Generating static page for: The Social Media illusion
[Build Time] Fetching all trending prompts from: https://admin.promptland.in/api/get_questions_by_level
[Build Time] Successfully fetched 50 trending prompts
[SSG] Generated page for prompt: The Social Media illusion
[SSG] Generating static page for: The Whiskey & Cigar Lounge
[Build Time] Fetching all trending prompts from: https://admin.promptland.in/api/get_questions_by_level
[Build Time] Successfully fetched 50 trending prompts
[SSG] Generated page for prompt: The Whiskey & Cigar Lounge
[SSG] Generating static page for: the-red-geometric-room
[Build Time] Fetching all trending prompts from: https://admin.promptland.in/api/get_questions_by_level
[Build Time] Successfully fetched 50 trending prompts
[SSG] Generated page for prompt: The Red Geometric Room
[SSG] Generating static page for: the-live-concert-moment
[Build Time] Fetching all trending prompts from: https://admin.promptland.in/api/get_questions_by_level
[Build Time] Successfully fetched 50 trending prompts
[SSG] Generated page for prompt: The Live Concert Moment
[SSG] Generating static page for: The Red Geometric Room
[Build Time] Fetching all trending prompts from: https://admin.promptland.in/api/get_questions_by_level
[Build Time] Successfully fetched 50 trending prompts
[SSG] Generated page for prompt: The Red Geometric Room
[SSG] Generating static page for: The Live Concert Moment
[Build Time] Fetching all trending prompts from: https://admin.promptland.in/api/get_questions_by_level
[Build Time] Successfully fetched 50 trending prompts
[SSG] Generated page for prompt: The Live Concert Moment
[SSG] Generating static page for: the-jungle-equestrian
[Build Time] Fetching all trending prompts from: https://admin.promptland.in/api/get_questions_by_level
[Build Time] Successfully fetched 50 trending prompts
[SSG] Generated page for prompt: The Jungle Equestrian
[SSG] Generating static page for: The Jungle Equestrian
[Build Time] Fetching all trending prompts from: https://admin.promptland.in/api/get_questions_by_level
[Build Time] Successfully fetched 50 trending prompts
[SSG] Generated page for prompt: The Jungle Equestrian
[SSG] Generating static page for: luxury-jet-cinematic-walk
[Build Time] Fetching all trending prompts from: https://admin.promptland.in/api/get_questions_by_level
[Build Time] Successfully fetched 50 trending prompts
[SSG] Generated page for prompt: Luxury Jet Cinematic Walk
[SSG] Generating static page for: Luxury Jet Cinematic Walk
[Build Time] Fetching all trending prompts from: https://admin.promptland.in/api/get_questions_by_level
[Build Time] Successfully fetched 50 trending prompts
[SSG] Generated page for prompt: Luxury Jet Cinematic Walk
[SSG] Generating static page for: Retrato Cinematográfico Surreal 8K
[Build Time] Fetching all trending prompts from: https://admin.promptland.in/api/get_questions_by_level
[Build Time] Successfully fetched 50 trending prompts
[SSG] Generated page for prompt: Retrato Cinematográfico Surreal 8K
[SSG] Generating static page for: retrato-cinematogrfico-surreal-8k
[Build Time] Fetching all trending prompts from: https://admin.promptland.in/api/get_questions_by_level
[Build Time] Successfully fetched 50 trending prompts
[SSG] Generated page for prompt: Retrato Cinematográfico Surreal 8K
[SSG] Generating static page for: spinning-pink-sari-cinematic-portrait
[Build Time] Fetching all trending prompts from: https://admin.promptland.in/api/get_questions_by_level
[Build Time] Successfully fetched 50 trending prompts
[SSG] Generated page for prompt: Spinning Pink Sari Cinematic Portrait
[SSG] Generating static page for: ultra-realistic-saree-portrait-prompt
[Build Time] Fetching all trending prompts from: https://admin.promptland.in/api/get_questions_by_level
[Build Time] Successfully fetched 50 trending prompts
[SSG] Generated page for prompt: Ultra-Realistic Saree Portrait Prompt
[SSG] Generating static page for: Spinning Pink Sari Cinematic Portrait
[Build Time] Fetching all trending prompts from: https://admin.promptland.in/api/get_questions_by_level
[Build Time] Successfully fetched 50 trending prompts
[SSG] Generated page for prompt: Spinning Pink Sari Cinematic Portrait
[SSG] Generating static page for: Ultra-Realistic Saree Portrait Prompt
[Build Time] Fetching all trending prompts from: https://admin.promptland.in/api/get_questions_by_level
[Build Time] Successfully fetched 50 trending prompts
[SSG] Generated page for prompt: Ultra-Realistic Saree Portrait Prompt
[SSG] Generating static page for: butterfly-color-traditional-net-saree-portrait
[Build Time] Fetching all trending prompts from: https://admin.promptland.in/api/get_questions_by_level
[Build Time] Successfully fetched 50 trending prompts
[SSG] Generated page for prompt: Butterfly Color Traditional Net Saree Portrait
[SSG] Generating static page for: deep-red-silk-saree-golden-hour-portrait
[Build Time] Fetching all trending prompts from: https://admin.promptland.in/api/get_questions_by_level
[Build Time] Successfully fetched 50 trending prompts
[SSG] Generated page for prompt: Deep Red Silk Saree Golden Hour Portrait
[SSG] Generating static page for: Butterfly Color Traditional Net Saree Portrait
[Build Time] Fetching all trending prompts from: https://admin.promptland.in/api/get_questions_by_level
[Build Time] Successfully fetched 50 trending prompts
[SSG] Generated page for prompt: Butterfly Color Traditional Net Saree Portrait
[SSG] Generating static page for: Deep Red Silk Saree Golden Hour Portrait
[Build Time] Fetching all trending prompts from: https://admin.promptland.in/api/get_questions_by_level
[Build Time] Successfully fetched 50 trending prompts
[SSG] Generated page for prompt: Deep Red Silk Saree Golden Hour Portrait
[SSG] Generating static page for: hyper-realistic-south-indian-portrait
[Build Time] Fetching all trending prompts from: https://admin.promptland.in/api/get_questions_by_level
[Build Time] Successfully fetched 50 trending prompts
[SSG] Generated page for prompt: Hyper-Realistic South Indian Portrait
[SSG] Generating static page for: Hyper-Realistic South Indian Portrait
[Build Time] Fetching all trending prompts from: https://admin.promptland.in/api/get_questions_by_level
[Build Time] Successfully fetched 50 trending prompts
[SSG] Generated page for prompt: Hyper-Realistic South Indian Portrait
[SSG] Generating static page for: divine-smoke-transformation-portrait
[Build Time] Fetching all trending prompts from: https://admin.promptland.in/api/get_questions_by_level
[Build Time] Successfully fetched 50 trending prompts
[SSG] Generated page for prompt: Divine Smoke Transformation Portrait
[SSG] Generating static page for: Radha Rani Close-Up Portrait
[Build Time] Fetching all trending prompts from: https://admin.promptland.in/api/get_questions_by_level
[Build Time] Successfully fetched 50 trending prompts
[SSG] Generated page for prompt: Radha Rani Close-Up Portrait
[SSG] Generating static page for: Divine Smoke Transformation Portrait
[Build Time] Fetching all trending prompts from: https://admin.promptland.in/api/get_questions_by_level
[Build Time] Successfully fetched 50 trending prompts
[SSG] Generated page for prompt: Divine Smoke Transformation Portrait
[SSG] Generating static page for: radha-rani-close-up-portrait
[Build Time] Fetching all trending prompts from: https://admin.promptland.in/api/get_questions_by_level
[Build Time] Successfully fetched 50 trending prompts
[SSG] Generated page for prompt: Radha Rani Close-Up Portrait
[SSG] Generating static page for: radha-at-prem-mandir
[Build Time] Fetching all trending prompts from: https://admin.promptland.in/api/get_questions_by_level
[Build Time] Successfully fetched 50 trending prompts
[SSG] Generated page for prompt: Radha at Prem Mandir
   Generating static pages (168/673) 
[SSG] Generating static page for: Radha at Prem Mandir
[Build Time] Fetching all trending prompts from: https://admin.promptland.in/api/get_questions_by_level
[Build Time] Successfully fetched 50 trending prompts
[SSG] Generated page for prompt: Radha at Prem Mandir
[SSG] Generating static page for: Minimal Radha-Inspired Studio Portrait
[Build Time] Fetching all trending prompts from: https://admin.promptland.in/api/get_questions_by_level
[Build Time] Successfully fetched 50 trending prompts
[SSG] Generated page for prompt: Minimal Radha-Inspired Studio Portrait
[SSG] Generating static page for: minimal-radha-inspired-studio-portrait
[Build Time] Fetching all trending prompts from: https://admin.promptland.in/api/get_questions_by_level
[Build Time] Successfully fetched 50 trending prompts
[SSG] Generated page for prompt: Minimal Radha-Inspired Studio Portrait
[SSG] Generating static page for: mystical-dance-portrait-of-radha
[Build Time] Fetching all trending prompts from: https://admin.promptland.in/api/get_questions_by_level
[Build Time] Successfully fetched 50 trending prompts
[SSG] Generated page for prompt: Mystical Dance Portrait of Radha
[SSG] Generating static page for: radha-krishna-devotional-scene
[Build Time] Fetching all trending prompts from: https://admin.promptland.in/api/get_questions_by_level
[Build Time] Successfully fetched 50 trending prompts
[SSG] Generated page for prompt: Radha-Krishna Devotional Scene
[SSG] Generating static page for: Mystical Dance Portrait of Radha
[Build Time] Fetching all trending prompts from: https://admin.promptland.in/api/get_questions_by_level
[Build Time] Successfully fetched 50 trending prompts
[SSG] Generated page for prompt: Mystical Dance Portrait of Radha
[SSG] Generating static page for: Radha-Krishna Devotional Scene
[Build Time] Fetching all trending prompts from: https://admin.promptland.in/api/get_questions_by_level
[Build Time] Successfully fetched 50 trending prompts
[SSG] Generated page for prompt: Radha-Krishna Devotional Scene
[SSG] Generating static page for: angelic-dreamlike-street-scene
[Build Time] Fetching all trending prompts from: https://admin.promptland.in/api/get_questions_by_level
[Build Time] Successfully fetched 50 trending prompts
[SSG] Generated page for prompt: Angelic Dreamlike Street Scene
[SSG] Generating static page for: Angelic Dreamlike Street Scene
[Build Time] Fetching all trending prompts from: https://admin.promptland.in/api/get_questions_by_level
[Build Time] Successfully fetched 50 trending prompts
[SSG] Generated page for prompt: Angelic Dreamlike Street Scene
[SSG] Generating static page for: paper-world-portrait
[Build Time] Fetching all trending prompts from: https://admin.promptland.in/api/get_questions_by_level
[Build Time] Successfully fetched 50 trending prompts
[SSG] Generated page for prompt: Paper World Portrait
[SSG] Generating static page for: Paper World Portrait
[Build Time] Fetching all trending prompts from: https://admin.promptland.in/api/get_questions_by_level
[Build Time] Successfully fetched 50 trending prompts
[SSG] Generated page for prompt: Paper World Portrait
[SSG] Generating static page for: clean-white-background-casual-portrait
[Build Time] Fetching all trending prompts from: https://admin.promptland.in/api/get_questions_by_level
[Build Time] Successfully fetched 50 trending prompts
[SSG] Generated page for prompt: Clean White Background Casual Portrait
[SSG] Generating static page for: Clean White Background Casual Portrait
[Build Time] Fetching all trending prompts from: https://admin.promptland.in/api/get_questions_by_level
[Build Time] Successfully fetched 50 trending prompts
[SSG] Generated page for prompt: Clean White Background Casual Portrait
[SSG] Generating static page for: cinematic-leather-jacket-portrait
[Build Time] Fetching all trending prompts from: https://admin.promptland.in/api/get_questions_by_level
[Build Time] Successfully fetched 50 trending prompts
[SSG] Generated page for prompt: Cinematic Leather Jacket Portrait
[SSG] Generating static page for: Cinematic Leather Jacket Portrait
[Build Time] Fetching all trending prompts from: https://admin.promptland.in/api/get_questions_by_level
[Build Time] Successfully fetched 50 trending prompts
[SSG] Generated page for prompt: Cinematic Leather Jacket Portrait
[SSG] Generating static page for: luxury-brick-wall-editorial-portrait
[Build Time] Fetching all trending prompts from: https://admin.promptland.in/api/get_questions_by_level
[Build Time] Successfully fetched 50 trending prompts
[SSG] Generated page for prompt: Luxury Brick Wall Editorial Portrait
[SSG] Generating static page for: Luxury Brick Wall Editorial Portrait
[Build Time] Fetching all trending prompts from: https://admin.promptland.in/api/get_questions_by_level
[Build Time] Successfully fetched 50 trending prompts
[SSG] Generated page for prompt: Luxury Brick Wall Editorial Portrait
[SSG] Generating static page for: modern-caf-tropical-shirt-portrait
[Build Time] Fetching all trending prompts from: https://admin.promptland.in/api/get_questions_by_level
[Build Time] Successfully fetched 50 trending prompts
[SSG] Generated page for prompt: Modern Café Tropical Shirt Portrait
[SSG] Generating static page for: Modern Café Tropical Shirt Portrait
[Build Time] Fetching all trending prompts from: https://admin.promptland.in/api/get_questions_by_level
[Build Time] Successfully fetched 50 trending prompts
[SSG] Generated page for prompt: Modern Café Tropical Shirt Portrait
[SSG] Generating static page for: Bedroom Phone Glow Portrait
[Build Time] Fetching all trending prompts from: https://admin.promptland.in/api/get_questions_by_level
[Build Time] Successfully fetched 50 trending prompts
[SSG] Generated page for prompt: Bedroom Phone Glow Portrait
[SSG] Generating static page for: bedroom-phone-glow-portrait
[Build Time] Fetching all trending prompts from: https://admin.promptland.in/api/get_questions_by_level
[Build Time] Successfully fetched 50 trending prompts
[SSG] Generated page for prompt: Bedroom Phone Glow Portrait
[SSG] Generating static page for: dreamy-traditional-portrait-woman
[Build Time] Fetching all trending prompts from: https://admin.promptland.in/api/get_questions_by_level
[Build Time] Successfully fetched 50 trending prompts
[SSG] Generated page for prompt: Dreamy Traditional Portrait (Woman)
[SSG] Generating static page for: Dreamy Traditional Portrait (Woman)
[Build Time] Fetching all trending prompts from: https://admin.promptland.in/api/get_questions_by_level
[Build Time] Successfully fetched 50 trending prompts
[SSG] Generated page for prompt: Dreamy Traditional Portrait (Woman)
[SSG] Generating static page for: monochrome-double-exposure-portrait
[Build Time] Fetching all trending prompts from: https://admin.promptland.in/api/get_questions_by_level
[Build Time] Successfully fetched 50 trending prompts
[SSG] Generated page for prompt: Monochrome Double Exposure Portrait
[SSG] Generating static page for: Monochrome Double Exposure Portrait
[Build Time] Fetching all trending prompts from: https://admin.promptland.in/api/get_questions_by_level
[Build Time] Successfully fetched 50 trending prompts
[SSG] Generated page for prompt: Monochrome Double Exposure Portrait
[SSG] Generating static page for: celebration-confetti-scene
[Build Time] Fetching all trending prompts from: https://admin.promptland.in/api/get_questions_by_level
[Build Time] Successfully fetched 50 trending prompts
[SSG] Generated page for prompt: Celebration Confetti Scene
[SSG] Generating static page for: night-fair-lights-portrait
[Build Time] Fetching all trending prompts from: https://admin.promptland.in/api/get_questions_by_level
[Build Time] Successfully fetched 50 trending prompts
[SSG] Generated page for prompt: Night Fair Lights Portrait
[SSG] Generating static page for: Celebration Confetti Scene
[Build Time] Fetching all trending prompts from: https://admin.promptland.in/api/get_questions_by_level
[Build Time] Successfully fetched 50 trending prompts
[SSG] Generated page for prompt: Celebration Confetti Scene
[SSG] Generating static page for: Night Fair Lights Portrait
[Build Time] Fetching all trending prompts from: https://admin.promptland.in/api/get_questions_by_level
[Build Time] Successfully fetched 50 trending prompts
[SSG] Generated page for prompt: Night Fair Lights Portrait
[SSG] Generating static page for: evening-fairground-leather-look
[Build Time] Fetching all trending prompts from: https://admin.promptland.in/api/get_questions_by_level
[Build Time] Successfully fetched 50 trending prompts
[SSG] Generated page for prompt: Evening Fairground Leather Look
[SSG] Generating static page for: Evening Fairground Leather Look
[Build Time] Fetching all trending prompts from: https://admin.promptland.in/api/get_questions_by_level
[Build Time] Successfully fetched 50 trending prompts
[SSG] Generated page for prompt: Evening Fairground Leather Look
[SSG] Generating static page for: enchanted-garden-fantasy-woman
[Build Time] Fetching all trending prompts from: https://admin.promptland.in/api/get_questions_by_level
[Build Time] Successfully fetched 50 trending prompts
[SSG] Generated page for prompt: Enchanted Garden Fantasy Woman
[SSG] Generating static page for: blue-corset-mirror-room-portrait
[Build Time] Fetching all trending prompts from: https://admin.promptland.in/api/get_questions_by_level
[Build Time] Successfully fetched 50 trending prompts
[SSG] Generated page for prompt: Blue Corset Mirror Room Portrait
[SSG] Generating static page for: Blue Corset Mirror Room Portrait
[Build Time] Fetching all trending prompts from: https://admin.promptland.in/api/get_questions_by_level
[Build Time] Successfully fetched 50 trending prompts
[SSG] Generated page for prompt: Blue Corset Mirror Room Portrait
[SSG] Generating static page for: Enchanted Garden Fantasy Woman
[Build Time] Fetching all trending prompts from: https://admin.promptland.in/api/get_questions_by_level
[Build Time] Successfully fetched 50 trending prompts
[SSG] Generated page for prompt: Enchanted Garden Fantasy Woman
[SSG] Generating static page for: Cinematic Autumn Portrait
[Build Time] Fetching all trending prompts from: https://admin.promptland.in/api/get_questions_by_level
[Build Time] Successfully fetched 50 trending prompts
[SSG] Generated page for prompt: Cinematic Autumn Portrait
[SSG] Generating static page for: Royal Carriage Fashion Portrait
[Build Time] Fetching all trending prompts from: https://admin.promptland.in/api/get_questions_by_level
[Build Time] Successfully fetched 50 trending prompts
[SSG] Generated page for prompt: Royal Carriage Fashion Portrait
[SSG] Generating static page for: royal-carriage-fashion-portrait
[Build Time] Fetching all trending prompts from: https://admin.promptland.in/api/get_questions_by_level
[Build Time] Successfully fetched 50 trending prompts
[SSG] Generated page for prompt: Royal Carriage Fashion Portrait
[SSG] Generating static page for: cinematic-autumn-portrait
[Build Time] Fetching all trending prompts from: https://admin.promptland.in/api/get_questions_by_level
[Build Time] Successfully fetched 50 trending prompts
[SSG] Generated page for prompt: Cinematic Autumn Portrait
[SSG] Generating static page for: Marble Throne Portrait
[Build Time] Fetching all trending prompts from: https://admin.promptland.in/api/get_questions_by_level
[Build Time] Successfully fetched 50 trending prompts
[SSG] Generated page for prompt: Marble Throne Portrait
[SSG] Generating static page for: marble-throne-portrait
[Build Time] Fetching all trending prompts from: https://admin.promptland.in/api/get_questions_by_level
[Build Time] Successfully fetched 50 trending prompts
[SSG] Generated page for prompt: Marble Throne Portrait
[SSG] Generating static page for: urban-leather-portrait
[Build Time] Fetching all trending prompts from: https://admin.promptland.in/api/get_questions_by_level
[Build Time] Successfully fetched 50 trending prompts
[SSG] Generated page for prompt: Urban Leather Portrait
[SSG] Generating static page for: Grand Ballroom Editorial Gown
[Build Time] Fetching all trending prompts from: https://admin.promptland.in/api/get_questions_by_level
[Build Time] Successfully fetched 50 trending prompts
[SSG] Generated page for prompt: Grand Ballroom Editorial Gown
[SSG] Generating static page for: Urban Leather Portrait
[Build Time] Fetching all trending prompts from: https://admin.promptland.in/api/get_questions_by_level
[Build Time] Successfully fetched 50 trending prompts
[SSG] Generated page for prompt: Urban Leather Portrait
[SSG] Generating static page for: grand-ballroom-editorial-gown
[Build Time] Fetching all trending prompts from: https://admin.promptland.in/api/get_questions_by_level
[Build Time] Successfully fetched 50 trending prompts
[SSG] Generated page for prompt: Grand Ballroom Editorial Gown
[SSG] Generating static page for: wedding-venue-lehenga-portrait
[Build Time] Fetching all trending prompts from: https://admin.promptland.in/api/get_questions_by_level
[Build Time] Successfully fetched 50 trending prompts
[SSG] Generated page for prompt: Wedding Venue Lehenga Portrait
[SSG] Generating static page for: Seated Indian Bride Portrait
[Build Time] Fetching all trending prompts from: https://admin.promptland.in/api/get_questions_by_level
[Build Time] Successfully fetched 50 trending prompts
[SSG] Generated page for prompt: Seated Indian Bride Portrait
[SSG] Generating static page for: seated-indian-bride-portrait
[Build Time] Fetching all trending prompts from: https://admin.promptland.in/api/get_questions_by_level
[Build Time] Successfully fetched 50 trending prompts
[SSG] Generated page for prompt: Seated Indian Bride Portrait
[SSG] Generating static page for: Wedding Venue Lehenga Portrait
[Build Time] Fetching all trending prompts from: https://admin.promptland.in/api/get_questions_by_level
[Build Time] Successfully fetched 50 trending prompts
[SSG] Generated page for prompt: Wedding Venue Lehenga Portrait
[SSG] Generating static page for: royal-vintage-bridal-editorial
[Build Time] Fetching all trending prompts from: https://admin.promptland.in/api/get_questions_by_level
[Build Time] Successfully fetched 50 trending prompts
[SSG] Generated page for prompt: Royal Vintage Bridal Editorial
[SSG] Generating static page for: Royal Vintage Bridal Editorial
[Build Time] Fetching all trending prompts from: https://admin.promptland.in/api/get_questions_by_level
[Build Time] Successfully fetched 50 trending prompts
[SSG] Generated page for prompt: Royal Vintage Bridal Editorial
[SSG] Generating static page for: courtyard-traditional-look
[Build Time] Fetching all trending prompts from: https://admin.promptland.in/api/get_questions_by_level
[Build Time] Successfully fetched 50 trending prompts
[SSG] Generated page for prompt: Courtyard Traditional Look
[SSG] Generating static page for: Ultra-Realistic Full Body Digital Art
[Build Time] Fetching all trending prompts from: https://admin.promptland.in/api/get_questions_by_level
[Build Time] Successfully fetched 50 trending prompts
[SSG] Generated page for prompt: Ultra-Realistic Full Body Digital Art
[SSG] Generating static page for: Courtyard Traditional Look
[Build Time] Fetching all trending prompts from: https://admin.promptland.in/api/get_questions_by_level
[Build Time] Successfully fetched 50 trending prompts
[SSG] Generated page for prompt: Courtyard Traditional Look
[SSG] Generating static page for: Balcony Golden Hour Coffee Scene
[Build Time] Fetching all trending prompts from: https://admin.promptland.in/api/get_questions_by_level
[Build Time] Successfully fetched 50 trending prompts
[SSG] Generated page for prompt: Balcony Golden Hour Coffee Scene
[SSG] Generating static page for: balcony-golden-hour-coffee-scene
[Build Time] Fetching all trending prompts from: https://admin.promptland.in/api/get_questions_by_level
[Build Time] Successfully fetched 50 trending prompts
[SSG] Generated page for prompt: Balcony Golden Hour Coffee Scene
[SSG] Generating static page for: ultra-realistic-full-body-digital-art
[Build Time] Fetching all trending prompts from: https://admin.promptland.in/api/get_questions_by_level
[Build Time] Successfully fetched 50 trending prompts
[SSG] Generated page for prompt: Ultra-Realistic Full Body Digital Art
[SSG] Generating static page for: indian-bride-close-up-veil-portrait
[Build Time] Fetching all trending prompts from: https://admin.promptland.in/api/get_questions_by_level
[Build Time] Successfully fetched 50 trending prompts
[SSG] Generated page for prompt: Indian Bride Close-Up Veil Portrait
[SSG] Generating static page for: Indian Bride Close-Up Veil Portrait
[Build Time] Fetching all trending prompts from: https://admin.promptland.in/api/get_questions_by_level
[Build Time] Successfully fetched 50 trending prompts
[SSG] Generated page for prompt: Indian Bride Close-Up Veil Portrait
[SSG] Generating static page for: indian-bride-spinning-full-body-portrait
[Build Time] Fetching all trending prompts from: https://admin.promptland.in/api/get_questions_by_level
[Build Time] Successfully fetched 50 trending prompts
[SSG] Generated page for prompt: Indian Bride Spinning Full-Body Portrait
[SSG] Generating static page for: Indian Bride Spinning Full-Body Portrait
[Build Time] Fetching all trending prompts from: https://admin.promptland.in/api/get_questions_by_level
[Build Time] Successfully fetched 50 trending prompts
[SSG] Generated page for prompt: Indian Bride Spinning Full-Body Portrait
[SSG] Generating static page for: indian-bride-elegant-close-up
[Build Time] Fetching all trending prompts from: https://admin.promptland.in/api/get_questions_by_level
[Build Time] Successfully fetched 50 trending prompts
[SSG] Generated page for prompt: Indian Bride Elegant Close-Up
[SSG] Generating static page for: Indian Bride Elegant Close-Up
[Build Time] Fetching all trending prompts from: https://admin.promptland.in/api/get_questions_by_level
[Build Time] Successfully fetched 50 trending prompts
[SSG] Generated page for prompt: Indian Bride Elegant Close-Up
[SSG] Generating static page for: Indian Bride Seated Royal Portrait
[Build Time] Fetching all trending prompts from: https://admin.promptland.in/api/get_questions_by_level
[Build Time] Successfully fetched 50 trending prompts
[SSG] Generated page for prompt: Indian Bride Seated Royal Portrait
[SSG] Generating static page for: indian-bride-seated-royal-portrait
[Build Time] Fetching all trending prompts from: https://admin.promptland.in/api/get_questions_by_level
[Build Time] Successfully fetched 50 trending prompts
[SSG] Generated page for prompt: Indian Bride Seated Royal Portrait
[Build Time] Fetching all categories from: https://admin.promptland.in/api/get_categories
[Build Time] Successfully fetched 29 categories
[Build Time] Fetching prompts for category 7, subcategory none
[Build Time] Successfully fetched 50 prompts for category 7
[Build Time] Fetching all categories from: https://admin.promptland.in/api/get_categories
[Build Time] Successfully fetched 29 categories
[Build Time] Fetching prompts for category 7, subcategory none
[Build Time] Successfully fetched 50 prompts for category 7
[Build Time] Fetching all categories from: https://admin.promptland.in/api/get_categories
[Build Time] Successfully fetched 29 categories
[Build Time] Fetching prompts for category 7, subcategory none
[Build Time] Successfully fetched 50 prompts for category 7
[Build Time] Fetching all categories from: https://admin.promptland.in/api/get_categories
[Build Time] Successfully fetched 29 categories
[Build Time] Fetching prompts for category 7, subcategory none
[Build Time] Successfully fetched 50 prompts for category 7
ReferenceError: imageUrl is not defined
    at D (/home/jay/Desktop/prompt/.next/server/pages/category/sub-categories/[subcategories]/promptDetails/[promptSlug].js:1:4355)
    at /home/jay/Desktop/prompt/.next/server/pages/category/sub-categories/[subcategories]/promptDetails/[promptSlug].js:1:4820
    at Wc (/home/jay/Desktop/prompt/node_modules/react-dom/cjs/react-dom-server.browser.production.min.js:68:44)
    at Zc (/home/jay/Desktop/prompt/node_modules/react-dom/cjs/react-dom-server.browser.production.min.js:70:253)
    at Z (/home/jay/Desktop/prompt/node_modules/react-dom/cjs/react-dom-server.browser.production.min.js:76:89)
    at Zc (/home/jay/Desktop/prompt/node_modules/react-dom/cjs/react-dom-server.browser.production.min.js:70:481)
    at Z (/home/jay/Desktop/prompt/node_modules/react-dom/cjs/react-dom-server.browser.production.min.js:76:89)
    at $c (/home/jay/Desktop/prompt/node_modules/react-dom/cjs/react-dom-server.browser.production.min.js:78:98)
    at Zc (/home/jay/Desktop/prompt/node_modules/react-dom/cjs/react-dom-server.browser.production.min.js:71:145)
    at Z (/home/jay/Desktop/prompt/node_modules/react-dom/cjs/react-dom-server.browser.production.min.js:76:89)

Error occurred prerendering page "/category/sub-categories/couple-special/promptDetails/celestial-embrace-under-the-aurora". Read more: https://nextjs.org/docs/messages/prerender-error

ReferenceError: imageUrl is not defined
    at D (/home/jay/Desktop/prompt/.next/server/pages/category/sub-categories/[subcategories]/promptDetails/[promptSlug].js:1:4355)
    at /home/jay/Desktop/prompt/.next/server/pages/category/sub-categories/[subcategories]/promptDetails/[promptSlug].js:1:4820
    at Wc (/home/jay/Desktop/prompt/node_modules/react-dom/cjs/react-dom-server.browser.production.min.js:68:44)
    at Zc (/home/jay/Desktop/prompt/node_modules/react-dom/cjs/react-dom-server.browser.production.min.js:70:253)
    at Z (/home/jay/Desktop/prompt/node_modules/react-dom/cjs/react-dom-server.browser.production.min.js:76:89)
    at Zc (/home/jay/Desktop/prompt/node_modules/react-dom/cjs/react-dom-server.browser.production.min.js:70:481)
    at Z (/home/jay/Desktop/prompt/node_modules/react-dom/cjs/react-dom-server.browser.production.min.js:76:89)
    at $c (/home/jay/Desktop/prompt/node_modules/react-dom/cjs/react-dom-server.browser.production.min.js:78:98)
    at Zc (/home/jay/Desktop/prompt/node_modules/react-dom/cjs/react-dom-server.browser.production.min.js:71:145)
    at Z (/home/jay/Desktop/prompt/node_modules/react-dom/cjs/react-dom-server.browser.production.min.js:76:89)
ReferenceError: imageUrl is not defined
    at D (/home/jay/Desktop/prompt/.next/server/pages/category/sub-categories/[subcategories]/promptDetails/[promptSlug].js:1:4355)
    at /home/jay/Desktop/prompt/.next/server/pages/category/sub-categories/[subcategories]/promptDetails/[promptSlug].js:1:4820
    at Wc (/home/jay/Desktop/prompt/node_modules/react-dom/cjs/react-dom-server.browser.production.min.js:68:44)
    at Zc (/home/jay/Desktop/prompt/node_modules/react-dom/cjs/react-dom-server.browser.production.min.js:70:253)
    at Z (/home/jay/Desktop/prompt/node_modules/react-dom/cjs/react-dom-server.browser.production.min.js:76:89)
    at Zc (/home/jay/Desktop/prompt/node_modules/react-dom/cjs/react-dom-server.browser.production.min.js:70:481)
    at Z (/home/jay/Desktop/prompt/node_modules/react-dom/cjs/react-dom-server.browser.production.min.js:76:89)
    at $c (/home/jay/Desktop/prompt/node_modules/react-dom/cjs/react-dom-server.browser.production.min.js:78:98)
    at Zc (/home/jay/Desktop/prompt/node_modules/react-dom/cjs/react-dom-server.browser.production.min.js:71:145)
    at Z (/home/jay/Desktop/prompt/node_modules/react-dom/cjs/react-dom-server.browser.production.min.js:76:89)

Error occurred prerendering page "/category/sub-categories/couple-special/promptDetails/rain-kissed-romance-a-city-night-embrace". Read more: https://nextjs.org/docs/messages/prerender-error

ReferenceError: imageUrl is not defined
    at D (/home/jay/Desktop/prompt/.next/server/pages/category/sub-categories/[subcategories]/promptDetails/[promptSlug].js:1:4355)
    at /home/jay/Desktop/prompt/.next/server/pages/category/sub-categories/[subcategories]/promptDetails/[promptSlug].js:1:4820
    at Wc (/home/jay/Desktop/prompt/node_modules/react-dom/cjs/react-dom-server.browser.production.min.js:68:44)
    at Zc (/home/jay/Desktop/prompt/node_modules/react-dom/cjs/react-dom-server.browser.production.min.js:70:253)
    at Z (/home/jay/Desktop/prompt/node_modules/react-dom/cjs/react-dom-server.browser.production.min.js:76:89)
    at Zc (/home/jay/Desktop/prompt/node_modules/react-dom/cjs/react-dom-server.browser.production.min.js:70:481)
    at Z (/home/jay/Desktop/prompt/node_modules/react-dom/cjs/react-dom-server.browser.production.min.js:76:89)
    at $c (/home/jay/Desktop/prompt/node_modules/react-dom/cjs/react-dom-server.browser.production.min.js:78:98)
    at Zc (/home/jay/Desktop/prompt/node_modules/react-dom/cjs/react-dom-server.browser.production.min.js:71:145)
    at Z (/home/jay/Desktop/prompt/node_modules/react-dom/cjs/react-dom-server.browser.production.min.js:76:89)
ReferenceError: imageUrl is not defined
    at D (/home/jay/Desktop/prompt/.next/server/pages/category/sub-categories/[subcategories]/promptDetails/[promptSlug].js:1:4355)
    at /home/jay/Desktop/prompt/.next/server/pages/category/sub-categories/[subcategories]/promptDetails/[promptSlug].js:1:4820
    at Wc (/home/jay/Desktop/prompt/node_modules/react-dom/cjs/react-dom-server.browser.production.min.js:68:44)
    at Zc (/home/jay/Desktop/prompt/node_modules/react-dom/cjs/react-dom-server.browser.production.min.js:70:253)
    at Z (/home/jay/Desktop/prompt/node_modules/react-dom/cjs/react-dom-server.browser.production.min.js:76:89)
    at Zc (/home/jay/Desktop/prompt/node_modules/react-dom/cjs/react-dom-server.browser.production.min.js:70:481)
    at Z (/home/jay/Desktop/prompt/node_modules/react-dom/cjs/react-dom-server.browser.production.min.js:76:89)
    at $c (/home/jay/Desktop/prompt/node_modules/react-dom/cjs/react-dom-server.browser.production.min.js:78:98)
    at Zc (/home/jay/Desktop/prompt/node_modules/react-dom/cjs/react-dom-server.browser.production.min.js:71:145)
    at Z (/home/jay/Desktop/prompt/node_modules/react-dom/cjs/react-dom-server.browser.production.min.js:76:89)

Error occurred prerendering page "/category/sub-categories/couple-special/promptDetails/desert-wanderers-a-timeless-love-story". Read more: https://nextjs.org/docs/messages/prerender-error

ReferenceError: imageUrl is not defined
    at D (/home/jay/Desktop/prompt/.next/server/pages/category/sub-categories/[subcategories]/promptDetails/[promptSlug].js:1:4355)
    at /home/jay/Desktop/prompt/.next/server/pages/category/sub-categories/[subcategories]/promptDetails/[promptSlug].js:1:4820
    at Wc (/home/jay/Desktop/prompt/node_modules/react-dom/cjs/react-dom-server.browser.production.min.js:68:44)
    at Zc (/home/jay/Desktop/prompt/node_modules/react-dom/cjs/react-dom-server.browser.production.min.js:70:253)
    at Z (/home/jay/Desktop/prompt/node_modules/react-dom/cjs/react-dom-server.browser.production.min.js:76:89)
    at Zc (/home/jay/Desktop/prompt/node_modules/react-dom/cjs/react-dom-server.browser.production.min.js:70:481)
    at Z (/home/jay/Desktop/prompt/node_modules/react-dom/cjs/react-dom-server.browser.production.min.js:76:89)
    at $c (/home/jay/Desktop/prompt/node_modules/react-dom/cjs/react-dom-server.browser.production.min.js:78:98)
    at Zc (/home/jay/Desktop/prompt/node_modules/react-dom/cjs/react-dom-server.browser.production.min.js:71:145)
    at Z (/home/jay/Desktop/prompt/node_modules/react-dom/cjs/react-dom-server.browser.production.min.js:76:89)
ReferenceError: imageUrl is not defined
    at D (/home/jay/Desktop/prompt/.next/server/pages/category/sub-categories/[subcategories]/promptDetails/[promptSlug].js:1:4355)
    at /home/jay/Desktop/prompt/.next/server/pages/category/sub-categories/[subcategories]/promptDetails/[promptSlug].js:1:4820
    at Wc (/home/jay/Desktop/prompt/node_modules/react-dom/cjs/react-dom-server.browser.production.min.js:68:44)
    at Zc (/home/jay/Desktop/prompt/node_modules/react-dom/cjs/react-dom-server.browser.production.min.js:70:253)
    at Z (/home/jay/Desktop/prompt/node_modules/react-dom/cjs/react-dom-server.browser.production.min.js:76:89)
    at Zc (/home/jay/Desktop/prompt/node_modules/react-dom/cjs/react-dom-server.browser.production.min.js:70:481)
    at Z (/home/jay/Desktop/prompt/node_modules/react-dom/cjs/react-dom-server.browser.production.min.js:76:89)
    at $c (/home/jay/Desktop/prompt/node_modules/react-dom/cjs/react-dom-server.browser.production.min.js:78:98)
    at Zc (/home/jay/Desktop/prompt/node_modules/react-dom/cjs/react-dom-server.browser.production.min.js:71:145)
    at Z (/home/jay/Desktop/prompt/node_modules/react-dom/cjs/react-dom-server.browser.production.min.js:76:89)

Error occurred prerendering page "/category/sub-categories/couple-special/promptDetails/underwater-serenity-lovers-in-a-coral-garden". Read more: https://nextjs.org/docs/messages/prerender-error

ReferenceError: imageUrl is not defined
    at D (/home/jay/Desktop/prompt/.next/server/pages/category/sub-categories/[subcategories]/promptDetails/[promptSlug].js:1:4355)
    at /home/jay/Desktop/prompt/.next/server/pages/category/sub-categories/[subcategories]/promptDetails/[promptSlug].js:1:4820
    at Wc (/home/jay/Desktop/prompt/node_modules/react-dom/cjs/react-dom-server.browser.production.min.js:68:44)
    at Zc (/home/jay/Desktop/prompt/node_modules/react-dom/cjs/react-dom-server.browser.production.min.js:70:253)
    at Z (/home/jay/Desktop/prompt/node_modules/react-dom/cjs/react-dom-server.browser.production.min.js:76:89)
    at Zc (/home/jay/Desktop/prompt/node_modules/react-dom/cjs/react-dom-server.browser.production.min.js:70:481)
    at Z (/home/jay/Desktop/prompt/node_modules/react-dom/cjs/react-dom-server.browser.production.min.js:76:89)
    at $c (/home/jay/Desktop/prompt/node_modules/react-dom/cjs/react-dom-server.browser.production.min.js:78:98)
    at Zc (/home/jay/Desktop/prompt/node_modules/react-dom/cjs/react-dom-server.browser.production.min.js:71:145)
    at Z (/home/jay/Desktop/prompt/node_modules/react-dom/cjs/react-dom-server.browser.production.min.js:76:89)
[Build Time] Fetching all categories from: https://admin.promptland.in/api/get_categories
[Build Time] Successfully fetched 29 categories
[Build Time] Fetching prompts for category 7, subcategory none
[Build Time] Successfully fetched 50 prompts for category 7
[Build Time] Fetching all categories from: https://admin.promptland.in/api/get_categories
[Build Time] Successfully fetched 29 categories
[Build Time] Fetching prompts for category 7, subcategory none
[Build Time] Successfully fetched 50 prompts for category 7
[Build Time] Fetching all categories from: https://admin.promptland.in/api/get_categories
[Build Time] Successfully fetched 29 categories
[Build Time] Fetching prompts for category 7, subcategory none
[Build Time] Successfully fetched 50 prompts for category 7
ReferenceError: imageUrl is not defined
    at D (/home/jay/Desktop/prompt/.next/server/pages/category/sub-categories/[subcategories]/promptDetails/[promptSlug].js:1:4355)
    at /home/jay/Desktop/prompt/.next/server/pages/category/sub-categories/[subcategories]/promptDetails/[promptSlug].js:1:4820
    at Wc (/home/jay/Desktop/prompt/node_modules/react-dom/cjs/react-dom-server.browser.production.min.js:68:44)
    at Zc (/home/jay/Desktop/prompt/node_modules/react-dom/cjs/react-dom-server.browser.production.min.js:70:253)
    at Z (/home/jay/Desktop/prompt/node_modules/react-dom/cjs/react-dom-server.browser.production.min.js:76:89)
    at Zc (/home/jay/Desktop/prompt/node_modules/react-dom/cjs/react-dom-server.browser.production.min.js:70:481)
    at Z (/home/jay/Desktop/prompt/node_modules/react-dom/cjs/react-dom-server.browser.production.min.js:76:89)
    at $c (/home/jay/Desktop/prompt/node_modules/react-dom/cjs/react-dom-server.browser.production.min.js:78:98)
    at Zc (/home/jay/Desktop/prompt/node_modules/react-dom/cjs/react-dom-server.browser.production.min.js:71:145)
    at Z (/home/jay/Desktop/prompt/node_modules/react-dom/cjs/react-dom-server.browser.production.min.js:76:89)

Error occurred prerendering page "/category/sub-categories/couple-special/promptDetails/vintage-picnic-by-the-lake-a-retro-rendezvous". Read more: https://nextjs.org/docs/messages/prerender-error

ReferenceError: imageUrl is not defined
    at D (/home/jay/Desktop/prompt/.next/server/pages/category/sub-categories/[subcategories]/promptDetails/[promptSlug].js:1:4355)
    at /home/jay/Desktop/prompt/.next/server/pages/category/sub-categories/[subcategories]/promptDetails/[promptSlug].js:1:4820
    at Wc (/home/jay/Desktop/prompt/node_modules/react-dom/cjs/react-dom-server.browser.production.min.js:68:44)
    at Zc (/home/jay/Desktop/prompt/node_modules/react-dom/cjs/react-dom-server.browser.production.min.js:70:253)
    at Z (/home/jay/Desktop/prompt/node_modules/react-dom/cjs/react-dom-server.browser.production.min.js:76:89)
    at Zc (/home/jay/Desktop/prompt/node_modules/react-dom/cjs/react-dom-server.browser.production.min.js:70:481)
    at Z (/home/jay/Desktop/prompt/node_modules/react-dom/cjs/react-dom-server.browser.production.min.js:76:89)
    at $c (/home/jay/Desktop/prompt/node_modules/react-dom/cjs/react-dom-server.browser.production.min.js:78:98)
    at Zc (/home/jay/Desktop/prompt/node_modules/react-dom/cjs/react-dom-server.browser.production.min.js:71:145)
    at Z (/home/jay/Desktop/prompt/node_modules/react-dom/cjs/react-dom-server.browser.production.min.js:76:89)
ReferenceError: imageUrl is not defined
    at D (/home/jay/Desktop/prompt/.next/server/pages/category/sub-categories/[subcategories]/promptDetails/[promptSlug].js:1:4355)
    at /home/jay/Desktop/prompt/.next/server/pages/category/sub-categories/[subcategories]/promptDetails/[promptSlug].js:1:4820
    at Wc (/home/jay/Desktop/prompt/node_modules/react-dom/cjs/react-dom-server.browser.production.min.js:68:44)
    at Zc (/home/jay/Desktop/prompt/node_modules/react-dom/cjs/react-dom-server.browser.production.min.js:70:253)
    at Z (/home/jay/Desktop/prompt/node_modules/react-dom/cjs/react-dom-server.browser.production.min.js:76:89)
    at Zc (/home/jay/Desktop/prompt/node_modules/react-dom/cjs/react-dom-server.browser.production.min.js:70:481)
    at Z (/home/jay/Desktop/prompt/node_modules/react-dom/cjs/react-dom-server.browser.production.min.js:76:89)
    at $c (/home/jay/Desktop/prompt/node_modules/react-dom/cjs/react-dom-server.browser.production.min.js:78:98)
    at Zc (/home/jay/Desktop/prompt/node_modules/react-dom/cjs/react-dom-server.browser.production.min.js:71:145)
    at Z (/home/jay/Desktop/prompt/node_modules/react-dom/cjs/react-dom-server.browser.production.min.js:76:89)

Error occurred prerendering page "/category/sub-categories/couple-special/promptDetails/hot-air-balloon-adventure-love-above-the-clouds". Read more: https://nextjs.org/docs/messages/prerender-error

ReferenceError: imageUrl is not defined
    at D (/home/jay/Desktop/prompt/.next/server/pages/category/sub-categories/[subcategories]/promptDetails/[promptSlug].js:1:4355)
    at /home/jay/Desktop/prompt/.next/server/pages/category/sub-categories/[subcategories]/promptDetails/[promptSlug].js:1:4820
    at Wc (/home/jay/Desktop/prompt/node_modules/react-dom/cjs/react-dom-server.browser.production.min.js:68:44)
    at Zc (/home/jay/Desktop/prompt/node_modules/react-dom/cjs/react-dom-server.browser.production.min.js:70:253)
    at Z (/home/jay/Desktop/prompt/node_modules/react-dom/cjs/react-dom-server.browser.production.min.js:76:89)
    at Zc (/home/jay/Desktop/prompt/node_modules/react-dom/cjs/react-dom-server.browser.production.min.js:70:481)
    at Z (/home/jay/Desktop/prompt/node_modules/react-dom/cjs/react-dom-server.browser.production.min.js:76:89)
    at $c (/home/jay/Desktop/prompt/node_modules/react-dom/cjs/react-dom-server.browser.production.min.js:78:98)
    at Zc (/home/jay/Desktop/prompt/node_modules/react-dom/cjs/react-dom-server.browser.production.min.js:71:145)
    at Z (/home/jay/Desktop/prompt/node_modules/react-dom/cjs/react-dom-server.browser.production.min.js:76:89)
ReferenceError: imageUrl is not defined
    at D (/home/jay/Desktop/prompt/.next/server/pages/category/sub-categories/[subcategories]/promptDetails/[promptSlug].js:1:4355)
    at /home/jay/Desktop/prompt/.next/server/pages/category/sub-categories/[subcategories]/promptDetails/[promptSlug].js:1:4820
    at Wc (/home/jay/Desktop/prompt/node_modules/react-dom/cjs/react-dom-server.browser.production.min.js:68:44)
    at Zc (/home/jay/Desktop/prompt/node_modules/react-dom/cjs/react-dom-server.browser.production.min.js:70:253)
    at Z (/home/jay/Desktop/prompt/node_modules/react-dom/cjs/react-dom-server.browser.production.min.js:76:89)
    at Zc (/home/jay/Desktop/prompt/node_modules/react-dom/cjs/react-dom-server.browser.production.min.js:70:481)
    at Z (/home/jay/Desktop/prompt/node_modules/react-dom/cjs/react-dom-server.browser.production.min.js:76:89)
    at $c (/home/jay/Desktop/prompt/node_modules/react-dom/cjs/react-dom-server.browser.production.min.js:78:98)
    at Zc (/home/jay/Desktop/prompt/node_modules/react-dom/cjs/react-dom-server.browser.production.min.js:71:145)
    at Z (/home/jay/Desktop/prompt/node_modules/react-dom/cjs/react-dom-server.browser.production.min.js:76:89)

Error occurred prerendering page "/category/sub-categories/couple-special/promptDetails/autumn-whispers-a-cozy-forest-stroll". Read more: https://nextjs.org/docs/messages/prerender-error

ReferenceError: imageUrl is not defined
    at D (/home/jay/Desktop/prompt/.next/server/pages/category/sub-categories/[subcategories]/promptDetails/[promptSlug].js:1:4355)
    at /home/jay/Desktop/prompt/.next/server/pages/category/sub-categories/[subcategories]/promptDetails/[promptSlug].js:1:4820
    at Wc (/home/jay/Desktop/prompt/node_modules/react-dom/cjs/react-dom-server.browser.production.min.js:68:44)
    at Zc (/home/jay/Desktop/prompt/node_modules/react-dom/cjs/react-dom-server.browser.production.min.js:70:253)
    at Z (/home/jay/Desktop/prompt/node_modules/react-dom/cjs/react-dom-server.browser.production.min.js:76:89)
    at Zc (/home/jay/Desktop/prompt/node_modules/react-dom/cjs/react-dom-server.browser.production.min.js:70:481)
    at Z (/home/jay/Desktop/prompt/node_modules/react-dom/cjs/react-dom-server.browser.production.min.js:76:89)
    at $c (/home/jay/Desktop/prompt/node_modules/react-dom/cjs/react-dom-server.browser.production.min.js:78:98)
    at Zc (/home/jay/Desktop/prompt/node_modules/react-dom/cjs/react-dom-server.browser.production.min.js:71:145)
    at Z (/home/jay/Desktop/prompt/node_modules/react-dom/cjs/react-dom-server.browser.production.min.js:76:89)
[Build Time] Fetching all categories from: https://admin.promptland.in/api/get_categories
[Build Time] Successfully fetched 29 categories
[Build Time] Fetching prompts for category 7, subcategory none
[Build Time] Successfully fetched 50 prompts for category 7
[Build Time] Fetching all categories from: https://admin.promptland.in/api/get_categories
[Build Time] Successfully fetched 29 categories
[Build Time] Fetching prompts for category 7, subcategory none
[Build Time] Successfully fetched 50 prompts for category 7
[Build Time] Fetching all categories from: https://admin.promptland.in/api/get_categories
[Build Time] Successfully fetched 29 categories
[Build Time] Fetching prompts for category 7, subcategory none
[Build Time] Successfully fetched 50 prompts for category 7
[Build Time] Fetching all categories from: https://admin.promptland.in/api/get_categories
[Build Time] Successfully fetched 29 categories
[Build Time] Fetching prompts for category 7, subcategory none
[Build Time] Successfully fetched 50 prompts for category 7
ReferenceError: imageUrl is not defined
    at D (/home/jay/Desktop/prompt/.next/server/pages/category/sub-categories/[subcategories]/promptDetails/[promptSlug].js:1:4355)
    at /home/jay/Desktop/prompt/.next/server/pages/category/sub-categories/[subcategories]/promptDetails/[promptSlug].js:1:4820
    at Wc (/home/jay/Desktop/prompt/node_modules/react-dom/cjs/react-dom-server.browser.production.min.js:68:44)
    at Zc (/home/jay/Desktop/prompt/node_modules/react-dom/cjs/react-dom-server.browser.production.min.js:70:253)
    at Z (/home/jay/Desktop/prompt/node_modules/react-dom/cjs/react-dom-server.browser.production.min.js:76:89)
    at Zc (/home/jay/Desktop/prompt/node_modules/react-dom/cjs/react-dom-server.browser.production.min.js:70:481)
    at Z (/home/jay/Desktop/prompt/node_modules/react-dom/cjs/react-dom-server.browser.production.min.js:76:89)
    at $c (/home/jay/Desktop/prompt/node_modules/react-dom/cjs/react-dom-server.browser.production.min.js:78:98)
    at Zc (/home/jay/Desktop/prompt/node_modules/react-dom/cjs/react-dom-server.browser.production.min.js:71:145)
    at Z (/home/jay/Desktop/prompt/node_modules/react-dom/cjs/react-dom-server.browser.production.min.js:76:89)

Error occurred prerendering page "/category/sub-categories/couple-special/promptDetails/90s-baddie-in-red-saree". Read more: https://nextjs.org/docs/messages/prerender-error

ReferenceError: imageUrl is not defined
    at D (/home/jay/Desktop/prompt/.next/server/pages/category/sub-categories/[subcategories]/promptDetails/[promptSlug].js:1:4355)
    at /home/jay/Desktop/prompt/.next/server/pages/category/sub-categories/[subcategories]/promptDetails/[promptSlug].js:1:4820
    at Wc (/home/jay/Desktop/prompt/node_modules/react-dom/cjs/react-dom-server.browser.production.min.js:68:44)
    at Zc (/home/jay/Desktop/prompt/node_modules/react-dom/cjs/react-dom-server.browser.production.min.js:70:253)
    at Z (/home/jay/Desktop/prompt/node_modules/react-dom/cjs/react-dom-server.browser.production.min.js:76:89)
    at Zc (/home/jay/Desktop/prompt/node_modules/react-dom/cjs/react-dom-server.browser.production.min.js:70:481)
    at Z (/home/jay/Desktop/prompt/node_modules/react-dom/cjs/react-dom-server.browser.production.min.js:76:89)
    at $c (/home/jay/Desktop/prompt/node_modules/react-dom/cjs/react-dom-server.browser.production.min.js:78:98)
    at Zc (/home/jay/Desktop/prompt/node_modules/react-dom/cjs/react-dom-server.browser.production.min.js:71:145)
    at Z (/home/jay/Desktop/prompt/node_modules/react-dom/cjs/react-dom-server.browser.production.min.js:76:89)
ReferenceError: imageUrl is not defined
    at D (/home/jay/Desktop/prompt/.next/server/pages/category/sub-categories/[subcategories]/promptDetails/[promptSlug].js:1:4355)
    at /home/jay/Desktop/prompt/.next/server/pages/category/sub-categories/[subcategories]/promptDetails/[promptSlug].js:1:4820
    at Wc (/home/jay/Desktop/prompt/node_modules/react-dom/cjs/react-dom-server.browser.production.min.js:68:44)
    at Zc (/home/jay/Desktop/prompt/node_modules/react-dom/cjs/react-dom-server.browser.production.min.js:70:253)
    at Z (/home/jay/Desktop/prompt/node_modules/react-dom/cjs/react-dom-server.browser.production.min.js:76:89)
    at Zc (/home/jay/Desktop/prompt/node_modules/react-dom/cjs/react-dom-server.browser.production.min.js:70:481)
    at Z (/home/jay/Desktop/prompt/node_modules/react-dom/cjs/react-dom-server.browser.production.min.js:76:89)
    at $c (/home/jay/Desktop/prompt/node_modules/react-dom/cjs/react-dom-server.browser.production.min.js:78:98)
    at Zc (/home/jay/Desktop/prompt/node_modules/react-dom/cjs/react-dom-server.browser.production.min.js:71:145)
    at Z (/home/jay/Desktop/prompt/node_modules/react-dom/cjs/react-dom-server.browser.production.min.js:76:89)

Error occurred prerendering page "/category/sub-categories/couple-special/promptDetails/bollywood-snowfall-romance". Read more: https://nextjs.org/docs/messages/prerender-error

ReferenceError: imageUrl is not defined
    at D (/home/jay/Desktop/prompt/.next/server/pages/category/sub-categories/[subcategories]/promptDetails/[promptSlug].js:1:4355)
    at /home/jay/Desktop/prompt/.next/server/pages/category/sub-categories/[subcategories]/promptDetails/[promptSlug].js:1:4820
    at Wc (/home/jay/Desktop/prompt/node_modules/react-dom/cjs/react-dom-server.browser.production.min.js:68:44)
    at Zc (/home/jay/Desktop/prompt/node_modules/react-dom/cjs/react-dom-server.browser.production.min.js:70:253)
    at Z (/home/jay/Desktop/prompt/node_modules/react-dom/cjs/react-dom-server.browser.production.min.js:76:89)
    at Zc (/home/jay/Desktop/prompt/node_modules/react-dom/cjs/react-dom-server.browser.production.min.js:70:481)
    at Z (/home/jay/Desktop/prompt/node_modules/react-dom/cjs/react-dom-server.browser.production.min.js:76:89)
    at $c (/home/jay/Desktop/prompt/node_modules/react-dom/cjs/react-dom-server.browser.production.min.js:78:98)
    at Zc (/home/jay/Desktop/prompt/node_modules/react-dom/cjs/react-dom-server.browser.production.min.js:71:145)
    at Z (/home/jay/Desktop/prompt/node_modules/react-dom/cjs/react-dom-server.browser.production.min.js:76:89)
ReferenceError: imageUrl is not defined
    at D (/home/jay/Desktop/prompt/.next/server/pages/category/sub-categories/[subcategories]/promptDetails/[promptSlug].js:1:4355)
    at /home/jay/Desktop/prompt/.next/server/pages/category/sub-categories/[subcategories]/promptDetails/[promptSlug].js:1:4820
    at Wc (/home/jay/Desktop/prompt/node_modules/react-dom/cjs/react-dom-server.browser.production.min.js:68:44)
    at Zc (/home/jay/Desktop/prompt/node_modules/react-dom/cjs/react-dom-server.browser.production.min.js:70:253)
    at Z (/home/jay/Desktop/prompt/node_modules/react-dom/cjs/react-dom-server.browser.production.min.js:76:89)
    at Zc (/home/jay/Desktop/prompt/node_modules/react-dom/cjs/react-dom-server.browser.production.min.js:70:481)
    at Z (/home/jay/Desktop/prompt/node_modules/react-dom/cjs/react-dom-server.browser.production.min.js:76:89)
    at $c (/home/jay/Desktop/prompt/node_modules/react-dom/cjs/react-dom-server.browser.production.min.js:78:98)
    at Zc (/home/jay/Desktop/prompt/node_modules/react-dom/cjs/react-dom-server.browser.production.min.js:71:145)
    at Z (/home/jay/Desktop/prompt/node_modules/react-dom/cjs/react-dom-server.browser.production.min.js:76:89)

Error occurred prerendering page "/category/sub-categories/couple-special/promptDetails/artistic-sunset-double-exposure". Read more: https://nextjs.org/docs/messages/prerender-error

ReferenceError: imageUrl is not defined
    at D (/home/jay/Desktop/prompt/.next/server/pages/category/sub-categories/[subcategories]/promptDetails/[promptSlug].js:1:4355)
    at /home/jay/Desktop/prompt/.next/server/pages/category/sub-categories/[subcategories]/promptDetails/[promptSlug].js:1:4820
    at Wc (/home/jay/Desktop/prompt/node_modules/react-dom/cjs/react-dom-server.browser.production.min.js:68:44)
    at Zc (/home/jay/Desktop/prompt/node_modules/react-dom/cjs/react-dom-server.browser.production.min.js:70:253)
    at Z (/home/jay/Desktop/prompt/node_modules/react-dom/cjs/react-dom-server.browser.production.min.js:76:89)
    at Zc (/home/jay/Desktop/prompt/node_modules/react-dom/cjs/react-dom-server.browser.production.min.js:70:481)
    at Z (/home/jay/Desktop/prompt/node_modules/react-dom/cjs/react-dom-server.browser.production.min.js:76:89)
    at $c (/home/jay/Desktop/prompt/node_modules/react-dom/cjs/react-dom-server.browser.production.min.js:78:98)
    at Zc (/home/jay/Desktop/prompt/node_modules/react-dom/cjs/react-dom-server.browser.production.min.js:71:145)
    at Z (/home/jay/Desktop/prompt/node_modules/react-dom/cjs/react-dom-server.browser.production.min.js:76:89)
[Build Time] Fetching all categories from: https://admin.promptland.in/api/get_categories
[Build Time] Successfully fetched 29 categories
[Build Time] Fetching prompts for category 7, subcategory none
[Build Time] Successfully fetched 50 prompts for category 7
[Build Time] Fetching all categories from: https://admin.promptland.in/api/get_categories
[Build Time] Successfully fetched 29 categories
[Build Time] Fetching prompts for category 7, subcategory none
[Build Time] Successfully fetched 50 prompts for category 7
[Build Time] Fetching all categories from: https://admin.promptland.in/api/get_categories
[Build Time] Successfully fetched 29 categories
[Build Time] Fetching prompts for category 7, subcategory none
[Build Time] Successfully fetched 50 prompts for category 7
ReferenceError: imageUrl is not defined
    at D (/home/jay/Desktop/prompt/.next/server/pages/category/sub-categories/[subcategories]/promptDetails/[promptSlug].js:1:4355)
    at /home/jay/Desktop/prompt/.next/server/pages/category/sub-categories/[subcategories]/promptDetails/[promptSlug].js:1:4820
    at Wc (/home/jay/Desktop/prompt/node_modules/react-dom/cjs/react-dom-server.browser.production.min.js:68:44)
    at Zc (/home/jay/Desktop/prompt/node_modules/react-dom/cjs/react-dom-server.browser.production.min.js:70:253)
    at Z (/home/jay/Desktop/prompt/node_modules/react-dom/cjs/react-dom-server.browser.production.min.js:76:89)
    at Zc (/home/jay/Desktop/prompt/node_modules/react-dom/cjs/react-dom-server.browser.production.min.js:70:481)
    at Z (/home/jay/Desktop/prompt/node_modules/react-dom/cjs/react-dom-server.browser.production.min.js:76:89)
    at $c (/home/jay/Desktop/prompt/node_modules/react-dom/cjs/react-dom-server.browser.production.min.js:78:98)
    at Zc (/home/jay/Desktop/prompt/node_modules/react-dom/cjs/react-dom-server.browser.production.min.js:71:145)
    at Z (/home/jay/Desktop/prompt/node_modules/react-dom/cjs/react-dom-server.browser.production.min.js:76:89)

Error occurred prerendering page "/category/sub-categories/couple-special/promptDetails/starlight-rendezvous-under-a-blanket-of-stars". Read more: https://nextjs.org/docs/messages/prerender-error

ReferenceError: imageUrl is not defined
    at D (/home/jay/Desktop/prompt/.next/server/pages/category/sub-categories/[subcategories]/promptDetails/[promptSlug].js:1:4355)
    at /home/jay/Desktop/prompt/.next/server/pages/category/sub-categories/[subcategories]/promptDetails/[promptSlug].js:1:4820
    at Wc (/home/jay/Desktop/prompt/node_modules/react-dom/cjs/react-dom-server.browser.production.min.js:68:44)
    at Zc (/home/jay/Desktop/prompt/node_modules/react-dom/cjs/react-dom-server.browser.production.min.js:70:253)
    at Z (/home/jay/Desktop/prompt/node_modules/react-dom/cjs/react-dom-server.browser.production.min.js:76:89)
    at Zc (/home/jay/Desktop/prompt/node_modules/react-dom/cjs/react-dom-server.browser.production.min.js:70:481)
    at Z (/home/jay/Desktop/prompt/node_modules/react-dom/cjs/react-dom-server.browser.production.min.js:76:89)
    at $c (/home/jay/Desktop/prompt/node_modules/react-dom/cjs/react-dom-server.browser.production.min.js:78:98)
    at Zc (/home/jay/Desktop/prompt/node_modules/react-dom/cjs/react-dom-server.browser.production.min.js:71:145)
    at Z (/home/jay/Desktop/prompt/node_modules/react-dom/cjs/react-dom-server.browser.production.min.js:76:89)
[Build Time] Fetching all categories from: https://admin.promptland.in/api/get_categories
[Build Time] Successfully fetched 29 categories
[Build Time] Fetching prompts for category 7, subcategory none
[Build Time] Successfully fetched 50 prompts for category 7
[Build Time] Fetching all categories from: https://admin.promptland.in/api/get_categories
[Build Time] Successfully fetched 29 categories
[Build Time] Fetching prompts for category 7, subcategory none
[Build Time] Successfully fetched 50 prompts for category 7
[Build Time] Fetching all categories from: https://admin.promptland.in/api/get_categories
[Build Time] Successfully fetched 29 categories
[Build Time] Fetching prompts for category 7, subcategory none
[Build Time] Successfully fetched 50 prompts for category 7
ReferenceError: imageUrl is not defined
    at D (/home/jay/Desktop/prompt/.next/server/pages/category/sub-categories/[subcategories]/promptDetails/[promptSlug].js:1:4355)
    at /home/jay/Desktop/prompt/.next/server/pages/category/sub-categories/[subcategories]/promptDetails/[promptSlug].js:1:4820
    at Wc (/home/jay/Desktop/prompt/node_modules/react-dom/cjs/react-dom-server.browser.production.min.js:68:44)
    at Zc (/home/jay/Desktop/prompt/node_modules/react-dom/cjs/react-dom-server.browser.production.min.js:70:253)
    at Z (/home/jay/Desktop/prompt/node_modules/react-dom/cjs/react-dom-server.browser.production.min.js:76:89)
    at Zc (/home/jay/Desktop/prompt/node_modules/react-dom/cjs/react-dom-server.browser.production.min.js:70:481)
    at Z (/home/jay/Desktop/prompt/node_modules/react-dom/cjs/react-dom-server.browser.production.min.js:76:89)
    at $c (/home/jay/Desktop/prompt/node_modules/react-dom/cjs/react-dom-server.browser.production.min.js:78:98)
    at Zc (/home/jay/Desktop/prompt/node_modules/react-dom/cjs/react-dom-server.browser.production.min.js:71:145)
    at Z (/home/jay/Desktop/prompt/node_modules/react-dom/cjs/react-dom-server.browser.production.min.js:76:89)

Error occurred prerendering page "/category/sub-categories/couple-special/promptDetails/grandeur-on-the-steps". Read more: https://nextjs.org/docs/messages/prerender-error

ReferenceError: imageUrl is not defined
    at D (/home/jay/Desktop/prompt/.next/server/pages/category/sub-categories/[subcategories]/promptDetails/[promptSlug].js:1:4355)
    at /home/jay/Desktop/prompt/.next/server/pages/category/sub-categories/[subcategories]/promptDetails/[promptSlug].js:1:4820
    at Wc (/home/jay/Desktop/prompt/node_modules/react-dom/cjs/react-dom-server.browser.production.min.js:68:44)
    at Zc (/home/jay/Desktop/prompt/node_modules/react-dom/cjs/react-dom-server.browser.production.min.js:70:253)
    at Z (/home/jay/Desktop/prompt/node_modules/react-dom/cjs/react-dom-server.browser.production.min.js:76:89)
    at Zc (/home/jay/Desktop/prompt/node_modules/react-dom/cjs/react-dom-server.browser.production.min.js:70:481)
    at Z (/home/jay/Desktop/prompt/node_modules/react-dom/cjs/react-dom-server.browser.production.min.js:76:89)
    at $c (/home/jay/Desktop/prompt/node_modules/react-dom/cjs/react-dom-server.browser.production.min.js:78:98)
    at Zc (/home/jay/Desktop/prompt/node_modules/react-dom/cjs/react-dom-server.browser.production.min.js:71:145)
    at Z (/home/jay/Desktop/prompt/node_modules/react-dom/cjs/react-dom-server.browser.production.min.js:76:89)
ReferenceError: imageUrl is not defined
    at D (/home/jay/Desktop/prompt/.next/server/pages/category/sub-categories/[subcategories]/promptDetails/[promptSlug].js:1:4355)
    at /home/jay/Desktop/prompt/.next/server/pages/category/sub-categories/[subcategories]/promptDetails/[promptSlug].js:1:4820
    at Wc (/home/jay/Desktop/prompt/node_modules/react-dom/cjs/react-dom-server.browser.production.min.js:68:44)
    at Zc (/home/jay/Desktop/prompt/node_modules/react-dom/cjs/react-dom-server.browser.production.min.js:70:253)
    at Z (/home/jay/Desktop/prompt/node_modules/react-dom/cjs/react-dom-server.browser.production.min.js:76:89)
    at Zc (/home/jay/Desktop/prompt/node_modules/react-dom/cjs/react-dom-server.browser.production.min.js:70:481)
    at Z (/home/jay/Desktop/prompt/node_modules/react-dom/cjs/react-dom-server.browser.production.min.js:76:89)
    at $c (/home/jay/Desktop/prompt/node_modules/react-dom/cjs/react-dom-server.browser.production.min.js:78:98)
    at Zc (/home/jay/Desktop/prompt/node_modules/react-dom/cjs/react-dom-server.browser.production.min.js:71:145)
    at Z (/home/jay/Desktop/prompt/node_modules/react-dom/cjs/react-dom-server.browser.production.min.js:76:89)

Error occurred prerendering page "/category/sub-categories/couple-special/promptDetails/moonlight-messy-hair". Read more: https://nextjs.org/docs/messages/prerender-error

ReferenceError: imageUrl is not defined
    at D (/home/jay/Desktop/prompt/.next/server/pages/category/sub-categories/[subcategories]/promptDetails/[promptSlug].js:1:4355)
    at /home/jay/Desktop/prompt/.next/server/pages/category/sub-categories/[subcategories]/promptDetails/[promptSlug].js:1:4820
    at Wc (/home/jay/Desktop/prompt/node_modules/react-dom/cjs/react-dom-server.browser.production.min.js:68:44)
    at Zc (/home/jay/Desktop/prompt/node_modules/react-dom/cjs/react-dom-server.browser.production.min.js:70:253)
    at Z (/home/jay/Desktop/prompt/node_modules/react-dom/cjs/react-dom-server.browser.production.min.js:76:89)
    at Zc (/home/jay/Desktop/prompt/node_modules/react-dom/cjs/react-dom-server.browser.production.min.js:70:481)
    at Z (/home/jay/Desktop/prompt/node_modules/react-dom/cjs/react-dom-server.browser.production.min.js:76:89)
    at $c (/home/jay/Desktop/prompt/node_modules/react-dom/cjs/react-dom-server.browser.production.min.js:78:98)
    at Zc (/home/jay/Desktop/prompt/node_modules/react-dom/cjs/react-dom-server.browser.production.min.js:71:145)
    at Z (/home/jay/Desktop/prompt/node_modules/react-dom/cjs/react-dom-server.browser.production.min.js:76:89)
ReferenceError: imageUrl is not defined
    at D (/home/jay/Desktop/prompt/.next/server/pages/category/sub-categories/[subcategories]/promptDetails/[promptSlug].js:1:4355)
    at /home/jay/Desktop/prompt/.next/server/pages/category/sub-categories/[subcategories]/promptDetails/[promptSlug].js:1:4820
    at Wc (/home/jay/Desktop/prompt/node_modules/react-dom/cjs/react-dom-server.browser.production.min.js:68:44)
    at Zc (/home/jay/Desktop/prompt/node_modules/react-dom/cjs/react-dom-server.browser.production.min.js:70:253)
    at Z (/home/jay/Desktop/prompt/node_modules/react-dom/cjs/react-dom-server.browser.production.min.js:76:89)
    at Zc (/home/jay/Desktop/prompt/node_modules/react-dom/cjs/react-dom-server.browser.production.min.js:70:481)
    at Z (/home/jay/Desktop/prompt/node_modules/react-dom/cjs/react-dom-server.browser.production.min.js:76:89)
    at $c (/home/jay/Desktop/prompt/node_modules/react-dom/cjs/react-dom-server.browser.production.min.js:78:98)
    at Zc (/home/jay/Desktop/prompt/node_modules/react-dom/cjs/react-dom-server.browser.production.min.js:71:145)
    at Z (/home/jay/Desktop/prompt/node_modules/react-dom/cjs/react-dom-server.browser.production.min.js:76:89)

Error occurred prerendering page "/category/sub-categories/couple-special/promptDetails/seaside-golden-hour-selfie". Read more: https://nextjs.org/docs/messages/prerender-error

ReferenceError: imageUrl is not defined
    at D (/home/jay/Desktop/prompt/.next/server/pages/category/sub-categories/[subcategories]/promptDetails/[promptSlug].js:1:4355)
    at /home/jay/Desktop/prompt/.next/server/pages/category/sub-categories/[subcategories]/promptDetails/[promptSlug].js:1:4820
    at Wc (/home/jay/Desktop/prompt/node_modules/react-dom/cjs/react-dom-server.browser.production.min.js:68:44)
    at Zc (/home/jay/Desktop/prompt/node_modules/react-dom/cjs/react-dom-server.browser.production.min.js:70:253)
    at Z (/home/jay/Desktop/prompt/node_modules/react-dom/cjs/react-dom-server.browser.production.min.js:76:89)
    at Zc (/home/jay/Desktop/prompt/node_modules/react-dom/cjs/react-dom-server.browser.production.min.js:70:481)
    at Z (/home/jay/Desktop/prompt/node_modules/react-dom/cjs/react-dom-server.browser.production.min.js:76:89)
    at $c (/home/jay/Desktop/prompt/node_modules/react-dom/cjs/react-dom-server.browser.production.min.js:78:98)
    at Zc (/home/jay/Desktop/prompt/node_modules/react-dom/cjs/react-dom-server.browser.production.min.js:71:145)
    at Z (/home/jay/Desktop/prompt/node_modules/react-dom/cjs/react-dom-server.browser.production.min.js:76:89)
ReferenceError: imageUrl is not defined
    at D (/home/jay/Desktop/prompt/.next/server/pages/category/sub-categories/[subcategories]/promptDetails/[promptSlug].js:1:4355)
    at /home/jay/Desktop/prompt/.next/server/pages/category/sub-categories/[subcategories]/promptDetails/[promptSlug].js:1:4820
    at Wc (/home/jay/Desktop/prompt/node_modules/react-dom/cjs/react-dom-server.browser.production.min.js:68:44)
    at Zc (/home/jay/Desktop/prompt/node_modules/react-dom/cjs/react-dom-server.browser.production.min.js:70:253)
    at Z (/home/jay/Desktop/prompt/node_modules/react-dom/cjs/react-dom-server.browser.production.min.js:76:89)
    at Zc (/home/jay/Desktop/prompt/node_modules/react-dom/cjs/react-dom-server.browser.production.min.js:70:481)
    at Z (/home/jay/Desktop/prompt/node_modules/react-dom/cjs/react-dom-server.browser.production.min.js:76:89)
    at $c (/home/jay/Desktop/prompt/node_modules/react-dom/cjs/react-dom-server.browser.production.min.js:78:98)
    at Zc (/home/jay/Desktop/prompt/node_modules/react-dom/cjs/react-dom-server.browser.production.min.js:71:145)
    at Z (/home/jay/Desktop/prompt/node_modules/react-dom/cjs/react-dom-server.browser.production.min.js:76:89)

Error occurred prerendering page "/category/sub-categories/couple-special/promptDetails/studio-doodle-art". Read more: https://nextjs.org/docs/messages/prerender-error

ReferenceError: imageUrl is not defined
    at D (/home/jay/Desktop/prompt/.next/server/pages/category/sub-categories/[subcategories]/promptDetails/[promptSlug].js:1:4355)
    at /home/jay/Desktop/prompt/.next/server/pages/category/sub-categories/[subcategories]/promptDetails/[promptSlug].js:1:4820
    at Wc (/home/jay/Desktop/prompt/node_modules/react-dom/cjs/react-dom-server.browser.production.min.js:68:44)
    at Zc (/home/jay/Desktop/prompt/node_modules/react-dom/cjs/react-dom-server.browser.production.min.js:70:253)
    at Z (/home/jay/Desktop/prompt/node_modules/react-dom/cjs/react-dom-server.browser.production.min.js:76:89)
    at Zc (/home/jay/Desktop/prompt/node_modules/react-dom/cjs/react-dom-server.browser.production.min.js:70:481)
    at Z (/home/jay/Desktop/prompt/node_modules/react-dom/cjs/react-dom-server.browser.production.min.js:76:89)
    at $c (/home/jay/Desktop/prompt/node_modules/react-dom/cjs/react-dom-server.browser.production.min.js:78:98)
    at Zc (/home/jay/Desktop/prompt/node_modules/react-dom/cjs/react-dom-server.browser.production.min.js:71:145)
    at Z (/home/jay/Desktop/prompt/node_modules/react-dom/cjs/react-dom-server.browser.production.min.js:76:89)
ReferenceError: imageUrl is not defined
    at D (/home/jay/Desktop/prompt/.next/server/pages/category/sub-categories/[subcategories]/promptDetails/[promptSlug].js:1:4355)
    at /home/jay/Desktop/prompt/.next/server/pages/category/sub-categories/[subcategories]/promptDetails/[promptSlug].js:1:4820
    at Wc (/home/jay/Desktop/prompt/node_modules/react-dom/cjs/react-dom-server.browser.production.min.js:68:44)
    at Zc (/home/jay/Desktop/prompt/node_modules/react-dom/cjs/react-dom-server.browser.production.min.js:70:253)
    at Z (/home/jay/Desktop/prompt/node_modules/react-dom/cjs/react-dom-server.browser.production.min.js:76:89)
    at Zc (/home/jay/Desktop/prompt/node_modules/react-dom/cjs/react-dom-server.browser.production.min.js:70:481)
    at Z (/home/jay/Desktop/prompt/node_modules/react-dom/cjs/react-dom-server.browser.production.min.js:76:89)
    at $c (/home/jay/Desktop/prompt/node_modules/react-dom/cjs/react-dom-server.browser.production.min.js:78:98)
    at Zc (/home/jay/Desktop/prompt/node_modules/react-dom/cjs/react-dom-server.browser.production.min.js:71:145)
    at Z (/home/jay/Desktop/prompt/node_modules/react-dom/cjs/react-dom-server.browser.production.min.js:76:89)

Error occurred prerendering page "/category/sub-categories/couple-special/promptDetails/the-elevator-mirror-selfie". Read more: https://nextjs.org/docs/messages/prerender-error

ReferenceError: imageUrl is not defined
    at D (/home/jay/Desktop/prompt/.next/server/pages/category/sub-categories/[subcategories]/promptDetails/[promptSlug].js:1:4355)
    at /home/jay/Desktop/prompt/.next/server/pages/category/sub-categories/[subcategories]/promptDetails/[promptSlug].js:1:4820
    at Wc (/home/jay/Desktop/prompt/node_modules/react-dom/cjs/react-dom-server.browser.production.min.js:68:44)
    at Zc (/home/jay/Desktop/prompt/node_modules/react-dom/cjs/react-dom-server.browser.production.min.js:70:253)
    at Z (/home/jay/Desktop/prompt/node_modules/react-dom/cjs/react-dom-server.browser.production.min.js:76:89)
    at Zc (/home/jay/Desktop/prompt/node_modules/react-dom/cjs/react-dom-server.browser.production.min.js:70:481)
    at Z (/home/jay/Desktop/prompt/node_modules/react-dom/cjs/react-dom-server.browser.production.min.js:76:89)
    at $c (/home/jay/Desktop/prompt/node_modules/react-dom/cjs/react-dom-server.browser.production.min.js:78:98)
    at Zc (/home/jay/Desktop/prompt/node_modules/react-dom/cjs/react-dom-server.browser.production.min.js:71:145)
    at Z (/home/jay/Desktop/prompt/node_modules/react-dom/cjs/react-dom-server.browser.production.min.js:76:89)
ReferenceError: imageUrl is not defined
    at D (/home/jay/Desktop/prompt/.next/server/pages/category/sub-categories/[subcategories]/promptDetails/[promptSlug].js:1:4355)
    at /home/jay/Desktop/prompt/.next/server/pages/category/sub-categories/[subcategories]/promptDetails/[promptSlug].js:1:4820
    at Wc (/home/jay/Desktop/prompt/node_modules/react-dom/cjs/react-dom-server.browser.production.min.js:68:44)
    at Zc (/home/jay/Desktop/prompt/node_modules/react-dom/cjs/react-dom-server.browser.production.min.js:70:253)
    at Z (/home/jay/Desktop/prompt/node_modules/react-dom/cjs/react-dom-server.browser.production.min.js:76:89)
    at Zc (/home/jay/Desktop/prompt/node_modules/react-dom/cjs/react-dom-server.browser.production.min.js:70:481)
    at Z (/home/jay/Desktop/prompt/node_modules/react-dom/cjs/react-dom-server.browser.production.min.js:76:89)
    at $c (/home/jay/Desktop/prompt/node_modules/react-dom/cjs/react-dom-server.browser.production.min.js:78:98)
    at Zc (/home/jay/Desktop/prompt/node_modules/react-dom/cjs/react-dom-server.browser.production.min.js:71:145)
    at Z (/home/jay/Desktop/prompt/node_modules/react-dom/cjs/react-dom-server.browser.production.min.js:76:89)

Error occurred prerendering page "/category/sub-categories/couple-special/promptDetails/pastel-saree-by-the-window". Read more: https://nextjs.org/docs/messages/prerender-error

ReferenceError: imageUrl is not defined
    at D (/home/jay/Desktop/prompt/.next/server/pages/category/sub-categories/[subcategories]/promptDetails/[promptSlug].js:1:4355)
    at /home/jay/Desktop/prompt/.next/server/pages/category/sub-categories/[subcategories]/promptDetails/[promptSlug].js:1:4820
    at Wc (/home/jay/Desktop/prompt/node_modules/react-dom/cjs/react-dom-server.browser.production.min.js:68:44)
    at Zc (/home/jay/Desktop/prompt/node_modules/react-dom/cjs/react-dom-server.browser.production.min.js:70:253)
    at Z (/home/jay/Desktop/prompt/node_modules/react-dom/cjs/react-dom-server.browser.production.min.js:76:89)
    at Zc (/home/jay/Desktop/prompt/node_modules/react-dom/cjs/react-dom-server.browser.production.min.js:70:481)
    at Z (/home/jay/Desktop/prompt/node_modules/react-dom/cjs/react-dom-server.browser.production.min.js:76:89)
    at $c (/home/jay/Desktop/prompt/node_modules/react-dom/cjs/react-dom-server.browser.production.min.js:78:98)
    at Zc (/home/jay/Desktop/prompt/node_modules/react-dom/cjs/react-dom-server.browser.production.min.js:71:145)
    at Z (/home/jay/Desktop/prompt/node_modules/react-dom/cjs/react-dom-server.browser.production.min.js:76:89)
[Build Time] Fetching all categories from: https://admin.promptland.in/api/get_categories
[Build Time] Successfully fetched 29 categories
[Build Time] Fetching prompts for category 7, subcategory none
[Build Time] Successfully fetched 50 prompts for category 7
ReferenceError: imageUrl is not defined
    at D (/home/jay/Desktop/prompt/.next/server/pages/category/sub-categories/[subcategories]/promptDetails/[promptSlug].js:1:4355)
    at /home/jay/Desktop/prompt/.next/server/pages/category/sub-categories/[subcategories]/promptDetails/[promptSlug].js:1:4820
    at Wc (/home/jay/Desktop/prompt/node_modules/react-dom/cjs/react-dom-server.browser.production.min.js:68:44)
    at Zc (/home/jay/Desktop/prompt/node_modules/react-dom/cjs/react-dom-server.browser.production.min.js:70:253)
    at Z (/home/jay/Desktop/prompt/node_modules/react-dom/cjs/react-dom-server.browser.production.min.js:76:89)
    at Zc (/home/jay/Desktop/prompt/node_modules/react-dom/cjs/react-dom-server.browser.production.min.js:70:481)
    at Z (/home/jay/Desktop/prompt/node_modules/react-dom/cjs/react-dom-server.browser.production.min.js:76:89)
    at $c (/home/jay/Desktop/prompt/node_modules/react-dom/cjs/react-dom-server.browser.production.min.js:78:98)
    at Zc (/home/jay/Desktop/prompt/node_modules/react-dom/cjs/react-dom-server.browser.production.min.js:71:145)
    at Z (/home/jay/Desktop/prompt/node_modules/react-dom/cjs/react-dom-server.browser.production.min.js:76:89)

Error occurred prerendering page "/category/sub-categories/couple-special/promptDetails/green-hills-soft-romance". Read more: https://nextjs.org/docs/messages/prerender-error

ReferenceError: imageUrl is not defined
    at D (/home/jay/Desktop/prompt/.next/server/pages/category/sub-categories/[subcategories]/promptDetails/[promptSlug].js:1:4355)
    at /home/jay/Desktop/prompt/.next/server/pages/category/sub-categories/[subcategories]/promptDetails/[promptSlug].js:1:4820
    at Wc (/home/jay/Desktop/prompt/node_modules/react-dom/cjs/react-dom-server.browser.production.min.js:68:44)
    at Zc (/home/jay/Desktop/prompt/node_modules/react-dom/cjs/react-dom-server.browser.production.min.js:70:253)
    at Z (/home/jay/Desktop/prompt/node_modules/react-dom/cjs/react-dom-server.browser.production.min.js:76:89)
    at Zc (/home/jay/Desktop/prompt/node_modules/react-dom/cjs/react-dom-server.browser.production.min.js:70:481)
    at Z (/home/jay/Desktop/prompt/node_modules/react-dom/cjs/react-dom-server.browser.production.min.js:76:89)
    at $c (/home/jay/Desktop/prompt/node_modules/react-dom/cjs/react-dom-server.browser.production.min.js:78:98)
    at Zc (/home/jay/Desktop/prompt/node_modules/react-dom/cjs/react-dom-server.browser.production.min.js:71:145)
    at Z (/home/jay/Desktop/prompt/node_modules/react-dom/cjs/react-dom-server.browser.production.min.js:76:89)
[Build Time] Fetching all categories from: https://admin.promptland.in/api/get_categories
[Build Time] Successfully fetched 29 categories
[Build Time] Fetching prompts for category 7, subcategory none
[Build Time] Successfully fetched 50 prompts for category 7
[Build Time] Fetching all categories from: https://admin.promptland.in/api/get_categories
[Build Time] Successfully fetched 29 categories
[Build Time] Fetching prompts for category 7, subcategory none
[Build Time] Successfully fetched 50 prompts for category 7
[Build Time] Fetching all categories from: https://admin.promptland.in/api/get_categories
[Build Time] Successfully fetched 29 categories
[Build Time] Fetching prompts for category 7, subcategory none
[Build Time] Successfully fetched 50 prompts for category 7
[Build Time] Fetching all categories from: https://admin.promptland.in/api/get_categories
[Build Time] Successfully fetched 29 categories
[Build Time] Fetching prompts for category 7, subcategory none
[Build Time] Successfully fetched 50 prompts for category 7
[Build Time] Fetching all categories from: https://admin.promptland.in/api/get_categories
[Build Time] Successfully fetched 29 categories
[Build Time] Fetching prompts for category 7, subcategory none
[Build Time] Successfully fetched 50 prompts for category 7
[Build Time] Fetching all categories from: https://admin.promptland.in/api/get_categories
[Build Time] Successfully fetched 29 categories
[Build Time] Fetching prompts for category 7, subcategory none
[Build Time] Successfully fetched 50 prompts for category 7
ReferenceError: imageUrl is not defined
    at D (/home/jay/Desktop/prompt/.next/server/pages/category/sub-categories/[subcategories]/promptDetails/[promptSlug].js:1:4355)
    at /home/jay/Desktop/prompt/.next/server/pages/category/sub-categories/[subcategories]/promptDetails/[promptSlug].js:1:4820
    at Wc (/home/jay/Desktop/prompt/node_modules/react-dom/cjs/react-dom-server.browser.production.min.js:68:44)
    at Zc (/home/jay/Desktop/prompt/node_modules/react-dom/cjs/react-dom-server.browser.production.min.js:70:253)
    at Z (/home/jay/Desktop/prompt/node_modules/react-dom/cjs/react-dom-server.browser.production.min.js:76:89)
    at Zc (/home/jay/Desktop/prompt/node_modules/react-dom/cjs/react-dom-server.browser.production.min.js:70:481)
    at Z (/home/jay/Desktop/prompt/node_modules/react-dom/cjs/react-dom-server.browser.production.min.js:76:89)
    at $c (/home/jay/Desktop/prompt/node_modules/react-dom/cjs/react-dom-server.browser.production.min.js:78:98)
    at Zc (/home/jay/Desktop/prompt/node_modules/react-dom/cjs/react-dom-server.browser.production.min.js:71:145)
    at Z (/home/jay/Desktop/prompt/node_modules/react-dom/cjs/react-dom-server.browser.production.min.js:76:89)

Error occurred prerendering page "/category/sub-categories/couple-special/promptDetails/morning-coffee-on-the-balcony". Read more: https://nextjs.org/docs/messages/prerender-error

ReferenceError: imageUrl is not defined
    at D (/home/jay/Desktop/prompt/.next/server/pages/category/sub-categories/[subcategories]/promptDetails/[promptSlug].js:1:4355)
    at /home/jay/Desktop/prompt/.next/server/pages/category/sub-categories/[subcategories]/promptDetails/[promptSlug].js:1:4820
    at Wc (/home/jay/Desktop/prompt/node_modules/react-dom/cjs/react-dom-server.browser.production.min.js:68:44)
    at Zc (/home/jay/Desktop/prompt/node_modules/react-dom/cjs/react-dom-server.browser.production.min.js:70:253)
    at Z (/home/jay/Desktop/prompt/node_modules/react-dom/cjs/react-dom-server.browser.production.min.js:76:89)
    at Zc (/home/jay/Desktop/prompt/node_modules/react-dom/cjs/react-dom-server.browser.production.min.js:70:481)
    at Z (/home/jay/Desktop/prompt/node_modules/react-dom/cjs/react-dom-server.browser.production.min.js:76:89)
    at $c (/home/jay/Desktop/prompt/node_modules/react-dom/cjs/react-dom-server.browser.production.min.js:78:98)
    at Zc (/home/jay/Desktop/prompt/node_modules/react-dom/cjs/react-dom-server.browser.production.min.js:71:145)
    at Z (/home/jay/Desktop/prompt/node_modules/react-dom/cjs/react-dom-server.browser.production.min.js:76:89)
ReferenceError: imageUrl is not defined
    at D (/home/jay/Desktop/prompt/.next/server/pages/category/sub-categories/[subcategories]/promptDetails/[promptSlug].js:1:4355)
    at /home/jay/Desktop/prompt/.next/server/pages/category/sub-categories/[subcategories]/promptDetails/[promptSlug].js:1:4820
    at Wc (/home/jay/Desktop/prompt/node_modules/react-dom/cjs/react-dom-server.browser.production.min.js:68:44)
    at Zc (/home/jay/Desktop/prompt/node_modules/react-dom/cjs/react-dom-server.browser.production.min.js:70:253)
    at Z (/home/jay/Desktop/prompt/node_modules/react-dom/cjs/react-dom-server.browser.production.min.js:76:89)
    at Zc (/home/jay/Desktop/prompt/node_modules/react-dom/cjs/react-dom-server.browser.production.min.js:70:481)
    at Z (/home/jay/Desktop/prompt/node_modules/react-dom/cjs/react-dom-server.browser.production.min.js:76:89)
    at $c (/home/jay/Desktop/prompt/node_modules/react-dom/cjs/react-dom-server.browser.production.min.js:78:98)
    at Zc (/home/jay/Desktop/prompt/node_modules/react-dom/cjs/react-dom-server.browser.production.min.js:71:145)
    at Z (/home/jay/Desktop/prompt/node_modules/react-dom/cjs/react-dom-server.browser.production.min.js:76:89)

Error occurred prerendering page "/category/sub-categories/couple-special/promptDetails/nighttime-flash-selfie". Read more: https://nextjs.org/docs/messages/prerender-error

ReferenceError: imageUrl is not defined
    at D (/home/jay/Desktop/prompt/.next/server/pages/category/sub-categories/[subcategories]/promptDetails/[promptSlug].js:1:4355)
    at /home/jay/Desktop/prompt/.next/server/pages/category/sub-categories/[subcategories]/promptDetails/[promptSlug].js:1:4820
    at Wc (/home/jay/Desktop/prompt/node_modules/react-dom/cjs/react-dom-server.browser.production.min.js:68:44)
    at Zc (/home/jay/Desktop/prompt/node_modules/react-dom/cjs/react-dom-server.browser.production.min.js:70:253)
    at Z (/home/jay/Desktop/prompt/node_modules/react-dom/cjs/react-dom-server.browser.production.min.js:76:89)
    at Zc (/home/jay/Desktop/prompt/node_modules/react-dom/cjs/react-dom-server.browser.production.min.js:70:481)
    at Z (/home/jay/Desktop/prompt/node_modules/react-dom/cjs/react-dom-server.browser.production.min.js:76:89)
    at $c (/home/jay/Desktop/prompt/node_modules/react-dom/cjs/react-dom-server.browser.production.min.js:78:98)
    at Zc (/home/jay/Desktop/prompt/node_modules/react-dom/cjs/react-dom-server.browser.production.min.js:71:145)
    at Z (/home/jay/Desktop/prompt/node_modules/react-dom/cjs/react-dom-server.browser.production.min.js:76:89)
ReferenceError: imageUrl is not defined
    at D (/home/jay/Desktop/prompt/.next/server/pages/category/sub-categories/[subcategories]/promptDetails/[promptSlug].js:1:4355)
    at /home/jay/Desktop/prompt/.next/server/pages/category/sub-categories/[subcategories]/promptDetails/[promptSlug].js:1:4820
    at Wc (/home/jay/Desktop/prompt/node_modules/react-dom/cjs/react-dom-server.browser.production.min.js:68:44)
    at Zc (/home/jay/Desktop/prompt/node_modules/react-dom/cjs/react-dom-server.browser.production.min.js:70:253)
    at Z (/home/jay/Desktop/prompt/node_modules/react-dom/cjs/react-dom-server.browser.production.min.js:76:89)
    at Zc (/home/jay/Desktop/prompt/node_modules/react-dom/cjs/react-dom-server.browser.production.min.js:70:481)
    at Z (/home/jay/Desktop/prompt/node_modules/react-dom/cjs/react-dom-server.browser.production.min.js:76:89)
    at $c (/home/jay/Desktop/prompt/node_modules/react-dom/cjs/react-dom-server.browser.production.min.js:78:98)
    at Zc (/home/jay/Desktop/prompt/node_modules/react-dom/cjs/react-dom-server.browser.production.min.js:71:145)
    at Z (/home/jay/Desktop/prompt/node_modules/react-dom/cjs/react-dom-server.browser.production.min.js:76:89)

Error occurred prerendering page "/category/sub-categories/couple-special/promptDetails/true-love-cinematic-poster". Read more: https://nextjs.org/docs/messages/prerender-error

ReferenceError: imageUrl is not defined
    at D (/home/jay/Desktop/prompt/.next/server/pages/category/sub-categories/[subcategories]/promptDetails/[promptSlug].js:1:4355)
    at /home/jay/Desktop/prompt/.next/server/pages/category/sub-categories/[subcategories]/promptDetails/[promptSlug].js:1:4820
    at Wc (/home/jay/Desktop/prompt/node_modules/react-dom/cjs/react-dom-server.browser.production.min.js:68:44)
    at Zc (/home/jay/Desktop/prompt/node_modules/react-dom/cjs/react-dom-server.browser.production.min.js:70:253)
    at Z (/home/jay/Desktop/prompt/node_modules/react-dom/cjs/react-dom-server.browser.production.min.js:76:89)
    at Zc (/home/jay/Desktop/prompt/node_modules/react-dom/cjs/react-dom-server.browser.production.min.js:70:481)
    at Z (/home/jay/Desktop/prompt/node_modules/react-dom/cjs/react-dom-server.browser.production.min.js:76:89)
    at $c (/home/jay/Desktop/prompt/node_modules/react-dom/cjs/react-dom-server.browser.production.min.js:78:98)
    at Zc (/home/jay/Desktop/prompt/node_modules/react-dom/cjs/react-dom-server.browser.production.min.js:71:145)
    at Z (/home/jay/Desktop/prompt/node_modules/react-dom/cjs/react-dom-server.browser.production.min.js:76:89)
ReferenceError: imageUrl is not defined
    at D (/home/jay/Desktop/prompt/.next/server/pages/category/sub-categories/[subcategories]/promptDetails/[promptSlug].js:1:4355)
    at /home/jay/Desktop/prompt/.next/server/pages/category/sub-categories/[subcategories]/promptDetails/[promptSlug].js:1:4820
    at Wc (/home/jay/Desktop/prompt/node_modules/react-dom/cjs/react-dom-server.browser.production.min.js:68:44)
    at Zc (/home/jay/Desktop/prompt/node_modules/react-dom/cjs/react-dom-server.browser.production.min.js:70:253)
    at Z (/home/jay/Desktop/prompt/node_modules/react-dom/cjs/react-dom-server.browser.production.min.js:76:89)
    at Zc (/home/jay/Desktop/prompt/node_modules/react-dom/cjs/react-dom-server.browser.production.min.js:70:481)
    at Z (/home/jay/Desktop/prompt/node_modules/react-dom/cjs/react-dom-server.browser.production.min.js:76:89)
    at $c (/home/jay/Desktop/prompt/node_modules/react-dom/cjs/react-dom-server.browser.production.min.js:78:98)
    at Zc (/home/jay/Desktop/prompt/node_modules/react-dom/cjs/react-dom-server.browser.production.min.js:71:145)
    at Z (/home/jay/Desktop/prompt/node_modules/react-dom/cjs/react-dom-server.browser.production.min.js:76:89)

Error occurred prerendering page "/category/sub-categories/couple-special/promptDetails/misty-hill-station-romance". Read more: https://nextjs.org/docs/messages/prerender-error

ReferenceError: imageUrl is not defined
    at D (/home/jay/Desktop/prompt/.next/server/pages/category/sub-categories/[subcategories]/promptDetails/[promptSlug].js:1:4355)
    at /home/jay/Desktop/prompt/.next/server/pages/category/sub-categories/[subcategories]/promptDetails/[promptSlug].js:1:4820
    at Wc (/home/jay/Desktop/prompt/node_modules/react-dom/cjs/react-dom-server.browser.production.min.js:68:44)
    at Zc (/home/jay/Desktop/prompt/node_modules/react-dom/cjs/react-dom-server.browser.production.min.js:70:253)
    at Z (/home/jay/Desktop/prompt/node_modules/react-dom/cjs/react-dom-server.browser.production.min.js:76:89)
    at Zc (/home/jay/Desktop/prompt/node_modules/react-dom/cjs/react-dom-server.browser.production.min.js:70:481)
    at Z (/home/jay/Desktop/prompt/node_modules/react-dom/cjs/react-dom-server.browser.production.min.js:76:89)
    at $c (/home/jay/Desktop/prompt/node_modules/react-dom/cjs/react-dom-server.browser.production.min.js:78:98)
    at Zc (/home/jay/Desktop/prompt/node_modules/react-dom/cjs/react-dom-server.browser.production.min.js:71:145)
    at Z (/home/jay/Desktop/prompt/node_modules/react-dom/cjs/react-dom-server.browser.production.min.js:76:89)
ReferenceError: imageUrl is not defined
    at D (/home/jay/Desktop/prompt/.next/server/pages/category/sub-categories/[subcategories]/promptDetails/[promptSlug].js:1:4355)
    at /home/jay/Desktop/prompt/.next/server/pages/category/sub-categories/[subcategories]/promptDetails/[promptSlug].js:1:4820
    at Wc (/home/jay/Desktop/prompt/node_modules/react-dom/cjs/react-dom-server.browser.production.min.js:68:44)
    at Zc (/home/jay/Desktop/prompt/node_modules/react-dom/cjs/react-dom-server.browser.production.min.js:70:253)
    at Z (/home/jay/Desktop/prompt/node_modules/react-dom/cjs/react-dom-server.browser.production.min.js:76:89)
    at Zc (/home/jay/Desktop/prompt/node_modules/react-dom/cjs/react-dom-server.browser.production.min.js:70:481)
    at Z (/home/jay/Desktop/prompt/node_modules/react-dom/cjs/react-dom-server.browser.production.min.js:76:89)
    at $c (/home/jay/Desktop/prompt/node_modules/react-dom/cjs/react-dom-server.browser.production.min.js:78:98)
    at Zc (/home/jay/Desktop/prompt/node_modules/react-dom/cjs/react-dom-server.browser.production.min.js:71:145)
    at Z (/home/jay/Desktop/prompt/node_modules/react-dom/cjs/react-dom-server.browser.production.min.js:76:89)

Error occurred prerendering page "/category/sub-categories/couple-special/promptDetails/dreamy-beach-double-exposure". Read more: https://nextjs.org/docs/messages/prerender-error

ReferenceError: imageUrl is not defined
    at D (/home/jay/Desktop/prompt/.next/server/pages/category/sub-categories/[subcategories]/promptDetails/[promptSlug].js:1:4355)
    at /home/jay/Desktop/prompt/.next/server/pages/category/sub-categories/[subcategories]/promptDetails/[promptSlug].js:1:4820
    at Wc (/home/jay/Desktop/prompt/node_modules/react-dom/cjs/react-dom-server.browser.production.min.js:68:44)
    at Zc (/home/jay/Desktop/prompt/node_modules/react-dom/cjs/react-dom-server.browser.production.min.js:70:253)
    at Z (/home/jay/Desktop/prompt/node_modules/react-dom/cjs/react-dom-server.browser.production.min.js:76:89)
    at Zc (/home/jay/Desktop/prompt/node_modules/react-dom/cjs/react-dom-server.browser.production.min.js:70:481)
    at Z (/home/jay/Desktop/prompt/node_modules/react-dom/cjs/react-dom-server.browser.production.min.js:76:89)
    at $c (/home/jay/Desktop/prompt/node_modules/react-dom/cjs/react-dom-server.browser.production.min.js:78:98)
    at Zc (/home/jay/Desktop/prompt/node_modules/react-dom/cjs/react-dom-server.browser.production.min.js:71:145)
    at Z (/home/jay/Desktop/prompt/node_modules/react-dom/cjs/react-dom-server.browser.production.min.js:76:89)
ReferenceError: imageUrl is not defined
    at D (/home/jay/Desktop/prompt/.next/server/pages/category/sub-categories/[subcategories]/promptDetails/[promptSlug].js:1:4355)
    at /home/jay/Desktop/prompt/.next/server/pages/category/sub-categories/[subcategories]/promptDetails/[promptSlug].js:1:4820
    at Wc (/home/jay/Desktop/prompt/node_modules/react-dom/cjs/react-dom-server.browser.production.min.js:68:44)
    at Zc (/home/jay/Desktop/prompt/node_modules/react-dom/cjs/react-dom-server.browser.production.min.js:70:253)
    at Z (/home/jay/Desktop/prompt/node_modules/react-dom/cjs/react-dom-server.browser.production.min.js:76:89)
    at Zc (/home/jay/Desktop/prompt/node_modules/react-dom/cjs/react-dom-server.browser.production.min.js:70:481)
    at Z (/home/jay/Desktop/prompt/node_modules/react-dom/cjs/react-dom-server.browser.production.min.js:76:89)
    at $c (/home/jay/Desktop/prompt/node_modules/react-dom/cjs/react-dom-server.browser.production.min.js:78:98)
    at Zc (/home/jay/Desktop/prompt/node_modules/react-dom/cjs/react-dom-server.browser.production.min.js:71:145)
    at Z (/home/jay/Desktop/prompt/node_modules/react-dom/cjs/react-dom-server.browser.production.min.js:76:89)

Error occurred prerendering page "/category/sub-categories/couple-special/promptDetails/the-single-candle-glow". Read more: https://nextjs.org/docs/messages/prerender-error

ReferenceError: imageUrl is not defined
    at D (/home/jay/Desktop/prompt/.next/server/pages/category/sub-categories/[subcategories]/promptDetails/[promptSlug].js:1:4355)
    at /home/jay/Desktop/prompt/.next/server/pages/category/sub-categories/[subcategories]/promptDetails/[promptSlug].js:1:4820
    at Wc (/home/jay/Desktop/prompt/node_modules/react-dom/cjs/react-dom-server.browser.production.min.js:68:44)
    at Zc (/home/jay/Desktop/prompt/node_modules/react-dom/cjs/react-dom-server.browser.production.min.js:70:253)
    at Z (/home/jay/Desktop/prompt/node_modules/react-dom/cjs/react-dom-server.browser.production.min.js:76:89)
    at Zc (/home/jay/Desktop/prompt/node_modules/react-dom/cjs/react-dom-server.browser.production.min.js:70:481)
    at Z (/home/jay/Desktop/prompt/node_modules/react-dom/cjs/react-dom-server.browser.production.min.js:76:89)
    at $c (/home/jay/Desktop/prompt/node_modules/react-dom/cjs/react-dom-server.browser.production.min.js:78:98)
    at Zc (/home/jay/Desktop/prompt/node_modules/react-dom/cjs/react-dom-server.browser.production.min.js:71:145)
    at Z (/home/jay/Desktop/prompt/node_modules/react-dom/cjs/react-dom-server.browser.production.min.js:76:89)
[Build Time] Fetching all categories from: https://admin.promptland.in/api/get_categories
[Build Time] Successfully fetched 29 categories
[Build Time] Fetching prompts for category 7, subcategory none
[Build Time] Successfully fetched 50 prompts for category 7
[Build Time] Fetching all categories from: https://admin.promptland.in/api/get_categories
[Build Time] Successfully fetched 29 categories
[Build Time] Fetching prompts for category 7, subcategory none
[Build Time] Successfully fetched 50 prompts for category 7
[Build Time] Fetching all categories from: https://admin.promptland.in/api/get_categories
[Build Time] Successfully fetched 29 categories
[Build Time] Fetching prompts for category 7, subcategory none
[Build Time] Successfully fetched 50 prompts for category 7
[Build Time] Fetching all categories from: https://admin.promptland.in/api/get_categories
[Build Time] Successfully fetched 29 categories
[Build Time] Fetching prompts for category 7, subcategory none
[Build Time] Successfully fetched 50 prompts for category 7
[Build Time] Fetching all categories from: https://admin.promptland.in/api/get_categories
[Build Time] Successfully fetched 29 categories
[Build Time] Fetching prompts for category 7, subcategory none
[Build Time] Successfully fetched 50 prompts for category 7
[Build Time] Fetching all categories from: https://admin.promptland.in/api/get_categories
[Build Time] Successfully fetched 29 categories
[Build Time] Fetching prompts for category 7, subcategory none
[Build Time] Successfully fetched 50 prompts for category 7
[Build Time] Fetching all categories from: https://admin.promptland.in/api/get_categories
[Build Time] Successfully fetched 29 categories
[Build Time] Fetching prompts for category 7, subcategory none
[Build Time] Successfully fetched 50 prompts for category 7
ReferenceError: imageUrl is not defined
    at D (/home/jay/Desktop/prompt/.next/server/pages/category/sub-categories/[subcategories]/promptDetails/[promptSlug].js:1:4355)
    at /home/jay/Desktop/prompt/.next/server/pages/category/sub-categories/[subcategories]/promptDetails/[promptSlug].js:1:4820
    at Wc (/home/jay/Desktop/prompt/node_modules/react-dom/cjs/react-dom-server.browser.production.min.js:68:44)
    at Zc (/home/jay/Desktop/prompt/node_modules/react-dom/cjs/react-dom-server.browser.production.min.js:70:253)
    at Z (/home/jay/Desktop/prompt/node_modules/react-dom/cjs/react-dom-server.browser.production.min.js:76:89)
    at Zc (/home/jay/Desktop/prompt/node_modules/react-dom/cjs/react-dom-server.browser.production.min.js:70:481)
    at Z (/home/jay/Desktop/prompt/node_modules/react-dom/cjs/react-dom-server.browser.production.min.js:76:89)
    at $c (/home/jay/Desktop/prompt/node_modules/react-dom/cjs/react-dom-server.browser.production.min.js:78:98)
    at Zc (/home/jay/Desktop/prompt/node_modules/react-dom/cjs/react-dom-server.browser.production.min.js:71:145)
    at Z (/home/jay/Desktop/prompt/node_modules/react-dom/cjs/react-dom-server.browser.production.min.js:76:89)

Error occurred prerendering page "/category/sub-categories/couple-special/promptDetails/serene-traditional-embrace". Read more: https://nextjs.org/docs/messages/prerender-error

ReferenceError: imageUrl is not defined
    at D (/home/jay/Desktop/prompt/.next/server/pages/category/sub-categories/[subcategories]/promptDetails/[promptSlug].js:1:4355)
    at /home/jay/Desktop/prompt/.next/server/pages/category/sub-categories/[subcategories]/promptDetails/[promptSlug].js:1:4820
    at Wc (/home/jay/Desktop/prompt/node_modules/react-dom/cjs/react-dom-server.browser.production.min.js:68:44)
    at Zc (/home/jay/Desktop/prompt/node_modules/react-dom/cjs/react-dom-server.browser.production.min.js:70:253)
    at Z (/home/jay/Desktop/prompt/node_modules/react-dom/cjs/react-dom-server.browser.production.min.js:76:89)
    at Zc (/home/jay/Desktop/prompt/node_modules/react-dom/cjs/react-dom-server.browser.production.min.js:70:481)
    at Z (/home/jay/Desktop/prompt/node_modules/react-dom/cjs/react-dom-server.browser.production.min.js:76:89)
    at $c (/home/jay/Desktop/prompt/node_modules/react-dom/cjs/react-dom-server.browser.production.min.js:78:98)
    at Zc (/home/jay/Desktop/prompt/node_modules/react-dom/cjs/react-dom-server.browser.production.min.js:71:145)
    at Z (/home/jay/Desktop/prompt/node_modules/react-dom/cjs/react-dom-server.browser.production.min.js:76:89)
ReferenceError: imageUrl is not defined
    at D (/home/jay/Desktop/prompt/.next/server/pages/category/sub-categories/[subcategories]/promptDetails/[promptSlug].js:1:4355)
    at /home/jay/Desktop/prompt/.next/server/pages/category/sub-categories/[subcategories]/promptDetails/[promptSlug].js:1:4820
    at Wc (/home/jay/Desktop/prompt/node_modules/react-dom/cjs/react-dom-server.browser.production.min.js:68:44)
    at Zc (/home/jay/Desktop/prompt/node_modules/react-dom/cjs/react-dom-server.browser.production.min.js:70:253)
    at Z (/home/jay/Desktop/prompt/node_modules/react-dom/cjs/react-dom-server.browser.production.min.js:76:89)
    at Zc (/home/jay/Desktop/prompt/node_modules/react-dom/cjs/react-dom-server.browser.production.min.js:70:481)
    at Z (/home/jay/Desktop/prompt/node_modules/react-dom/cjs/react-dom-server.browser.production.min.js:76:89)
    at $c (/home/jay/Desktop/prompt/node_modules/react-dom/cjs/react-dom-server.browser.production.min.js:78:98)
    at Zc (/home/jay/Desktop/prompt/node_modules/react-dom/cjs/react-dom-server.browser.production.min.js:71:145)
    at Z (/home/jay/Desktop/prompt/node_modules/react-dom/cjs/react-dom-server.browser.production.min.js:76:89)

Error occurred prerendering page "/category/sub-categories/couple-special/promptDetails/sunlit-studio-romantic-couple-portrait". Read more: https://nextjs.org/docs/messages/prerender-error

ReferenceError: imageUrl is not defined
    at D (/home/jay/Desktop/prompt/.next/server/pages/category/sub-categories/[subcategories]/promptDetails/[promptSlug].js:1:4355)
    at /home/jay/Desktop/prompt/.next/server/pages/category/sub-categories/[subcategories]/promptDetails/[promptSlug].js:1:4820
    at Wc (/home/jay/Desktop/prompt/node_modules/react-dom/cjs/react-dom-server.browser.production.min.js:68:44)
    at Zc (/home/jay/Desktop/prompt/node_modules/react-dom/cjs/react-dom-server.browser.production.min.js:70:253)
    at Z (/home/jay/Desktop/prompt/node_modules/react-dom/cjs/react-dom-server.browser.production.min.js:76:89)
    at Zc (/home/jay/Desktop/prompt/node_modules/react-dom/cjs/react-dom-server.browser.production.min.js:70:481)
    at Z (/home/jay/Desktop/prompt/node_modules/react-dom/cjs/react-dom-server.browser.production.min.js:76:89)
    at $c (/home/jay/Desktop/prompt/node_modules/react-dom/cjs/react-dom-server.browser.production.min.js:78:98)
    at Zc (/home/jay/Desktop/prompt/node_modules/react-dom/cjs/react-dom-server.browser.production.min.js:71:145)
    at Z (/home/jay/Desktop/prompt/node_modules/react-dom/cjs/react-dom-server.browser.production.min.js:76:89)
ReferenceError: imageUrl is not defined
    at D (/home/jay/Desktop/prompt/.next/server/pages/category/sub-categories/[subcategories]/promptDetails/[promptSlug].js:1:4355)
    at /home/jay/Desktop/prompt/.next/server/pages/category/sub-categories/[subcategories]/promptDetails/[promptSlug].js:1:4820
    at Wc (/home/jay/Desktop/prompt/node_modules/react-dom/cjs/react-dom-server.browser.production.min.js:68:44)
    at Zc (/home/jay/Desktop/prompt/node_modules/react-dom/cjs/react-dom-server.browser.production.min.js:70:253)
    at Z (/home/jay/Desktop/prompt/node_modules/react-dom/cjs/react-dom-server.browser.production.min.js:76:89)
    at Zc (/home/jay/Desktop/prompt/node_modules/react-dom/cjs/react-dom-server.browser.production.min.js:70:481)
    at Z (/home/jay/Desktop/prompt/node_modules/react-dom/cjs/react-dom-server.browser.production.min.js:76:89)
    at $c (/home/jay/Desktop/prompt/node_modules/react-dom/cjs/react-dom-server.browser.production.min.js:78:98)
    at Zc (/home/jay/Desktop/prompt/node_modules/react-dom/cjs/react-dom-server.browser.production.min.js:71:145)
    at Z (/home/jay/Desktop/prompt/node_modules/react-dom/cjs/react-dom-server.browser.production.min.js:76:89)

Error occurred prerendering page "/category/sub-categories/couple-special/promptDetails/moonlight-coastal-editorial". Read more: https://nextjs.org/docs/messages/prerender-error

ReferenceError: imageUrl is not defined
    at D (/home/jay/Desktop/prompt/.next/server/pages/category/sub-categories/[subcategories]/promptDetails/[promptSlug].js:1:4355)
    at /home/jay/Desktop/prompt/.next/server/pages/category/sub-categories/[subcategories]/promptDetails/[promptSlug].js:1:4820
    at Wc (/home/jay/Desktop/prompt/node_modules/react-dom/cjs/react-dom-server.browser.production.min.js:68:44)
    at Zc (/home/jay/Desktop/prompt/node_modules/react-dom/cjs/react-dom-server.browser.production.min.js:70:253)
    at Z (/home/jay/Desktop/prompt/node_modules/react-dom/cjs/react-dom-server.browser.production.min.js:76:89)
    at Zc (/home/jay/Desktop/prompt/node_modules/react-dom/cjs/react-dom-server.browser.production.min.js:70:481)
    at Z (/home/jay/Desktop/prompt/node_modules/react-dom/cjs/react-dom-server.browser.production.min.js:76:89)
    at $c (/home/jay/Desktop/prompt/node_modules/react-dom/cjs/react-dom-server.browser.production.min.js:78:98)
    at Zc (/home/jay/Desktop/prompt/node_modules/react-dom/cjs/react-dom-server.browser.production.min.js:71:145)
    at Z (/home/jay/Desktop/prompt/node_modules/react-dom/cjs/react-dom-server.browser.production.min.js:76:89)
ReferenceError: imageUrl is not defined
    at D (/home/jay/Desktop/prompt/.next/server/pages/category/sub-categories/[subcategories]/promptDetails/[promptSlug].js:1:4355)
    at /home/jay/Desktop/prompt/.next/server/pages/category/sub-categories/[subcategories]/promptDetails/[promptSlug].js:1:4820
    at Wc (/home/jay/Desktop/prompt/node_modules/react-dom/cjs/react-dom-server.browser.production.min.js:68:44)
    at Zc (/home/jay/Desktop/prompt/node_modules/react-dom/cjs/react-dom-server.browser.production.min.js:70:253)
    at Z (/home/jay/Desktop/prompt/node_modules/react-dom/cjs/react-dom-server.browser.production.min.js:76:89)
    at Zc (/home/jay/Desktop/prompt/node_modules/react-dom/cjs/react-dom-server.browser.production.min.js:70:481)
    at Z (/home/jay/Desktop/prompt/node_modules/react-dom/cjs/react-dom-server.browser.production.min.js:76:89)
    at $c (/home/jay/Desktop/prompt/node_modules/react-dom/cjs/react-dom-server.browser.production.min.js:78:98)
    at Zc (/home/jay/Desktop/prompt/node_modules/react-dom/cjs/react-dom-server.browser.production.min.js:71:145)
    at Z (/home/jay/Desktop/prompt/node_modules/react-dom/cjs/react-dom-server.browser.production.min.js:76:89)

Error occurred prerendering page "/category/sub-categories/couple-special/promptDetails/snowy-forehead-touch". Read more: https://nextjs.org/docs/messages/prerender-error

ReferenceError: imageUrl is not defined
    at D (/home/jay/Desktop/prompt/.next/server/pages/category/sub-categories/[subcategories]/promptDetails/[promptSlug].js:1:4355)
    at /home/jay/Desktop/prompt/.next/server/pages/category/sub-categories/[subcategories]/promptDetails/[promptSlug].js:1:4820
    at Wc (/home/jay/Desktop/prompt/node_modules/react-dom/cjs/react-dom-server.browser.production.min.js:68:44)
    at Zc (/home/jay/Desktop/prompt/node_modules/react-dom/cjs/react-dom-server.browser.production.min.js:70:253)
    at Z (/home/jay/Desktop/prompt/node_modules/react-dom/cjs/react-dom-server.browser.production.min.js:76:89)
    at Zc (/home/jay/Desktop/prompt/node_modules/react-dom/cjs/react-dom-server.browser.production.min.js:70:481)
    at Z (/home/jay/Desktop/prompt/node_modules/react-dom/cjs/react-dom-server.browser.production.min.js:76:89)
    at $c (/home/jay/Desktop/prompt/node_modules/react-dom/cjs/react-dom-server.browser.production.min.js:78:98)
    at Zc (/home/jay/Desktop/prompt/node_modules/react-dom/cjs/react-dom-server.browser.production.min.js:71:145)
    at Z (/home/jay/Desktop/prompt/node_modules/react-dom/cjs/react-dom-server.browser.production.min.js:76:89)
ReferenceError: imageUrl is not defined
    at D (/home/jay/Desktop/prompt/.next/server/pages/category/sub-categories/[subcategories]/promptDetails/[promptSlug].js:1:4355)
    at /home/jay/Desktop/prompt/.next/server/pages/category/sub-categories/[subcategories]/promptDetails/[promptSlug].js:1:4820
    at Wc (/home/jay/Desktop/prompt/node_modules/react-dom/cjs/react-dom-server.browser.production.min.js:68:44)
    at Zc (/home/jay/Desktop/prompt/node_modules/react-dom/cjs/react-dom-server.browser.production.min.js:70:253)
    at Z (/home/jay/Desktop/prompt/node_modules/react-dom/cjs/react-dom-server.browser.production.min.js:76:89)
    at Zc (/home/jay/Desktop/prompt/node_modules/react-dom/cjs/react-dom-server.browser.production.min.js:70:481)
    at Z (/home/jay/Desktop/prompt/node_modules/react-dom/cjs/react-dom-server.browser.production.min.js:76:89)
    at $c (/home/jay/Desktop/prompt/node_modules/react-dom/cjs/react-dom-server.browser.production.min.js:78:98)
    at Zc (/home/jay/Desktop/prompt/node_modules/react-dom/cjs/react-dom-server.browser.production.min.js:71:145)
    at Z (/home/jay/Desktop/prompt/node_modules/react-dom/cjs/react-dom-server.browser.production.min.js:76:89)

Error occurred prerendering page "/category/sub-categories/couple-special/promptDetails/luxurious-garden-portrait-with-bangles-focus". Read more: https://nextjs.org/docs/messages/prerender-error

ReferenceError: imageUrl is not defined
    at D (/home/jay/Desktop/prompt/.next/server/pages/category/sub-categories/[subcategories]/promptDetails/[promptSlug].js:1:4355)
    at /home/jay/Desktop/prompt/.next/server/pages/category/sub-categories/[subcategories]/promptDetails/[promptSlug].js:1:4820
    at Wc (/home/jay/Desktop/prompt/node_modules/react-dom/cjs/react-dom-server.browser.production.min.js:68:44)
    at Zc (/home/jay/Desktop/prompt/node_modules/react-dom/cjs/react-dom-server.browser.production.min.js:70:253)
    at Z (/home/jay/Desktop/prompt/node_modules/react-dom/cjs/react-dom-server.browser.production.min.js:76:89)
    at Zc (/home/jay/Desktop/prompt/node_modules/react-dom/cjs/react-dom-server.browser.production.min.js:70:481)
    at Z (/home/jay/Desktop/prompt/node_modules/react-dom/cjs/react-dom-server.browser.production.min.js:76:89)
    at $c (/home/jay/Desktop/prompt/node_modules/react-dom/cjs/react-dom-server.browser.production.min.js:78:98)
    at Zc (/home/jay/Desktop/prompt/node_modules/react-dom/cjs/react-dom-server.browser.production.min.js:71:145)
    at Z (/home/jay/Desktop/prompt/node_modules/react-dom/cjs/react-dom-server.browser.production.min.js:76:89)
ReferenceError: imageUrl is not defined
    at D (/home/jay/Desktop/prompt/.next/server/pages/category/sub-categories/[subcategories]/promptDetails/[promptSlug].js:1:4355)
    at /home/jay/Desktop/prompt/.next/server/pages/category/sub-categories/[subcategories]/promptDetails/[promptSlug].js:1:4820
    at Wc (/home/jay/Desktop/prompt/node_modules/react-dom/cjs/react-dom-server.browser.production.min.js:68:44)
    at Zc (/home/jay/Desktop/prompt/node_modules/react-dom/cjs/react-dom-server.browser.production.min.js:70:253)
    at Z (/home/jay/Desktop/prompt/node_modules/react-dom/cjs/react-dom-server.browser.production.min.js:76:89)
    at Zc (/home/jay/Desktop/prompt/node_modules/react-dom/cjs/react-dom-server.browser.production.min.js:70:481)
    at Z (/home/jay/Desktop/prompt/node_modules/react-dom/cjs/react-dom-server.browser.production.min.js:76:89)
    at $c (/home/jay/Desktop/prompt/node_modules/react-dom/cjs/react-dom-server.browser.production.min.js:78:98)
    at Zc (/home/jay/Desktop/prompt/node_modules/react-dom/cjs/react-dom-server.browser.production.min.js:71:145)
    at Z (/home/jay/Desktop/prompt/node_modules/react-dom/cjs/react-dom-server.browser.production.min.js:76:89)

Error occurred prerendering page "/category/sub-categories/couple-special/promptDetails/white-floral-studio-with-painted-background". Read more: https://nextjs.org/docs/messages/prerender-error

ReferenceError: imageUrl is not defined
    at D (/home/jay/Desktop/prompt/.next/server/pages/category/sub-categories/[subcategories]/promptDetails/[promptSlug].js:1:4355)
    at /home/jay/Desktop/prompt/.next/server/pages/category/sub-categories/[subcategories]/promptDetails/[promptSlug].js:1:4820
    at Wc (/home/jay/Desktop/prompt/node_modules/react-dom/cjs/react-dom-server.browser.production.min.js:68:44)
    at Zc (/home/jay/Desktop/prompt/node_modules/react-dom/cjs/react-dom-server.browser.production.min.js:70:253)
    at Z (/home/jay/Desktop/prompt/node_modules/react-dom/cjs/react-dom-server.browser.production.min.js:76:89)
    at Zc (/home/jay/Desktop/prompt/node_modules/react-dom/cjs/react-dom-server.browser.production.min.js:70:481)
    at Z (/home/jay/Desktop/prompt/node_modules/react-dom/cjs/react-dom-server.browser.production.min.js:76:89)
    at $c (/home/jay/Desktop/prompt/node_modules/react-dom/cjs/react-dom-server.browser.production.min.js:78:98)
    at Zc (/home/jay/Desktop/prompt/node_modules/react-dom/cjs/react-dom-server.browser.production.min.js:71:145)
    at Z (/home/jay/Desktop/prompt/node_modules/react-dom/cjs/react-dom-server.browser.production.min.js:76:89)
ReferenceError: imageUrl is not defined
    at D (/home/jay/Desktop/prompt/.next/server/pages/category/sub-categories/[subcategories]/promptDetails/[promptSlug].js:1:4355)
    at /home/jay/Desktop/prompt/.next/server/pages/category/sub-categories/[subcategories]/promptDetails/[promptSlug].js:1:4820
    at Wc (/home/jay/Desktop/prompt/node_modules/react-dom/cjs/react-dom-server.browser.production.min.js:68:44)
    at Zc (/home/jay/Desktop/prompt/node_modules/react-dom/cjs/react-dom-server.browser.production.min.js:70:253)
    at Z (/home/jay/Desktop/prompt/node_modules/react-dom/cjs/react-dom-server.browser.production.min.js:76:89)
    at Zc (/home/jay/Desktop/prompt/node_modules/react-dom/cjs/react-dom-server.browser.production.min.js:70:481)
    at Z (/home/jay/Desktop/prompt/node_modules/react-dom/cjs/react-dom-server.browser.production.min.js:76:89)
    at $c (/home/jay/Desktop/prompt/node_modules/react-dom/cjs/react-dom-server.browser.production.min.js:78:98)
    at Zc (/home/jay/Desktop/prompt/node_modules/react-dom/cjs/react-dom-server.browser.production.min.js:71:145)
    at Z (/home/jay/Desktop/prompt/node_modules/react-dom/cjs/react-dom-server.browser.production.min.js:76:89)

Error occurred prerendering page "/category/sub-categories/couple-special/promptDetails/floral-swing-studio-portrait". Read more: https://nextjs.org/docs/messages/prerender-error

ReferenceError: imageUrl is not defined
    at D (/home/jay/Desktop/prompt/.next/server/pages/category/sub-categories/[subcategories]/promptDetails/[promptSlug].js:1:4355)
    at /home/jay/Desktop/prompt/.next/server/pages/category/sub-categories/[subcategories]/promptDetails/[promptSlug].js:1:4820
    at Wc (/home/jay/Desktop/prompt/node_modules/react-dom/cjs/react-dom-server.browser.production.min.js:68:44)
    at Zc (/home/jay/Desktop/prompt/node_modules/react-dom/cjs/react-dom-server.browser.production.min.js:70:253)
    at Z (/home/jay/Desktop/prompt/node_modules/react-dom/cjs/react-dom-server.browser.production.min.js:76:89)
    at Zc (/home/jay/Desktop/prompt/node_modules/react-dom/cjs/react-dom-server.browser.production.min.js:70:481)
    at Z (/home/jay/Desktop/prompt/node_modules/react-dom/cjs/react-dom-server.browser.production.min.js:76:89)
    at $c (/home/jay/Desktop/prompt/node_modules/react-dom/cjs/react-dom-server.browser.production.min.js:78:98)
    at Zc (/home/jay/Desktop/prompt/node_modules/react-dom/cjs/react-dom-server.browser.production.min.js:71:145)
    at Z (/home/jay/Desktop/prompt/node_modules/react-dom/cjs/react-dom-server.browser.production.min.js:76:89)
[Build Time] Fetching all categories from: https://admin.promptland.in/api/get_categories
[Build Time] Successfully fetched 29 categories
[Build Time] Fetching prompts for category 7, subcategory none
[Build Time] Successfully fetched 50 prompts for category 7
ReferenceError: imageUrl is not defined
    at D (/home/jay/Desktop/prompt/.next/server/pages/category/sub-categories/[subcategories]/promptDetails/[promptSlug].js:1:4355)
    at /home/jay/Desktop/prompt/.next/server/pages/category/sub-categories/[subcategories]/promptDetails/[promptSlug].js:1:4820
    at Wc (/home/jay/Desktop/prompt/node_modules/react-dom/cjs/react-dom-server.browser.production.min.js:68:44)
    at Zc (/home/jay/Desktop/prompt/node_modules/react-dom/cjs/react-dom-server.browser.production.min.js:70:253)
    at Z (/home/jay/Desktop/prompt/node_modules/react-dom/cjs/react-dom-server.browser.production.min.js:76:89)
    at Zc (/home/jay/Desktop/prompt/node_modules/react-dom/cjs/react-dom-server.browser.production.min.js:70:481)
    at Z (/home/jay/Desktop/prompt/node_modules/react-dom/cjs/react-dom-server.browser.production.min.js:76:89)
    at $c (/home/jay/Desktop/prompt/node_modules/react-dom/cjs/react-dom-server.browser.production.min.js:78:98)
    at Zc (/home/jay/Desktop/prompt/node_modules/react-dom/cjs/react-dom-server.browser.production.min.js:71:145)
    at Z (/home/jay/Desktop/prompt/node_modules/react-dom/cjs/react-dom-server.browser.production.min.js:76:89)

Error occurred prerendering page "/category/sub-categories/couple-special/promptDetails/romantic-indian-couple-portrait-version-1". Read more: https://nextjs.org/docs/messages/prerender-error

ReferenceError: imageUrl is not defined
    at D (/home/jay/Desktop/prompt/.next/server/pages/category/sub-categories/[subcategories]/promptDetails/[promptSlug].js:1:4355)
    at /home/jay/Desktop/prompt/.next/server/pages/category/sub-categories/[subcategories]/promptDetails/[promptSlug].js:1:4820
    at Wc (/home/jay/Desktop/prompt/node_modules/react-dom/cjs/react-dom-server.browser.production.min.js:68:44)
    at Zc (/home/jay/Desktop/prompt/node_modules/react-dom/cjs/react-dom-server.browser.production.min.js:70:253)
    at Z (/home/jay/Desktop/prompt/node_modules/react-dom/cjs/react-dom-server.browser.production.min.js:76:89)
    at Zc (/home/jay/Desktop/prompt/node_modules/react-dom/cjs/react-dom-server.browser.production.min.js:70:481)
    at Z (/home/jay/Desktop/prompt/node_modules/react-dom/cjs/react-dom-server.browser.production.min.js:76:89)
    at $c (/home/jay/Desktop/prompt/node_modules/react-dom/cjs/react-dom-server.browser.production.min.js:78:98)
    at Zc (/home/jay/Desktop/prompt/node_modules/react-dom/cjs/react-dom-server.browser.production.min.js:71:145)
    at Z (/home/jay/Desktop/prompt/node_modules/react-dom/cjs/react-dom-server.browser.production.min.js:76:89)
[Build Time] Fetching all categories from: https://admin.promptland.in/api/get_categories
[Build Time] Successfully fetched 29 categories
[Build Time] Fetching prompts for category 7, subcategory none
[Build Time] Successfully fetched 50 prompts for category 7
[Build Time] Fetching all categories from: https://admin.promptland.in/api/get_categories
[Build Time] Successfully fetched 29 categories
[Build Time] Fetching prompts for category 7, subcategory none
[Build Time] Successfully fetched 50 prompts for category 7
[Build Time] Fetching all categories from: https://admin.promptland.in/api/get_categories
[Build Time] Successfully fetched 29 categories
[Build Time] Fetching prompts for category 7, subcategory none
[Build Time] Successfully fetched 50 prompts for category 7
[Build Time] Fetching all categories from: https://admin.promptland.in/api/get_categories
[Build Time] Successfully fetched 29 categories
[Build Time] Fetching prompts for category 7, subcategory none
[Build Time] Successfully fetched 50 prompts for category 7
[Build Time] Fetching all categories from: https://admin.promptland.in/api/get_categories
[Build Time] Successfully fetched 29 categories
[Build Time] Fetching prompts for category 7, subcategory none
[Build Time] Successfully fetched 50 prompts for category 7
[Build Time] Fetching all categories from: https://admin.promptland.in/api/get_categories
[Build Time] Successfully fetched 29 categories
[Build Time] Fetching prompts for category 7, subcategory none
[Build Time] Successfully fetched 50 prompts for category 7
ReferenceError: imageUrl is not defined
    at D (/home/jay/Desktop/prompt/.next/server/pages/category/sub-categories/[subcategories]/promptDetails/[promptSlug].js:1:4355)
    at /home/jay/Desktop/prompt/.next/server/pages/category/sub-categories/[subcategories]/promptDetails/[promptSlug].js:1:4820
    at Wc (/home/jay/Desktop/prompt/node_modules/react-dom/cjs/react-dom-server.browser.production.min.js:68:44)
    at Zc (/home/jay/Desktop/prompt/node_modules/react-dom/cjs/react-dom-server.browser.production.min.js:70:253)
    at Z (/home/jay/Desktop/prompt/node_modules/react-dom/cjs/react-dom-server.browser.production.min.js:76:89)
    at Zc (/home/jay/Desktop/prompt/node_modules/react-dom/cjs/react-dom-server.browser.production.min.js:70:481)
    at Z (/home/jay/Desktop/prompt/node_modules/react-dom/cjs/react-dom-server.browser.production.min.js:76:89)
    at $c (/home/jay/Desktop/prompt/node_modules/react-dom/cjs/react-dom-server.browser.production.min.js:78:98)
    at Zc (/home/jay/Desktop/prompt/node_modules/react-dom/cjs/react-dom-server.browser.production.min.js:71:145)
    at Z (/home/jay/Desktop/prompt/node_modules/react-dom/cjs/react-dom-server.browser.production.min.js:76:89)

Error occurred prerendering page "/category/sub-categories/couple-special/promptDetails/romantic-indian-couple-portrait-version-2". Read more: https://nextjs.org/docs/messages/prerender-error

ReferenceError: imageUrl is not defined
    at D (/home/jay/Desktop/prompt/.next/server/pages/category/sub-categories/[subcategories]/promptDetails/[promptSlug].js:1:4355)
    at /home/jay/Desktop/prompt/.next/server/pages/category/sub-categories/[subcategories]/promptDetails/[promptSlug].js:1:4820
    at Wc (/home/jay/Desktop/prompt/node_modules/react-dom/cjs/react-dom-server.browser.production.min.js:68:44)
    at Zc (/home/jay/Desktop/prompt/node_modules/react-dom/cjs/react-dom-server.browser.production.min.js:70:253)
    at Z (/home/jay/Desktop/prompt/node_modules/react-dom/cjs/react-dom-server.browser.production.min.js:76:89)
    at Zc (/home/jay/Desktop/prompt/node_modules/react-dom/cjs/react-dom-server.browser.production.min.js:70:481)
    at Z (/home/jay/Desktop/prompt/node_modules/react-dom/cjs/react-dom-server.browser.production.min.js:76:89)
    at $c (/home/jay/Desktop/prompt/node_modules/react-dom/cjs/react-dom-server.browser.production.min.js:78:98)
    at Zc (/home/jay/Desktop/prompt/node_modules/react-dom/cjs/react-dom-server.browser.production.min.js:71:145)
    at Z (/home/jay/Desktop/prompt/node_modules/react-dom/cjs/react-dom-server.browser.production.min.js:76:89)
ReferenceError: imageUrl is not defined
    at D (/home/jay/Desktop/prompt/.next/server/pages/category/sub-categories/[subcategories]/promptDetails/[promptSlug].js:1:4355)
    at /home/jay/Desktop/prompt/.next/server/pages/category/sub-categories/[subcategories]/promptDetails/[promptSlug].js:1:4820
    at Wc (/home/jay/Desktop/prompt/node_modules/react-dom/cjs/react-dom-server.browser.production.min.js:68:44)
    at Zc (/home/jay/Desktop/prompt/node_modules/react-dom/cjs/react-dom-server.browser.production.min.js:70:253)
    at Z (/home/jay/Desktop/prompt/node_modules/react-dom/cjs/react-dom-server.browser.production.min.js:76:89)
    at Zc (/home/jay/Desktop/prompt/node_modules/react-dom/cjs/react-dom-server.browser.production.min.js:70:481)
    at Z (/home/jay/Desktop/prompt/node_modules/react-dom/cjs/react-dom-server.browser.production.min.js:76:89)
    at $c (/home/jay/Desktop/prompt/node_modules/react-dom/cjs/react-dom-server.browser.production.min.js:78:98)
    at Zc (/home/jay/Desktop/prompt/node_modules/react-dom/cjs/react-dom-server.browser.production.min.js:71:145)
    at Z (/home/jay/Desktop/prompt/node_modules/react-dom/cjs/react-dom-server.browser.production.min.js:76:89)

Error occurred prerendering page "/category/sub-categories/couple-special/promptDetails/cozy-caf-couple-portrait-short-prompt". Read more: https://nextjs.org/docs/messages/prerender-error

ReferenceError: imageUrl is not defined
    at D (/home/jay/Desktop/prompt/.next/server/pages/category/sub-categories/[subcategories]/promptDetails/[promptSlug].js:1:4355)
    at /home/jay/Desktop/prompt/.next/server/pages/category/sub-categories/[subcategories]/promptDetails/[promptSlug].js:1:4820
    at Wc (/home/jay/Desktop/prompt/node_modules/react-dom/cjs/react-dom-server.browser.production.min.js:68:44)
    at Zc (/home/jay/Desktop/prompt/node_modules/react-dom/cjs/react-dom-server.browser.production.min.js:70:253)
    at Z (/home/jay/Desktop/prompt/node_modules/react-dom/cjs/react-dom-server.browser.production.min.js:76:89)
    at Zc (/home/jay/Desktop/prompt/node_modules/react-dom/cjs/react-dom-server.browser.production.min.js:70:481)
    at Z (/home/jay/Desktop/prompt/node_modules/react-dom/cjs/react-dom-server.browser.production.min.js:76:89)
    at $c (/home/jay/Desktop/prompt/node_modules/react-dom/cjs/react-dom-server.browser.production.min.js:78:98)
    at Zc (/home/jay/Desktop/prompt/node_modules/react-dom/cjs/react-dom-server.browser.production.min.js:71:145)
    at Z (/home/jay/Desktop/prompt/node_modules/react-dom/cjs/react-dom-server.browser.production.min.js:76:89)
[Build Time] Fetching all categories from: https://admin.promptland.in/api/get_categories
[Build Time] Successfully fetched 29 categories
[Build Time] Fetching prompts for category 7, subcategory none
[Build Time] Successfully fetched 50 prompts for category 7
ReferenceError: imageUrl is not defined
    at D (/home/jay/Desktop/prompt/.next/server/pages/category/sub-categories/[subcategories]/promptDetails/[promptSlug].js:1:4355)
    at /home/jay/Desktop/prompt/.next/server/pages/category/sub-categories/[subcategories]/promptDetails/[promptSlug].js:1:4820
    at Wc (/home/jay/Desktop/prompt/node_modules/react-dom/cjs/react-dom-server.browser.production.min.js:68:44)
    at Zc (/home/jay/Desktop/prompt/node_modules/react-dom/cjs/react-dom-server.browser.production.min.js:70:253)
    at Z (/home/jay/Desktop/prompt/node_modules/react-dom/cjs/react-dom-server.browser.production.min.js:76:89)
    at Zc (/home/jay/Desktop/prompt/node_modules/react-dom/cjs/react-dom-server.browser.production.min.js:70:481)
    at Z (/home/jay/Desktop/prompt/node_modules/react-dom/cjs/react-dom-server.browser.production.min.js:76:89)
    at $c (/home/jay/Desktop/prompt/node_modules/react-dom/cjs/react-dom-server.browser.production.min.js:78:98)
    at Zc (/home/jay/Desktop/prompt/node_modules/react-dom/cjs/react-dom-server.browser.production.min.js:71:145)
    at Z (/home/jay/Desktop/prompt/node_modules/react-dom/cjs/react-dom-server.browser.production.min.js:76:89)

Error occurred prerendering page "/category/sub-categories/couple-special/promptDetails/romantic-indian-couple-portrait-version-4". Read more: https://nextjs.org/docs/messages/prerender-error

ReferenceError: imageUrl is not defined
    at D (/home/jay/Desktop/prompt/.next/server/pages/category/sub-categories/[subcategories]/promptDetails/[promptSlug].js:1:4355)
    at /home/jay/Desktop/prompt/.next/server/pages/category/sub-categories/[subcategories]/promptDetails/[promptSlug].js:1:4820
    at Wc (/home/jay/Desktop/prompt/node_modules/react-dom/cjs/react-dom-server.browser.production.min.js:68:44)
    at Zc (/home/jay/Desktop/prompt/node_modules/react-dom/cjs/react-dom-server.browser.production.min.js:70:253)
    at Z (/home/jay/Desktop/prompt/node_modules/react-dom/cjs/react-dom-server.browser.production.min.js:76:89)
    at Zc (/home/jay/Desktop/prompt/node_modules/react-dom/cjs/react-dom-server.browser.production.min.js:70:481)
    at Z (/home/jay/Desktop/prompt/node_modules/react-dom/cjs/react-dom-server.browser.production.min.js:76:89)
    at $c (/home/jay/Desktop/prompt/node_modules/react-dom/cjs/react-dom-server.browser.production.min.js:78:98)
    at Zc (/home/jay/Desktop/prompt/node_modules/react-dom/cjs/react-dom-server.browser.production.min.js:71:145)
    at Z (/home/jay/Desktop/prompt/node_modules/react-dom/cjs/react-dom-server.browser.production.min.js:76:89)
ReferenceError: imageUrl is not defined
    at D (/home/jay/Desktop/prompt/.next/server/pages/category/sub-categories/[subcategories]/promptDetails/[promptSlug].js:1:4355)
    at /home/jay/Desktop/prompt/.next/server/pages/category/sub-categories/[subcategories]/promptDetails/[promptSlug].js:1:4820
    at Wc (/home/jay/Desktop/prompt/node_modules/react-dom/cjs/react-dom-server.browser.production.min.js:68:44)
    at Zc (/home/jay/Desktop/prompt/node_modules/react-dom/cjs/react-dom-server.browser.production.min.js:70:253)
    at Z (/home/jay/Desktop/prompt/node_modules/react-dom/cjs/react-dom-server.browser.production.min.js:76:89)
    at Zc (/home/jay/Desktop/prompt/node_modules/react-dom/cjs/react-dom-server.browser.production.min.js:70:481)
    at Z (/home/jay/Desktop/prompt/node_modules/react-dom/cjs/react-dom-server.browser.production.min.js:76:89)
    at $c (/home/jay/Desktop/prompt/node_modules/react-dom/cjs/react-dom-server.browser.production.min.js:78:98)
    at Zc (/home/jay/Desktop/prompt/node_modules/react-dom/cjs/react-dom-server.browser.production.min.js:71:145)
    at Z (/home/jay/Desktop/prompt/node_modules/react-dom/cjs/react-dom-server.browser.production.min.js:76:89)

Error occurred prerendering page "/category/sub-categories/couple-special/promptDetails/cozy-caf-couple-portrait-detailed-version". Read more: https://nextjs.org/docs/messages/prerender-error

ReferenceError: imageUrl is not defined
    at D (/home/jay/Desktop/prompt/.next/server/pages/category/sub-categories/[subcategories]/promptDetails/[promptSlug].js:1:4355)
    at /home/jay/Desktop/prompt/.next/server/pages/category/sub-categories/[subcategories]/promptDetails/[promptSlug].js:1:4820
    at Wc (/home/jay/Desktop/prompt/node_modules/react-dom/cjs/react-dom-server.browser.production.min.js:68:44)
    at Zc (/home/jay/Desktop/prompt/node_modules/react-dom/cjs/react-dom-server.browser.production.min.js:70:253)
    at Z (/home/jay/Desktop/prompt/node_modules/react-dom/cjs/react-dom-server.browser.production.min.js:76:89)
    at Zc (/home/jay/Desktop/prompt/node_modules/react-dom/cjs/react-dom-server.browser.production.min.js:70:481)
    at Z (/home/jay/Desktop/prompt/node_modules/react-dom/cjs/react-dom-server.browser.production.min.js:76:89)
    at $c (/home/jay/Desktop/prompt/node_modules/react-dom/cjs/react-dom-server.browser.production.min.js:78:98)
    at Zc (/home/jay/Desktop/prompt/node_modules/react-dom/cjs/react-dom-server.browser.production.min.js:71:145)
    at Z (/home/jay/Desktop/prompt/node_modules/react-dom/cjs/react-dom-server.browser.production.min.js:76:89)
ReferenceError: imageUrl is not defined
    at D (/home/jay/Desktop/prompt/.next/server/pages/category/sub-categories/[subcategories]/promptDetails/[promptSlug].js:1:4355)
    at /home/jay/Desktop/prompt/.next/server/pages/category/sub-categories/[subcategories]/promptDetails/[promptSlug].js:1:4820
    at Wc (/home/jay/Desktop/prompt/node_modules/react-dom/cjs/react-dom-server.browser.production.min.js:68:44)
    at Zc (/home/jay/Desktop/prompt/node_modules/react-dom/cjs/react-dom-server.browser.production.min.js:70:253)
    at Z (/home/jay/Desktop/prompt/node_modules/react-dom/cjs/react-dom-server.browser.production.min.js:76:89)
    at Zc (/home/jay/Desktop/prompt/node_modules/react-dom/cjs/react-dom-server.browser.production.min.js:70:481)
    at Z (/home/jay/Desktop/prompt/node_modules/react-dom/cjs/react-dom-server.browser.production.min.js:76:89)
    at $c (/home/jay/Desktop/prompt/node_modules/react-dom/cjs/react-dom-server.browser.production.min.js:78:98)
    at Zc (/home/jay/Desktop/prompt/node_modules/react-dom/cjs/react-dom-server.browser.production.min.js:71:145)
    at Z (/home/jay/Desktop/prompt/node_modules/react-dom/cjs/react-dom-server.browser.production.min.js:76:89)

Error occurred prerendering page "/category/sub-categories/couple-special/promptDetails/romantic-indian-couple-portrait-version-3". Read more: https://nextjs.org/docs/messages/prerender-error

ReferenceError: imageUrl is not defined
    at D (/home/jay/Desktop/prompt/.next/server/pages/category/sub-categories/[subcategories]/promptDetails/[promptSlug].js:1:4355)
    at /home/jay/Desktop/prompt/.next/server/pages/category/sub-categories/[subcategories]/promptDetails/[promptSlug].js:1:4820
    at Wc (/home/jay/Desktop/prompt/node_modules/react-dom/cjs/react-dom-server.browser.production.min.js:68:44)
    at Zc (/home/jay/Desktop/prompt/node_modules/react-dom/cjs/react-dom-server.browser.production.min.js:70:253)
    at Z (/home/jay/Desktop/prompt/node_modules/react-dom/cjs/react-dom-server.browser.production.min.js:76:89)
    at Zc (/home/jay/Desktop/prompt/node_modules/react-dom/cjs/react-dom-server.browser.production.min.js:70:481)
    at Z (/home/jay/Desktop/prompt/node_modules/react-dom/cjs/react-dom-server.browser.production.min.js:76:89)
    at $c (/home/jay/Desktop/prompt/node_modules/react-dom/cjs/react-dom-server.browser.production.min.js:78:98)
    at Zc (/home/jay/Desktop/prompt/node_modules/react-dom/cjs/react-dom-server.browser.production.min.js:71:145)
    at Z (/home/jay/Desktop/prompt/node_modules/react-dom/cjs/react-dom-server.browser.production.min.js:76:89)
ReferenceError: imageUrl is not defined
    at D (/home/jay/Desktop/prompt/.next/server/pages/category/sub-categories/[subcategories]/promptDetails/[promptSlug].js:1:4355)
    at /home/jay/Desktop/prompt/.next/server/pages/category/sub-categories/[subcategories]/promptDetails/[promptSlug].js:1:4820
    at Wc (/home/jay/Desktop/prompt/node_modules/react-dom/cjs/react-dom-server.browser.production.min.js:68:44)
    at Zc (/home/jay/Desktop/prompt/node_modules/react-dom/cjs/react-dom-server.browser.production.min.js:70:253)
    at Z (/home/jay/Desktop/prompt/node_modules/react-dom/cjs/react-dom-server.browser.production.min.js:76:89)
    at Zc (/home/jay/Desktop/prompt/node_modules/react-dom/cjs/react-dom-server.browser.production.min.js:70:481)
    at Z (/home/jay/Desktop/prompt/node_modules/react-dom/cjs/react-dom-server.browser.production.min.js:76:89)
    at $c (/home/jay/Desktop/prompt/node_modules/react-dom/cjs/react-dom-server.browser.production.min.js:78:98)
    at Zc (/home/jay/Desktop/prompt/node_modules/react-dom/cjs/react-dom-server.browser.production.min.js:71:145)
    at Z (/home/jay/Desktop/prompt/node_modules/react-dom/cjs/react-dom-server.browser.production.min.js:76:89)

Error occurred prerendering page "/category/sub-categories/couple-special/promptDetails/romantic-indian-couple-portrait-version-5". Read more: https://nextjs.org/docs/messages/prerender-error

ReferenceError: imageUrl is not defined
    at D (/home/jay/Desktop/prompt/.next/server/pages/category/sub-categories/[subcategories]/promptDetails/[promptSlug].js:1:4355)
    at /home/jay/Desktop/prompt/.next/server/pages/category/sub-categories/[subcategories]/promptDetails/[promptSlug].js:1:4820
    at Wc (/home/jay/Desktop/prompt/node_modules/react-dom/cjs/react-dom-server.browser.production.min.js:68:44)
    at Zc (/home/jay/Desktop/prompt/node_modules/react-dom/cjs/react-dom-server.browser.production.min.js:70:253)
    at Z (/home/jay/Desktop/prompt/node_modules/react-dom/cjs/react-dom-server.browser.production.min.js:76:89)
    at Zc (/home/jay/Desktop/prompt/node_modules/react-dom/cjs/react-dom-server.browser.production.min.js:70:481)
    at Z (/home/jay/Desktop/prompt/node_modules/react-dom/cjs/react-dom-server.browser.production.min.js:76:89)
    at $c (/home/jay/Desktop/prompt/node_modules/react-dom/cjs/react-dom-server.browser.production.min.js:78:98)
    at Zc (/home/jay/Desktop/prompt/node_modules/react-dom/cjs/react-dom-server.browser.production.min.js:71:145)
    at Z (/home/jay/Desktop/prompt/node_modules/react-dom/cjs/react-dom-server.browser.production.min.js:76:89)
[Build Time] Fetching all categories from: https://admin.promptland.in/api/get_categories
[Build Time] Successfully fetched 29 categories
[Build Time] Fetching prompts for category 7, subcategory none
[Build Time] Successfully fetched 50 prompts for category 7
[Build Time] Fetching all categories from: https://admin.promptland.in/api/get_categories
[Build Time] Successfully fetched 29 categories
[Build Time] Fetching prompts for category 7, subcategory none
[Build Time] Successfully fetched 50 prompts for category 7
ReferenceError: imageUrl is not defined
    at D (/home/jay/Desktop/prompt/.next/server/pages/category/sub-categories/[subcategories]/promptDetails/[promptSlug].js:1:4355)
    at /home/jay/Desktop/prompt/.next/server/pages/category/sub-categories/[subcategories]/promptDetails/[promptSlug].js:1:4820
    at Wc (/home/jay/Desktop/prompt/node_modules/react-dom/cjs/react-dom-server.browser.production.min.js:68:44)
    at Zc (/home/jay/Desktop/prompt/node_modules/react-dom/cjs/react-dom-server.browser.production.min.js:70:253)
    at Z (/home/jay/Desktop/prompt/node_modules/react-dom/cjs/react-dom-server.browser.production.min.js:76:89)
    at Zc (/home/jay/Desktop/prompt/node_modules/react-dom/cjs/react-dom-server.browser.production.min.js:70:481)
    at Z (/home/jay/Desktop/prompt/node_modules/react-dom/cjs/react-dom-server.browser.production.min.js:76:89)
    at $c (/home/jay/Desktop/prompt/node_modules/react-dom/cjs/react-dom-server.browser.production.min.js:78:98)
    at Zc (/home/jay/Desktop/prompt/node_modules/react-dom/cjs/react-dom-server.browser.production.min.js:71:145)
    at Z (/home/jay/Desktop/prompt/node_modules/react-dom/cjs/react-dom-server.browser.production.min.js:76:89)

Error occurred prerendering page "/category/sub-categories/couple-special/promptDetails/indian-couple-mirror-portrait". Read more: https://nextjs.org/docs/messages/prerender-error

ReferenceError: imageUrl is not defined
    at D (/home/jay/Desktop/prompt/.next/server/pages/category/sub-categories/[subcategories]/promptDetails/[promptSlug].js:1:4355)
    at /home/jay/Desktop/prompt/.next/server/pages/category/sub-categories/[subcategories]/promptDetails/[promptSlug].js:1:4820
    at Wc (/home/jay/Desktop/prompt/node_modules/react-dom/cjs/react-dom-server.browser.production.min.js:68:44)
    at Zc (/home/jay/Desktop/prompt/node_modules/react-dom/cjs/react-dom-server.browser.production.min.js:70:253)
    at Z (/home/jay/Desktop/prompt/node_modules/react-dom/cjs/react-dom-server.browser.production.min.js:76:89)
    at Zc (/home/jay/Desktop/prompt/node_modules/react-dom/cjs/react-dom-server.browser.production.min.js:70:481)
    at Z (/home/jay/Desktop/prompt/node_modules/react-dom/cjs/react-dom-server.browser.production.min.js:76:89)
    at $c (/home/jay/Desktop/prompt/node_modules/react-dom/cjs/react-dom-server.browser.production.min.js:78:98)
    at Zc (/home/jay/Desktop/prompt/node_modules/react-dom/cjs/react-dom-server.browser.production.min.js:71:145)
    at Z (/home/jay/Desktop/prompt/node_modules/react-dom/cjs/react-dom-server.browser.production.min.js:76:89)
ReferenceError: imageUrl is not defined
    at D (/home/jay/Desktop/prompt/.next/server/pages/category/sub-categories/[subcategories]/promptDetails/[promptSlug].js:1:4355)
    at /home/jay/Desktop/prompt/.next/server/pages/category/sub-categories/[subcategories]/promptDetails/[promptSlug].js:1:4820
    at Wc (/home/jay/Desktop/prompt/node_modules/react-dom/cjs/react-dom-server.browser.production.min.js:68:44)
    at Zc (/home/jay/Desktop/prompt/node_modules/react-dom/cjs/react-dom-server.browser.production.min.js:70:253)
    at Z (/home/jay/Desktop/prompt/node_modules/react-dom/cjs/react-dom-server.browser.production.min.js:76:89)
    at Zc (/home/jay/Desktop/prompt/node_modules/react-dom/cjs/react-dom-server.browser.production.min.js:70:481)
    at Z (/home/jay/Desktop/prompt/node_modules/react-dom/cjs/react-dom-server.browser.production.min.js:76:89)
    at $c (/home/jay/Desktop/prompt/node_modules/react-dom/cjs/react-dom-server.browser.production.min.js:78:98)
    at Zc (/home/jay/Desktop/prompt/node_modules/react-dom/cjs/react-dom-server.browser.production.min.js:71:145)
    at Z (/home/jay/Desktop/prompt/node_modules/react-dom/cjs/react-dom-server.browser.production.min.js:76:89)

Error occurred prerendering page "/category/sub-categories/couple-special/promptDetails/indian-couple-romantic-stance". Read more: https://nextjs.org/docs/messages/prerender-error

ReferenceError: imageUrl is not defined
    at D (/home/jay/Desktop/prompt/.next/server/pages/category/sub-categories/[subcategories]/promptDetails/[promptSlug].js:1:4355)
    at /home/jay/Desktop/prompt/.next/server/pages/category/sub-categories/[subcategories]/promptDetails/[promptSlug].js:1:4820
    at Wc (/home/jay/Desktop/prompt/node_modules/react-dom/cjs/react-dom-server.browser.production.min.js:68:44)
    at Zc (/home/jay/Desktop/prompt/node_modules/react-dom/cjs/react-dom-server.browser.production.min.js:70:253)
    at Z (/home/jay/Desktop/prompt/node_modules/react-dom/cjs/react-dom-server.browser.production.min.js:76:89)
    at Zc (/home/jay/Desktop/prompt/node_modules/react-dom/cjs/react-dom-server.browser.production.min.js:70:481)
    at Z (/home/jay/Desktop/prompt/node_modules/react-dom/cjs/react-dom-server.browser.production.min.js:76:89)
    at $c (/home/jay/Desktop/prompt/node_modules/react-dom/cjs/react-dom-server.browser.production.min.js:78:98)
    at Zc (/home/jay/Desktop/prompt/node_modules/react-dom/cjs/react-dom-server.browser.production.min.js:71:145)
    at Z (/home/jay/Desktop/prompt/node_modules/react-dom/cjs/react-dom-server.browser.production.min.js:76:89)
ReferenceError: imageUrl is not defined
    at D (/home/jay/Desktop/prompt/.next/server/pages/category/sub-categories/[subcategories]/promptDetails/[promptSlug].js:1:4355)
    at /home/jay/Desktop/prompt/.next/server/pages/category/sub-categories/[subcategories]/promptDetails/[promptSlug].js:1:4820
    at Wc (/home/jay/Desktop/prompt/node_modules/react-dom/cjs/react-dom-server.browser.production.min.js:68:44)
    at Zc (/home/jay/Desktop/prompt/node_modules/react-dom/cjs/react-dom-server.browser.production.min.js:70:253)
    at Z (/home/jay/Desktop/prompt/node_modules/react-dom/cjs/react-dom-server.browser.production.min.js:76:89)
    at Zc (/home/jay/Desktop/prompt/node_modules/react-dom/cjs/react-dom-server.browser.production.min.js:70:481)
    at Z (/home/jay/Desktop/prompt/node_modules/react-dom/cjs/react-dom-server.browser.production.min.js:76:89)
    at $c (/home/jay/Desktop/prompt/node_modules/react-dom/cjs/react-dom-server.browser.production.min.js:78:98)
    at Zc (/home/jay/Desktop/prompt/node_modules/react-dom/cjs/react-dom-server.browser.production.min.js:71:145)
    at Z (/home/jay/Desktop/prompt/node_modules/react-dom/cjs/react-dom-server.browser.production.min.js:76:89)

Error occurred prerendering page "/category/sub-categories/couple-special/promptDetails/romantic-indian-couple-outdoor-portrait". Read more: https://nextjs.org/docs/messages/prerender-error

ReferenceError: imageUrl is not defined
    at D (/home/jay/Desktop/prompt/.next/server/pages/category/sub-categories/[subcategories]/promptDetails/[promptSlug].js:1:4355)
    at /home/jay/Desktop/prompt/.next/server/pages/category/sub-categories/[subcategories]/promptDetails/[promptSlug].js:1:4820
    at Wc (/home/jay/Desktop/prompt/node_modules/react-dom/cjs/react-dom-server.browser.production.min.js:68:44)
    at Zc (/home/jay/Desktop/prompt/node_modules/react-dom/cjs/react-dom-server.browser.production.min.js:70:253)
    at Z (/home/jay/Desktop/prompt/node_modules/react-dom/cjs/react-dom-server.browser.production.min.js:76:89)
    at Zc (/home/jay/Desktop/prompt/node_modules/react-dom/cjs/react-dom-server.browser.production.min.js:70:481)
    at Z (/home/jay/Desktop/prompt/node_modules/react-dom/cjs/react-dom-server.browser.production.min.js:76:89)
    at $c (/home/jay/Desktop/prompt/node_modules/react-dom/cjs/react-dom-server.browser.production.min.js:78:98)
    at Zc (/home/jay/Desktop/prompt/node_modules/react-dom/cjs/react-dom-server.browser.production.min.js:71:145)
    at Z (/home/jay/Desktop/prompt/node_modules/react-dom/cjs/react-dom-server.browser.production.min.js:76:89)
[Build Time] Fetching all categories from: https://admin.promptland.in/api/get_categories
[Build Time] Successfully fetched 29 categories
[Build Time] Fetching prompts for category 7, subcategory none
[Build Time] Successfully fetched 50 prompts for category 7
[Build Time] Fetching all categories from: https://admin.promptland.in/api/get_categories
[Build Time] Successfully fetched 29 categories
[Build Time] Fetching prompts for category 7, subcategory none
[Build Time] Successfully fetched 50 prompts for category 7
[Build Time] Fetching all categories from: https://admin.promptland.in/api/get_categories
[Build Time] Successfully fetched 29 categories
[Build Time] Fetching prompts for category 7, subcategory none
[Build Time] Successfully fetched 50 prompts for category 7
[Build Time] Fetching all categories from: https://admin.promptland.in/api/get_categories
[Build Time] Successfully fetched 29 categories
[Build Time] Fetching prompts for category 7, subcategory none
[Build Time] Successfully fetched 50 prompts for category 7
ReferenceError: imageUrl is not defined
    at D (/home/jay/Desktop/prompt/.next/server/pages/category/sub-categories/[subcategories]/promptDetails/[promptSlug].js:1:4355)
    at /home/jay/Desktop/prompt/.next/server/pages/category/sub-categories/[subcategories]/promptDetails/[promptSlug].js:1:4820
    at Wc (/home/jay/Desktop/prompt/node_modules/react-dom/cjs/react-dom-server.browser.production.min.js:68:44)
    at Zc (/home/jay/Desktop/prompt/node_modules/react-dom/cjs/react-dom-server.browser.production.min.js:70:253)
    at Z (/home/jay/Desktop/prompt/node_modules/react-dom/cjs/react-dom-server.browser.production.min.js:76:89)
    at Zc (/home/jay/Desktop/prompt/node_modules/react-dom/cjs/react-dom-server.browser.production.min.js:70:481)
    at Z (/home/jay/Desktop/prompt/node_modules/react-dom/cjs/react-dom-server.browser.production.min.js:76:89)
    at $c (/home/jay/Desktop/prompt/node_modules/react-dom/cjs/react-dom-server.browser.production.min.js:78:98)
    at Zc (/home/jay/Desktop/prompt/node_modules/react-dom/cjs/react-dom-server.browser.production.min.js:71:145)
    at Z (/home/jay/Desktop/prompt/node_modules/react-dom/cjs/react-dom-server.browser.production.min.js:76:89)

Error occurred prerendering page "/category/sub-categories/couple-special/promptDetails/couple-winter-drive-scene". Read more: https://nextjs.org/docs/messages/prerender-error

ReferenceError: imageUrl is not defined
    at D (/home/jay/Desktop/prompt/.next/server/pages/category/sub-categories/[subcategories]/promptDetails/[promptSlug].js:1:4355)
    at /home/jay/Desktop/prompt/.next/server/pages/category/sub-categories/[subcategories]/promptDetails/[promptSlug].js:1:4820
    at Wc (/home/jay/Desktop/prompt/node_modules/react-dom/cjs/react-dom-server.browser.production.min.js:68:44)
    at Zc (/home/jay/Desktop/prompt/node_modules/react-dom/cjs/react-dom-server.browser.production.min.js:70:253)
    at Z (/home/jay/Desktop/prompt/node_modules/react-dom/cjs/react-dom-server.browser.production.min.js:76:89)
    at Zc (/home/jay/Desktop/prompt/node_modules/react-dom/cjs/react-dom-server.browser.production.min.js:70:481)
    at Z (/home/jay/Desktop/prompt/node_modules/react-dom/cjs/react-dom-server.browser.production.min.js:76:89)
    at $c (/home/jay/Desktop/prompt/node_modules/react-dom/cjs/react-dom-server.browser.production.min.js:78:98)
    at Zc (/home/jay/Desktop/prompt/node_modules/react-dom/cjs/react-dom-server.browser.production.min.js:71:145)
    at Z (/home/jay/Desktop/prompt/node_modules/react-dom/cjs/react-dom-server.browser.production.min.js:76:89)
ReferenceError: imageUrl is not defined
    at D (/home/jay/Desktop/prompt/.next/server/pages/category/sub-categories/[subcategories]/promptDetails/[promptSlug].js:1:4355)
    at /home/jay/Desktop/prompt/.next/server/pages/category/sub-categories/[subcategories]/promptDetails/[promptSlug].js:1:4820
    at Wc (/home/jay/Desktop/prompt/node_modules/react-dom/cjs/react-dom-server.browser.production.min.js:68:44)
    at Zc (/home/jay/Desktop/prompt/node_modules/react-dom/cjs/react-dom-server.browser.production.min.js:70:253)
    at Z (/home/jay/Desktop/prompt/node_modules/react-dom/cjs/react-dom-server.browser.production.min.js:76:89)
    at Zc (/home/jay/Desktop/prompt/node_modules/react-dom/cjs/react-dom-server.browser.production.min.js:70:481)
    at Z (/home/jay/Desktop/prompt/node_modules/react-dom/cjs/react-dom-server.browser.production.min.js:76:89)
    at $c (/home/jay/Desktop/prompt/node_modules/react-dom/cjs/react-dom-server.browser.production.min.js:78:98)
    at Zc (/home/jay/Desktop/prompt/node_modules/react-dom/cjs/react-dom-server.browser.production.min.js:71:145)
    at Z (/home/jay/Desktop/prompt/node_modules/react-dom/cjs/react-dom-server.browser.production.min.js:76:89)

Error occurred prerendering page "/category/sub-categories/couple-special/promptDetails/couple-caf-embrace-in-snow". Read more: https://nextjs.org/docs/messages/prerender-error

ReferenceError: imageUrl is not defined
    at D (/home/jay/Desktop/prompt/.next/server/pages/category/sub-categories/[subcategories]/promptDetails/[promptSlug].js:1:4355)
    at /home/jay/Desktop/prompt/.next/server/pages/category/sub-categories/[subcategories]/promptDetails/[promptSlug].js:1:4820
    at Wc (/home/jay/Desktop/prompt/node_modules/react-dom/cjs/react-dom-server.browser.production.min.js:68:44)
    at Zc (/home/jay/Desktop/prompt/node_modules/react-dom/cjs/react-dom-server.browser.production.min.js:70:253)
    at Z (/home/jay/Desktop/prompt/node_modules/react-dom/cjs/react-dom-server.browser.production.min.js:76:89)
    at Zc (/home/jay/Desktop/prompt/node_modules/react-dom/cjs/react-dom-server.browser.production.min.js:70:481)
    at Z (/home/jay/Desktop/prompt/node_modules/react-dom/cjs/react-dom-server.browser.production.min.js:76:89)
    at $c (/home/jay/Desktop/prompt/node_modules/react-dom/cjs/react-dom-server.browser.production.min.js:78:98)
    at Zc (/home/jay/Desktop/prompt/node_modules/react-dom/cjs/react-dom-server.browser.production.min.js:71:145)
    at Z (/home/jay/Desktop/prompt/node_modules/react-dom/cjs/react-dom-server.browser.production.min.js:76:89)
ReferenceError: imageUrl is not defined
    at D (/home/jay/Desktop/prompt/.next/server/pages/category/sub-categories/[subcategories]/promptDetails/[promptSlug].js:1:4355)
    at /home/jay/Desktop/prompt/.next/server/pages/category/sub-categories/[subcategories]/promptDetails/[promptSlug].js:1:4820
    at Wc (/home/jay/Desktop/prompt/node_modules/react-dom/cjs/react-dom-server.browser.production.min.js:68:44)
    at Zc (/home/jay/Desktop/prompt/node_modules/react-dom/cjs/react-dom-server.browser.production.min.js:70:253)
    at Z (/home/jay/Desktop/prompt/node_modules/react-dom/cjs/react-dom-server.browser.production.min.js:76:89)
    at Zc (/home/jay/Desktop/prompt/node_modules/react-dom/cjs/react-dom-server.browser.production.min.js:70:481)
    at Z (/home/jay/Desktop/prompt/node_modules/react-dom/cjs/react-dom-server.browser.production.min.js:76:89)
    at $c (/home/jay/Desktop/prompt/node_modules/react-dom/cjs/react-dom-server.browser.production.min.js:78:98)
    at Zc (/home/jay/Desktop/prompt/node_modules/react-dom/cjs/react-dom-server.browser.production.min.js:71:145)
    at Z (/home/jay/Desktop/prompt/node_modules/react-dom/cjs/react-dom-server.browser.production.min.js:76:89)

Error occurred prerendering page "/category/sub-categories/couple-special/promptDetails/south-asian-couple-snowy-street-romance". Read more: https://nextjs.org/docs/messages/prerender-error

ReferenceError: imageUrl is not defined
    at D (/home/jay/Desktop/prompt/.next/server/pages/category/sub-categories/[subcategories]/promptDetails/[promptSlug].js:1:4355)
    at /home/jay/Desktop/prompt/.next/server/pages/category/sub-categories/[subcategories]/promptDetails/[promptSlug].js:1:4820
    at Wc (/home/jay/Desktop/prompt/node_modules/react-dom/cjs/react-dom-server.browser.production.min.js:68:44)
    at Zc (/home/jay/Desktop/prompt/node_modules/react-dom/cjs/react-dom-server.browser.production.min.js:70:253)
    at Z (/home/jay/Desktop/prompt/node_modules/react-dom/cjs/react-dom-server.browser.production.min.js:76:89)
    at Zc (/home/jay/Desktop/prompt/node_modules/react-dom/cjs/react-dom-server.browser.production.min.js:70:481)
    at Z (/home/jay/Desktop/prompt/node_modules/react-dom/cjs/react-dom-server.browser.production.min.js:76:89)
    at $c (/home/jay/Desktop/prompt/node_modules/react-dom/cjs/react-dom-server.browser.production.min.js:78:98)
    at Zc (/home/jay/Desktop/prompt/node_modules/react-dom/cjs/react-dom-server.browser.production.min.js:71:145)
    at Z (/home/jay/Desktop/prompt/node_modules/react-dom/cjs/react-dom-server.browser.production.min.js:76:89)
ReferenceError: imageUrl is not defined
    at D (/home/jay/Desktop/prompt/.next/server/pages/category/sub-categories/[subcategories]/promptDetails/[promptSlug].js:1:4355)
    at /home/jay/Desktop/prompt/.next/server/pages/category/sub-categories/[subcategories]/promptDetails/[promptSlug].js:1:4820
    at Wc (/home/jay/Desktop/prompt/node_modules/react-dom/cjs/react-dom-server.browser.production.min.js:68:44)
    at Zc (/home/jay/Desktop/prompt/node_modules/react-dom/cjs/react-dom-server.browser.production.min.js:70:253)
    at Z (/home/jay/Desktop/prompt/node_modules/react-dom/cjs/react-dom-server.browser.production.min.js:76:89)
    at Zc (/home/jay/Desktop/prompt/node_modules/react-dom/cjs/react-dom-server.browser.production.min.js:70:481)
    at Z (/home/jay/Desktop/prompt/node_modules/react-dom/cjs/react-dom-server.browser.production.min.js:76:89)
    at $c (/home/jay/Desktop/prompt/node_modules/react-dom/cjs/react-dom-server.browser.production.min.js:78:98)
    at Zc (/home/jay/Desktop/prompt/node_modules/react-dom/cjs/react-dom-server.browser.production.min.js:71:145)
    at Z (/home/jay/Desktop/prompt/node_modules/react-dom/cjs/react-dom-server.browser.production.min.js:76:89)

Error occurred prerendering page "/category/sub-categories/couple-special/promptDetails/romantic-winter-horse-portrait". Read more: https://nextjs.org/docs/messages/prerender-error

ReferenceError: imageUrl is not defined
    at D (/home/jay/Desktop/prompt/.next/server/pages/category/sub-categories/[subcategories]/promptDetails/[promptSlug].js:1:4355)
    at /home/jay/Desktop/prompt/.next/server/pages/category/sub-categories/[subcategories]/promptDetails/[promptSlug].js:1:4820
    at Wc (/home/jay/Desktop/prompt/node_modules/react-dom/cjs/react-dom-server.browser.production.min.js:68:44)
    at Zc (/home/jay/Desktop/prompt/node_modules/react-dom/cjs/react-dom-server.browser.production.min.js:70:253)
    at Z (/home/jay/Desktop/prompt/node_modules/react-dom/cjs/react-dom-server.browser.production.min.js:76:89)
    at Zc (/home/jay/Desktop/prompt/node_modules/react-dom/cjs/react-dom-server.browser.production.min.js:70:481)
    at Z (/home/jay/Desktop/prompt/node_modules/react-dom/cjs/react-dom-server.browser.production.min.js:76:89)
    at $c (/home/jay/Desktop/prompt/node_modules/react-dom/cjs/react-dom-server.browser.production.min.js:78:98)
    at Zc (/home/jay/Desktop/prompt/node_modules/react-dom/cjs/react-dom-server.browser.production.min.js:71:145)
    at Z (/home/jay/Desktop/prompt/node_modules/react-dom/cjs/react-dom-server.browser.production.min.js:76:89)
[Build Time] Fetching all categories from: https://admin.promptland.in/api/get_categories
[Build Time] Successfully fetched 29 categories
[Build Time] Fetching prompts for category 7, subcategory none
[Build Time] Successfully fetched 50 prompts for category 7
[Build Time] Fetching all categories from: https://admin.promptland.in/api/get_categories
[Build Time] Successfully fetched 29 categories
[Build Time] Fetching prompts for category 7, subcategory none
[Build Time] Successfully fetched 50 prompts for category 7
[Build Time] Fetching all categories from: https://admin.promptland.in/api/get_categories
[Build Time] Successfully fetched 29 categories
[Build Time] Fetching prompts for category 7, subcategory none
[Build Time] Successfully fetched 50 prompts for category 7
[Build Time] Fetching all categories from: https://admin.promptland.in/api/get_categories
[Build Time] Successfully fetched 29 categories
[Build Time] Fetching prompts for category 7, subcategory none
[Build Time] Successfully fetched 50 prompts for category 7
ReferenceError: imageUrl is not defined
    at D (/home/jay/Desktop/prompt/.next/server/pages/category/sub-categories/[subcategories]/promptDetails/[promptSlug].js:1:4355)
    at /home/jay/Desktop/prompt/.next/server/pages/category/sub-categories/[subcategories]/promptDetails/[promptSlug].js:1:4820
    at Wc (/home/jay/Desktop/prompt/node_modules/react-dom/cjs/react-dom-server.browser.production.min.js:68:44)
    at Zc (/home/jay/Desktop/prompt/node_modules/react-dom/cjs/react-dom-server.browser.production.min.js:70:253)
    at Z (/home/jay/Desktop/prompt/node_modules/react-dom/cjs/react-dom-server.browser.production.min.js:76:89)
    at Zc (/home/jay/Desktop/prompt/node_modules/react-dom/cjs/react-dom-server.browser.production.min.js:70:481)
    at Z (/home/jay/Desktop/prompt/node_modules/react-dom/cjs/react-dom-server.browser.production.min.js:76:89)
    at $c (/home/jay/Desktop/prompt/node_modules/react-dom/cjs/react-dom-server.browser.production.min.js:78:98)
    at Zc (/home/jay/Desktop/prompt/node_modules/react-dom/cjs/react-dom-server.browser.production.min.js:71:145)
    at Z (/home/jay/Desktop/prompt/node_modules/react-dom/cjs/react-dom-server.browser.production.min.js:76:89)

Error occurred prerendering page "/category/sub-categories/couple-special/promptDetails/romantic-indian-couple-portrait-casual". Read more: https://nextjs.org/docs/messages/prerender-error

ReferenceError: imageUrl is not defined
    at D (/home/jay/Desktop/prompt/.next/server/pages/category/sub-categories/[subcategories]/promptDetails/[promptSlug].js:1:4355)
    at /home/jay/Desktop/prompt/.next/server/pages/category/sub-categories/[subcategories]/promptDetails/[promptSlug].js:1:4820
    at Wc (/home/jay/Desktop/prompt/node_modules/react-dom/cjs/react-dom-server.browser.production.min.js:68:44)
    at Zc (/home/jay/Desktop/prompt/node_modules/react-dom/cjs/react-dom-server.browser.production.min.js:70:253)
    at Z (/home/jay/Desktop/prompt/node_modules/react-dom/cjs/react-dom-server.browser.production.min.js:76:89)
    at Zc (/home/jay/Desktop/prompt/node_modules/react-dom/cjs/react-dom-server.browser.production.min.js:70:481)
    at Z (/home/jay/Desktop/prompt/node_modules/react-dom/cjs/react-dom-server.browser.production.min.js:76:89)
    at $c (/home/jay/Desktop/prompt/node_modules/react-dom/cjs/react-dom-server.browser.production.min.js:78:98)
    at Zc (/home/jay/Desktop/prompt/node_modules/react-dom/cjs/react-dom-server.browser.production.min.js:71:145)
    at Z (/home/jay/Desktop/prompt/node_modules/react-dom/cjs/react-dom-server.browser.production.min.js:76:89)
ReferenceError: imageUrl is not defined
    at D (/home/jay/Desktop/prompt/.next/server/pages/category/sub-categories/[subcategories]/promptDetails/[promptSlug].js:1:4355)
    at /home/jay/Desktop/prompt/.next/server/pages/category/sub-categories/[subcategories]/promptDetails/[promptSlug].js:1:4820
    at Wc (/home/jay/Desktop/prompt/node_modules/react-dom/cjs/react-dom-server.browser.production.min.js:68:44)
    at Zc (/home/jay/Desktop/prompt/node_modules/react-dom/cjs/react-dom-server.browser.production.min.js:70:253)
    at Z (/home/jay/Desktop/prompt/node_modules/react-dom/cjs/react-dom-server.browser.production.min.js:76:89)
    at Zc (/home/jay/Desktop/prompt/node_modules/react-dom/cjs/react-dom-server.browser.production.min.js:70:481)
    at Z (/home/jay/Desktop/prompt/node_modules/react-dom/cjs/react-dom-server.browser.production.min.js:76:89)
    at $c (/home/jay/Desktop/prompt/node_modules/react-dom/cjs/react-dom-server.browser.production.min.js:78:98)
    at Zc (/home/jay/Desktop/prompt/node_modules/react-dom/cjs/react-dom-server.browser.production.min.js:71:145)
    at Z (/home/jay/Desktop/prompt/node_modules/react-dom/cjs/react-dom-server.browser.production.min.js:76:89)

Error occurred prerendering page "/category/sub-categories/couple-special/promptDetails/romantic-indian-couple-portrait-text-variant". Read more: https://nextjs.org/docs/messages/prerender-error

ReferenceError: imageUrl is not defined
    at D (/home/jay/Desktop/prompt/.next/server/pages/category/sub-categories/[subcategories]/promptDetails/[promptSlug].js:1:4355)
    at /home/jay/Desktop/prompt/.next/server/pages/category/sub-categories/[subcategories]/promptDetails/[promptSlug].js:1:4820
    at Wc (/home/jay/Desktop/prompt/node_modules/react-dom/cjs/react-dom-server.browser.production.min.js:68:44)
    at Zc (/home/jay/Desktop/prompt/node_modules/react-dom/cjs/react-dom-server.browser.production.min.js:70:253)
    at Z (/home/jay/Desktop/prompt/node_modules/react-dom/cjs/react-dom-server.browser.production.min.js:76:89)
    at Zc (/home/jay/Desktop/prompt/node_modules/react-dom/cjs/react-dom-server.browser.production.min.js:70:481)
    at Z (/home/jay/Desktop/prompt/node_modules/react-dom/cjs/react-dom-server.browser.production.min.js:76:89)
    at $c (/home/jay/Desktop/prompt/node_modules/react-dom/cjs/react-dom-server.browser.production.min.js:78:98)
    at Zc (/home/jay/Desktop/prompt/node_modules/react-dom/cjs/react-dom-server.browser.production.min.js:71:145)
    at Z (/home/jay/Desktop/prompt/node_modules/react-dom/cjs/react-dom-server.browser.production.min.js:76:89)
ReferenceError: imageUrl is not defined
    at D (/home/jay/Desktop/prompt/.next/server/pages/category/sub-categories/[subcategories]/promptDetails/[promptSlug].js:1:4355)
    at /home/jay/Desktop/prompt/.next/server/pages/category/sub-categories/[subcategories]/promptDetails/[promptSlug].js:1:4820
    at Wc (/home/jay/Desktop/prompt/node_modules/react-dom/cjs/react-dom-server.browser.production.min.js:68:44)
    at Zc (/home/jay/Desktop/prompt/node_modules/react-dom/cjs/react-dom-server.browser.production.min.js:70:253)
    at Z (/home/jay/Desktop/prompt/node_modules/react-dom/cjs/react-dom-server.browser.production.min.js:76:89)
    at Zc (/home/jay/Desktop/prompt/node_modules/react-dom/cjs/react-dom-server.browser.production.min.js:70:481)
    at Z (/home/jay/Desktop/prompt/node_modules/react-dom/cjs/react-dom-server.browser.production.min.js:76:89)
    at $c (/home/jay/Desktop/prompt/node_modules/react-dom/cjs/react-dom-server.browser.production.min.js:78:98)
    at Zc (/home/jay/Desktop/prompt/node_modules/react-dom/cjs/react-dom-server.browser.production.min.js:71:145)
    at Z (/home/jay/Desktop/prompt/node_modules/react-dom/cjs/react-dom-server.browser.production.min.js:76:89)

Error occurred prerendering page "/category/sub-categories/couple-special/promptDetails/winter-campfire-intimacy". Read more: https://nextjs.org/docs/messages/prerender-error

ReferenceError: imageUrl is not defined
    at D (/home/jay/Desktop/prompt/.next/server/pages/category/sub-categories/[subcategories]/promptDetails/[promptSlug].js:1:4355)
    at /home/jay/Desktop/prompt/.next/server/pages/category/sub-categories/[subcategories]/promptDetails/[promptSlug].js:1:4820
    at Wc (/home/jay/Desktop/prompt/node_modules/react-dom/cjs/react-dom-server.browser.production.min.js:68:44)
    at Zc (/home/jay/Desktop/prompt/node_modules/react-dom/cjs/react-dom-server.browser.production.min.js:70:253)
    at Z (/home/jay/Desktop/prompt/node_modules/react-dom/cjs/react-dom-server.browser.production.min.js:76:89)
    at Zc (/home/jay/Desktop/prompt/node_modules/react-dom/cjs/react-dom-server.browser.production.min.js:70:481)
    at Z (/home/jay/Desktop/prompt/node_modules/react-dom/cjs/react-dom-server.browser.production.min.js:76:89)
    at $c (/home/jay/Desktop/prompt/node_modules/react-dom/cjs/react-dom-server.browser.production.min.js:78:98)
    at Zc (/home/jay/Desktop/prompt/node_modules/react-dom/cjs/react-dom-server.browser.production.min.js:71:145)
    at Z (/home/jay/Desktop/prompt/node_modules/react-dom/cjs/react-dom-server.browser.production.min.js:76:89)
[Build Time] Fetching all categories from: https://admin.promptland.in/api/get_categories
[Build Time] Successfully fetched 29 categories
[Build Time] Fetching prompts for category 17, subcategory none
[Build Time] Successfully fetched 15 prompts for category 17
[Build Time] Fetching all categories from: https://admin.promptland.in/api/get_categories
[Build Time] Successfully fetched 29 categories
[Build Time] Fetching prompts for category 17, subcategory none
[Build Time] Successfully fetched 15 prompts for category 17
[Build Time] Fetching all categories from: https://admin.promptland.in/api/get_categories
[Build Time] Successfully fetched 29 categories
[Build Time] Fetching prompts for category 17, subcategory none
[Build Time] Successfully fetched 15 prompts for category 17
ReferenceError: imageUrl is not defined
    at D (/home/jay/Desktop/prompt/.next/server/pages/category/sub-categories/[subcategories]/promptDetails/[promptSlug].js:1:4355)
    at /home/jay/Desktop/prompt/.next/server/pages/category/sub-categories/[subcategories]/promptDetails/[promptSlug].js:1:4820
    at Wc (/home/jay/Desktop/prompt/node_modules/react-dom/cjs/react-dom-server.browser.production.min.js:68:44)
    at Zc (/home/jay/Desktop/prompt/node_modules/react-dom/cjs/react-dom-server.browser.production.min.js:70:253)
    at Z (/home/jay/Desktop/prompt/node_modules/react-dom/cjs/react-dom-server.browser.production.min.js:76:89)
    at Zc (/home/jay/Desktop/prompt/node_modules/react-dom/cjs/react-dom-server.browser.production.min.js:70:481)
    at Z (/home/jay/Desktop/prompt/node_modules/react-dom/cjs/react-dom-server.browser.production.min.js:76:89)
    at $c (/home/jay/Desktop/prompt/node_modules/react-dom/cjs/react-dom-server.browser.production.min.js:78:98)
    at Zc (/home/jay/Desktop/prompt/node_modules/react-dom/cjs/react-dom-server.browser.production.min.js:71:145)
    at Z (/home/jay/Desktop/prompt/node_modules/react-dom/cjs/react-dom-server.browser.production.min.js:76:89)

Error occurred prerendering page "/category/sub-categories/sarees-timeless-drape/promptDetails/plum-to-deep-wine-cinematic-portrait". Read more: https://nextjs.org/docs/messages/prerender-error

ReferenceError: imageUrl is not defined
    at D (/home/jay/Desktop/prompt/.next/server/pages/category/sub-categories/[subcategories]/promptDetails/[promptSlug].js:1:4355)
    at /home/jay/Desktop/prompt/.next/server/pages/category/sub-categories/[subcategories]/promptDetails/[promptSlug].js:1:4820
    at Wc (/home/jay/Desktop/prompt/node_modules/react-dom/cjs/react-dom-server.browser.production.min.js:68:44)
    at Zc (/home/jay/Desktop/prompt/node_modules/react-dom/cjs/react-dom-server.browser.production.min.js:70:253)
    at Z (/home/jay/Desktop/prompt/node_modules/react-dom/cjs/react-dom-server.browser.production.min.js:76:89)
    at Zc (/home/jay/Desktop/prompt/node_modules/react-dom/cjs/react-dom-server.browser.production.min.js:70:481)
    at Z (/home/jay/Desktop/prompt/node_modules/react-dom/cjs/react-dom-server.browser.production.min.js:76:89)
    at $c (/home/jay/Desktop/prompt/node_modules/react-dom/cjs/react-dom-server.browser.production.min.js:78:98)
    at Zc (/home/jay/Desktop/prompt/node_modules/react-dom/cjs/react-dom-server.browser.production.min.js:71:145)
    at Z (/home/jay/Desktop/prompt/node_modules/react-dom/cjs/react-dom-server.browser.production.min.js:76:89)
ReferenceError: imageUrl is not defined
    at D (/home/jay/Desktop/prompt/.next/server/pages/category/sub-categories/[subcategories]/promptDetails/[promptSlug].js:1:4355)
    at /home/jay/Desktop/prompt/.next/server/pages/category/sub-categories/[subcategories]/promptDetails/[promptSlug].js:1:4820
    at Wc (/home/jay/Desktop/prompt/node_modules/react-dom/cjs/react-dom-server.browser.production.min.js:68:44)
    at Zc (/home/jay/Desktop/prompt/node_modules/react-dom/cjs/react-dom-server.browser.production.min.js:70:253)
    at Z (/home/jay/Desktop/prompt/node_modules/react-dom/cjs/react-dom-server.browser.production.min.js:76:89)
    at Zc (/home/jay/Desktop/prompt/node_modules/react-dom/cjs/react-dom-server.browser.production.min.js:70:481)
    at Z (/home/jay/Desktop/prompt/node_modules/react-dom/cjs/react-dom-server.browser.production.min.js:76:89)
    at $c (/home/jay/Desktop/prompt/node_modules/react-dom/cjs/react-dom-server.browser.production.min.js:78:98)
    at Zc (/home/jay/Desktop/prompt/node_modules/react-dom/cjs/react-dom-server.browser.production.min.js:71:145)
    at Z (/home/jay/Desktop/prompt/node_modules/react-dom/cjs/react-dom-server.browser.production.min.js:76:89)

Error occurred prerendering page "/category/sub-categories/sarees-timeless-drape/promptDetails/royal-gold-saree-double-exposure-portrait". Read more: https://nextjs.org/docs/messages/prerender-error

ReferenceError: imageUrl is not defined
    at D (/home/jay/Desktop/prompt/.next/server/pages/category/sub-categories/[subcategories]/promptDetails/[promptSlug].js:1:4355)
    at /home/jay/Desktop/prompt/.next/server/pages/category/sub-categories/[subcategories]/promptDetails/[promptSlug].js:1:4820
    at Wc (/home/jay/Desktop/prompt/node_modules/react-dom/cjs/react-dom-server.browser.production.min.js:68:44)
    at Zc (/home/jay/Desktop/prompt/node_modules/react-dom/cjs/react-dom-server.browser.production.min.js:70:253)
    at Z (/home/jay/Desktop/prompt/node_modules/react-dom/cjs/react-dom-server.browser.production.min.js:76:89)
    at Zc (/home/jay/Desktop/prompt/node_modules/react-dom/cjs/react-dom-server.browser.production.min.js:70:481)
    at Z (/home/jay/Desktop/prompt/node_modules/react-dom/cjs/react-dom-server.browser.production.min.js:76:89)
    at $c (/home/jay/Desktop/prompt/node_modules/react-dom/cjs/react-dom-server.browser.production.min.js:78:98)
    at Zc (/home/jay/Desktop/prompt/node_modules/react-dom/cjs/react-dom-server.browser.production.min.js:71:145)
    at Z (/home/jay/Desktop/prompt/node_modules/react-dom/cjs/react-dom-server.browser.production.min.js:76:89)
ReferenceError: imageUrl is not defined
    at D (/home/jay/Desktop/prompt/.next/server/pages/category/sub-categories/[subcategories]/promptDetails/[promptSlug].js:1:4355)
    at /home/jay/Desktop/prompt/.next/server/pages/category/sub-categories/[subcategories]/promptDetails/[promptSlug].js:1:4820
    at Wc (/home/jay/Desktop/prompt/node_modules/react-dom/cjs/react-dom-server.browser.production.min.js:68:44)
    at Zc (/home/jay/Desktop/prompt/node_modules/react-dom/cjs/react-dom-server.browser.production.min.js:70:253)
    at Z (/home/jay/Desktop/prompt/node_modules/react-dom/cjs/react-dom-server.browser.production.min.js:76:89)
    at Zc (/home/jay/Desktop/prompt/node_modules/react-dom/cjs/react-dom-server.browser.production.min.js:70:481)
    at Z (/home/jay/Desktop/prompt/node_modules/react-dom/cjs/react-dom-server.browser.production.min.js:76:89)
    at $c (/home/jay/Desktop/prompt/node_modules/react-dom/cjs/react-dom-server.browser.production.min.js:78:98)
    at Zc (/home/jay/Desktop/prompt/node_modules/react-dom/cjs/react-dom-server.browser.production.min.js:71:145)
    at Z (/home/jay/Desktop/prompt/node_modules/react-dom/cjs/react-dom-server.browser.production.min.js:76:89)

Error occurred prerendering page "/category/sub-categories/sarees-timeless-drape/promptDetails/garden-swing-outdoor-portrait". Read more: https://nextjs.org/docs/messages/prerender-error

ReferenceError: imageUrl is not defined
    at D (/home/jay/Desktop/prompt/.next/server/pages/category/sub-categories/[subcategories]/promptDetails/[promptSlug].js:1:4355)
    at /home/jay/Desktop/prompt/.next/server/pages/category/sub-categories/[subcategories]/promptDetails/[promptSlug].js:1:4820
    at Wc (/home/jay/Desktop/prompt/node_modules/react-dom/cjs/react-dom-server.browser.production.min.js:68:44)
    at Zc (/home/jay/Desktop/prompt/node_modules/react-dom/cjs/react-dom-server.browser.production.min.js:70:253)
    at Z (/home/jay/Desktop/prompt/node_modules/react-dom/cjs/react-dom-server.browser.production.min.js:76:89)
    at Zc (/home/jay/Desktop/prompt/node_modules/react-dom/cjs/react-dom-server.browser.production.min.js:70:481)
    at Z (/home/jay/Desktop/prompt/node_modules/react-dom/cjs/react-dom-server.browser.production.min.js:76:89)
    at $c (/home/jay/Desktop/prompt/node_modules/react-dom/cjs/react-dom-server.browser.production.min.js:78:98)
    at Zc (/home/jay/Desktop/prompt/node_modules/react-dom/cjs/react-dom-server.browser.production.min.js:71:145)
    at Z (/home/jay/Desktop/prompt/node_modules/react-dom/cjs/react-dom-server.browser.production.min.js:76:89)
ReferenceError: imageUrl is not defined
    at D (/home/jay/Desktop/prompt/.next/server/pages/category/sub-categories/[subcategories]/promptDetails/[promptSlug].js:1:4355)
    at /home/jay/Desktop/prompt/.next/server/pages/category/sub-categories/[subcategories]/promptDetails/[promptSlug].js:1:4820
    at Wc (/home/jay/Desktop/prompt/node_modules/react-dom/cjs/react-dom-server.browser.production.min.js:68:44)
    at Zc (/home/jay/Desktop/prompt/node_modules/react-dom/cjs/react-dom-server.browser.production.min.js:70:253)
    at Z (/home/jay/Desktop/prompt/node_modules/react-dom/cjs/react-dom-server.browser.production.min.js:76:89)
    at Zc (/home/jay/Desktop/prompt/node_modules/react-dom/cjs/react-dom-server.browser.production.min.js:70:481)
    at Z (/home/jay/Desktop/prompt/node_modules/react-dom/cjs/react-dom-server.browser.production.min.js:76:89)
    at $c (/home/jay/Desktop/prompt/node_modules/react-dom/cjs/react-dom-server.browser.production.min.js:78:98)
    at Zc (/home/jay/Desktop/prompt/node_modules/react-dom/cjs/react-dom-server.browser.production.min.js:71:145)
    at Z (/home/jay/Desktop/prompt/node_modules/react-dom/cjs/react-dom-server.browser.production.min.js:76:89)

Error occurred prerendering page "/category/sub-categories/couple-special/promptDetails/prem-mandir-couple-selfie-portrait". Read more: https://nextjs.org/docs/messages/prerender-error

ReferenceError: imageUrl is not defined
    at D (/home/jay/Desktop/prompt/.next/server/pages/category/sub-categories/[subcategories]/promptDetails/[promptSlug].js:1:4355)
    at /home/jay/Desktop/prompt/.next/server/pages/category/sub-categories/[subcategories]/promptDetails/[promptSlug].js:1:4820
    at Wc (/home/jay/Desktop/prompt/node_modules/react-dom/cjs/react-dom-server.browser.production.min.js:68:44)
    at Zc (/home/jay/Desktop/prompt/node_modules/react-dom/cjs/react-dom-server.browser.production.min.js:70:253)
    at Z (/home/jay/Desktop/prompt/node_modules/react-dom/cjs/react-dom-server.browser.production.min.js:76:89)
    at Zc (/home/jay/Desktop/prompt/node_modules/react-dom/cjs/react-dom-server.browser.production.min.js:70:481)
    at Z (/home/jay/Desktop/prompt/node_modules/react-dom/cjs/react-dom-server.browser.production.min.js:76:89)
    at $c (/home/jay/Desktop/prompt/node_modules/react-dom/cjs/react-dom-server.browser.production.min.js:78:98)
    at Zc (/home/jay/Desktop/prompt/node_modules/react-dom/cjs/react-dom-server.browser.production.min.js:71:145)
    at Z (/home/jay/Desktop/prompt/node_modules/react-dom/cjs/react-dom-server.browser.production.min.js:76:89)
[Build Time] Fetching all categories from: https://admin.promptland.in/api/get_categories
[Build Time] Successfully fetched 29 categories
[Build Time] Fetching prompts for category 17, subcategory none
[Build Time] Successfully fetched 15 prompts for category 17
[Build Time] Fetching all categories from: https://admin.promptland.in/api/get_categories
[Build Time] Successfully fetched 29 categories
[Build Time] Fetching prompts for category 17, subcategory none
[Build Time] Successfully fetched 15 prompts for category 17
[Build Time] Fetching all categories from: https://admin.promptland.in/api/get_categories
[Build Time] Successfully fetched 29 categories
[Build Time] Fetching prompts for category 17, subcategory none
[Build Time] Successfully fetched 15 prompts for category 17
[Build Time] Fetching all categories from: https://admin.promptland.in/api/get_categories
[Build Time] Successfully fetched 29 categories
[Build Time] Fetching prompts for category 17, subcategory none
[Build Time] Successfully fetched 15 prompts for category 17
[Build Time] Fetching all categories from: https://admin.promptland.in/api/get_categories
[Build Time] Successfully fetched 29 categories
[Build Time] Fetching prompts for category 17, subcategory none
[Build Time] Successfully fetched 15 prompts for category 17
[Build Time] Fetching all categories from: https://admin.promptland.in/api/get_categories
[Build Time] Successfully fetched 29 categories
[Build Time] Fetching prompts for category 17, subcategory none
[Build Time] Successfully fetched 15 prompts for category 17
[Build Time] Fetching all categories from: https://admin.promptland.in/api/get_categories
[Build Time] Successfully fetched 29 categories
[Build Time] Fetching prompts for category 17, subcategory none
[Build Time] Successfully fetched 15 prompts for category 17
ReferenceError: imageUrl is not defined
    at D (/home/jay/Desktop/prompt/.next/server/pages/category/sub-categories/[subcategories]/promptDetails/[promptSlug].js:1:4355)
    at /home/jay/Desktop/prompt/.next/server/pages/category/sub-categories/[subcategories]/promptDetails/[promptSlug].js:1:4820
    at Wc (/home/jay/Desktop/prompt/node_modules/react-dom/cjs/react-dom-server.browser.production.min.js:68:44)
    at Zc (/home/jay/Desktop/prompt/node_modules/react-dom/cjs/react-dom-server.browser.production.min.js:70:253)
    at Z (/home/jay/Desktop/prompt/node_modules/react-dom/cjs/react-dom-server.browser.production.min.js:76:89)
    at Zc (/home/jay/Desktop/prompt/node_modules/react-dom/cjs/react-dom-server.browser.production.min.js:70:481)
    at Z (/home/jay/Desktop/prompt/node_modules/react-dom/cjs/react-dom-server.browser.production.min.js:76:89)
    at $c (/home/jay/Desktop/prompt/node_modules/react-dom/cjs/react-dom-server.browser.production.min.js:78:98)
    at Zc (/home/jay/Desktop/prompt/node_modules/react-dom/cjs/react-dom-server.browser.production.min.js:71:145)
    at Z (/home/jay/Desktop/prompt/node_modules/react-dom/cjs/react-dom-server.browser.production.min.js:76:89)

Error occurred prerendering page "/category/sub-categories/sarees-timeless-drape/promptDetails/royal-blue-saree-double-exposure-portrait". Read more: https://nextjs.org/docs/messages/prerender-error

ReferenceError: imageUrl is not defined
    at D (/home/jay/Desktop/prompt/.next/server/pages/category/sub-categories/[subcategories]/promptDetails/[promptSlug].js:1:4355)
    at /home/jay/Desktop/prompt/.next/server/pages/category/sub-categories/[subcategories]/promptDetails/[promptSlug].js:1:4820
    at Wc (/home/jay/Desktop/prompt/node_modules/react-dom/cjs/react-dom-server.browser.production.min.js:68:44)
    at Zc (/home/jay/Desktop/prompt/node_modules/react-dom/cjs/react-dom-server.browser.production.min.js:70:253)
    at Z (/home/jay/Desktop/prompt/node_modules/react-dom/cjs/react-dom-server.browser.production.min.js:76:89)
    at Zc (/home/jay/Desktop/prompt/node_modules/react-dom/cjs/react-dom-server.browser.production.min.js:70:481)
    at Z (/home/jay/Desktop/prompt/node_modules/react-dom/cjs/react-dom-server.browser.production.min.js:76:89)
    at $c (/home/jay/Desktop/prompt/node_modules/react-dom/cjs/react-dom-server.browser.production.min.js:78:98)
    at Zc (/home/jay/Desktop/prompt/node_modules/react-dom/cjs/react-dom-server.browser.production.min.js:71:145)
    at Z (/home/jay/Desktop/prompt/node_modules/react-dom/cjs/react-dom-server.browser.production.min.js:76:89)
ReferenceError: imageUrl is not defined
    at D (/home/jay/Desktop/prompt/.next/server/pages/category/sub-categories/[subcategories]/promptDetails/[promptSlug].js:1:4355)
    at /home/jay/Desktop/prompt/.next/server/pages/category/sub-categories/[subcategories]/promptDetails/[promptSlug].js:1:4820
    at Wc (/home/jay/Desktop/prompt/node_modules/react-dom/cjs/react-dom-server.browser.production.min.js:68:44)
    at Zc (/home/jay/Desktop/prompt/node_modules/react-dom/cjs/react-dom-server.browser.production.min.js:70:253)
    at Z (/home/jay/Desktop/prompt/node_modules/react-dom/cjs/react-dom-server.browser.production.min.js:76:89)
    at Zc (/home/jay/Desktop/prompt/node_modules/react-dom/cjs/react-dom-server.browser.production.min.js:70:481)
    at Z (/home/jay/Desktop/prompt/node_modules/react-dom/cjs/react-dom-server.browser.production.min.js:76:89)
    at $c (/home/jay/Desktop/prompt/node_modules/react-dom/cjs/react-dom-server.browser.production.min.js:78:98)
    at Zc (/home/jay/Desktop/prompt/node_modules/react-dom/cjs/react-dom-server.browser.production.min.js:71:145)
    at Z (/home/jay/Desktop/prompt/node_modules/react-dom/cjs/react-dom-server.browser.production.min.js:76:89)

Error occurred prerendering page "/category/sub-categories/sarees-timeless-drape/promptDetails/indian-jewelry-market-scene". Read more: https://nextjs.org/docs/messages/prerender-error

ReferenceError: imageUrl is not defined
    at D (/home/jay/Desktop/prompt/.next/server/pages/category/sub-categories/[subcategories]/promptDetails/[promptSlug].js:1:4355)
    at /home/jay/Desktop/prompt/.next/server/pages/category/sub-categories/[subcategories]/promptDetails/[promptSlug].js:1:4820
    at Wc (/home/jay/Desktop/prompt/node_modules/react-dom/cjs/react-dom-server.browser.production.min.js:68:44)
    at Zc (/home/jay/Desktop/prompt/node_modules/react-dom/cjs/react-dom-server.browser.production.min.js:70:253)
    at Z (/home/jay/Desktop/prompt/node_modules/react-dom/cjs/react-dom-server.browser.production.min.js:76:89)
    at Zc (/home/jay/Desktop/prompt/node_modules/react-dom/cjs/react-dom-server.browser.production.min.js:70:481)
    at Z (/home/jay/Desktop/prompt/node_modules/react-dom/cjs/react-dom-server.browser.production.min.js:76:89)
    at $c (/home/jay/Desktop/prompt/node_modules/react-dom/cjs/react-dom-server.browser.production.min.js:78:98)
    at Zc (/home/jay/Desktop/prompt/node_modules/react-dom/cjs/react-dom-server.browser.production.min.js:71:145)
    at Z (/home/jay/Desktop/prompt/node_modules/react-dom/cjs/react-dom-server.browser.production.min.js:76:89)
ReferenceError: imageUrl is not defined
    at D (/home/jay/Desktop/prompt/.next/server/pages/category/sub-categories/[subcategories]/promptDetails/[promptSlug].js:1:4355)
    at /home/jay/Desktop/prompt/.next/server/pages/category/sub-categories/[subcategories]/promptDetails/[promptSlug].js:1:4820
    at Wc (/home/jay/Desktop/prompt/node_modules/react-dom/cjs/react-dom-server.browser.production.min.js:68:44)
    at Zc (/home/jay/Desktop/prompt/node_modules/react-dom/cjs/react-dom-server.browser.production.min.js:70:253)
    at Z (/home/jay/Desktop/prompt/node_modules/react-dom/cjs/react-dom-server.browser.production.min.js:76:89)
    at Zc (/home/jay/Desktop/prompt/node_modules/react-dom/cjs/react-dom-server.browser.production.min.js:70:481)
    at Z (/home/jay/Desktop/prompt/node_modules/react-dom/cjs/react-dom-server.browser.production.min.js:76:89)
    at $c (/home/jay/Desktop/prompt/node_modules/react-dom/cjs/react-dom-server.browser.production.min.js:78:98)
    at Zc (/home/jay/Desktop/prompt/node_modules/react-dom/cjs/react-dom-server.browser.production.min.js:71:145)
    at Z (/home/jay/Desktop/prompt/node_modules/react-dom/cjs/react-dom-server.browser.production.min.js:76:89)

Error occurred prerendering page "/category/sub-categories/sarees-timeless-drape/promptDetails/royal-pink-saree-double-exposure-portrait". Read more: https://nextjs.org/docs/messages/prerender-error

ReferenceError: imageUrl is not defined
    at D (/home/jay/Desktop/prompt/.next/server/pages/category/sub-categories/[subcategories]/promptDetails/[promptSlug].js:1:4355)
    at /home/jay/Desktop/prompt/.next/server/pages/category/sub-categories/[subcategories]/promptDetails/[promptSlug].js:1:4820
    at Wc (/home/jay/Desktop/prompt/node_modules/react-dom/cjs/react-dom-server.browser.production.min.js:68:44)
    at Zc (/home/jay/Desktop/prompt/node_modules/react-dom/cjs/react-dom-server.browser.production.min.js:70:253)
    at Z (/home/jay/Desktop/prompt/node_modules/react-dom/cjs/react-dom-server.browser.production.min.js:76:89)
    at Zc (/home/jay/Desktop/prompt/node_modules/react-dom/cjs/react-dom-server.browser.production.min.js:70:481)
    at Z (/home/jay/Desktop/prompt/node_modules/react-dom/cjs/react-dom-server.browser.production.min.js:76:89)
    at $c (/home/jay/Desktop/prompt/node_modules/react-dom/cjs/react-dom-server.browser.production.min.js:78:98)
    at Zc (/home/jay/Desktop/prompt/node_modules/react-dom/cjs/react-dom-server.browser.production.min.js:71:145)
    at Z (/home/jay/Desktop/prompt/node_modules/react-dom/cjs/react-dom-server.browser.production.min.js:76:89)
ReferenceError: imageUrl is not defined
    at D (/home/jay/Desktop/prompt/.next/server/pages/category/sub-categories/[subcategories]/promptDetails/[promptSlug].js:1:4355)
    at /home/jay/Desktop/prompt/.next/server/pages/category/sub-categories/[subcategories]/promptDetails/[promptSlug].js:1:4820
    at Wc (/home/jay/Desktop/prompt/node_modules/react-dom/cjs/react-dom-server.browser.production.min.js:68:44)
    at Zc (/home/jay/Desktop/prompt/node_modules/react-dom/cjs/react-dom-server.browser.production.min.js:70:253)
    at Z (/home/jay/Desktop/prompt/node_modules/react-dom/cjs/react-dom-server.browser.production.min.js:76:89)
    at Zc (/home/jay/Desktop/prompt/node_modules/react-dom/cjs/react-dom-server.browser.production.min.js:70:481)
    at Z (/home/jay/Desktop/prompt/node_modules/react-dom/cjs/react-dom-server.browser.production.min.js:76:89)
    at $c (/home/jay/Desktop/prompt/node_modules/react-dom/cjs/react-dom-server.browser.production.min.js:78:98)
    at Zc (/home/jay/Desktop/prompt/node_modules/react-dom/cjs/react-dom-server.browser.production.min.js:71:145)
    at Z (/home/jay/Desktop/prompt/node_modules/react-dom/cjs/react-dom-server.browser.production.min.js:76:89)

Error occurred prerendering page "/category/sub-categories/sarees-timeless-drape/promptDetails/lotus-pond-serenity-portrait". Read more: https://nextjs.org/docs/messages/prerender-error

ReferenceError: imageUrl is not defined
    at D (/home/jay/Desktop/prompt/.next/server/pages/category/sub-categories/[subcategories]/promptDetails/[promptSlug].js:1:4355)
    at /home/jay/Desktop/prompt/.next/server/pages/category/sub-categories/[subcategories]/promptDetails/[promptSlug].js:1:4820
    at Wc (/home/jay/Desktop/prompt/node_modules/react-dom/cjs/react-dom-server.browser.production.min.js:68:44)
    at Zc (/home/jay/Desktop/prompt/node_modules/react-dom/cjs/react-dom-server.browser.production.min.js:70:253)
    at Z (/home/jay/Desktop/prompt/node_modules/react-dom/cjs/react-dom-server.browser.production.min.js:76:89)
    at Zc (/home/jay/Desktop/prompt/node_modules/react-dom/cjs/react-dom-server.browser.production.min.js:70:481)
    at Z (/home/jay/Desktop/prompt/node_modules/react-dom/cjs/react-dom-server.browser.production.min.js:76:89)
    at $c (/home/jay/Desktop/prompt/node_modules/react-dom/cjs/react-dom-server.browser.production.min.js:78:98)
    at Zc (/home/jay/Desktop/prompt/node_modules/react-dom/cjs/react-dom-server.browser.production.min.js:71:145)
    at Z (/home/jay/Desktop/prompt/node_modules/react-dom/cjs/react-dom-server.browser.production.min.js:76:89)
ReferenceError: imageUrl is not defined
    at D (/home/jay/Desktop/prompt/.next/server/pages/category/sub-categories/[subcategories]/promptDetails/[promptSlug].js:1:4355)
    at /home/jay/Desktop/prompt/.next/server/pages/category/sub-categories/[subcategories]/promptDetails/[promptSlug].js:1:4820
    at Wc (/home/jay/Desktop/prompt/node_modules/react-dom/cjs/react-dom-server.browser.production.min.js:68:44)
    at Zc (/home/jay/Desktop/prompt/node_modules/react-dom/cjs/react-dom-server.browser.production.min.js:70:253)
    at Z (/home/jay/Desktop/prompt/node_modules/react-dom/cjs/react-dom-server.browser.production.min.js:76:89)
    at Zc (/home/jay/Desktop/prompt/node_modules/react-dom/cjs/react-dom-server.browser.production.min.js:70:481)
    at Z (/home/jay/Desktop/prompt/node_modules/react-dom/cjs/react-dom-server.browser.production.min.js:76:89)
    at $c (/home/jay/Desktop/prompt/node_modules/react-dom/cjs/react-dom-server.browser.production.min.js:78:98)
    at Zc (/home/jay/Desktop/prompt/node_modules/react-dom/cjs/react-dom-server.browser.production.min.js:71:145)
    at Z (/home/jay/Desktop/prompt/node_modules/react-dom/cjs/react-dom-server.browser.production.min.js:76:89)

Error occurred prerendering page "/category/sub-categories/sarees-timeless-drape/promptDetails/hyper-realistic-saree-portrait-at-dusk". Read more: https://nextjs.org/docs/messages/prerender-error

ReferenceError: imageUrl is not defined
    at D (/home/jay/Desktop/prompt/.next/server/pages/category/sub-categories/[subcategories]/promptDetails/[promptSlug].js:1:4355)
    at /home/jay/Desktop/prompt/.next/server/pages/category/sub-categories/[subcategories]/promptDetails/[promptSlug].js:1:4820
    at Wc (/home/jay/Desktop/prompt/node_modules/react-dom/cjs/react-dom-server.browser.production.min.js:68:44)
    at Zc (/home/jay/Desktop/prompt/node_modules/react-dom/cjs/react-dom-server.browser.production.min.js:70:253)
    at Z (/home/jay/Desktop/prompt/node_modules/react-dom/cjs/react-dom-server.browser.production.min.js:76:89)
    at Zc (/home/jay/Desktop/prompt/node_modules/react-dom/cjs/react-dom-server.browser.production.min.js:70:481)
    at Z (/home/jay/Desktop/prompt/node_modules/react-dom/cjs/react-dom-server.browser.production.min.js:76:89)
    at $c (/home/jay/Desktop/prompt/node_modules/react-dom/cjs/react-dom-server.browser.production.min.js:78:98)
    at Zc (/home/jay/Desktop/prompt/node_modules/react-dom/cjs/react-dom-server.browser.production.min.js:71:145)
    at Z (/home/jay/Desktop/prompt/node_modules/react-dom/cjs/react-dom-server.browser.production.min.js:76:89)
ReferenceError: imageUrl is not defined
    at D (/home/jay/Desktop/prompt/.next/server/pages/category/sub-categories/[subcategories]/promptDetails/[promptSlug].js:1:4355)
    at /home/jay/Desktop/prompt/.next/server/pages/category/sub-categories/[subcategories]/promptDetails/[promptSlug].js:1:4820
    at Wc (/home/jay/Desktop/prompt/node_modules/react-dom/cjs/react-dom-server.browser.production.min.js:68:44)
    at Zc (/home/jay/Desktop/prompt/node_modules/react-dom/cjs/react-dom-server.browser.production.min.js:70:253)
    at Z (/home/jay/Desktop/prompt/node_modules/react-dom/cjs/react-dom-server.browser.production.min.js:76:89)
    at Zc (/home/jay/Desktop/prompt/node_modules/react-dom/cjs/react-dom-server.browser.production.min.js:70:481)
    at Z (/home/jay/Desktop/prompt/node_modules/react-dom/cjs/react-dom-server.browser.production.min.js:76:89)
    at $c (/home/jay/Desktop/prompt/node_modules/react-dom/cjs/react-dom-server.browser.production.min.js:78:98)
    at Zc (/home/jay/Desktop/prompt/node_modules/react-dom/cjs/react-dom-server.browser.production.min.js:71:145)
    at Z (/home/jay/Desktop/prompt/node_modules/react-dom/cjs/react-dom-server.browser.production.min.js:76:89)

Error occurred prerendering page "/category/sub-categories/sarees-timeless-drape/promptDetails/high-angle-thoughtful-portrait". Read more: https://nextjs.org/docs/messages/prerender-error

ReferenceError: imageUrl is not defined
    at D (/home/jay/Desktop/prompt/.next/server/pages/category/sub-categories/[subcategories]/promptDetails/[promptSlug].js:1:4355)
    at /home/jay/Desktop/prompt/.next/server/pages/category/sub-categories/[subcategories]/promptDetails/[promptSlug].js:1:4820
    at Wc (/home/jay/Desktop/prompt/node_modules/react-dom/cjs/react-dom-server.browser.production.min.js:68:44)
    at Zc (/home/jay/Desktop/prompt/node_modules/react-dom/cjs/react-dom-server.browser.production.min.js:70:253)
    at Z (/home/jay/Desktop/prompt/node_modules/react-dom/cjs/react-dom-server.browser.production.min.js:76:89)
    at Zc (/home/jay/Desktop/prompt/node_modules/react-dom/cjs/react-dom-server.browser.production.min.js:70:481)
    at Z (/home/jay/Desktop/prompt/node_modules/react-dom/cjs/react-dom-server.browser.production.min.js:76:89)
    at $c (/home/jay/Desktop/prompt/node_modules/react-dom/cjs/react-dom-server.browser.production.min.js:78:98)
    at Zc (/home/jay/Desktop/prompt/node_modules/react-dom/cjs/react-dom-server.browser.production.min.js:71:145)
    at Z (/home/jay/Desktop/prompt/node_modules/react-dom/cjs/react-dom-server.browser.production.min.js:76:89)
ReferenceError: imageUrl is not defined
    at D (/home/jay/Desktop/prompt/.next/server/pages/category/sub-categories/[subcategories]/promptDetails/[promptSlug].js:1:4355)
    at /home/jay/Desktop/prompt/.next/server/pages/category/sub-categories/[subcategories]/promptDetails/[promptSlug].js:1:4820
    at Wc (/home/jay/Desktop/prompt/node_modules/react-dom/cjs/react-dom-server.browser.production.min.js:68:44)
    at Zc (/home/jay/Desktop/prompt/node_modules/react-dom/cjs/react-dom-server.browser.production.min.js:70:253)
    at Z (/home/jay/Desktop/prompt/node_modules/react-dom/cjs/react-dom-server.browser.production.min.js:76:89)
    at Zc (/home/jay/Desktop/prompt/node_modules/react-dom/cjs/react-dom-server.browser.production.min.js:70:481)
    at Z (/home/jay/Desktop/prompt/node_modules/react-dom/cjs/react-dom-server.browser.production.min.js:76:89)
    at $c (/home/jay/Desktop/prompt/node_modules/react-dom/cjs/react-dom-server.browser.production.min.js:78:98)
    at Zc (/home/jay/Desktop/prompt/node_modules/react-dom/cjs/react-dom-server.browser.production.min.js:71:145)
    at Z (/home/jay/Desktop/prompt/node_modules/react-dom/cjs/react-dom-server.browser.production.min.js:76:89)

Error occurred prerendering page "/category/sub-categories/sarees-timeless-drape/promptDetails/close-up-red-saree-portrait". Read more: https://nextjs.org/docs/messages/prerender-error

ReferenceError: imageUrl is not defined
    at D (/home/jay/Desktop/prompt/.next/server/pages/category/sub-categories/[subcategories]/promptDetails/[promptSlug].js:1:4355)
    at /home/jay/Desktop/prompt/.next/server/pages/category/sub-categories/[subcategories]/promptDetails/[promptSlug].js:1:4820
    at Wc (/home/jay/Desktop/prompt/node_modules/react-dom/cjs/react-dom-server.browser.production.min.js:68:44)
    at Zc (/home/jay/Desktop/prompt/node_modules/react-dom/cjs/react-dom-server.browser.production.min.js:70:253)
    at Z (/home/jay/Desktop/prompt/node_modules/react-dom/cjs/react-dom-server.browser.production.min.js:76:89)
    at Zc (/home/jay/Desktop/prompt/node_modules/react-dom/cjs/react-dom-server.browser.production.min.js:70:481)
    at Z (/home/jay/Desktop/prompt/node_modules/react-dom/cjs/react-dom-server.browser.production.min.js:76:89)
    at $c (/home/jay/Desktop/prompt/node_modules/react-dom/cjs/react-dom-server.browser.production.min.js:78:98)
    at Zc (/home/jay/Desktop/prompt/node_modules/react-dom/cjs/react-dom-server.browser.production.min.js:71:145)
    at Z (/home/jay/Desktop/prompt/node_modules/react-dom/cjs/react-dom-server.browser.production.min.js:76:89)
[Build Time] Fetching all categories from: https://admin.promptland.in/api/get_categories
[Build Time] Successfully fetched 29 categories
[Build Time] Fetching prompts for category 17, subcategory none
[Build Time] Fetching all categories from: https://admin.promptland.in/api/get_categories
[Build Time] Successfully fetched 29 categories
[Build Time] Fetching prompts for category 17, subcategory none
[Build Time] Fetching all categories from: https://admin.promptland.in/api/get_categories
[Build Time] Successfully fetched 29 categories
[Build Time] Fetching prompts for category 17, subcategory none
[Build Time] Fetching all categories from: https://admin.promptland.in/api/get_categories
[Build Time] Successfully fetched 29 categories
[Build Time] Fetching prompts for category 17, subcategory none
[Build Time] Fetching all categories from: https://admin.promptland.in/api/get_categories
[Build Time] Successfully fetched 29 categories
[Build Time] Fetching prompts for category 17, subcategory none
[Build Time] Successfully fetched 15 prompts for category 17
[Build Time] Fetching all categories from: https://admin.promptland.in/api/get_categories
[Build Time] Successfully fetched 29 categories
[Build Time] Fetching prompts for category 18, subcategory none
[Build Time] Successfully fetched 5 prompts for category 18
[Build Time] Fetching all categories from: https://admin.promptland.in/api/get_categories
[Build Time] Successfully fetched 29 categories
[Build Time] Fetching prompts for category 18, subcategory none
[Build Time] Successfully fetched 5 prompts for category 18
[Build Time] Successfully fetched 15 prompts for category 17
ReferenceError: imageUrl is not defined
    at D (/home/jay/Desktop/prompt/.next/server/pages/category/sub-categories/[subcategories]/promptDetails/[promptSlug].js:1:4355)
    at /home/jay/Desktop/prompt/.next/server/pages/category/sub-categories/[subcategories]/promptDetails/[promptSlug].js:1:4820
    at Wc (/home/jay/Desktop/prompt/node_modules/react-dom/cjs/react-dom-server.browser.production.min.js:68:44)
    at Zc (/home/jay/Desktop/prompt/node_modules/react-dom/cjs/react-dom-server.browser.production.min.js:70:253)
    at Z (/home/jay/Desktop/prompt/node_modules/react-dom/cjs/react-dom-server.browser.production.min.js:76:89)
    at Zc (/home/jay/Desktop/prompt/node_modules/react-dom/cjs/react-dom-server.browser.production.min.js:70:481)
    at Z (/home/jay/Desktop/prompt/node_modules/react-dom/cjs/react-dom-server.browser.production.min.js:76:89)
    at $c (/home/jay/Desktop/prompt/node_modules/react-dom/cjs/react-dom-server.browser.production.min.js:78:98)
    at Zc (/home/jay/Desktop/prompt/node_modules/react-dom/cjs/react-dom-server.browser.production.min.js:71:145)
    at Z (/home/jay/Desktop/prompt/node_modules/react-dom/cjs/react-dom-server.browser.production.min.js:76:89)

Error occurred prerendering page "/category/sub-categories/sarees-timeless-drape/promptDetails/reflective-surface-portrait". Read more: https://nextjs.org/docs/messages/prerender-error

ReferenceError: imageUrl is not defined
    at D (/home/jay/Desktop/prompt/.next/server/pages/category/sub-categories/[subcategories]/promptDetails/[promptSlug].js:1:4355)
    at /home/jay/Desktop/prompt/.next/server/pages/category/sub-categories/[subcategories]/promptDetails/[promptSlug].js:1:4820
    at Wc (/home/jay/Desktop/prompt/node_modules/react-dom/cjs/react-dom-server.browser.production.min.js:68:44)
    at Zc (/home/jay/Desktop/prompt/node_modules/react-dom/cjs/react-dom-server.browser.production.min.js:70:253)
    at Z (/home/jay/Desktop/prompt/node_modules/react-dom/cjs/react-dom-server.browser.production.min.js:76:89)
    at Zc (/home/jay/Desktop/prompt/node_modules/react-dom/cjs/react-dom-server.browser.production.min.js:70:481)
    at Z (/home/jay/Desktop/prompt/node_modules/react-dom/cjs/react-dom-server.browser.production.min.js:76:89)
    at $c (/home/jay/Desktop/prompt/node_modules/react-dom/cjs/react-dom-server.browser.production.min.js:78:98)
    at Zc (/home/jay/Desktop/prompt/node_modules/react-dom/cjs/react-dom-server.browser.production.min.js:71:145)
    at Z (/home/jay/Desktop/prompt/node_modules/react-dom/cjs/react-dom-server.browser.production.min.js:76:89)
[Build Time] Successfully fetched 15 prompts for category 17
ReferenceError: imageUrl is not defined
    at D (/home/jay/Desktop/prompt/.next/server/pages/category/sub-categories/[subcategories]/promptDetails/[promptSlug].js:1:4355)
    at /home/jay/Desktop/prompt/.next/server/pages/category/sub-categories/[subcategories]/promptDetails/[promptSlug].js:1:4820
    at Wc (/home/jay/Desktop/prompt/node_modules/react-dom/cjs/react-dom-server.browser.production.min.js:68:44)
    at Zc (/home/jay/Desktop/prompt/node_modules/react-dom/cjs/react-dom-server.browser.production.min.js:70:253)
    at Z (/home/jay/Desktop/prompt/node_modules/react-dom/cjs/react-dom-server.browser.production.min.js:76:89)
    at Zc (/home/jay/Desktop/prompt/node_modules/react-dom/cjs/react-dom-server.browser.production.min.js:70:481)
    at Z (/home/jay/Desktop/prompt/node_modules/react-dom/cjs/react-dom-server.browser.production.min.js:76:89)
    at $c (/home/jay/Desktop/prompt/node_modules/react-dom/cjs/react-dom-server.browser.production.min.js:78:98)
    at Zc (/home/jay/Desktop/prompt/node_modules/react-dom/cjs/react-dom-server.browser.production.min.js:71:145)
    at Z (/home/jay/Desktop/prompt/node_modules/react-dom/cjs/react-dom-server.browser.production.min.js:76:89)

Error occurred prerendering page "/category/sub-categories/the-celebrity-spark/promptDetails/birthday-celebration-with-virat-kohli-pose-2". Read more: https://nextjs.org/docs/messages/prerender-error

ReferenceError: imageUrl is not defined
    at D (/home/jay/Desktop/prompt/.next/server/pages/category/sub-categories/[subcategories]/promptDetails/[promptSlug].js:1:4355)
    at /home/jay/Desktop/prompt/.next/server/pages/category/sub-categories/[subcategories]/promptDetails/[promptSlug].js:1:4820
    at Wc (/home/jay/Desktop/prompt/node_modules/react-dom/cjs/react-dom-server.browser.production.min.js:68:44)
    at Zc (/home/jay/Desktop/prompt/node_modules/react-dom/cjs/react-dom-server.browser.production.min.js:70:253)
    at Z (/home/jay/Desktop/prompt/node_modules/react-dom/cjs/react-dom-server.browser.production.min.js:76:89)
    at Zc (/home/jay/Desktop/prompt/node_modules/react-dom/cjs/react-dom-server.browser.production.min.js:70:481)
    at Z (/home/jay/Desktop/prompt/node_modules/react-dom/cjs/react-dom-server.browser.production.min.js:76:89)
    at $c (/home/jay/Desktop/prompt/node_modules/react-dom/cjs/react-dom-server.browser.production.min.js:78:98)
    at Zc (/home/jay/Desktop/prompt/node_modules/react-dom/cjs/react-dom-server.browser.production.min.js:71:145)
    at Z (/home/jay/Desktop/prompt/node_modules/react-dom/cjs/react-dom-server.browser.production.min.js:76:89)
ReferenceError: imageUrl is not defined
    at D (/home/jay/Desktop/prompt/.next/server/pages/category/sub-categories/[subcategories]/promptDetails/[promptSlug].js:1:4355)
    at /home/jay/Desktop/prompt/.next/server/pages/category/sub-categories/[subcategories]/promptDetails/[promptSlug].js:1:4820
    at Wc (/home/jay/Desktop/prompt/node_modules/react-dom/cjs/react-dom-server.browser.production.min.js:68:44)
    at Zc (/home/jay/Desktop/prompt/node_modules/react-dom/cjs/react-dom-server.browser.production.min.js:70:253)
    at Z (/home/jay/Desktop/prompt/node_modules/react-dom/cjs/react-dom-server.browser.production.min.js:76:89)
    at Zc (/home/jay/Desktop/prompt/node_modules/react-dom/cjs/react-dom-server.browser.production.min.js:70:481)
    at Z (/home/jay/Desktop/prompt/node_modules/react-dom/cjs/react-dom-server.browser.production.min.js:76:89)
    at $c (/home/jay/Desktop/prompt/node_modules/react-dom/cjs/react-dom-server.browser.production.min.js:78:98)
    at Zc (/home/jay/Desktop/prompt/node_modules/react-dom/cjs/react-dom-server.browser.production.min.js:71:145)
    at Z (/home/jay/Desktop/prompt/node_modules/react-dom/cjs/react-dom-server.browser.production.min.js:76:89)

Error occurred prerendering page "/category/sub-categories/sarees-timeless-drape/promptDetails/red-hibiscus-saree-portrait". Read more: https://nextjs.org/docs/messages/prerender-error

ReferenceError: imageUrl is not defined
    at D (/home/jay/Desktop/prompt/.next/server/pages/category/sub-categories/[subcategories]/promptDetails/[promptSlug].js:1:4355)
    at /home/jay/Desktop/prompt/.next/server/pages/category/sub-categories/[subcategories]/promptDetails/[promptSlug].js:1:4820
    at Wc (/home/jay/Desktop/prompt/node_modules/react-dom/cjs/react-dom-server.browser.production.min.js:68:44)
    at Zc (/home/jay/Desktop/prompt/node_modules/react-dom/cjs/react-dom-server.browser.production.min.js:70:253)
    at Z (/home/jay/Desktop/prompt/node_modules/react-dom/cjs/react-dom-server.browser.production.min.js:76:89)
    at Zc (/home/jay/Desktop/prompt/node_modules/react-dom/cjs/react-dom-server.browser.production.min.js:70:481)
    at Z (/home/jay/Desktop/prompt/node_modules/react-dom/cjs/react-dom-server.browser.production.min.js:76:89)
    at $c (/home/jay/Desktop/prompt/node_modules/react-dom/cjs/react-dom-server.browser.production.min.js:78:98)
    at Zc (/home/jay/Desktop/prompt/node_modules/react-dom/cjs/react-dom-server.browser.production.min.js:71:145)
    at Z (/home/jay/Desktop/prompt/node_modules/react-dom/cjs/react-dom-server.browser.production.min.js:76:89)
ReferenceError: imageUrl is not defined
    at D (/home/jay/Desktop/prompt/.next/server/pages/category/sub-categories/[subcategories]/promptDetails/[promptSlug].js:1:4355)
    at /home/jay/Desktop/prompt/.next/server/pages/category/sub-categories/[subcategories]/promptDetails/[promptSlug].js:1:4820
    at Wc (/home/jay/Desktop/prompt/node_modules/react-dom/cjs/react-dom-server.browser.production.min.js:68:44)
    at Zc (/home/jay/Desktop/prompt/node_modules/react-dom/cjs/react-dom-server.browser.production.min.js:70:253)
    at Z (/home/jay/Desktop/prompt/node_modules/react-dom/cjs/react-dom-server.browser.production.min.js:76:89)
    at Zc (/home/jay/Desktop/prompt/node_modules/react-dom/cjs/react-dom-server.browser.production.min.js:70:481)
    at Z (/home/jay/Desktop/prompt/node_modules/react-dom/cjs/react-dom-server.browser.production.min.js:76:89)
    at $c (/home/jay/Desktop/prompt/node_modules/react-dom/cjs/react-dom-server.browser.production.min.js:78:98)
    at Zc (/home/jay/Desktop/prompt/node_modules/react-dom/cjs/react-dom-server.browser.production.min.js:71:145)
    at Z (/home/jay/Desktop/prompt/node_modules/react-dom/cjs/react-dom-server.browser.production.min.js:76:89)

Error occurred prerendering page "/category/sub-categories/sarees-timeless-drape/promptDetails/park-scene-gradient-saree-portrait". Read more: https://nextjs.org/docs/messages/prerender-error

ReferenceError: imageUrl is not defined
    at D (/home/jay/Desktop/prompt/.next/server/pages/category/sub-categories/[subcategories]/promptDetails/[promptSlug].js:1:4355)
    at /home/jay/Desktop/prompt/.next/server/pages/category/sub-categories/[subcategories]/promptDetails/[promptSlug].js:1:4820
    at Wc (/home/jay/Desktop/prompt/node_modules/react-dom/cjs/react-dom-server.browser.production.min.js:68:44)
    at Zc (/home/jay/Desktop/prompt/node_modules/react-dom/cjs/react-dom-server.browser.production.min.js:70:253)
    at Z (/home/jay/Desktop/prompt/node_modules/react-dom/cjs/react-dom-server.browser.production.min.js:76:89)
    at Zc (/home/jay/Desktop/prompt/node_modules/react-dom/cjs/react-dom-server.browser.production.min.js:70:481)
    at Z (/home/jay/Desktop/prompt/node_modules/react-dom/cjs/react-dom-server.browser.production.min.js:76:89)
    at $c (/home/jay/Desktop/prompt/node_modules/react-dom/cjs/react-dom-server.browser.production.min.js:78:98)
    at Zc (/home/jay/Desktop/prompt/node_modules/react-dom/cjs/react-dom-server.browser.production.min.js:71:145)
    at Z (/home/jay/Desktop/prompt/node_modules/react-dom/cjs/react-dom-server.browser.production.min.js:76:89)
ReferenceError: imageUrl is not defined
    at D (/home/jay/Desktop/prompt/.next/server/pages/category/sub-categories/[subcategories]/promptDetails/[promptSlug].js:1:4355)
    at /home/jay/Desktop/prompt/.next/server/pages/category/sub-categories/[subcategories]/promptDetails/[promptSlug].js:1:4820
    at Wc (/home/jay/Desktop/prompt/node_modules/react-dom/cjs/react-dom-server.browser.production.min.js:68:44)
    at Zc (/home/jay/Desktop/prompt/node_modules/react-dom/cjs/react-dom-server.browser.production.min.js:70:253)
    at Z (/home/jay/Desktop/prompt/node_modules/react-dom/cjs/react-dom-server.browser.production.min.js:76:89)
    at Zc (/home/jay/Desktop/prompt/node_modules/react-dom/cjs/react-dom-server.browser.production.min.js:70:481)
    at Z (/home/jay/Desktop/prompt/node_modules/react-dom/cjs/react-dom-server.browser.production.min.js:76:89)
    at $c (/home/jay/Desktop/prompt/node_modules/react-dom/cjs/react-dom-server.browser.production.min.js:78:98)
    at Zc (/home/jay/Desktop/prompt/node_modules/react-dom/cjs/react-dom-server.browser.production.min.js:71:145)
    at Z (/home/jay/Desktop/prompt/node_modules/react-dom/cjs/react-dom-server.browser.production.min.js:76:89)

Error occurred prerendering page "/category/sub-categories/the-celebrity-spark/promptDetails/birthday-celebration-with-virat-kohli-pose-1". Read more: https://nextjs.org/docs/messages/prerender-error

ReferenceError: imageUrl is not defined
    at D (/home/jay/Desktop/prompt/.next/server/pages/category/sub-categories/[subcategories]/promptDetails/[promptSlug].js:1:4355)
    at /home/jay/Desktop/prompt/.next/server/pages/category/sub-categories/[subcategories]/promptDetails/[promptSlug].js:1:4820
    at Wc (/home/jay/Desktop/prompt/node_modules/react-dom/cjs/react-dom-server.browser.production.min.js:68:44)
    at Zc (/home/jay/Desktop/prompt/node_modules/react-dom/cjs/react-dom-server.browser.production.min.js:70:253)
    at Z (/home/jay/Desktop/prompt/node_modules/react-dom/cjs/react-dom-server.browser.production.min.js:76:89)
    at Zc (/home/jay/Desktop/prompt/node_modules/react-dom/cjs/react-dom-server.browser.production.min.js:70:481)
    at Z (/home/jay/Desktop/prompt/node_modules/react-dom/cjs/react-dom-server.browser.production.min.js:76:89)
    at $c (/home/jay/Desktop/prompt/node_modules/react-dom/cjs/react-dom-server.browser.production.min.js:78:98)
    at Zc (/home/jay/Desktop/prompt/node_modules/react-dom/cjs/react-dom-server.browser.production.min.js:71:145)
    at Z (/home/jay/Desktop/prompt/node_modules/react-dom/cjs/react-dom-server.browser.production.min.js:76:89)
[Build Time] Successfully fetched 15 prompts for category 17
ReferenceError: imageUrl is not defined
    at D (/home/jay/Desktop/prompt/.next/server/pages/category/sub-categories/[subcategories]/promptDetails/[promptSlug].js:1:4355)
    at /home/jay/Desktop/prompt/.next/server/pages/category/sub-categories/[subcategories]/promptDetails/[promptSlug].js:1:4820
    at Wc (/home/jay/Desktop/prompt/node_modules/react-dom/cjs/react-dom-server.browser.production.min.js:68:44)
    at Zc (/home/jay/Desktop/prompt/node_modules/react-dom/cjs/react-dom-server.browser.production.min.js:70:253)
    at Z (/home/jay/Desktop/prompt/node_modules/react-dom/cjs/react-dom-server.browser.production.min.js:76:89)
    at Zc (/home/jay/Desktop/prompt/node_modules/react-dom/cjs/react-dom-server.browser.production.min.js:70:481)
    at Z (/home/jay/Desktop/prompt/node_modules/react-dom/cjs/react-dom-server.browser.production.min.js:76:89)
    at $c (/home/jay/Desktop/prompt/node_modules/react-dom/cjs/react-dom-server.browser.production.min.js:78:98)
    at Zc (/home/jay/Desktop/prompt/node_modules/react-dom/cjs/react-dom-server.browser.production.min.js:71:145)
    at Z (/home/jay/Desktop/prompt/node_modules/react-dom/cjs/react-dom-server.browser.production.min.js:76:89)

Error occurred prerendering page "/category/sub-categories/sarees-timeless-drape/promptDetails/full-body-reading-pose". Read more: https://nextjs.org/docs/messages/prerender-error

ReferenceError: imageUrl is not defined
    at D (/home/jay/Desktop/prompt/.next/server/pages/category/sub-categories/[subcategories]/promptDetails/[promptSlug].js:1:4355)
    at /home/jay/Desktop/prompt/.next/server/pages/category/sub-categories/[subcategories]/promptDetails/[promptSlug].js:1:4820
    at Wc (/home/jay/Desktop/prompt/node_modules/react-dom/cjs/react-dom-server.browser.production.min.js:68:44)
    at Zc (/home/jay/Desktop/prompt/node_modules/react-dom/cjs/react-dom-server.browser.production.min.js:70:253)
    at Z (/home/jay/Desktop/prompt/node_modules/react-dom/cjs/react-dom-server.browser.production.min.js:76:89)
    at Zc (/home/jay/Desktop/prompt/node_modules/react-dom/cjs/react-dom-server.browser.production.min.js:70:481)
    at Z (/home/jay/Desktop/prompt/node_modules/react-dom/cjs/react-dom-server.browser.production.min.js:76:89)
    at $c (/home/jay/Desktop/prompt/node_modules/react-dom/cjs/react-dom-server.browser.production.min.js:78:98)
    at Zc (/home/jay/Desktop/prompt/node_modules/react-dom/cjs/react-dom-server.browser.production.min.js:71:145)
    at Z (/home/jay/Desktop/prompt/node_modules/react-dom/cjs/react-dom-server.browser.production.min.js:76:89)
[Build Time] Successfully fetched 15 prompts for category 17
ReferenceError: imageUrl is not defined
    at D (/home/jay/Desktop/prompt/.next/server/pages/category/sub-categories/[subcategories]/promptDetails/[promptSlug].js:1:4355)
    at /home/jay/Desktop/prompt/.next/server/pages/category/sub-categories/[subcategories]/promptDetails/[promptSlug].js:1:4820
    at Wc (/home/jay/Desktop/prompt/node_modules/react-dom/cjs/react-dom-server.browser.production.min.js:68:44)
    at Zc (/home/jay/Desktop/prompt/node_modules/react-dom/cjs/react-dom-server.browser.production.min.js:70:253)
    at Z (/home/jay/Desktop/prompt/node_modules/react-dom/cjs/react-dom-server.browser.production.min.js:76:89)
    at Zc (/home/jay/Desktop/prompt/node_modules/react-dom/cjs/react-dom-server.browser.production.min.js:70:481)
    at Z (/home/jay/Desktop/prompt/node_modules/react-dom/cjs/react-dom-server.browser.production.min.js:76:89)
    at $c (/home/jay/Desktop/prompt/node_modules/react-dom/cjs/react-dom-server.browser.production.min.js:78:98)
    at Zc (/home/jay/Desktop/prompt/node_modules/react-dom/cjs/react-dom-server.browser.production.min.js:71:145)
    at Z (/home/jay/Desktop/prompt/node_modules/react-dom/cjs/react-dom-server.browser.production.min.js:76:89)

Error occurred prerendering page "/category/sub-categories/sarees-timeless-drape/promptDetails/green-dress-ocean-portrait". Read more: https://nextjs.org/docs/messages/prerender-error

ReferenceError: imageUrl is not defined
    at D (/home/jay/Desktop/prompt/.next/server/pages/category/sub-categories/[subcategories]/promptDetails/[promptSlug].js:1:4355)
    at /home/jay/Desktop/prompt/.next/server/pages/category/sub-categories/[subcategories]/promptDetails/[promptSlug].js:1:4820
    at Wc (/home/jay/Desktop/prompt/node_modules/react-dom/cjs/react-dom-server.browser.production.min.js:68:44)
    at Zc (/home/jay/Desktop/prompt/node_modules/react-dom/cjs/react-dom-server.browser.production.min.js:70:253)
    at Z (/home/jay/Desktop/prompt/node_modules/react-dom/cjs/react-dom-server.browser.production.min.js:76:89)
    at Zc (/home/jay/Desktop/prompt/node_modules/react-dom/cjs/react-dom-server.browser.production.min.js:70:481)
    at Z (/home/jay/Desktop/prompt/node_modules/react-dom/cjs/react-dom-server.browser.production.min.js:76:89)
    at $c (/home/jay/Desktop/prompt/node_modules/react-dom/cjs/react-dom-server.browser.production.min.js:78:98)
    at Zc (/home/jay/Desktop/prompt/node_modules/react-dom/cjs/react-dom-server.browser.production.min.js:71:145)
    at Z (/home/jay/Desktop/prompt/node_modules/react-dom/cjs/react-dom-server.browser.production.min.js:76:89)
[Build Time] Fetching all categories from: https://admin.promptland.in/api/get_categories
[Build Time] Successfully fetched 29 categories
[Build Time] Fetching prompts for category 18, subcategory none
[Build Time] Fetching all categories from: https://admin.promptland.in/api/get_categories
[Build Time] Successfully fetched 29 categories
[Build Time] Fetching prompts for category 18, subcategory none
[Build Time] Successfully fetched 5 prompts for category 18
[Build Time] Fetching all categories from: https://admin.promptland.in/api/get_categories
[Build Time] Successfully fetched 29 categories
[Build Time] Fetching prompts for category 18, subcategory none
[Build Time] Fetching all categories from: https://admin.promptland.in/api/get_categories
[Build Time] Successfully fetched 29 categories
[Build Time] Fetching prompts for category 19, subcategory none
[Build Time] Fetching all categories from: https://admin.promptland.in/api/get_categories
[Build Time] Successfully fetched 29 categories
[Build Time] Fetching prompts for category 19, subcategory none
[Build Time] Successfully fetched 3 prompts for category 19
[Build Time] Fetching all categories from: https://admin.promptland.in/api/get_categories
[Build Time] Successfully fetched 29 categories
[Build Time] Fetching prompts for category 19, subcategory none
[Build Time] Successfully fetched 3 prompts for category 19
[Build Time] Fetching all categories from: https://admin.promptland.in/api/get_categories
[Build Time] Successfully fetched 29 categories
[Build Time] Fetching prompts for category 22, subcategory none
[Build Time] Successfully fetched 6 prompts for category 22
ReferenceError: imageUrl is not defined
    at D (/home/jay/Desktop/prompt/.next/server/pages/category/sub-categories/[subcategories]/promptDetails/[promptSlug].js:1:4355)
    at /home/jay/Desktop/prompt/.next/server/pages/category/sub-categories/[subcategories]/promptDetails/[promptSlug].js:1:4820
    at Wc (/home/jay/Desktop/prompt/node_modules/react-dom/cjs/react-dom-server.browser.production.min.js:68:44)
    at Zc (/home/jay/Desktop/prompt/node_modules/react-dom/cjs/react-dom-server.browser.production.min.js:70:253)
    at Z (/home/jay/Desktop/prompt/node_modules/react-dom/cjs/react-dom-server.browser.production.min.js:76:89)
    at Zc (/home/jay/Desktop/prompt/node_modules/react-dom/cjs/react-dom-server.browser.production.min.js:70:481)
    at Z (/home/jay/Desktop/prompt/node_modules/react-dom/cjs/react-dom-server.browser.production.min.js:76:89)
    at $c (/home/jay/Desktop/prompt/node_modules/react-dom/cjs/react-dom-server.browser.production.min.js:78:98)
    at Zc (/home/jay/Desktop/prompt/node_modules/react-dom/cjs/react-dom-server.browser.production.min.js:71:145)
    at Z (/home/jay/Desktop/prompt/node_modules/react-dom/cjs/react-dom-server.browser.production.min.js:76:89)

Error occurred prerendering page "/category/sub-categories/the-celebrity-spark/promptDetails/birthday-cake-moment-with-virat-kohli". Read more: https://nextjs.org/docs/messages/prerender-error

ReferenceError: imageUrl is not defined
    at D (/home/jay/Desktop/prompt/.next/server/pages/category/sub-categories/[subcategories]/promptDetails/[promptSlug].js:1:4355)
    at /home/jay/Desktop/prompt/.next/server/pages/category/sub-categories/[subcategories]/promptDetails/[promptSlug].js:1:4820
    at Wc (/home/jay/Desktop/prompt/node_modules/react-dom/cjs/react-dom-server.browser.production.min.js:68:44)
    at Zc (/home/jay/Desktop/prompt/node_modules/react-dom/cjs/react-dom-server.browser.production.min.js:70:253)
    at Z (/home/jay/Desktop/prompt/node_modules/react-dom/cjs/react-dom-server.browser.production.min.js:76:89)
    at Zc (/home/jay/Desktop/prompt/node_modules/react-dom/cjs/react-dom-server.browser.production.min.js:70:481)
    at Z (/home/jay/Desktop/prompt/node_modules/react-dom/cjs/react-dom-server.browser.production.min.js:76:89)
    at $c (/home/jay/Desktop/prompt/node_modules/react-dom/cjs/react-dom-server.browser.production.min.js:78:98)
    at Zc (/home/jay/Desktop/prompt/node_modules/react-dom/cjs/react-dom-server.browser.production.min.js:71:145)
    at Z (/home/jay/Desktop/prompt/node_modules/react-dom/cjs/react-dom-server.browser.production.min.js:76:89)
[Build Time] Successfully fetched 5 prompts for category 18
ReferenceError: imageUrl is not defined
    at D (/home/jay/Desktop/prompt/.next/server/pages/category/sub-categories/[subcategories]/promptDetails/[promptSlug].js:1:4355)
    at /home/jay/Desktop/prompt/.next/server/pages/category/sub-categories/[subcategories]/promptDetails/[promptSlug].js:1:4820
    at Wc (/home/jay/Desktop/prompt/node_modules/react-dom/cjs/react-dom-server.browser.production.min.js:68:44)
    at Zc (/home/jay/Desktop/prompt/node_modules/react-dom/cjs/react-dom-server.browser.production.min.js:70:253)
    at Z (/home/jay/Desktop/prompt/node_modules/react-dom/cjs/react-dom-server.browser.production.min.js:76:89)
    at Zc (/home/jay/Desktop/prompt/node_modules/react-dom/cjs/react-dom-server.browser.production.min.js:70:481)
    at Z (/home/jay/Desktop/prompt/node_modules/react-dom/cjs/react-dom-server.browser.production.min.js:76:89)
    at $c (/home/jay/Desktop/prompt/node_modules/react-dom/cjs/react-dom-server.browser.production.min.js:78:98)
    at Zc (/home/jay/Desktop/prompt/node_modules/react-dom/cjs/react-dom-server.browser.production.min.js:71:145)
    at Z (/home/jay/Desktop/prompt/node_modules/react-dom/cjs/react-dom-server.browser.production.min.js:76:89)

Error occurred prerendering page "/category/sub-categories/wedding/promptDetails/indian-bride-haldi-sitting-portrait". Read more: https://nextjs.org/docs/messages/prerender-error

ReferenceError: imageUrl is not defined
    at D (/home/jay/Desktop/prompt/.next/server/pages/category/sub-categories/[subcategories]/promptDetails/[promptSlug].js:1:4355)
    at /home/jay/Desktop/prompt/.next/server/pages/category/sub-categories/[subcategories]/promptDetails/[promptSlug].js:1:4820
    at Wc (/home/jay/Desktop/prompt/node_modules/react-dom/cjs/react-dom-server.browser.production.min.js:68:44)
    at Zc (/home/jay/Desktop/prompt/node_modules/react-dom/cjs/react-dom-server.browser.production.min.js:70:253)
    at Z (/home/jay/Desktop/prompt/node_modules/react-dom/cjs/react-dom-server.browser.production.min.js:76:89)
    at Zc (/home/jay/Desktop/prompt/node_modules/react-dom/cjs/react-dom-server.browser.production.min.js:70:481)
    at Z (/home/jay/Desktop/prompt/node_modules/react-dom/cjs/react-dom-server.browser.production.min.js:76:89)
    at $c (/home/jay/Desktop/prompt/node_modules/react-dom/cjs/react-dom-server.browser.production.min.js:78:98)
    at Zc (/home/jay/Desktop/prompt/node_modules/react-dom/cjs/react-dom-server.browser.production.min.js:71:145)
    at Z (/home/jay/Desktop/prompt/node_modules/react-dom/cjs/react-dom-server.browser.production.min.js:76:89)
[Build Time] Successfully fetched 3 prompts for category 19
ReferenceError: imageUrl is not defined
    at D (/home/jay/Desktop/prompt/.next/server/pages/category/sub-categories/[subcategories]/promptDetails/[promptSlug].js:1:4355)
    at /home/jay/Desktop/prompt/.next/server/pages/category/sub-categories/[subcategories]/promptDetails/[promptSlug].js:1:4820
    at Wc (/home/jay/Desktop/prompt/node_modules/react-dom/cjs/react-dom-server.browser.production.min.js:68:44)
    at Zc (/home/jay/Desktop/prompt/node_modules/react-dom/cjs/react-dom-server.browser.production.min.js:70:253)
    at Z (/home/jay/Desktop/prompt/node_modules/react-dom/cjs/react-dom-server.browser.production.min.js:76:89)
    at Zc (/home/jay/Desktop/prompt/node_modules/react-dom/cjs/react-dom-server.browser.production.min.js:70:481)
    at Z (/home/jay/Desktop/prompt/node_modules/react-dom/cjs/react-dom-server.browser.production.min.js:76:89)
    at $c (/home/jay/Desktop/prompt/node_modules/react-dom/cjs/react-dom-server.browser.production.min.js:78:98)
    at Zc (/home/jay/Desktop/prompt/node_modules/react-dom/cjs/react-dom-server.browser.production.min.js:71:145)
    at Z (/home/jay/Desktop/prompt/node_modules/react-dom/cjs/react-dom-server.browser.production.min.js:76:89)

Error occurred prerendering page "/category/sub-categories/the-celebrity-spark/promptDetails/birthday-celebration-with-virat-kohli-pose-3". Read more: https://nextjs.org/docs/messages/prerender-error

ReferenceError: imageUrl is not defined
    at D (/home/jay/Desktop/prompt/.next/server/pages/category/sub-categories/[subcategories]/promptDetails/[promptSlug].js:1:4355)
    at /home/jay/Desktop/prompt/.next/server/pages/category/sub-categories/[subcategories]/promptDetails/[promptSlug].js:1:4820
    at Wc (/home/jay/Desktop/prompt/node_modules/react-dom/cjs/react-dom-server.browser.production.min.js:68:44)
    at Zc (/home/jay/Desktop/prompt/node_modules/react-dom/cjs/react-dom-server.browser.production.min.js:70:253)
    at Z (/home/jay/Desktop/prompt/node_modules/react-dom/cjs/react-dom-server.browser.production.min.js:76:89)
    at Zc (/home/jay/Desktop/prompt/node_modules/react-dom/cjs/react-dom-server.browser.production.min.js:70:481)
    at Z (/home/jay/Desktop/prompt/node_modules/react-dom/cjs/react-dom-server.browser.production.min.js:76:89)
    at $c (/home/jay/Desktop/prompt/node_modules/react-dom/cjs/react-dom-server.browser.production.min.js:78:98)
    at Zc (/home/jay/Desktop/prompt/node_modules/react-dom/cjs/react-dom-server.browser.production.min.js:71:145)
    at Z (/home/jay/Desktop/prompt/node_modules/react-dom/cjs/react-dom-server.browser.production.min.js:76:89)
ReferenceError: imageUrl is not defined
    at D (/home/jay/Desktop/prompt/.next/server/pages/category/sub-categories/[subcategories]/promptDetails/[promptSlug].js:1:4355)
    at /home/jay/Desktop/prompt/.next/server/pages/category/sub-categories/[subcategories]/promptDetails/[promptSlug].js:1:4820
    at Wc (/home/jay/Desktop/prompt/node_modules/react-dom/cjs/react-dom-server.browser.production.min.js:68:44)
    at Zc (/home/jay/Desktop/prompt/node_modules/react-dom/cjs/react-dom-server.browser.production.min.js:70:253)
    at Z (/home/jay/Desktop/prompt/node_modules/react-dom/cjs/react-dom-server.browser.production.min.js:76:89)
    at Zc (/home/jay/Desktop/prompt/node_modules/react-dom/cjs/react-dom-server.browser.production.min.js:70:481)
    at Z (/home/jay/Desktop/prompt/node_modules/react-dom/cjs/react-dom-server.browser.production.min.js:76:89)
    at $c (/home/jay/Desktop/prompt/node_modules/react-dom/cjs/react-dom-server.browser.production.min.js:78:98)
    at Zc (/home/jay/Desktop/prompt/node_modules/react-dom/cjs/react-dom-server.browser.production.min.js:71:145)
    at Z (/home/jay/Desktop/prompt/node_modules/react-dom/cjs/react-dom-server.browser.production.min.js:76:89)

Error occurred prerendering page "/category/sub-categories/wedding/promptDetails/haldi-ceremony-couple-close-shot". Read more: https://nextjs.org/docs/messages/prerender-error

ReferenceError: imageUrl is not defined
    at D (/home/jay/Desktop/prompt/.next/server/pages/category/sub-categories/[subcategories]/promptDetails/[promptSlug].js:1:4355)
    at /home/jay/Desktop/prompt/.next/server/pages/category/sub-categories/[subcategories]/promptDetails/[promptSlug].js:1:4820
    at Wc (/home/jay/Desktop/prompt/node_modules/react-dom/cjs/react-dom-server.browser.production.min.js:68:44)
    at Zc (/home/jay/Desktop/prompt/node_modules/react-dom/cjs/react-dom-server.browser.production.min.js:70:253)
    at Z (/home/jay/Desktop/prompt/node_modules/react-dom/cjs/react-dom-server.browser.production.min.js:76:89)
    at Zc (/home/jay/Desktop/prompt/node_modules/react-dom/cjs/react-dom-server.browser.production.min.js:70:481)
    at Z (/home/jay/Desktop/prompt/node_modules/react-dom/cjs/react-dom-server.browser.production.min.js:76:89)
    at $c (/home/jay/Desktop/prompt/node_modules/react-dom/cjs/react-dom-server.browser.production.min.js:78:98)
    at Zc (/home/jay/Desktop/prompt/node_modules/react-dom/cjs/react-dom-server.browser.production.min.js:71:145)
    at Z (/home/jay/Desktop/prompt/node_modules/react-dom/cjs/react-dom-server.browser.production.min.js:76:89)
ReferenceError: imageUrl is not defined
    at D (/home/jay/Desktop/prompt/.next/server/pages/category/sub-categories/[subcategories]/promptDetails/[promptSlug].js:1:4355)
    at /home/jay/Desktop/prompt/.next/server/pages/category/sub-categories/[subcategories]/promptDetails/[promptSlug].js:1:4820
    at Wc (/home/jay/Desktop/prompt/node_modules/react-dom/cjs/react-dom-server.browser.production.min.js:68:44)
    at Zc (/home/jay/Desktop/prompt/node_modules/react-dom/cjs/react-dom-server.browser.production.min.js:70:253)
    at Z (/home/jay/Desktop/prompt/node_modules/react-dom/cjs/react-dom-server.browser.production.min.js:76:89)
    at Zc (/home/jay/Desktop/prompt/node_modules/react-dom/cjs/react-dom-server.browser.production.min.js:70:481)
    at Z (/home/jay/Desktop/prompt/node_modules/react-dom/cjs/react-dom-server.browser.production.min.js:76:89)
    at $c (/home/jay/Desktop/prompt/node_modules/react-dom/cjs/react-dom-server.browser.production.min.js:78:98)
    at Zc (/home/jay/Desktop/prompt/node_modules/react-dom/cjs/react-dom-server.browser.production.min.js:71:145)
    at Z (/home/jay/Desktop/prompt/node_modules/react-dom/cjs/react-dom-server.browser.production.min.js:76:89)

Error occurred prerendering page "/category/sub-categories/the-taj-mahal-charm/promptDetails/8k-taj-mahal-golden-hour-portrait". Read more: https://nextjs.org/docs/messages/prerender-error

ReferenceError: imageUrl is not defined
    at D (/home/jay/Desktop/prompt/.next/server/pages/category/sub-categories/[subcategories]/promptDetails/[promptSlug].js:1:4355)
    at /home/jay/Desktop/prompt/.next/server/pages/category/sub-categories/[subcategories]/promptDetails/[promptSlug].js:1:4820
    at Wc (/home/jay/Desktop/prompt/node_modules/react-dom/cjs/react-dom-server.browser.production.min.js:68:44)
    at Zc (/home/jay/Desktop/prompt/node_modules/react-dom/cjs/react-dom-server.browser.production.min.js:70:253)
    at Z (/home/jay/Desktop/prompt/node_modules/react-dom/cjs/react-dom-server.browser.production.min.js:76:89)
    at Zc (/home/jay/Desktop/prompt/node_modules/react-dom/cjs/react-dom-server.browser.production.min.js:70:481)
    at Z (/home/jay/Desktop/prompt/node_modules/react-dom/cjs/react-dom-server.browser.production.min.js:76:89)
    at $c (/home/jay/Desktop/prompt/node_modules/react-dom/cjs/react-dom-server.browser.production.min.js:78:98)
    at Zc (/home/jay/Desktop/prompt/node_modules/react-dom/cjs/react-dom-server.browser.production.min.js:71:145)
    at Z (/home/jay/Desktop/prompt/node_modules/react-dom/cjs/react-dom-server.browser.production.min.js:76:89)
ReferenceError: imageUrl is not defined
    at D (/home/jay/Desktop/prompt/.next/server/pages/category/sub-categories/[subcategories]/promptDetails/[promptSlug].js:1:4355)
    at /home/jay/Desktop/prompt/.next/server/pages/category/sub-categories/[subcategories]/promptDetails/[promptSlug].js:1:4820
    at Wc (/home/jay/Desktop/prompt/node_modules/react-dom/cjs/react-dom-server.browser.production.min.js:68:44)
    at Zc (/home/jay/Desktop/prompt/node_modules/react-dom/cjs/react-dom-server.browser.production.min.js:70:253)
    at Z (/home/jay/Desktop/prompt/node_modules/react-dom/cjs/react-dom-server.browser.production.min.js:76:89)
    at Zc (/home/jay/Desktop/prompt/node_modules/react-dom/cjs/react-dom-server.browser.production.min.js:70:481)
    at Z (/home/jay/Desktop/prompt/node_modules/react-dom/cjs/react-dom-server.browser.production.min.js:76:89)
    at $c (/home/jay/Desktop/prompt/node_modules/react-dom/cjs/react-dom-server.browser.production.min.js:78:98)
    at Zc (/home/jay/Desktop/prompt/node_modules/react-dom/cjs/react-dom-server.browser.production.min.js:71:145)
    at Z (/home/jay/Desktop/prompt/node_modules/react-dom/cjs/react-dom-server.browser.production.min.js:76:89)

Error occurred prerendering page "/category/sub-categories/wedding/promptDetails/indian-bride-standing-haldi-portrait". Read more: https://nextjs.org/docs/messages/prerender-error

ReferenceError: imageUrl is not defined
    at D (/home/jay/Desktop/prompt/.next/server/pages/category/sub-categories/[subcategories]/promptDetails/[promptSlug].js:1:4355)
    at /home/jay/Desktop/prompt/.next/server/pages/category/sub-categories/[subcategories]/promptDetails/[promptSlug].js:1:4820
    at Wc (/home/jay/Desktop/prompt/node_modules/react-dom/cjs/react-dom-server.browser.production.min.js:68:44)
    at Zc (/home/jay/Desktop/prompt/node_modules/react-dom/cjs/react-dom-server.browser.production.min.js:70:253)
    at Z (/home/jay/Desktop/prompt/node_modules/react-dom/cjs/react-dom-server.browser.production.min.js:76:89)
    at Zc (/home/jay/Desktop/prompt/node_modules/react-dom/cjs/react-dom-server.browser.production.min.js:70:481)
    at Z (/home/jay/Desktop/prompt/node_modules/react-dom/cjs/react-dom-server.browser.production.min.js:76:89)
    at $c (/home/jay/Desktop/prompt/node_modules/react-dom/cjs/react-dom-server.browser.production.min.js:78:98)
    at Zc (/home/jay/Desktop/prompt/node_modules/react-dom/cjs/react-dom-server.browser.production.min.js:71:145)
    at Z (/home/jay/Desktop/prompt/node_modules/react-dom/cjs/react-dom-server.browser.production.min.js:76:89)
[Build Time] Successfully fetched 5 prompts for category 18
ReferenceError: imageUrl is not defined
    at D (/home/jay/Desktop/prompt/.next/server/pages/category/sub-categories/[subcategories]/promptDetails/[promptSlug].js:1:4355)
    at /home/jay/Desktop/prompt/.next/server/pages/category/sub-categories/[subcategories]/promptDetails/[promptSlug].js:1:4820
    at Wc (/home/jay/Desktop/prompt/node_modules/react-dom/cjs/react-dom-server.browser.production.min.js:68:44)
    at Zc (/home/jay/Desktop/prompt/node_modules/react-dom/cjs/react-dom-server.browser.production.min.js:70:253)
    at Z (/home/jay/Desktop/prompt/node_modules/react-dom/cjs/react-dom-server.browser.production.min.js:76:89)
    at Zc (/home/jay/Desktop/prompt/node_modules/react-dom/cjs/react-dom-server.browser.production.min.js:70:481)
    at Z (/home/jay/Desktop/prompt/node_modules/react-dom/cjs/react-dom-server.browser.production.min.js:76:89)
    at $c (/home/jay/Desktop/prompt/node_modules/react-dom/cjs/react-dom-server.browser.production.min.js:78:98)
    at Zc (/home/jay/Desktop/prompt/node_modules/react-dom/cjs/react-dom-server.browser.production.min.js:71:145)
    at Z (/home/jay/Desktop/prompt/node_modules/react-dom/cjs/react-dom-server.browser.production.min.js:76:89)

Error occurred prerendering page "/category/sub-categories/the-celebrity-spark/promptDetails/friendly-cake-celebration". Read more: https://nextjs.org/docs/messages/prerender-error

ReferenceError: imageUrl is not defined
    at D (/home/jay/Desktop/prompt/.next/server/pages/category/sub-categories/[subcategories]/promptDetails/[promptSlug].js:1:4355)
    at /home/jay/Desktop/prompt/.next/server/pages/category/sub-categories/[subcategories]/promptDetails/[promptSlug].js:1:4820
    at Wc (/home/jay/Desktop/prompt/node_modules/react-dom/cjs/react-dom-server.browser.production.min.js:68:44)
    at Zc (/home/jay/Desktop/prompt/node_modules/react-dom/cjs/react-dom-server.browser.production.min.js:70:253)
    at Z (/home/jay/Desktop/prompt/node_modules/react-dom/cjs/react-dom-server.browser.production.min.js:76:89)
    at Zc (/home/jay/Desktop/prompt/node_modules/react-dom/cjs/react-dom-server.browser.production.min.js:70:481)
    at Z (/home/jay/Desktop/prompt/node_modules/react-dom/cjs/react-dom-server.browser.production.min.js:76:89)
    at $c (/home/jay/Desktop/prompt/node_modules/react-dom/cjs/react-dom-server.browser.production.min.js:78:98)
    at Zc (/home/jay/Desktop/prompt/node_modules/react-dom/cjs/react-dom-server.browser.production.min.js:71:145)
    at Z (/home/jay/Desktop/prompt/node_modules/react-dom/cjs/react-dom-server.browser.production.min.js:76:89)
[Build Time] Fetching all categories from: https://admin.promptland.in/api/get_categories
[Build Time] Successfully fetched 29 categories
[Build Time] Fetching prompts for category 22, subcategory none
[Build Time] Successfully fetched 6 prompts for category 22
[Build Time] Fetching all categories from: https://admin.promptland.in/api/get_categories
[Build Time] Successfully fetched 29 categories
[Build Time] Fetching prompts for category 22, subcategory none
[Build Time] Successfully fetched 6 prompts for category 22
ReferenceError: imageUrl is not defined
    at D (/home/jay/Desktop/prompt/.next/server/pages/category/sub-categories/[subcategories]/promptDetails/[promptSlug].js:1:4355)
    at /home/jay/Desktop/prompt/.next/server/pages/category/sub-categories/[subcategories]/promptDetails/[promptSlug].js:1:4820
    at Wc (/home/jay/Desktop/prompt/node_modules/react-dom/cjs/react-dom-server.browser.production.min.js:68:44)
    at Zc (/home/jay/Desktop/prompt/node_modules/react-dom/cjs/react-dom-server.browser.production.min.js:70:253)
    at Z (/home/jay/Desktop/prompt/node_modules/react-dom/cjs/react-dom-server.browser.production.min.js:76:89)
    at Zc (/home/jay/Desktop/prompt/node_modules/react-dom/cjs/react-dom-server.browser.production.min.js:70:481)
    at Z (/home/jay/Desktop/prompt/node_modules/react-dom/cjs/react-dom-server.browser.production.min.js:76:89)
    at $c (/home/jay/Desktop/prompt/node_modules/react-dom/cjs/react-dom-server.browser.production.min.js:78:98)
    at Zc (/home/jay/Desktop/prompt/node_modules/react-dom/cjs/react-dom-server.browser.production.min.js:71:145)
    at Z (/home/jay/Desktop/prompt/node_modules/react-dom/cjs/react-dom-server.browser.production.min.js:76:89)

Error occurred prerendering page "/category/sub-categories/the-taj-mahal-charm/promptDetails/side-profile-taj-mahal-portrait". Read more: https://nextjs.org/docs/messages/prerender-error

ReferenceError: imageUrl is not defined
    at D (/home/jay/Desktop/prompt/.next/server/pages/category/sub-categories/[subcategories]/promptDetails/[promptSlug].js:1:4355)
    at /home/jay/Desktop/prompt/.next/server/pages/category/sub-categories/[subcategories]/promptDetails/[promptSlug].js:1:4820
    at Wc (/home/jay/Desktop/prompt/node_modules/react-dom/cjs/react-dom-server.browser.production.min.js:68:44)
    at Zc (/home/jay/Desktop/prompt/node_modules/react-dom/cjs/react-dom-server.browser.production.min.js:70:253)
    at Z (/home/jay/Desktop/prompt/node_modules/react-dom/cjs/react-dom-server.browser.production.min.js:76:89)
    at Zc (/home/jay/Desktop/prompt/node_modules/react-dom/cjs/react-dom-server.browser.production.min.js:70:481)
    at Z (/home/jay/Desktop/prompt/node_modules/react-dom/cjs/react-dom-server.browser.production.min.js:76:89)
    at $c (/home/jay/Desktop/prompt/node_modules/react-dom/cjs/react-dom-server.browser.production.min.js:78:98)
    at Zc (/home/jay/Desktop/prompt/node_modules/react-dom/cjs/react-dom-server.browser.production.min.js:71:145)
    at Z (/home/jay/Desktop/prompt/node_modules/react-dom/cjs/react-dom-server.browser.production.min.js:76:89)
[Build Time] Fetching all categories from: https://admin.promptland.in/api/get_categories
[Build Time] Successfully fetched 29 categories
[Build Time] Fetching prompts for category 22, subcategory none
[Build Time] Successfully fetched 6 prompts for category 22
[Build Time] Fetching all categories from: https://admin.promptland.in/api/get_categories
[Build Time] Successfully fetched 29 categories
[Build Time] Fetching prompts for category 22, subcategory none
[Build Time] Successfully fetched 6 prompts for category 22
[Build Time] Fetching all categories from: https://admin.promptland.in/api/get_categories
[Build Time] Successfully fetched 29 categories
[Build Time] Fetching prompts for category 23, subcategory none
[Build Time] Successfully fetched 4 prompts for category 23
[Build Time] Fetching all categories from: https://admin.promptland.in/api/get_categories
[Build Time] Successfully fetched 29 categories
[Build Time] Fetching prompts for category 23, subcategory none
[Build Time] Successfully fetched 4 prompts for category 23
[Build Time] Fetching all categories from: https://admin.promptland.in/api/get_categories
[Build Time] Successfully fetched 29 categories
[Build Time] Fetching prompts for category 22, subcategory none
[Build Time] Successfully fetched 6 prompts for category 22
ReferenceError: imageUrl is not defined
    at D (/home/jay/Desktop/prompt/.next/server/pages/category/sub-categories/[subcategories]/promptDetails/[promptSlug].js:1:4355)
    at /home/jay/Desktop/prompt/.next/server/pages/category/sub-categories/[subcategories]/promptDetails/[promptSlug].js:1:4820
    at Wc (/home/jay/Desktop/prompt/node_modules/react-dom/cjs/react-dom-server.browser.production.min.js:68:44)
    at Zc (/home/jay/Desktop/prompt/node_modules/react-dom/cjs/react-dom-server.browser.production.min.js:70:253)
    at Z (/home/jay/Desktop/prompt/node_modules/react-dom/cjs/react-dom-server.browser.production.min.js:76:89)
    at Zc (/home/jay/Desktop/prompt/node_modules/react-dom/cjs/react-dom-server.browser.production.min.js:70:481)
    at Z (/home/jay/Desktop/prompt/node_modules/react-dom/cjs/react-dom-server.browser.production.min.js:76:89)
    at $c (/home/jay/Desktop/prompt/node_modules/react-dom/cjs/react-dom-server.browser.production.min.js:78:98)
    at Zc (/home/jay/Desktop/prompt/node_modules/react-dom/cjs/react-dom-server.browser.production.min.js:71:145)
    at Z (/home/jay/Desktop/prompt/node_modules/react-dom/cjs/react-dom-server.browser.production.min.js:76:89)

Error occurred prerendering page "/category/sub-categories/the-taj-mahal-charm/promptDetails/ultra-real-side-profile-compression-look". Read more: https://nextjs.org/docs/messages/prerender-error

ReferenceError: imageUrl is not defined
    at D (/home/jay/Desktop/prompt/.next/server/pages/category/sub-categories/[subcategories]/promptDetails/[promptSlug].js:1:4355)
    at /home/jay/Desktop/prompt/.next/server/pages/category/sub-categories/[subcategories]/promptDetails/[promptSlug].js:1:4820
    at Wc (/home/jay/Desktop/prompt/node_modules/react-dom/cjs/react-dom-server.browser.production.min.js:68:44)
    at Zc (/home/jay/Desktop/prompt/node_modules/react-dom/cjs/react-dom-server.browser.production.min.js:70:253)
    at Z (/home/jay/Desktop/prompt/node_modules/react-dom/cjs/react-dom-server.browser.production.min.js:76:89)
    at Zc (/home/jay/Desktop/prompt/node_modules/react-dom/cjs/react-dom-server.browser.production.min.js:70:481)
    at Z (/home/jay/Desktop/prompt/node_modules/react-dom/cjs/react-dom-server.browser.production.min.js:76:89)
    at $c (/home/jay/Desktop/prompt/node_modules/react-dom/cjs/react-dom-server.browser.production.min.js:78:98)
    at Zc (/home/jay/Desktop/prompt/node_modules/react-dom/cjs/react-dom-server.browser.production.min.js:71:145)
    at Z (/home/jay/Desktop/prompt/node_modules/react-dom/cjs/react-dom-server.browser.production.min.js:76:89)
ReferenceError: imageUrl is not defined
    at D (/home/jay/Desktop/prompt/.next/server/pages/category/sub-categories/[subcategories]/promptDetails/[promptSlug].js:1:4355)
    at /home/jay/Desktop/prompt/.next/server/pages/category/sub-categories/[subcategories]/promptDetails/[promptSlug].js:1:4820
    at Wc (/home/jay/Desktop/prompt/node_modules/react-dom/cjs/react-dom-server.browser.production.min.js:68:44)
    at Zc (/home/jay/Desktop/prompt/node_modules/react-dom/cjs/react-dom-server.browser.production.min.js:70:253)
    at Z (/home/jay/Desktop/prompt/node_modules/react-dom/cjs/react-dom-server.browser.production.min.js:76:89)
    at Zc (/home/jay/Desktop/prompt/node_modules/react-dom/cjs/react-dom-server.browser.production.min.js:70:481)
    at Z (/home/jay/Desktop/prompt/node_modules/react-dom/cjs/react-dom-server.browser.production.min.js:76:89)
    at $c (/home/jay/Desktop/prompt/node_modules/react-dom/cjs/react-dom-server.browser.production.min.js:78:98)
    at Zc (/home/jay/Desktop/prompt/node_modules/react-dom/cjs/react-dom-server.browser.production.min.js:71:145)
    at Z (/home/jay/Desktop/prompt/node_modules/react-dom/cjs/react-dom-server.browser.production.min.js:76:89)

Error occurred prerendering page "/category/sub-categories/the-taj-mahal-charm/promptDetails/ultra-real-close-up-golden-hour-portrait". Read more: https://nextjs.org/docs/messages/prerender-error

ReferenceError: imageUrl is not defined
    at D (/home/jay/Desktop/prompt/.next/server/pages/category/sub-categories/[subcategories]/promptDetails/[promptSlug].js:1:4355)
    at /home/jay/Desktop/prompt/.next/server/pages/category/sub-categories/[subcategories]/promptDetails/[promptSlug].js:1:4820
    at Wc (/home/jay/Desktop/prompt/node_modules/react-dom/cjs/react-dom-server.browser.production.min.js:68:44)
    at Zc (/home/jay/Desktop/prompt/node_modules/react-dom/cjs/react-dom-server.browser.production.min.js:70:253)
    at Z (/home/jay/Desktop/prompt/node_modules/react-dom/cjs/react-dom-server.browser.production.min.js:76:89)
    at Zc (/home/jay/Desktop/prompt/node_modules/react-dom/cjs/react-dom-server.browser.production.min.js:70:481)
    at Z (/home/jay/Desktop/prompt/node_modules/react-dom/cjs/react-dom-server.browser.production.min.js:76:89)
    at $c (/home/jay/Desktop/prompt/node_modules/react-dom/cjs/react-dom-server.browser.production.min.js:78:98)
    at Zc (/home/jay/Desktop/prompt/node_modules/react-dom/cjs/react-dom-server.browser.production.min.js:71:145)
    at Z (/home/jay/Desktop/prompt/node_modules/react-dom/cjs/react-dom-server.browser.production.min.js:76:89)
ReferenceError: imageUrl is not defined
    at D (/home/jay/Desktop/prompt/.next/server/pages/category/sub-categories/[subcategories]/promptDetails/[promptSlug].js:1:4355)
    at /home/jay/Desktop/prompt/.next/server/pages/category/sub-categories/[subcategories]/promptDetails/[promptSlug].js:1:4820
    at Wc (/home/jay/Desktop/prompt/node_modules/react-dom/cjs/react-dom-server.browser.production.min.js:68:44)
    at Zc (/home/jay/Desktop/prompt/node_modules/react-dom/cjs/react-dom-server.browser.production.min.js:70:253)
    at Z (/home/jay/Desktop/prompt/node_modules/react-dom/cjs/react-dom-server.browser.production.min.js:76:89)
    at Zc (/home/jay/Desktop/prompt/node_modules/react-dom/cjs/react-dom-server.browser.production.min.js:70:481)
    at Z (/home/jay/Desktop/prompt/node_modules/react-dom/cjs/react-dom-server.browser.production.min.js:76:89)
    at $c (/home/jay/Desktop/prompt/node_modules/react-dom/cjs/react-dom-server.browser.production.min.js:78:98)
    at Zc (/home/jay/Desktop/prompt/node_modules/react-dom/cjs/react-dom-server.browser.production.min.js:71:145)
    at Z (/home/jay/Desktop/prompt/node_modules/react-dom/cjs/react-dom-server.browser.production.min.js:76:89)

Error occurred prerendering page "/category/sub-categories/winters-warm-hug/promptDetails/mountain-embrace-portrait". Read more: https://nextjs.org/docs/messages/prerender-error

ReferenceError: imageUrl is not defined
    at D (/home/jay/Desktop/prompt/.next/server/pages/category/sub-categories/[subcategories]/promptDetails/[promptSlug].js:1:4355)
    at /home/jay/Desktop/prompt/.next/server/pages/category/sub-categories/[subcategories]/promptDetails/[promptSlug].js:1:4820
    at Wc (/home/jay/Desktop/prompt/node_modules/react-dom/cjs/react-dom-server.browser.production.min.js:68:44)
    at Zc (/home/jay/Desktop/prompt/node_modules/react-dom/cjs/react-dom-server.browser.production.min.js:70:253)
    at Z (/home/jay/Desktop/prompt/node_modules/react-dom/cjs/react-dom-server.browser.production.min.js:76:89)
    at Zc (/home/jay/Desktop/prompt/node_modules/react-dom/cjs/react-dom-server.browser.production.min.js:70:481)
    at Z (/home/jay/Desktop/prompt/node_modules/react-dom/cjs/react-dom-server.browser.production.min.js:76:89)
    at $c (/home/jay/Desktop/prompt/node_modules/react-dom/cjs/react-dom-server.browser.production.min.js:78:98)
    at Zc (/home/jay/Desktop/prompt/node_modules/react-dom/cjs/react-dom-server.browser.production.min.js:71:145)
    at Z (/home/jay/Desktop/prompt/node_modules/react-dom/cjs/react-dom-server.browser.production.min.js:76:89)
ReferenceError: imageUrl is not defined
    at D (/home/jay/Desktop/prompt/.next/server/pages/category/sub-categories/[subcategories]/promptDetails/[promptSlug].js:1:4355)
    at /home/jay/Desktop/prompt/.next/server/pages/category/sub-categories/[subcategories]/promptDetails/[promptSlug].js:1:4820
    at Wc (/home/jay/Desktop/prompt/node_modules/react-dom/cjs/react-dom-server.browser.production.min.js:68:44)
    at Zc (/home/jay/Desktop/prompt/node_modules/react-dom/cjs/react-dom-server.browser.production.min.js:70:253)
    at Z (/home/jay/Desktop/prompt/node_modules/react-dom/cjs/react-dom-server.browser.production.min.js:76:89)
    at Zc (/home/jay/Desktop/prompt/node_modules/react-dom/cjs/react-dom-server.browser.production.min.js:70:481)
    at Z (/home/jay/Desktop/prompt/node_modules/react-dom/cjs/react-dom-server.browser.production.min.js:76:89)
    at $c (/home/jay/Desktop/prompt/node_modules/react-dom/cjs/react-dom-server.browser.production.min.js:78:98)
    at Zc (/home/jay/Desktop/prompt/node_modules/react-dom/cjs/react-dom-server.browser.production.min.js:71:145)
    at Z (/home/jay/Desktop/prompt/node_modules/react-dom/cjs/react-dom-server.browser.production.min.js:76:89)

Error occurred prerendering page "/category/sub-categories/the-taj-mahal-charm/promptDetails/candid-walking-shot-near-riverbank". Read more: https://nextjs.org/docs/messages/prerender-error

ReferenceError: imageUrl is not defined
    at D (/home/jay/Desktop/prompt/.next/server/pages/category/sub-categories/[subcategories]/promptDetails/[promptSlug].js:1:4355)
    at /home/jay/Desktop/prompt/.next/server/pages/category/sub-categories/[subcategories]/promptDetails/[promptSlug].js:1:4820
    at Wc (/home/jay/Desktop/prompt/node_modules/react-dom/cjs/react-dom-server.browser.production.min.js:68:44)
    at Zc (/home/jay/Desktop/prompt/node_modules/react-dom/cjs/react-dom-server.browser.production.min.js:70:253)
    at Z (/home/jay/Desktop/prompt/node_modules/react-dom/cjs/react-dom-server.browser.production.min.js:76:89)
    at Zc (/home/jay/Desktop/prompt/node_modules/react-dom/cjs/react-dom-server.browser.production.min.js:70:481)
    at Z (/home/jay/Desktop/prompt/node_modules/react-dom/cjs/react-dom-server.browser.production.min.js:76:89)
    at $c (/home/jay/Desktop/prompt/node_modules/react-dom/cjs/react-dom-server.browser.production.min.js:78:98)
    at Zc (/home/jay/Desktop/prompt/node_modules/react-dom/cjs/react-dom-server.browser.production.min.js:71:145)
    at Z (/home/jay/Desktop/prompt/node_modules/react-dom/cjs/react-dom-server.browser.production.min.js:76:89)
ReferenceError: imageUrl is not defined
    at D (/home/jay/Desktop/prompt/.next/server/pages/category/sub-categories/[subcategories]/promptDetails/[promptSlug].js:1:4355)
    at /home/jay/Desktop/prompt/.next/server/pages/category/sub-categories/[subcategories]/promptDetails/[promptSlug].js:1:4820
    at Wc (/home/jay/Desktop/prompt/node_modules/react-dom/cjs/react-dom-server.browser.production.min.js:68:44)
    at Zc (/home/jay/Desktop/prompt/node_modules/react-dom/cjs/react-dom-server.browser.production.min.js:70:253)
    at Z (/home/jay/Desktop/prompt/node_modules/react-dom/cjs/react-dom-server.browser.production.min.js:76:89)
    at Zc (/home/jay/Desktop/prompt/node_modules/react-dom/cjs/react-dom-server.browser.production.min.js:70:481)
    at Z (/home/jay/Desktop/prompt/node_modules/react-dom/cjs/react-dom-server.browser.production.min.js:76:89)
    at $c (/home/jay/Desktop/prompt/node_modules/react-dom/cjs/react-dom-server.browser.production.min.js:78:98)
    at Zc (/home/jay/Desktop/prompt/node_modules/react-dom/cjs/react-dom-server.browser.production.min.js:71:145)
    at Z (/home/jay/Desktop/prompt/node_modules/react-dom/cjs/react-dom-server.browser.production.min.js:76:89)

Error occurred prerendering page "/category/sub-categories/winters-warm-hug/promptDetails/playful-snowy-mountain-joy". Read more: https://nextjs.org/docs/messages/prerender-error

ReferenceError: imageUrl is not defined
    at D (/home/jay/Desktop/prompt/.next/server/pages/category/sub-categories/[subcategories]/promptDetails/[promptSlug].js:1:4355)
    at /home/jay/Desktop/prompt/.next/server/pages/category/sub-categories/[subcategories]/promptDetails/[promptSlug].js:1:4820
    at Wc (/home/jay/Desktop/prompt/node_modules/react-dom/cjs/react-dom-server.browser.production.min.js:68:44)
    at Zc (/home/jay/Desktop/prompt/node_modules/react-dom/cjs/react-dom-server.browser.production.min.js:70:253)
    at Z (/home/jay/Desktop/prompt/node_modules/react-dom/cjs/react-dom-server.browser.production.min.js:76:89)
    at Zc (/home/jay/Desktop/prompt/node_modules/react-dom/cjs/react-dom-server.browser.production.min.js:70:481)
    at Z (/home/jay/Desktop/prompt/node_modules/react-dom/cjs/react-dom-server.browser.production.min.js:76:89)
    at $c (/home/jay/Desktop/prompt/node_modules/react-dom/cjs/react-dom-server.browser.production.min.js:78:98)
    at Zc (/home/jay/Desktop/prompt/node_modules/react-dom/cjs/react-dom-server.browser.production.min.js:71:145)
    at Z (/home/jay/Desktop/prompt/node_modules/react-dom/cjs/react-dom-server.browser.production.min.js:76:89)
ReferenceError: imageUrl is not defined
    at D (/home/jay/Desktop/prompt/.next/server/pages/category/sub-categories/[subcategories]/promptDetails/[promptSlug].js:1:4355)
    at /home/jay/Desktop/prompt/.next/server/pages/category/sub-categories/[subcategories]/promptDetails/[promptSlug].js:1:4820
    at Wc (/home/jay/Desktop/prompt/node_modules/react-dom/cjs/react-dom-server.browser.production.min.js:68:44)
    at Zc (/home/jay/Desktop/prompt/node_modules/react-dom/cjs/react-dom-server.browser.production.min.js:70:253)
    at Z (/home/jay/Desktop/prompt/node_modules/react-dom/cjs/react-dom-server.browser.production.min.js:76:89)
    at Zc (/home/jay/Desktop/prompt/node_modules/react-dom/cjs/react-dom-server.browser.production.min.js:70:481)
    at Z (/home/jay/Desktop/prompt/node_modules/react-dom/cjs/react-dom-server.browser.production.min.js:76:89)
    at $c (/home/jay/Desktop/prompt/node_modules/react-dom/cjs/react-dom-server.browser.production.min.js:78:98)
    at Zc (/home/jay/Desktop/prompt/node_modules/react-dom/cjs/react-dom-server.browser.production.min.js:71:145)
    at Z (/home/jay/Desktop/prompt/node_modules/react-dom/cjs/react-dom-server.browser.production.min.js:76:89)

Error occurred prerendering page "/category/sub-categories/the-taj-mahal-charm/promptDetails/cinematic-travel-photo-near-taj-mahal". Read more: https://nextjs.org/docs/messages/prerender-error

ReferenceError: imageUrl is not defined
    at D (/home/jay/Desktop/prompt/.next/server/pages/category/sub-categories/[subcategories]/promptDetails/[promptSlug].js:1:4355)
    at /home/jay/Desktop/prompt/.next/server/pages/category/sub-categories/[subcategories]/promptDetails/[promptSlug].js:1:4820
    at Wc (/home/jay/Desktop/prompt/node_modules/react-dom/cjs/react-dom-server.browser.production.min.js:68:44)
    at Zc (/home/jay/Desktop/prompt/node_modules/react-dom/cjs/react-dom-server.browser.production.min.js:70:253)
    at Z (/home/jay/Desktop/prompt/node_modules/react-dom/cjs/react-dom-server.browser.production.min.js:76:89)
    at Zc (/home/jay/Desktop/prompt/node_modules/react-dom/cjs/react-dom-server.browser.production.min.js:70:481)
    at Z (/home/jay/Desktop/prompt/node_modules/react-dom/cjs/react-dom-server.browser.production.min.js:76:89)
    at $c (/home/jay/Desktop/prompt/node_modules/react-dom/cjs/react-dom-server.browser.production.min.js:78:98)
    at Zc (/home/jay/Desktop/prompt/node_modules/react-dom/cjs/react-dom-server.browser.production.min.js:71:145)
    at Z (/home/jay/Desktop/prompt/node_modules/react-dom/cjs/react-dom-server.browser.production.min.js:76:89)
[Build Time] Fetching all categories from: https://admin.promptland.in/api/get_categories
[Build Time] Successfully fetched 29 categories
[Build Time] Fetching prompts for category 24, subcategory none
[Build Time] Successfully fetched 5 prompts for category 24
[Build Time] Fetching all categories from: https://admin.promptland.in/api/get_categories
[Build Time] Successfully fetched 29 categories
[Build Time] Fetching prompts for category 23, subcategory none
[Build Time] Successfully fetched 4 prompts for category 23
ReferenceError: imageUrl is not defined
    at D (/home/jay/Desktop/prompt/.next/server/pages/category/sub-categories/[subcategories]/promptDetails/[promptSlug].js:1:4355)
    at /home/jay/Desktop/prompt/.next/server/pages/category/sub-categories/[subcategories]/promptDetails/[promptSlug].js:1:4820
    at Wc (/home/jay/Desktop/prompt/node_modules/react-dom/cjs/react-dom-server.browser.production.min.js:68:44)
    at Zc (/home/jay/Desktop/prompt/node_modules/react-dom/cjs/react-dom-server.browser.production.min.js:70:253)
    at Z (/home/jay/Desktop/prompt/node_modules/react-dom/cjs/react-dom-server.browser.production.min.js:76:89)
    at Zc (/home/jay/Desktop/prompt/node_modules/react-dom/cjs/react-dom-server.browser.production.min.js:70:481)
    at Z (/home/jay/Desktop/prompt/node_modules/react-dom/cjs/react-dom-server.browser.production.min.js:76:89)
    at $c (/home/jay/Desktop/prompt/node_modules/react-dom/cjs/react-dom-server.browser.production.min.js:78:98)
    at Zc (/home/jay/Desktop/prompt/node_modules/react-dom/cjs/react-dom-server.browser.production.min.js:71:145)
    at Z (/home/jay/Desktop/prompt/node_modules/react-dom/cjs/react-dom-server.browser.production.min.js:76:89)

Error occurred prerendering page "/category/sub-categories/winters-warm-hug/promptDetails/campfire-night-scene-prompt". Read more: https://nextjs.org/docs/messages/prerender-error

ReferenceError: imageUrl is not defined
    at D (/home/jay/Desktop/prompt/.next/server/pages/category/sub-categories/[subcategories]/promptDetails/[promptSlug].js:1:4355)
    at /home/jay/Desktop/prompt/.next/server/pages/category/sub-categories/[subcategories]/promptDetails/[promptSlug].js:1:4820
    at Wc (/home/jay/Desktop/prompt/node_modules/react-dom/cjs/react-dom-server.browser.production.min.js:68:44)
    at Zc (/home/jay/Desktop/prompt/node_modules/react-dom/cjs/react-dom-server.browser.production.min.js:70:253)
    at Z (/home/jay/Desktop/prompt/node_modules/react-dom/cjs/react-dom-server.browser.production.min.js:76:89)
    at Zc (/home/jay/Desktop/prompt/node_modules/react-dom/cjs/react-dom-server.browser.production.min.js:70:481)
    at Z (/home/jay/Desktop/prompt/node_modules/react-dom/cjs/react-dom-server.browser.production.min.js:76:89)
    at $c (/home/jay/Desktop/prompt/node_modules/react-dom/cjs/react-dom-server.browser.production.min.js:78:98)
    at Zc (/home/jay/Desktop/prompt/node_modules/react-dom/cjs/react-dom-server.browser.production.min.js:71:145)
    at Z (/home/jay/Desktop/prompt/node_modules/react-dom/cjs/react-dom-server.browser.production.min.js:76:89)
[Build Time] Fetching all categories from: https://admin.promptland.in/api/get_categories
[Build Time] Successfully fetched 29 categories
[Build Time] Fetching prompts for category 23, subcategory none
[Build Time] Successfully fetched 4 prompts for category 23
[Build Time] Fetching all categories from: https://admin.promptland.in/api/get_categories
[Build Time] Successfully fetched 29 categories
[Build Time] Fetching prompts for category 24, subcategory none
[Build Time] Successfully fetched 5 prompts for category 24
[Build Time] Fetching all categories from: https://admin.promptland.in/api/get_categories
[Build Time] Successfully fetched 29 categories
[Build Time] Fetching prompts for category 24, subcategory none
[Build Time] Successfully fetched 5 prompts for category 24
[Build Time] Fetching all categories from: https://admin.promptland.in/api/get_categories
[Build Time] Successfully fetched 29 categories
[Build Time] Fetching prompts for category 24, subcategory none
[Build Time] Successfully fetched 5 prompts for category 24
[Build Time] Fetching all categories from: https://admin.promptland.in/api/get_categories
[Build Time] Successfully fetched 29 categories
[Build Time] Fetching prompts for category 24, subcategory none
[Build Time] Successfully fetched 5 prompts for category 24
ReferenceError: imageUrl is not defined
    at D (/home/jay/Desktop/prompt/.next/server/pages/category/sub-categories/[subcategories]/promptDetails/[promptSlug].js:1:4355)
    at /home/jay/Desktop/prompt/.next/server/pages/category/sub-categories/[subcategories]/promptDetails/[promptSlug].js:1:4820
    at Wc (/home/jay/Desktop/prompt/node_modules/react-dom/cjs/react-dom-server.browser.production.min.js:68:44)
    at Zc (/home/jay/Desktop/prompt/node_modules/react-dom/cjs/react-dom-server.browser.production.min.js:70:253)
    at Z (/home/jay/Desktop/prompt/node_modules/react-dom/cjs/react-dom-server.browser.production.min.js:76:89)
    at Zc (/home/jay/Desktop/prompt/node_modules/react-dom/cjs/react-dom-server.browser.production.min.js:70:481)
    at Z (/home/jay/Desktop/prompt/node_modules/react-dom/cjs/react-dom-server.browser.production.min.js:76:89)
    at $c (/home/jay/Desktop/prompt/node_modules/react-dom/cjs/react-dom-server.browser.production.min.js:78:98)
    at Zc (/home/jay/Desktop/prompt/node_modules/react-dom/cjs/react-dom-server.browser.production.min.js:71:145)
    at Z (/home/jay/Desktop/prompt/node_modules/react-dom/cjs/react-dom-server.browser.production.min.js:76:89)

Error occurred prerendering page "/category/sub-categories/winters-warm-hug/promptDetails/campfire-cinematic-couple-prompt-alternate". Read more: https://nextjs.org/docs/messages/prerender-error

ReferenceError: imageUrl is not defined
    at D (/home/jay/Desktop/prompt/.next/server/pages/category/sub-categories/[subcategories]/promptDetails/[promptSlug].js:1:4355)
    at /home/jay/Desktop/prompt/.next/server/pages/category/sub-categories/[subcategories]/promptDetails/[promptSlug].js:1:4820
    at Wc (/home/jay/Desktop/prompt/node_modules/react-dom/cjs/react-dom-server.browser.production.min.js:68:44)
    at Zc (/home/jay/Desktop/prompt/node_modules/react-dom/cjs/react-dom-server.browser.production.min.js:70:253)
    at Z (/home/jay/Desktop/prompt/node_modules/react-dom/cjs/react-dom-server.browser.production.min.js:76:89)
    at Zc (/home/jay/Desktop/prompt/node_modules/react-dom/cjs/react-dom-server.browser.production.min.js:70:481)
    at Z (/home/jay/Desktop/prompt/node_modules/react-dom/cjs/react-dom-server.browser.production.min.js:76:89)
    at $c (/home/jay/Desktop/prompt/node_modules/react-dom/cjs/react-dom-server.browser.production.min.js:78:98)
    at Zc (/home/jay/Desktop/prompt/node_modules/react-dom/cjs/react-dom-server.browser.production.min.js:71:145)
    at Z (/home/jay/Desktop/prompt/node_modules/react-dom/cjs/react-dom-server.browser.production.min.js:76:89)
ReferenceError: imageUrl is not defined
    at D (/home/jay/Desktop/prompt/.next/server/pages/category/sub-categories/[subcategories]/promptDetails/[promptSlug].js:1:4355)
    at /home/jay/Desktop/prompt/.next/server/pages/category/sub-categories/[subcategories]/promptDetails/[promptSlug].js:1:4820
    at Wc (/home/jay/Desktop/prompt/node_modules/react-dom/cjs/react-dom-server.browser.production.min.js:68:44)
    at Zc (/home/jay/Desktop/prompt/node_modules/react-dom/cjs/react-dom-server.browser.production.min.js:70:253)
    at Z (/home/jay/Desktop/prompt/node_modules/react-dom/cjs/react-dom-server.browser.production.min.js:76:89)
    at Zc (/home/jay/Desktop/prompt/node_modules/react-dom/cjs/react-dom-server.browser.production.min.js:70:481)
    at Z (/home/jay/Desktop/prompt/node_modules/react-dom/cjs/react-dom-server.browser.production.min.js:76:89)
    at $c (/home/jay/Desktop/prompt/node_modules/react-dom/cjs/react-dom-server.browser.production.min.js:78:98)
    at Zc (/home/jay/Desktop/prompt/node_modules/react-dom/cjs/react-dom-server.browser.production.min.js:71:145)
    at Z (/home/jay/Desktop/prompt/node_modules/react-dom/cjs/react-dom-server.browser.production.min.js:76:89)

Error occurred prerendering page "/category/sub-categories/the-beachs-salty-love/promptDetails/disintegration-surreal-concept-portrait". Read more: https://nextjs.org/docs/messages/prerender-error

ReferenceError: imageUrl is not defined
    at D (/home/jay/Desktop/prompt/.next/server/pages/category/sub-categories/[subcategories]/promptDetails/[promptSlug].js:1:4355)
    at /home/jay/Desktop/prompt/.next/server/pages/category/sub-categories/[subcategories]/promptDetails/[promptSlug].js:1:4820
    at Wc (/home/jay/Desktop/prompt/node_modules/react-dom/cjs/react-dom-server.browser.production.min.js:68:44)
    at Zc (/home/jay/Desktop/prompt/node_modules/react-dom/cjs/react-dom-server.browser.production.min.js:70:253)
    at Z (/home/jay/Desktop/prompt/node_modules/react-dom/cjs/react-dom-server.browser.production.min.js:76:89)
    at Zc (/home/jay/Desktop/prompt/node_modules/react-dom/cjs/react-dom-server.browser.production.min.js:70:481)
    at Z (/home/jay/Desktop/prompt/node_modules/react-dom/cjs/react-dom-server.browser.production.min.js:76:89)
    at $c (/home/jay/Desktop/prompt/node_modules/react-dom/cjs/react-dom-server.browser.production.min.js:78:98)
    at Zc (/home/jay/Desktop/prompt/node_modules/react-dom/cjs/react-dom-server.browser.production.min.js:71:145)
    at Z (/home/jay/Desktop/prompt/node_modules/react-dom/cjs/react-dom-server.browser.production.min.js:76:89)
ReferenceError: imageUrl is not defined
    at D (/home/jay/Desktop/prompt/.next/server/pages/category/sub-categories/[subcategories]/promptDetails/[promptSlug].js:1:4355)
    at /home/jay/Desktop/prompt/.next/server/pages/category/sub-categories/[subcategories]/promptDetails/[promptSlug].js:1:4820
    at Wc (/home/jay/Desktop/prompt/node_modules/react-dom/cjs/react-dom-server.browser.production.min.js:68:44)
    at Zc (/home/jay/Desktop/prompt/node_modules/react-dom/cjs/react-dom-server.browser.production.min.js:70:253)
    at Z (/home/jay/Desktop/prompt/node_modules/react-dom/cjs/react-dom-server.browser.production.min.js:76:89)
    at Zc (/home/jay/Desktop/prompt/node_modules/react-dom/cjs/react-dom-server.browser.production.min.js:70:481)
    at Z (/home/jay/Desktop/prompt/node_modules/react-dom/cjs/react-dom-server.browser.production.min.js:76:89)
    at $c (/home/jay/Desktop/prompt/node_modules/react-dom/cjs/react-dom-server.browser.production.min.js:78:98)
    at Zc (/home/jay/Desktop/prompt/node_modules/react-dom/cjs/react-dom-server.browser.production.min.js:71:145)
    at Z (/home/jay/Desktop/prompt/node_modules/react-dom/cjs/react-dom-server.browser.production.min.js:76:89)

Error occurred prerendering page "/category/sub-categories/the-beachs-salty-love/promptDetails/beach-walk-cinematic-scene". Read more: https://nextjs.org/docs/messages/prerender-error

ReferenceError: imageUrl is not defined
    at D (/home/jay/Desktop/prompt/.next/server/pages/category/sub-categories/[subcategories]/promptDetails/[promptSlug].js:1:4355)
    at /home/jay/Desktop/prompt/.next/server/pages/category/sub-categories/[subcategories]/promptDetails/[promptSlug].js:1:4820
    at Wc (/home/jay/Desktop/prompt/node_modules/react-dom/cjs/react-dom-server.browser.production.min.js:68:44)
    at Zc (/home/jay/Desktop/prompt/node_modules/react-dom/cjs/react-dom-server.browser.production.min.js:70:253)
    at Z (/home/jay/Desktop/prompt/node_modules/react-dom/cjs/react-dom-server.browser.production.min.js:76:89)
    at Zc (/home/jay/Desktop/prompt/node_modules/react-dom/cjs/react-dom-server.browser.production.min.js:70:481)
    at Z (/home/jay/Desktop/prompt/node_modules/react-dom/cjs/react-dom-server.browser.production.min.js:76:89)
    at $c (/home/jay/Desktop/prompt/node_modules/react-dom/cjs/react-dom-server.browser.production.min.js:78:98)
    at Zc (/home/jay/Desktop/prompt/node_modules/react-dom/cjs/react-dom-server.browser.production.min.js:71:145)
    at Z (/home/jay/Desktop/prompt/node_modules/react-dom/cjs/react-dom-server.browser.production.min.js:76:89)
ReferenceError: imageUrl is not defined
    at D (/home/jay/Desktop/prompt/.next/server/pages/category/sub-categories/[subcategories]/promptDetails/[promptSlug].js:1:4355)
    at /home/jay/Desktop/prompt/.next/server/pages/category/sub-categories/[subcategories]/promptDetails/[promptSlug].js:1:4820
    at Wc (/home/jay/Desktop/prompt/node_modules/react-dom/cjs/react-dom-server.browser.production.min.js:68:44)
    at Zc (/home/jay/Desktop/prompt/node_modules/react-dom/cjs/react-dom-server.browser.production.min.js:70:253)
    at Z (/home/jay/Desktop/prompt/node_modules/react-dom/cjs/react-dom-server.browser.production.min.js:76:89)
    at Zc (/home/jay/Desktop/prompt/node_modules/react-dom/cjs/react-dom-server.browser.production.min.js:70:481)
    at Z (/home/jay/Desktop/prompt/node_modules/react-dom/cjs/react-dom-server.browser.production.min.js:76:89)
    at $c (/home/jay/Desktop/prompt/node_modules/react-dom/cjs/react-dom-server.browser.production.min.js:78:98)
    at Zc (/home/jay/Desktop/prompt/node_modules/react-dom/cjs/react-dom-server.browser.production.min.js:71:145)
    at Z (/home/jay/Desktop/prompt/node_modules/react-dom/cjs/react-dom-server.browser.production.min.js:76:89)

Error occurred prerendering page "/category/sub-categories/the-beachs-salty-love/promptDetails/new-year-beach-celebration-portrait". Read more: https://nextjs.org/docs/messages/prerender-error

ReferenceError: imageUrl is not defined
    at D (/home/jay/Desktop/prompt/.next/server/pages/category/sub-categories/[subcategories]/promptDetails/[promptSlug].js:1:4355)
    at /home/jay/Desktop/prompt/.next/server/pages/category/sub-categories/[subcategories]/promptDetails/[promptSlug].js:1:4820
    at Wc (/home/jay/Desktop/prompt/node_modules/react-dom/cjs/react-dom-server.browser.production.min.js:68:44)
    at Zc (/home/jay/Desktop/prompt/node_modules/react-dom/cjs/react-dom-server.browser.production.min.js:70:253)
    at Z (/home/jay/Desktop/prompt/node_modules/react-dom/cjs/react-dom-server.browser.production.min.js:76:89)
    at Zc (/home/jay/Desktop/prompt/node_modules/react-dom/cjs/react-dom-server.browser.production.min.js:70:481)
    at Z (/home/jay/Desktop/prompt/node_modules/react-dom/cjs/react-dom-server.browser.production.min.js:76:89)
    at $c (/home/jay/Desktop/prompt/node_modules/react-dom/cjs/react-dom-server.browser.production.min.js:78:98)
    at Zc (/home/jay/Desktop/prompt/node_modules/react-dom/cjs/react-dom-server.browser.production.min.js:71:145)
    at Z (/home/jay/Desktop/prompt/node_modules/react-dom/cjs/react-dom-server.browser.production.min.js:76:89)
ReferenceError: imageUrl is not defined
    at D (/home/jay/Desktop/prompt/.next/server/pages/category/sub-categories/[subcategories]/promptDetails/[promptSlug].js:1:4355)
    at /home/jay/Desktop/prompt/.next/server/pages/category/sub-categories/[subcategories]/promptDetails/[promptSlug].js:1:4820
    at Wc (/home/jay/Desktop/prompt/node_modules/react-dom/cjs/react-dom-server.browser.production.min.js:68:44)
    at Zc (/home/jay/Desktop/prompt/node_modules/react-dom/cjs/react-dom-server.browser.production.min.js:70:253)
    at Z (/home/jay/Desktop/prompt/node_modules/react-dom/cjs/react-dom-server.browser.production.min.js:76:89)
    at Zc (/home/jay/Desktop/prompt/node_modules/react-dom/cjs/react-dom-server.browser.production.min.js:70:481)
    at Z (/home/jay/Desktop/prompt/node_modules/react-dom/cjs/react-dom-server.browser.production.min.js:76:89)
    at $c (/home/jay/Desktop/prompt/node_modules/react-dom/cjs/react-dom-server.browser.production.min.js:78:98)
    at Zc (/home/jay/Desktop/prompt/node_modules/react-dom/cjs/react-dom-server.browser.production.min.js:71:145)
    at Z (/home/jay/Desktop/prompt/node_modules/react-dom/cjs/react-dom-server.browser.production.min.js:76:89)

Error occurred prerendering page "/category/sub-categories/the-beachs-salty-love/promptDetails/beach-walk-at-sunset". Read more: https://nextjs.org/docs/messages/prerender-error

ReferenceError: imageUrl is not defined
    at D (/home/jay/Desktop/prompt/.next/server/pages/category/sub-categories/[subcategories]/promptDetails/[promptSlug].js:1:4355)
    at /home/jay/Desktop/prompt/.next/server/pages/category/sub-categories/[subcategories]/promptDetails/[promptSlug].js:1:4820
    at Wc (/home/jay/Desktop/prompt/node_modules/react-dom/cjs/react-dom-server.browser.production.min.js:68:44)
    at Zc (/home/jay/Desktop/prompt/node_modules/react-dom/cjs/react-dom-server.browser.production.min.js:70:253)
    at Z (/home/jay/Desktop/prompt/node_modules/react-dom/cjs/react-dom-server.browser.production.min.js:76:89)
    at Zc (/home/jay/Desktop/prompt/node_modules/react-dom/cjs/react-dom-server.browser.production.min.js:70:481)
    at Z (/home/jay/Desktop/prompt/node_modules/react-dom/cjs/react-dom-server.browser.production.min.js:76:89)
    at $c (/home/jay/Desktop/prompt/node_modules/react-dom/cjs/react-dom-server.browser.production.min.js:78:98)
    at Zc (/home/jay/Desktop/prompt/node_modules/react-dom/cjs/react-dom-server.browser.production.min.js:71:145)
    at Z (/home/jay/Desktop/prompt/node_modules/react-dom/cjs/react-dom-server.browser.production.min.js:76:89)
ReferenceError: imageUrl is not defined
    at D (/home/jay/Desktop/prompt/.next/server/pages/category/sub-categories/[subcategories]/promptDetails/[promptSlug].js:1:4355)
    at /home/jay/Desktop/prompt/.next/server/pages/category/sub-categories/[subcategories]/promptDetails/[promptSlug].js:1:4820
    at Wc (/home/jay/Desktop/prompt/node_modules/react-dom/cjs/react-dom-server.browser.production.min.js:68:44)
    at Zc (/home/jay/Desktop/prompt/node_modules/react-dom/cjs/react-dom-server.browser.production.min.js:70:253)
    at Z (/home/jay/Desktop/prompt/node_modules/react-dom/cjs/react-dom-server.browser.production.min.js:76:89)
    at Zc (/home/jay/Desktop/prompt/node_modules/react-dom/cjs/react-dom-server.browser.production.min.js:70:481)
    at Z (/home/jay/Desktop/prompt/node_modules/react-dom/cjs/react-dom-server.browser.production.min.js:76:89)
    at $c (/home/jay/Desktop/prompt/node_modules/react-dom/cjs/react-dom-server.browser.production.min.js:78:98)
    at Zc (/home/jay/Desktop/prompt/node_modules/react-dom/cjs/react-dom-server.browser.production.min.js:71:145)
    at Z (/home/jay/Desktop/prompt/node_modules/react-dom/cjs/react-dom-server.browser.production.min.js:76:89)

Error occurred prerendering page "/category/sub-categories/the-beachs-salty-love/promptDetails/beach-scene-with-2026-balloon-concept". Read more: https://nextjs.org/docs/messages/prerender-error

ReferenceError: imageUrl is not defined
    at D (/home/jay/Desktop/prompt/.next/server/pages/category/sub-categories/[subcategories]/promptDetails/[promptSlug].js:1:4355)
    at /home/jay/Desktop/prompt/.next/server/pages/category/sub-categories/[subcategories]/promptDetails/[promptSlug].js:1:4820
    at Wc (/home/jay/Desktop/prompt/node_modules/react-dom/cjs/react-dom-server.browser.production.min.js:68:44)
    at Zc (/home/jay/Desktop/prompt/node_modules/react-dom/cjs/react-dom-server.browser.production.min.js:70:253)
    at Z (/home/jay/Desktop/prompt/node_modules/react-dom/cjs/react-dom-server.browser.production.min.js:76:89)
    at Zc (/home/jay/Desktop/prompt/node_modules/react-dom/cjs/react-dom-server.browser.production.min.js:70:481)
    at Z (/home/jay/Desktop/prompt/node_modules/react-dom/cjs/react-dom-server.browser.production.min.js:76:89)
    at $c (/home/jay/Desktop/prompt/node_modules/react-dom/cjs/react-dom-server.browser.production.min.js:78:98)
    at Zc (/home/jay/Desktop/prompt/node_modules/react-dom/cjs/react-dom-server.browser.production.min.js:71:145)
    at Z (/home/jay/Desktop/prompt/node_modules/react-dom/cjs/react-dom-server.browser.production.min.js:76:89)
[Build Time] Fetching all categories from: https://admin.promptland.in/api/get_categories
[Build Time] Successfully fetched 29 categories
[Build Time] Fetching prompts for category 25, subcategory none
[Build Time] Successfully fetched 6 prompts for category 25
[Build Time] Fetching all categories from: https://admin.promptland.in/api/get_categories
[Build Time] Successfully fetched 29 categories
[Build Time] Fetching prompts for category 25, subcategory none
[Build Time] Successfully fetched 6 prompts for category 25
ReferenceError: imageUrl is not defined
    at D (/home/jay/Desktop/prompt/.next/server/pages/category/sub-categories/[subcategories]/promptDetails/[promptSlug].js:1:4355)
    at /home/jay/Desktop/prompt/.next/server/pages/category/sub-categories/[subcategories]/promptDetails/[promptSlug].js:1:4820
    at Wc (/home/jay/Desktop/prompt/node_modules/react-dom/cjs/react-dom-server.browser.production.min.js:68:44)
    at Zc (/home/jay/Desktop/prompt/node_modules/react-dom/cjs/react-dom-server.browser.production.min.js:70:253)
    at Z (/home/jay/Desktop/prompt/node_modules/react-dom/cjs/react-dom-server.browser.production.min.js:76:89)
    at Zc (/home/jay/Desktop/prompt/node_modules/react-dom/cjs/react-dom-server.browser.production.min.js:70:481)
    at Z (/home/jay/Desktop/prompt/node_modules/react-dom/cjs/react-dom-server.browser.production.min.js:76:89)
    at $c (/home/jay/Desktop/prompt/node_modules/react-dom/cjs/react-dom-server.browser.production.min.js:78:98)
    at Zc (/home/jay/Desktop/prompt/node_modules/react-dom/cjs/react-dom-server.browser.production.min.js:71:145)
    at Z (/home/jay/Desktop/prompt/node_modules/react-dom/cjs/react-dom-server.browser.production.min.js:76:89)

Error occurred prerendering page "/category/sub-categories/sarees-winter-elegance/promptDetails/navy-blue-chiffon-mountain-portrait". Read more: https://nextjs.org/docs/messages/prerender-error

ReferenceError: imageUrl is not defined
    at D (/home/jay/Desktop/prompt/.next/server/pages/category/sub-categories/[subcategories]/promptDetails/[promptSlug].js:1:4355)
    at /home/jay/Desktop/prompt/.next/server/pages/category/sub-categories/[subcategories]/promptDetails/[promptSlug].js:1:4820
    at Wc (/home/jay/Desktop/prompt/node_modules/react-dom/cjs/react-dom-server.browser.production.min.js:68:44)
    at Zc (/home/jay/Desktop/prompt/node_modules/react-dom/cjs/react-dom-server.browser.production.min.js:70:253)
    at Z (/home/jay/Desktop/prompt/node_modules/react-dom/cjs/react-dom-server.browser.production.min.js:76:89)
    at Zc (/home/jay/Desktop/prompt/node_modules/react-dom/cjs/react-dom-server.browser.production.min.js:70:481)
    at Z (/home/jay/Desktop/prompt/node_modules/react-dom/cjs/react-dom-server.browser.production.min.js:76:89)
    at $c (/home/jay/Desktop/prompt/node_modules/react-dom/cjs/react-dom-server.browser.production.min.js:78:98)
    at Zc (/home/jay/Desktop/prompt/node_modules/react-dom/cjs/react-dom-server.browser.production.min.js:71:145)
    at Z (/home/jay/Desktop/prompt/node_modules/react-dom/cjs/react-dom-server.browser.production.min.js:76:89)
[Build Time] Fetching all categories from: https://admin.promptland.in/api/get_categories
[Build Time] Successfully fetched 29 categories
[Build Time] Fetching prompts for category 25, subcategory none
[Build Time] Successfully fetched 6 prompts for category 25
[Build Time] Fetching all categories from: https://admin.promptland.in/api/get_categories
[Build Time] Successfully fetched 29 categories
[Build Time] Fetching prompts for category 25, subcategory none
[Build Time] Successfully fetched 6 prompts for category 25
[Build Time] Fetching all categories from: https://admin.promptland.in/api/get_categories
[Build Time] Successfully fetched 29 categories
[Build Time] Fetching prompts for category 25, subcategory none
[Build Time] Successfully fetched 6 prompts for category 25
[Build Time] Fetching all categories from: https://admin.promptland.in/api/get_categories
[Build Time] Successfully fetched 29 categories
[Build Time] Fetching prompts for category 25, subcategory none
[Build Time] Successfully fetched 6 prompts for category 25
[Build Time] Fetching all categories from: https://admin.promptland.in/api/get_categories
[Build Time] Successfully fetched 29 categories
[Build Time] Fetching prompts for category 26, subcategory none
[Build Time] Successfully fetched 2 prompts for category 26
ReferenceError: imageUrl is not defined
    at D (/home/jay/Desktop/prompt/.next/server/pages/category/sub-categories/[subcategories]/promptDetails/[promptSlug].js:1:4355)
    at /home/jay/Desktop/prompt/.next/server/pages/category/sub-categories/[subcategories]/promptDetails/[promptSlug].js:1:4820
    at Wc (/home/jay/Desktop/prompt/node_modules/react-dom/cjs/react-dom-server.browser.production.min.js:68:44)
    at Zc (/home/jay/Desktop/prompt/node_modules/react-dom/cjs/react-dom-server.browser.production.min.js:70:253)
    at Z (/home/jay/Desktop/prompt/node_modules/react-dom/cjs/react-dom-server.browser.production.min.js:76:89)
    at Zc (/home/jay/Desktop/prompt/node_modules/react-dom/cjs/react-dom-server.browser.production.min.js:70:481)
    at Z (/home/jay/Desktop/prompt/node_modules/react-dom/cjs/react-dom-server.browser.production.min.js:76:89)
    at $c (/home/jay/Desktop/prompt/node_modules/react-dom/cjs/react-dom-server.browser.production.min.js:78:98)
    at Zc (/home/jay/Desktop/prompt/node_modules/react-dom/cjs/react-dom-server.browser.production.min.js:71:145)
    at Z (/home/jay/Desktop/prompt/node_modules/react-dom/cjs/react-dom-server.browser.production.min.js:76:89)

Error occurred prerendering page "/category/sub-categories/sarees-winter-elegance/promptDetails/royal-blue-ombre-saree-on-snowy-peak". Read more: https://nextjs.org/docs/messages/prerender-error

ReferenceError: imageUrl is not defined
    at D (/home/jay/Desktop/prompt/.next/server/pages/category/sub-categories/[subcategories]/promptDetails/[promptSlug].js:1:4355)
    at /home/jay/Desktop/prompt/.next/server/pages/category/sub-categories/[subcategories]/promptDetails/[promptSlug].js:1:4820
    at Wc (/home/jay/Desktop/prompt/node_modules/react-dom/cjs/react-dom-server.browser.production.min.js:68:44)
    at Zc (/home/jay/Desktop/prompt/node_modules/react-dom/cjs/react-dom-server.browser.production.min.js:70:253)
    at Z (/home/jay/Desktop/prompt/node_modules/react-dom/cjs/react-dom-server.browser.production.min.js:76:89)
    at Zc (/home/jay/Desktop/prompt/node_modules/react-dom/cjs/react-dom-server.browser.production.min.js:70:481)
    at Z (/home/jay/Desktop/prompt/node_modules/react-dom/cjs/react-dom-server.browser.production.min.js:76:89)
    at $c (/home/jay/Desktop/prompt/node_modules/react-dom/cjs/react-dom-server.browser.production.min.js:78:98)
    at Zc (/home/jay/Desktop/prompt/node_modules/react-dom/cjs/react-dom-server.browser.production.min.js:71:145)
    at Z (/home/jay/Desktop/prompt/node_modules/react-dom/cjs/react-dom-server.browser.production.min.js:76:89)
ReferenceError: imageUrl is not defined
    at D (/home/jay/Desktop/prompt/.next/server/pages/category/sub-categories/[subcategories]/promptDetails/[promptSlug].js:1:4355)
    at /home/jay/Desktop/prompt/.next/server/pages/category/sub-categories/[subcategories]/promptDetails/[promptSlug].js:1:4820
    at Wc (/home/jay/Desktop/prompt/node_modules/react-dom/cjs/react-dom-server.browser.production.min.js:68:44)
    at Zc (/home/jay/Desktop/prompt/node_modules/react-dom/cjs/react-dom-server.browser.production.min.js:70:253)
    at Z (/home/jay/Desktop/prompt/node_modules/react-dom/cjs/react-dom-server.browser.production.min.js:76:89)
    at Zc (/home/jay/Desktop/prompt/node_modules/react-dom/cjs/react-dom-server.browser.production.min.js:70:481)
    at Z (/home/jay/Desktop/prompt/node_modules/react-dom/cjs/react-dom-server.browser.production.min.js:76:89)
    at $c (/home/jay/Desktop/prompt/node_modules/react-dom/cjs/react-dom-server.browser.production.min.js:78:98)
    at Zc (/home/jay/Desktop/prompt/node_modules/react-dom/cjs/react-dom-server.browser.production.min.js:71:145)
    at Z (/home/jay/Desktop/prompt/node_modules/react-dom/cjs/react-dom-server.browser.production.min.js:76:89)

Error occurred prerendering page "/category/sub-categories/sarees-winter-elegance/promptDetails/forest-green-snowy-hilltop-portrait". Read more: https://nextjs.org/docs/messages/prerender-error

ReferenceError: imageUrl is not defined
    at D (/home/jay/Desktop/prompt/.next/server/pages/category/sub-categories/[subcategories]/promptDetails/[promptSlug].js:1:4355)
    at /home/jay/Desktop/prompt/.next/server/pages/category/sub-categories/[subcategories]/promptDetails/[promptSlug].js:1:4820
    at Wc (/home/jay/Desktop/prompt/node_modules/react-dom/cjs/react-dom-server.browser.production.min.js:68:44)
    at Zc (/home/jay/Desktop/prompt/node_modules/react-dom/cjs/react-dom-server.browser.production.min.js:70:253)
    at Z (/home/jay/Desktop/prompt/node_modules/react-dom/cjs/react-dom-server.browser.production.min.js:76:89)
    at Zc (/home/jay/Desktop/prompt/node_modules/react-dom/cjs/react-dom-server.browser.production.min.js:70:481)
    at Z (/home/jay/Desktop/prompt/node_modules/react-dom/cjs/react-dom-server.browser.production.min.js:76:89)
    at $c (/home/jay/Desktop/prompt/node_modules/react-dom/cjs/react-dom-server.browser.production.min.js:78:98)
    at Zc (/home/jay/Desktop/prompt/node_modules/react-dom/cjs/react-dom-server.browser.production.min.js:71:145)
    at Z (/home/jay/Desktop/prompt/node_modules/react-dom/cjs/react-dom-server.browser.production.min.js:76:89)
ReferenceError: imageUrl is not defined
    at D (/home/jay/Desktop/prompt/.next/server/pages/category/sub-categories/[subcategories]/promptDetails/[promptSlug].js:1:4355)
    at /home/jay/Desktop/prompt/.next/server/pages/category/sub-categories/[subcategories]/promptDetails/[promptSlug].js:1:4820
    at Wc (/home/jay/Desktop/prompt/node_modules/react-dom/cjs/react-dom-server.browser.production.min.js:68:44)
    at Zc (/home/jay/Desktop/prompt/node_modules/react-dom/cjs/react-dom-server.browser.production.min.js:70:253)
    at Z (/home/jay/Desktop/prompt/node_modules/react-dom/cjs/react-dom-server.browser.production.min.js:76:89)
    at Zc (/home/jay/Desktop/prompt/node_modules/react-dom/cjs/react-dom-server.browser.production.min.js:70:481)
    at Z (/home/jay/Desktop/prompt/node_modules/react-dom/cjs/react-dom-server.browser.production.min.js:76:89)
    at $c (/home/jay/Desktop/prompt/node_modules/react-dom/cjs/react-dom-server.browser.production.min.js:78:98)
    at Zc (/home/jay/Desktop/prompt/node_modules/react-dom/cjs/react-dom-server.browser.production.min.js:71:145)
    at Z (/home/jay/Desktop/prompt/node_modules/react-dom/cjs/react-dom-server.browser.production.min.js:76:89)

Error occurred prerendering page "/category/sub-categories/sarees-winter-elegance/promptDetails/lavender-chiffon-dreamy-portrait". Read more: https://nextjs.org/docs/messages/prerender-error

ReferenceError: imageUrl is not defined
    at D (/home/jay/Desktop/prompt/.next/server/pages/category/sub-categories/[subcategories]/promptDetails/[promptSlug].js:1:4355)
    at /home/jay/Desktop/prompt/.next/server/pages/category/sub-categories/[subcategories]/promptDetails/[promptSlug].js:1:4820
    at Wc (/home/jay/Desktop/prompt/node_modules/react-dom/cjs/react-dom-server.browser.production.min.js:68:44)
    at Zc (/home/jay/Desktop/prompt/node_modules/react-dom/cjs/react-dom-server.browser.production.min.js:70:253)
    at Z (/home/jay/Desktop/prompt/node_modules/react-dom/cjs/react-dom-server.browser.production.min.js:76:89)
    at Zc (/home/jay/Desktop/prompt/node_modules/react-dom/cjs/react-dom-server.browser.production.min.js:70:481)
    at Z (/home/jay/Desktop/prompt/node_modules/react-dom/cjs/react-dom-server.browser.production.min.js:76:89)
    at $c (/home/jay/Desktop/prompt/node_modules/react-dom/cjs/react-dom-server.browser.production.min.js:78:98)
    at Zc (/home/jay/Desktop/prompt/node_modules/react-dom/cjs/react-dom-server.browser.production.min.js:71:145)
    at Z (/home/jay/Desktop/prompt/node_modules/react-dom/cjs/react-dom-server.browser.production.min.js:76:89)
ReferenceError: imageUrl is not defined
    at D (/home/jay/Desktop/prompt/.next/server/pages/category/sub-categories/[subcategories]/promptDetails/[promptSlug].js:1:4355)
    at /home/jay/Desktop/prompt/.next/server/pages/category/sub-categories/[subcategories]/promptDetails/[promptSlug].js:1:4820
    at Wc (/home/jay/Desktop/prompt/node_modules/react-dom/cjs/react-dom-server.browser.production.min.js:68:44)
    at Zc (/home/jay/Desktop/prompt/node_modules/react-dom/cjs/react-dom-server.browser.production.min.js:70:253)
    at Z (/home/jay/Desktop/prompt/node_modules/react-dom/cjs/react-dom-server.browser.production.min.js:76:89)
    at Zc (/home/jay/Desktop/prompt/node_modules/react-dom/cjs/react-dom-server.browser.production.min.js:70:481)
    at Z (/home/jay/Desktop/prompt/node_modules/react-dom/cjs/react-dom-server.browser.production.min.js:76:89)
    at $c (/home/jay/Desktop/prompt/node_modules/react-dom/cjs/react-dom-server.browser.production.min.js:78:98)
    at Zc (/home/jay/Desktop/prompt/node_modules/react-dom/cjs/react-dom-server.browser.production.min.js:71:145)
    at Z (/home/jay/Desktop/prompt/node_modules/react-dom/cjs/react-dom-server.browser.production.min.js:76:89)

Error occurred prerendering page "/category/sub-categories/sarees-winter-elegance/promptDetails/glacier-blue-winter-saree-portrait". Read more: https://nextjs.org/docs/messages/prerender-error

ReferenceError: imageUrl is not defined
    at D (/home/jay/Desktop/prompt/.next/server/pages/category/sub-categories/[subcategories]/promptDetails/[promptSlug].js:1:4355)
    at /home/jay/Desktop/prompt/.next/server/pages/category/sub-categories/[subcategories]/promptDetails/[promptSlug].js:1:4820
    at Wc (/home/jay/Desktop/prompt/node_modules/react-dom/cjs/react-dom-server.browser.production.min.js:68:44)
    at Zc (/home/jay/Desktop/prompt/node_modules/react-dom/cjs/react-dom-server.browser.production.min.js:70:253)
    at Z (/home/jay/Desktop/prompt/node_modules/react-dom/cjs/react-dom-server.browser.production.min.js:76:89)
    at Zc (/home/jay/Desktop/prompt/node_modules/react-dom/cjs/react-dom-server.browser.production.min.js:70:481)
    at Z (/home/jay/Desktop/prompt/node_modules/react-dom/cjs/react-dom-server.browser.production.min.js:76:89)
    at $c (/home/jay/Desktop/prompt/node_modules/react-dom/cjs/react-dom-server.browser.production.min.js:78:98)
    at Zc (/home/jay/Desktop/prompt/node_modules/react-dom/cjs/react-dom-server.browser.production.min.js:71:145)
    at Z (/home/jay/Desktop/prompt/node_modules/react-dom/cjs/react-dom-server.browser.production.min.js:76:89)
ReferenceError: imageUrl is not defined
    at D (/home/jay/Desktop/prompt/.next/server/pages/category/sub-categories/[subcategories]/promptDetails/[promptSlug].js:1:4355)
    at /home/jay/Desktop/prompt/.next/server/pages/category/sub-categories/[subcategories]/promptDetails/[promptSlug].js:1:4820
    at Wc (/home/jay/Desktop/prompt/node_modules/react-dom/cjs/react-dom-server.browser.production.min.js:68:44)
    at Zc (/home/jay/Desktop/prompt/node_modules/react-dom/cjs/react-dom-server.browser.production.min.js:70:253)
    at Z (/home/jay/Desktop/prompt/node_modules/react-dom/cjs/react-dom-server.browser.production.min.js:76:89)
    at Zc (/home/jay/Desktop/prompt/node_modules/react-dom/cjs/react-dom-server.browser.production.min.js:70:481)
    at Z (/home/jay/Desktop/prompt/node_modules/react-dom/cjs/react-dom-server.browser.production.min.js:76:89)
    at $c (/home/jay/Desktop/prompt/node_modules/react-dom/cjs/react-dom-server.browser.production.min.js:78:98)
    at Zc (/home/jay/Desktop/prompt/node_modules/react-dom/cjs/react-dom-server.browser.production.min.js:71:145)
    at Z (/home/jay/Desktop/prompt/node_modules/react-dom/cjs/react-dom-server.browser.production.min.js:76:89)

Error occurred prerendering page "/category/sub-categories/the-power-of-your-name/promptDetails/cinematic-digital-id-card". Read more: https://nextjs.org/docs/messages/prerender-error

ReferenceError: imageUrl is not defined
    at D (/home/jay/Desktop/prompt/.next/server/pages/category/sub-categories/[subcategories]/promptDetails/[promptSlug].js:1:4355)
    at /home/jay/Desktop/prompt/.next/server/pages/category/sub-categories/[subcategories]/promptDetails/[promptSlug].js:1:4820
    at Wc (/home/jay/Desktop/prompt/node_modules/react-dom/cjs/react-dom-server.browser.production.min.js:68:44)
    at Zc (/home/jay/Desktop/prompt/node_modules/react-dom/cjs/react-dom-server.browser.production.min.js:70:253)
    at Z (/home/jay/Desktop/prompt/node_modules/react-dom/cjs/react-dom-server.browser.production.min.js:76:89)
    at Zc (/home/jay/Desktop/prompt/node_modules/react-dom/cjs/react-dom-server.browser.production.min.js:70:481)
    at Z (/home/jay/Desktop/prompt/node_modules/react-dom/cjs/react-dom-server.browser.production.min.js:76:89)
    at $c (/home/jay/Desktop/prompt/node_modules/react-dom/cjs/react-dom-server.browser.production.min.js:78:98)
    at Zc (/home/jay/Desktop/prompt/node_modules/react-dom/cjs/react-dom-server.browser.production.min.js:71:145)
    at Z (/home/jay/Desktop/prompt/node_modules/react-dom/cjs/react-dom-server.browser.production.min.js:76:89)
ReferenceError: imageUrl is not defined
    at D (/home/jay/Desktop/prompt/.next/server/pages/category/sub-categories/[subcategories]/promptDetails/[promptSlug].js:1:4355)
    at /home/jay/Desktop/prompt/.next/server/pages/category/sub-categories/[subcategories]/promptDetails/[promptSlug].js:1:4820
    at Wc (/home/jay/Desktop/prompt/node_modules/react-dom/cjs/react-dom-server.browser.production.min.js:68:44)
    at Zc (/home/jay/Desktop/prompt/node_modules/react-dom/cjs/react-dom-server.browser.production.min.js:70:253)
    at Z (/home/jay/Desktop/prompt/node_modules/react-dom/cjs/react-dom-server.browser.production.min.js:76:89)
    at Zc (/home/jay/Desktop/prompt/node_modules/react-dom/cjs/react-dom-server.browser.production.min.js:70:481)
    at Z (/home/jay/Desktop/prompt/node_modules/react-dom/cjs/react-dom-server.browser.production.min.js:76:89)
    at $c (/home/jay/Desktop/prompt/node_modules/react-dom/cjs/react-dom-server.browser.production.min.js:78:98)
    at Zc (/home/jay/Desktop/prompt/node_modules/react-dom/cjs/react-dom-server.browser.production.min.js:71:145)
    at Z (/home/jay/Desktop/prompt/node_modules/react-dom/cjs/react-dom-server.browser.production.min.js:76:89)

Error occurred prerendering page "/category/sub-categories/sarees-winter-elegance/promptDetails/magenta-to-electric-purple-saree-motion-shot". Read more: https://nextjs.org/docs/messages/prerender-error

ReferenceError: imageUrl is not defined
    at D (/home/jay/Desktop/prompt/.next/server/pages/category/sub-categories/[subcategories]/promptDetails/[promptSlug].js:1:4355)
    at /home/jay/Desktop/prompt/.next/server/pages/category/sub-categories/[subcategories]/promptDetails/[promptSlug].js:1:4820
    at Wc (/home/jay/Desktop/prompt/node_modules/react-dom/cjs/react-dom-server.browser.production.min.js:68:44)
    at Zc (/home/jay/Desktop/prompt/node_modules/react-dom/cjs/react-dom-server.browser.production.min.js:70:253)
    at Z (/home/jay/Desktop/prompt/node_modules/react-dom/cjs/react-dom-server.browser.production.min.js:76:89)
    at Zc (/home/jay/Desktop/prompt/node_modules/react-dom/cjs/react-dom-server.browser.production.min.js:70:481)
    at Z (/home/jay/Desktop/prompt/node_modules/react-dom/cjs/react-dom-server.browser.production.min.js:76:89)
    at $c (/home/jay/Desktop/prompt/node_modules/react-dom/cjs/react-dom-server.browser.production.min.js:78:98)
    at Zc (/home/jay/Desktop/prompt/node_modules/react-dom/cjs/react-dom-server.browser.production.min.js:71:145)
    at Z (/home/jay/Desktop/prompt/node_modules/react-dom/cjs/react-dom-server.browser.production.min.js:76:89)
[Build Time] Fetching all categories from: https://admin.promptland.in/api/get_categories
[Build Time] Successfully fetched 29 categories
[Build Time] Fetching prompts for category 26, subcategory none
[Build Time] Successfully fetched 2 prompts for category 26
ReferenceError: imageUrl is not defined
    at D (/home/jay/Desktop/prompt/.next/server/pages/category/sub-categories/[subcategories]/promptDetails/[promptSlug].js:1:4355)
    at /home/jay/Desktop/prompt/.next/server/pages/category/sub-categories/[subcategories]/promptDetails/[promptSlug].js:1:4820
    at Wc (/home/jay/Desktop/prompt/node_modules/react-dom/cjs/react-dom-server.browser.production.min.js:68:44)
    at Zc (/home/jay/Desktop/prompt/node_modules/react-dom/cjs/react-dom-server.browser.production.min.js:70:253)
    at Z (/home/jay/Desktop/prompt/node_modules/react-dom/cjs/react-dom-server.browser.production.min.js:76:89)
    at Zc (/home/jay/Desktop/prompt/node_modules/react-dom/cjs/react-dom-server.browser.production.min.js:70:481)
    at Z (/home/jay/Desktop/prompt/node_modules/react-dom/cjs/react-dom-server.browser.production.min.js:76:89)
    at $c (/home/jay/Desktop/prompt/node_modules/react-dom/cjs/react-dom-server.browser.production.min.js:78:98)
    at Zc (/home/jay/Desktop/prompt/node_modules/react-dom/cjs/react-dom-server.browser.production.min.js:71:145)
    at Z (/home/jay/Desktop/prompt/node_modules/react-dom/cjs/react-dom-server.browser.production.min.js:76:89)

Error occurred prerendering page "/category/sub-categories/the-power-of-your-name/promptDetails/stylized-letter-portrait-concept". Read more: https://nextjs.org/docs/messages/prerender-error

ReferenceError: imageUrl is not defined
    at D (/home/jay/Desktop/prompt/.next/server/pages/category/sub-categories/[subcategories]/promptDetails/[promptSlug].js:1:4355)
    at /home/jay/Desktop/prompt/.next/server/pages/category/sub-categories/[subcategories]/promptDetails/[promptSlug].js:1:4820
    at Wc (/home/jay/Desktop/prompt/node_modules/react-dom/cjs/react-dom-server.browser.production.min.js:68:44)
    at Zc (/home/jay/Desktop/prompt/node_modules/react-dom/cjs/react-dom-server.browser.production.min.js:70:253)
    at Z (/home/jay/Desktop/prompt/node_modules/react-dom/cjs/react-dom-server.browser.production.min.js:76:89)
    at Zc (/home/jay/Desktop/prompt/node_modules/react-dom/cjs/react-dom-server.browser.production.min.js:70:481)
    at Z (/home/jay/Desktop/prompt/node_modules/react-dom/cjs/react-dom-server.browser.production.min.js:76:89)
    at $c (/home/jay/Desktop/prompt/node_modules/react-dom/cjs/react-dom-server.browser.production.min.js:78:98)
    at Zc (/home/jay/Desktop/prompt/node_modules/react-dom/cjs/react-dom-server.browser.production.min.js:71:145)
    at Z (/home/jay/Desktop/prompt/node_modules/react-dom/cjs/react-dom-server.browser.production.min.js:76:89)
[Build Time] Fetching all categories from: https://admin.promptland.in/api/get_categories
[Build Time] Successfully fetched 29 categories
[Build Time] Fetching prompts for category 29, subcategory none
[Build Time] Successfully fetched 13 prompts for category 29
[Build Time] Fetching all categories from: https://admin.promptland.in/api/get_categories
[Build Time] Successfully fetched 29 categories
[Build Time] Fetching prompts for category 29, subcategory none
[Build Time] Successfully fetched 13 prompts for category 29
[Build Time] Fetching all categories from: https://admin.promptland.in/api/get_categories
[Build Time] Successfully fetched 29 categories
[Build Time] Fetching prompts for category 29, subcategory none
[Build Time] Successfully fetched 13 prompts for category 29
[Build Time] Fetching all categories from: https://admin.promptland.in/api/get_categories
[Build Time] Successfully fetched 29 categories
[Build Time] Fetching prompts for category 29, subcategory none
[Build Time] Successfully fetched 13 prompts for category 29
[Build Time] Fetching all categories from: https://admin.promptland.in/api/get_categories
[Build Time] Successfully fetched 29 categories
[Build Time] Fetching prompts for category 29, subcategory none
[Build Time] Successfully fetched 13 prompts for category 29
[Build Time] Fetching all categories from: https://admin.promptland.in/api/get_categories
[Build Time] Successfully fetched 29 categories
[Build Time] Fetching prompts for category 29, subcategory none
[Build Time] Successfully fetched 13 prompts for category 29
ReferenceError: imageUrl is not defined
    at D (/home/jay/Desktop/prompt/.next/server/pages/category/sub-categories/[subcategories]/promptDetails/[promptSlug].js:1:4355)
    at /home/jay/Desktop/prompt/.next/server/pages/category/sub-categories/[subcategories]/promptDetails/[promptSlug].js:1:4820
    at Wc (/home/jay/Desktop/prompt/node_modules/react-dom/cjs/react-dom-server.browser.production.min.js:68:44)
    at Zc (/home/jay/Desktop/prompt/node_modules/react-dom/cjs/react-dom-server.browser.production.min.js:70:253)
    at Z (/home/jay/Desktop/prompt/node_modules/react-dom/cjs/react-dom-server.browser.production.min.js:76:89)
    at Zc (/home/jay/Desktop/prompt/node_modules/react-dom/cjs/react-dom-server.browser.production.min.js:70:481)
    at Z (/home/jay/Desktop/prompt/node_modules/react-dom/cjs/react-dom-server.browser.production.min.js:76:89)
    at $c (/home/jay/Desktop/prompt/node_modules/react-dom/cjs/react-dom-server.browser.production.min.js:78:98)
    at Zc (/home/jay/Desktop/prompt/node_modules/react-dom/cjs/react-dom-server.browser.production.min.js:71:145)
    at Z (/home/jay/Desktop/prompt/node_modules/react-dom/cjs/react-dom-server.browser.production.min.js:76:89)

Error occurred prerendering page "/category/sub-categories/black-and-white/promptDetails/ultra-realistic-4k-grayscale-fashion-collage". Read more: https://nextjs.org/docs/messages/prerender-error

ReferenceError: imageUrl is not defined
    at D (/home/jay/Desktop/prompt/.next/server/pages/category/sub-categories/[subcategories]/promptDetails/[promptSlug].js:1:4355)
    at /home/jay/Desktop/prompt/.next/server/pages/category/sub-categories/[subcategories]/promptDetails/[promptSlug].js:1:4820
    at Wc (/home/jay/Desktop/prompt/node_modules/react-dom/cjs/react-dom-server.browser.production.min.js:68:44)
    at Zc (/home/jay/Desktop/prompt/node_modules/react-dom/cjs/react-dom-server.browser.production.min.js:70:253)
    at Z (/home/jay/Desktop/prompt/node_modules/react-dom/cjs/react-dom-server.browser.production.min.js:76:89)
    at Zc (/home/jay/Desktop/prompt/node_modules/react-dom/cjs/react-dom-server.browser.production.min.js:70:481)
    at Z (/home/jay/Desktop/prompt/node_modules/react-dom/cjs/react-dom-server.browser.production.min.js:76:89)
    at $c (/home/jay/Desktop/prompt/node_modules/react-dom/cjs/react-dom-server.browser.production.min.js:78:98)
    at Zc (/home/jay/Desktop/prompt/node_modules/react-dom/cjs/react-dom-server.browser.production.min.js:71:145)
    at Z (/home/jay/Desktop/prompt/node_modules/react-dom/cjs/react-dom-server.browser.production.min.js:76:89)
ReferenceError: imageUrl is not defined
    at D (/home/jay/Desktop/prompt/.next/server/pages/category/sub-categories/[subcategories]/promptDetails/[promptSlug].js:1:4355)
    at /home/jay/Desktop/prompt/.next/server/pages/category/sub-categories/[subcategories]/promptDetails/[promptSlug].js:1:4820
    at Wc (/home/jay/Desktop/prompt/node_modules/react-dom/cjs/react-dom-server.browser.production.min.js:68:44)
    at Zc (/home/jay/Desktop/prompt/node_modules/react-dom/cjs/react-dom-server.browser.production.min.js:70:253)
    at Z (/home/jay/Desktop/prompt/node_modules/react-dom/cjs/react-dom-server.browser.production.min.js:76:89)
    at Zc (/home/jay/Desktop/prompt/node_modules/react-dom/cjs/react-dom-server.browser.production.min.js:70:481)
    at Z (/home/jay/Desktop/prompt/node_modules/react-dom/cjs/react-dom-server.browser.production.min.js:76:89)
    at $c (/home/jay/Desktop/prompt/node_modules/react-dom/cjs/react-dom-server.browser.production.min.js:78:98)
    at Zc (/home/jay/Desktop/prompt/node_modules/react-dom/cjs/react-dom-server.browser.production.min.js:71:145)
    at Z (/home/jay/Desktop/prompt/node_modules/react-dom/cjs/react-dom-server.browser.production.min.js:76:89)

Error occurred prerendering page "/category/sub-categories/black-and-white/promptDetails/dual-version-studio-portrait". Read more: https://nextjs.org/docs/messages/prerender-error

ReferenceError: imageUrl is not defined
    at D (/home/jay/Desktop/prompt/.next/server/pages/category/sub-categories/[subcategories]/promptDetails/[promptSlug].js:1:4355)
    at /home/jay/Desktop/prompt/.next/server/pages/category/sub-categories/[subcategories]/promptDetails/[promptSlug].js:1:4820
    at Wc (/home/jay/Desktop/prompt/node_modules/react-dom/cjs/react-dom-server.browser.production.min.js:68:44)
    at Zc (/home/jay/Desktop/prompt/node_modules/react-dom/cjs/react-dom-server.browser.production.min.js:70:253)
    at Z (/home/jay/Desktop/prompt/node_modules/react-dom/cjs/react-dom-server.browser.production.min.js:76:89)
    at Zc (/home/jay/Desktop/prompt/node_modules/react-dom/cjs/react-dom-server.browser.production.min.js:70:481)
    at Z (/home/jay/Desktop/prompt/node_modules/react-dom/cjs/react-dom-server.browser.production.min.js:76:89)
    at $c (/home/jay/Desktop/prompt/node_modules/react-dom/cjs/react-dom-server.browser.production.min.js:78:98)
    at Zc (/home/jay/Desktop/prompt/node_modules/react-dom/cjs/react-dom-server.browser.production.min.js:71:145)
    at Z (/home/jay/Desktop/prompt/node_modules/react-dom/cjs/react-dom-server.browser.production.min.js:76:89)
ReferenceError: imageUrl is not defined
    at D (/home/jay/Desktop/prompt/.next/server/pages/category/sub-categories/[subcategories]/promptDetails/[promptSlug].js:1:4355)
    at /home/jay/Desktop/prompt/.next/server/pages/category/sub-categories/[subcategories]/promptDetails/[promptSlug].js:1:4820
    at Wc (/home/jay/Desktop/prompt/node_modules/react-dom/cjs/react-dom-server.browser.production.min.js:68:44)
    at Zc (/home/jay/Desktop/prompt/node_modules/react-dom/cjs/react-dom-server.browser.production.min.js:70:253)
    at Z (/home/jay/Desktop/prompt/node_modules/react-dom/cjs/react-dom-server.browser.production.min.js:76:89)
    at Zc (/home/jay/Desktop/prompt/node_modules/react-dom/cjs/react-dom-server.browser.production.min.js:70:481)
    at Z (/home/jay/Desktop/prompt/node_modules/react-dom/cjs/react-dom-server.browser.production.min.js:76:89)
    at $c (/home/jay/Desktop/prompt/node_modules/react-dom/cjs/react-dom-server.browser.production.min.js:78:98)
    at Zc (/home/jay/Desktop/prompt/node_modules/react-dom/cjs/react-dom-server.browser.production.min.js:71:145)
    at Z (/home/jay/Desktop/prompt/node_modules/react-dom/cjs/react-dom-server.browser.production.min.js:76:89)

Error occurred prerendering page "/category/sub-categories/black-and-white/promptDetails/cinematic-dual-portrait-with-smoke". Read more: https://nextjs.org/docs/messages/prerender-error

ReferenceError: imageUrl is not defined
    at D (/home/jay/Desktop/prompt/.next/server/pages/category/sub-categories/[subcategories]/promptDetails/[promptSlug].js:1:4355)
    at /home/jay/Desktop/prompt/.next/server/pages/category/sub-categories/[subcategories]/promptDetails/[promptSlug].js:1:4820
    at Wc (/home/jay/Desktop/prompt/node_modules/react-dom/cjs/react-dom-server.browser.production.min.js:68:44)
    at Zc (/home/jay/Desktop/prompt/node_modules/react-dom/cjs/react-dom-server.browser.production.min.js:70:253)
    at Z (/home/jay/Desktop/prompt/node_modules/react-dom/cjs/react-dom-server.browser.production.min.js:76:89)
    at Zc (/home/jay/Desktop/prompt/node_modules/react-dom/cjs/react-dom-server.browser.production.min.js:70:481)
    at Z (/home/jay/Desktop/prompt/node_modules/react-dom/cjs/react-dom-server.browser.production.min.js:76:89)
    at $c (/home/jay/Desktop/prompt/node_modules/react-dom/cjs/react-dom-server.browser.production.min.js:78:98)
    at Zc (/home/jay/Desktop/prompt/node_modules/react-dom/cjs/react-dom-server.browser.production.min.js:71:145)
    at Z (/home/jay/Desktop/prompt/node_modules/react-dom/cjs/react-dom-server.browser.production.min.js:76:89)
ReferenceError: imageUrl is not defined
    at D (/home/jay/Desktop/prompt/.next/server/pages/category/sub-categories/[subcategories]/promptDetails/[promptSlug].js:1:4355)
    at /home/jay/Desktop/prompt/.next/server/pages/category/sub-categories/[subcategories]/promptDetails/[promptSlug].js:1:4820
    at Wc (/home/jay/Desktop/prompt/node_modules/react-dom/cjs/react-dom-server.browser.production.min.js:68:44)
    at Zc (/home/jay/Desktop/prompt/node_modules/react-dom/cjs/react-dom-server.browser.production.min.js:70:253)
    at Z (/home/jay/Desktop/prompt/node_modules/react-dom/cjs/react-dom-server.browser.production.min.js:76:89)
    at Zc (/home/jay/Desktop/prompt/node_modules/react-dom/cjs/react-dom-server.browser.production.min.js:70:481)
    at Z (/home/jay/Desktop/prompt/node_modules/react-dom/cjs/react-dom-server.browser.production.min.js:76:89)
    at $c (/home/jay/Desktop/prompt/node_modules/react-dom/cjs/react-dom-server.browser.production.min.js:78:98)
    at Zc (/home/jay/Desktop/prompt/node_modules/react-dom/cjs/react-dom-server.browser.production.min.js:71:145)
    at Z (/home/jay/Desktop/prompt/node_modules/react-dom/cjs/react-dom-server.browser.production.min.js:76:89)

Error occurred prerendering page "/category/sub-categories/black-and-white/promptDetails/dual-expression-ultra-realistic-portrait". Read more: https://nextjs.org/docs/messages/prerender-error

ReferenceError: imageUrl is not defined
    at D (/home/jay/Desktop/prompt/.next/server/pages/category/sub-categories/[subcategories]/promptDetails/[promptSlug].js:1:4355)
    at /home/jay/Desktop/prompt/.next/server/pages/category/sub-categories/[subcategories]/promptDetails/[promptSlug].js:1:4820
    at Wc (/home/jay/Desktop/prompt/node_modules/react-dom/cjs/react-dom-server.browser.production.min.js:68:44)
    at Zc (/home/jay/Desktop/prompt/node_modules/react-dom/cjs/react-dom-server.browser.production.min.js:70:253)
    at Z (/home/jay/Desktop/prompt/node_modules/react-dom/cjs/react-dom-server.browser.production.min.js:76:89)
    at Zc (/home/jay/Desktop/prompt/node_modules/react-dom/cjs/react-dom-server.browser.production.min.js:70:481)
    at Z (/home/jay/Desktop/prompt/node_modules/react-dom/cjs/react-dom-server.browser.production.min.js:76:89)
    at $c (/home/jay/Desktop/prompt/node_modules/react-dom/cjs/react-dom-server.browser.production.min.js:78:98)
    at Zc (/home/jay/Desktop/prompt/node_modules/react-dom/cjs/react-dom-server.browser.production.min.js:71:145)
    at Z (/home/jay/Desktop/prompt/node_modules/react-dom/cjs/react-dom-server.browser.production.min.js:76:89)
ReferenceError: imageUrl is not defined
    at D (/home/jay/Desktop/prompt/.next/server/pages/category/sub-categories/[subcategories]/promptDetails/[promptSlug].js:1:4355)
    at /home/jay/Desktop/prompt/.next/server/pages/category/sub-categories/[subcategories]/promptDetails/[promptSlug].js:1:4820
    at Wc (/home/jay/Desktop/prompt/node_modules/react-dom/cjs/react-dom-server.browser.production.min.js:68:44)
    at Zc (/home/jay/Desktop/prompt/node_modules/react-dom/cjs/react-dom-server.browser.production.min.js:70:253)
    at Z (/home/jay/Desktop/prompt/node_modules/react-dom/cjs/react-dom-server.browser.production.min.js:76:89)
    at Zc (/home/jay/Desktop/prompt/node_modules/react-dom/cjs/react-dom-server.browser.production.min.js:70:481)
    at Z (/home/jay/Desktop/prompt/node_modules/react-dom/cjs/react-dom-server.browser.production.min.js:76:89)
    at $c (/home/jay/Desktop/prompt/node_modules/react-dom/cjs/react-dom-server.browser.production.min.js:78:98)
    at Zc (/home/jay/Desktop/prompt/node_modules/react-dom/cjs/react-dom-server.browser.production.min.js:71:145)
    at Z (/home/jay/Desktop/prompt/node_modules/react-dom/cjs/react-dom-server.browser.production.min.js:76:89)

Error occurred prerendering page "/category/sub-categories/black-and-white/promptDetails/dual-pose-cinematic-fashion-poster". Read more: https://nextjs.org/docs/messages/prerender-error

ReferenceError: imageUrl is not defined
    at D (/home/jay/Desktop/prompt/.next/server/pages/category/sub-categories/[subcategories]/promptDetails/[promptSlug].js:1:4355)
    at /home/jay/Desktop/prompt/.next/server/pages/category/sub-categories/[subcategories]/promptDetails/[promptSlug].js:1:4820
    at Wc (/home/jay/Desktop/prompt/node_modules/react-dom/cjs/react-dom-server.browser.production.min.js:68:44)
    at Zc (/home/jay/Desktop/prompt/node_modules/react-dom/cjs/react-dom-server.browser.production.min.js:70:253)
    at Z (/home/jay/Desktop/prompt/node_modules/react-dom/cjs/react-dom-server.browser.production.min.js:76:89)
    at Zc (/home/jay/Desktop/prompt/node_modules/react-dom/cjs/react-dom-server.browser.production.min.js:70:481)
    at Z (/home/jay/Desktop/prompt/node_modules/react-dom/cjs/react-dom-server.browser.production.min.js:76:89)
    at $c (/home/jay/Desktop/prompt/node_modules/react-dom/cjs/react-dom-server.browser.production.min.js:78:98)
    at Zc (/home/jay/Desktop/prompt/node_modules/react-dom/cjs/react-dom-server.browser.production.min.js:71:145)
    at Z (/home/jay/Desktop/prompt/node_modules/react-dom/cjs/react-dom-server.browser.production.min.js:76:89)
   Generating static pages (336/673) 
[Build Time] Fetching all categories from: https://admin.promptland.in/api/get_categories
[Build Time] Successfully fetched 29 categories
[Build Time] Fetching prompts for category 29, subcategory none
[Build Time] Successfully fetched 13 prompts for category 29
[Build Time] Fetching all categories from: https://admin.promptland.in/api/get_categories
[Build Time] Successfully fetched 29 categories
[Build Time] Fetching prompts for category 29, subcategory none
[Build Time] Successfully fetched 13 prompts for category 29
ReferenceError: imageUrl is not defined
    at D (/home/jay/Desktop/prompt/.next/server/pages/category/sub-categories/[subcategories]/promptDetails/[promptSlug].js:1:4355)
    at /home/jay/Desktop/prompt/.next/server/pages/category/sub-categories/[subcategories]/promptDetails/[promptSlug].js:1:4820
    at Wc (/home/jay/Desktop/prompt/node_modules/react-dom/cjs/react-dom-server.browser.production.min.js:68:44)
    at Zc (/home/jay/Desktop/prompt/node_modules/react-dom/cjs/react-dom-server.browser.production.min.js:70:253)
    at Z (/home/jay/Desktop/prompt/node_modules/react-dom/cjs/react-dom-server.browser.production.min.js:76:89)
    at Zc (/home/jay/Desktop/prompt/node_modules/react-dom/cjs/react-dom-server.browser.production.min.js:70:481)
    at Z (/home/jay/Desktop/prompt/node_modules/react-dom/cjs/react-dom-server.browser.production.min.js:76:89)
    at $c (/home/jay/Desktop/prompt/node_modules/react-dom/cjs/react-dom-server.browser.production.min.js:78:98)
    at Zc (/home/jay/Desktop/prompt/node_modules/react-dom/cjs/react-dom-server.browser.production.min.js:71:145)
    at Z (/home/jay/Desktop/prompt/node_modules/react-dom/cjs/react-dom-server.browser.production.min.js:76:89)

Error occurred prerendering page "/category/sub-categories/black-and-white/promptDetails/emotional-duality-vertical-poster". Read more: https://nextjs.org/docs/messages/prerender-error

ReferenceError: imageUrl is not defined
    at D (/home/jay/Desktop/prompt/.next/server/pages/category/sub-categories/[subcategories]/promptDetails/[promptSlug].js:1:4355)
    at /home/jay/Desktop/prompt/.next/server/pages/category/sub-categories/[subcategories]/promptDetails/[promptSlug].js:1:4820
    at Wc (/home/jay/Desktop/prompt/node_modules/react-dom/cjs/react-dom-server.browser.production.min.js:68:44)
    at Zc (/home/jay/Desktop/prompt/node_modules/react-dom/cjs/react-dom-server.browser.production.min.js:70:253)
    at Z (/home/jay/Desktop/prompt/node_modules/react-dom/cjs/react-dom-server.browser.production.min.js:76:89)
    at Zc (/home/jay/Desktop/prompt/node_modules/react-dom/cjs/react-dom-server.browser.production.min.js:70:481)
    at Z (/home/jay/Desktop/prompt/node_modules/react-dom/cjs/react-dom-server.browser.production.min.js:76:89)
    at $c (/home/jay/Desktop/prompt/node_modules/react-dom/cjs/react-dom-server.browser.production.min.js:78:98)
    at Zc (/home/jay/Desktop/prompt/node_modules/react-dom/cjs/react-dom-server.browser.production.min.js:71:145)
    at Z (/home/jay/Desktop/prompt/node_modules/react-dom/cjs/react-dom-server.browser.production.min.js:76:89)
ReferenceError: imageUrl is not defined
    at D (/home/jay/Desktop/prompt/.next/server/pages/category/sub-categories/[subcategories]/promptDetails/[promptSlug].js:1:4355)
    at /home/jay/Desktop/prompt/.next/server/pages/category/sub-categories/[subcategories]/promptDetails/[promptSlug].js:1:4820
    at Wc (/home/jay/Desktop/prompt/node_modules/react-dom/cjs/react-dom-server.browser.production.min.js:68:44)
    at Zc (/home/jay/Desktop/prompt/node_modules/react-dom/cjs/react-dom-server.browser.production.min.js:70:253)
    at Z (/home/jay/Desktop/prompt/node_modules/react-dom/cjs/react-dom-server.browser.production.min.js:76:89)
    at Zc (/home/jay/Desktop/prompt/node_modules/react-dom/cjs/react-dom-server.browser.production.min.js:70:481)
    at Z (/home/jay/Desktop/prompt/node_modules/react-dom/cjs/react-dom-server.browser.production.min.js:76:89)
    at $c (/home/jay/Desktop/prompt/node_modules/react-dom/cjs/react-dom-server.browser.production.min.js:78:98)
    at Zc (/home/jay/Desktop/prompt/node_modules/react-dom/cjs/react-dom-server.browser.production.min.js:71:145)
    at Z (/home/jay/Desktop/prompt/node_modules/react-dom/cjs/react-dom-server.browser.production.min.js:76:89)

Error occurred prerendering page "/category/sub-categories/black-and-white/promptDetails/studio-fashion-dual-portrait". Read more: https://nextjs.org/docs/messages/prerender-error

ReferenceError: imageUrl is not defined
    at D (/home/jay/Desktop/prompt/.next/server/pages/category/sub-categories/[subcategories]/promptDetails/[promptSlug].js:1:4355)
    at /home/jay/Desktop/prompt/.next/server/pages/category/sub-categories/[subcategories]/promptDetails/[promptSlug].js:1:4820
    at Wc (/home/jay/Desktop/prompt/node_modules/react-dom/cjs/react-dom-server.browser.production.min.js:68:44)
    at Zc (/home/jay/Desktop/prompt/node_modules/react-dom/cjs/react-dom-server.browser.production.min.js:70:253)
    at Z (/home/jay/Desktop/prompt/node_modules/react-dom/cjs/react-dom-server.browser.production.min.js:76:89)
    at Zc (/home/jay/Desktop/prompt/node_modules/react-dom/cjs/react-dom-server.browser.production.min.js:70:481)
    at Z (/home/jay/Desktop/prompt/node_modules/react-dom/cjs/react-dom-server.browser.production.min.js:76:89)
    at $c (/home/jay/Desktop/prompt/node_modules/react-dom/cjs/react-dom-server.browser.production.min.js:78:98)
    at Zc (/home/jay/Desktop/prompt/node_modules/react-dom/cjs/react-dom-server.browser.production.min.js:71:145)
    at Z (/home/jay/Desktop/prompt/node_modules/react-dom/cjs/react-dom-server.browser.production.min.js:76:89)
[Build Time] Fetching all categories from: https://admin.promptland.in/api/get_categories
[Build Time] Successfully fetched 29 categories
[Build Time] Fetching prompts for category 29, subcategory none
[Build Time] Successfully fetched 13 prompts for category 29
[Build Time] Fetching all categories from: https://admin.promptland.in/api/get_categories
[Build Time] Successfully fetched 29 categories
[Build Time] Fetching prompts for category 29, subcategory none
[Build Time] Successfully fetched 13 prompts for category 29
[Build Time] Fetching all categories from: https://admin.promptland.in/api/get_categories
[Build Time] Successfully fetched 29 categories
[Build Time] Fetching prompts for category 29, subcategory none
[Build Time] Successfully fetched 13 prompts for category 29
[Build Time] Fetching all categories from: https://admin.promptland.in/api/get_categories
[Build Time] Successfully fetched 29 categories
[Build Time] Fetching prompts for category 29, subcategory none
[Build Time] Successfully fetched 13 prompts for category 29
ReferenceError: imageUrl is not defined
    at D (/home/jay/Desktop/prompt/.next/server/pages/category/sub-categories/[subcategories]/promptDetails/[promptSlug].js:1:4355)
    at /home/jay/Desktop/prompt/.next/server/pages/category/sub-categories/[subcategories]/promptDetails/[promptSlug].js:1:4820
    at Wc (/home/jay/Desktop/prompt/node_modules/react-dom/cjs/react-dom-server.browser.production.min.js:68:44)
    at Zc (/home/jay/Desktop/prompt/node_modules/react-dom/cjs/react-dom-server.browser.production.min.js:70:253)
    at Z (/home/jay/Desktop/prompt/node_modules/react-dom/cjs/react-dom-server.browser.production.min.js:76:89)
    at Zc (/home/jay/Desktop/prompt/node_modules/react-dom/cjs/react-dom-server.browser.production.min.js:70:481)
    at Z (/home/jay/Desktop/prompt/node_modules/react-dom/cjs/react-dom-server.browser.production.min.js:76:89)
    at $c (/home/jay/Desktop/prompt/node_modules/react-dom/cjs/react-dom-server.browser.production.min.js:78:98)
    at Zc (/home/jay/Desktop/prompt/node_modules/react-dom/cjs/react-dom-server.browser.production.min.js:71:145)
    at Z (/home/jay/Desktop/prompt/node_modules/react-dom/cjs/react-dom-server.browser.production.min.js:76:89)

Error occurred prerendering page "/category/sub-categories/black-and-white/promptDetails/torn-paper-dual-personality-portrait". Read more: https://nextjs.org/docs/messages/prerender-error

ReferenceError: imageUrl is not defined
    at D (/home/jay/Desktop/prompt/.next/server/pages/category/sub-categories/[subcategories]/promptDetails/[promptSlug].js:1:4355)
    at /home/jay/Desktop/prompt/.next/server/pages/category/sub-categories/[subcategories]/promptDetails/[promptSlug].js:1:4820
    at Wc (/home/jay/Desktop/prompt/node_modules/react-dom/cjs/react-dom-server.browser.production.min.js:68:44)
    at Zc (/home/jay/Desktop/prompt/node_modules/react-dom/cjs/react-dom-server.browser.production.min.js:70:253)
    at Z (/home/jay/Desktop/prompt/node_modules/react-dom/cjs/react-dom-server.browser.production.min.js:76:89)
    at Zc (/home/jay/Desktop/prompt/node_modules/react-dom/cjs/react-dom-server.browser.production.min.js:70:481)
    at Z (/home/jay/Desktop/prompt/node_modules/react-dom/cjs/react-dom-server.browser.production.min.js:76:89)
    at $c (/home/jay/Desktop/prompt/node_modules/react-dom/cjs/react-dom-server.browser.production.min.js:78:98)
    at Zc (/home/jay/Desktop/prompt/node_modules/react-dom/cjs/react-dom-server.browser.production.min.js:71:145)
    at Z (/home/jay/Desktop/prompt/node_modules/react-dom/cjs/react-dom-server.browser.production.min.js:76:89)
ReferenceError: imageUrl is not defined
    at D (/home/jay/Desktop/prompt/.next/server/pages/category/sub-categories/[subcategories]/promptDetails/[promptSlug].js:1:4355)
    at /home/jay/Desktop/prompt/.next/server/pages/category/sub-categories/[subcategories]/promptDetails/[promptSlug].js:1:4820
    at Wc (/home/jay/Desktop/prompt/node_modules/react-dom/cjs/react-dom-server.browser.production.min.js:68:44)
    at Zc (/home/jay/Desktop/prompt/node_modules/react-dom/cjs/react-dom-server.browser.production.min.js:70:253)
    at Z (/home/jay/Desktop/prompt/node_modules/react-dom/cjs/react-dom-server.browser.production.min.js:76:89)
    at Zc (/home/jay/Desktop/prompt/node_modules/react-dom/cjs/react-dom-server.browser.production.min.js:70:481)
    at Z (/home/jay/Desktop/prompt/node_modules/react-dom/cjs/react-dom-server.browser.production.min.js:76:89)
    at $c (/home/jay/Desktop/prompt/node_modules/react-dom/cjs/react-dom-server.browser.production.min.js:78:98)
    at Zc (/home/jay/Desktop/prompt/node_modules/react-dom/cjs/react-dom-server.browser.production.min.js:71:145)
    at Z (/home/jay/Desktop/prompt/node_modules/react-dom/cjs/react-dom-server.browser.production.min.js:76:89)

Error occurred prerendering page "/category/sub-categories/black-and-white/promptDetails/torn-paper-minimal-portrait". Read more: https://nextjs.org/docs/messages/prerender-error

ReferenceError: imageUrl is not defined
    at D (/home/jay/Desktop/prompt/.next/server/pages/category/sub-categories/[subcategories]/promptDetails/[promptSlug].js:1:4355)
    at /home/jay/Desktop/prompt/.next/server/pages/category/sub-categories/[subcategories]/promptDetails/[promptSlug].js:1:4820
    at Wc (/home/jay/Desktop/prompt/node_modules/react-dom/cjs/react-dom-server.browser.production.min.js:68:44)
    at Zc (/home/jay/Desktop/prompt/node_modules/react-dom/cjs/react-dom-server.browser.production.min.js:70:253)
    at Z (/home/jay/Desktop/prompt/node_modules/react-dom/cjs/react-dom-server.browser.production.min.js:76:89)
    at Zc (/home/jay/Desktop/prompt/node_modules/react-dom/cjs/react-dom-server.browser.production.min.js:70:481)
    at Z (/home/jay/Desktop/prompt/node_modules/react-dom/cjs/react-dom-server.browser.production.min.js:76:89)
    at $c (/home/jay/Desktop/prompt/node_modules/react-dom/cjs/react-dom-server.browser.production.min.js:78:98)
    at Zc (/home/jay/Desktop/prompt/node_modules/react-dom/cjs/react-dom-server.browser.production.min.js:71:145)
    at Z (/home/jay/Desktop/prompt/node_modules/react-dom/cjs/react-dom-server.browser.production.min.js:76:89)
ReferenceError: imageUrl is not defined
    at D (/home/jay/Desktop/prompt/.next/server/pages/category/sub-categories/[subcategories]/promptDetails/[promptSlug].js:1:4355)
    at /home/jay/Desktop/prompt/.next/server/pages/category/sub-categories/[subcategories]/promptDetails/[promptSlug].js:1:4820
    at Wc (/home/jay/Desktop/prompt/node_modules/react-dom/cjs/react-dom-server.browser.production.min.js:68:44)
    at Zc (/home/jay/Desktop/prompt/node_modules/react-dom/cjs/react-dom-server.browser.production.min.js:70:253)
    at Z (/home/jay/Desktop/prompt/node_modules/react-dom/cjs/react-dom-server.browser.production.min.js:76:89)
    at Zc (/home/jay/Desktop/prompt/node_modules/react-dom/cjs/react-dom-server.browser.production.min.js:70:481)
    at Z (/home/jay/Desktop/prompt/node_modules/react-dom/cjs/react-dom-server.browser.production.min.js:76:89)
    at $c (/home/jay/Desktop/prompt/node_modules/react-dom/cjs/react-dom-server.browser.production.min.js:78:98)
    at Zc (/home/jay/Desktop/prompt/node_modules/react-dom/cjs/react-dom-server.browser.production.min.js:71:145)
    at Z (/home/jay/Desktop/prompt/node_modules/react-dom/cjs/react-dom-server.browser.production.min.js:76:89)

Error occurred prerendering page "/category/sub-categories/black-and-white/promptDetails/crimson-torn-paper-portrait". Read more: https://nextjs.org/docs/messages/prerender-error

ReferenceError: imageUrl is not defined
    at D (/home/jay/Desktop/prompt/.next/server/pages/category/sub-categories/[subcategories]/promptDetails/[promptSlug].js:1:4355)
    at /home/jay/Desktop/prompt/.next/server/pages/category/sub-categories/[subcategories]/promptDetails/[promptSlug].js:1:4820
    at Wc (/home/jay/Desktop/prompt/node_modules/react-dom/cjs/react-dom-server.browser.production.min.js:68:44)
    at Zc (/home/jay/Desktop/prompt/node_modules/react-dom/cjs/react-dom-server.browser.production.min.js:70:253)
    at Z (/home/jay/Desktop/prompt/node_modules/react-dom/cjs/react-dom-server.browser.production.min.js:76:89)
    at Zc (/home/jay/Desktop/prompt/node_modules/react-dom/cjs/react-dom-server.browser.production.min.js:70:481)
    at Z (/home/jay/Desktop/prompt/node_modules/react-dom/cjs/react-dom-server.browser.production.min.js:76:89)
    at $c (/home/jay/Desktop/prompt/node_modules/react-dom/cjs/react-dom-server.browser.production.min.js:78:98)
    at Zc (/home/jay/Desktop/prompt/node_modules/react-dom/cjs/react-dom-server.browser.production.min.js:71:145)
    at Z (/home/jay/Desktop/prompt/node_modules/react-dom/cjs/react-dom-server.browser.production.min.js:76:89)
ReferenceError: imageUrl is not defined
    at D (/home/jay/Desktop/prompt/.next/server/pages/category/sub-categories/[subcategories]/promptDetails/[promptSlug].js:1:4355)
    at /home/jay/Desktop/prompt/.next/server/pages/category/sub-categories/[subcategories]/promptDetails/[promptSlug].js:1:4820
    at Wc (/home/jay/Desktop/prompt/node_modules/react-dom/cjs/react-dom-server.browser.production.min.js:68:44)
    at Zc (/home/jay/Desktop/prompt/node_modules/react-dom/cjs/react-dom-server.browser.production.min.js:70:253)
    at Z (/home/jay/Desktop/prompt/node_modules/react-dom/cjs/react-dom-server.browser.production.min.js:76:89)
    at Zc (/home/jay/Desktop/prompt/node_modules/react-dom/cjs/react-dom-server.browser.production.min.js:70:481)
    at Z (/home/jay/Desktop/prompt/node_modules/react-dom/cjs/react-dom-server.browser.production.min.js:76:89)
    at $c (/home/jay/Desktop/prompt/node_modules/react-dom/cjs/react-dom-server.browser.production.min.js:78:98)
    at Zc (/home/jay/Desktop/prompt/node_modules/react-dom/cjs/react-dom-server.browser.production.min.js:71:145)
    at Z (/home/jay/Desktop/prompt/node_modules/react-dom/cjs/react-dom-server.browser.production.min.js:76:89)

Error occurred prerendering page "/category/sub-categories/black-and-white/promptDetails/cyberpunk-torn-portrait". Read more: https://nextjs.org/docs/messages/prerender-error

ReferenceError: imageUrl is not defined
    at D (/home/jay/Desktop/prompt/.next/server/pages/category/sub-categories/[subcategories]/promptDetails/[promptSlug].js:1:4355)
    at /home/jay/Desktop/prompt/.next/server/pages/category/sub-categories/[subcategories]/promptDetails/[promptSlug].js:1:4820
    at Wc (/home/jay/Desktop/prompt/node_modules/react-dom/cjs/react-dom-server.browser.production.min.js:68:44)
    at Zc (/home/jay/Desktop/prompt/node_modules/react-dom/cjs/react-dom-server.browser.production.min.js:70:253)
    at Z (/home/jay/Desktop/prompt/node_modules/react-dom/cjs/react-dom-server.browser.production.min.js:76:89)
    at Zc (/home/jay/Desktop/prompt/node_modules/react-dom/cjs/react-dom-server.browser.production.min.js:70:481)
    at Z (/home/jay/Desktop/prompt/node_modules/react-dom/cjs/react-dom-server.browser.production.min.js:76:89)
    at $c (/home/jay/Desktop/prompt/node_modules/react-dom/cjs/react-dom-server.browser.production.min.js:78:98)
    at Zc (/home/jay/Desktop/prompt/node_modules/react-dom/cjs/react-dom-server.browser.production.min.js:71:145)
    at Z (/home/jay/Desktop/prompt/node_modules/react-dom/cjs/react-dom-server.browser.production.min.js:76:89)
ReferenceError: imageUrl is not defined
    at D (/home/jay/Desktop/prompt/.next/server/pages/category/sub-categories/[subcategories]/promptDetails/[promptSlug].js:1:4355)
    at /home/jay/Desktop/prompt/.next/server/pages/category/sub-categories/[subcategories]/promptDetails/[promptSlug].js:1:4820
    at Wc (/home/jay/Desktop/prompt/node_modules/react-dom/cjs/react-dom-server.browser.production.min.js:68:44)
    at Zc (/home/jay/Desktop/prompt/node_modules/react-dom/cjs/react-dom-server.browser.production.min.js:70:253)
    at Z (/home/jay/Desktop/prompt/node_modules/react-dom/cjs/react-dom-server.browser.production.min.js:76:89)
    at Zc (/home/jay/Desktop/prompt/node_modules/react-dom/cjs/react-dom-server.browser.production.min.js:70:481)
    at Z (/home/jay/Desktop/prompt/node_modules/react-dom/cjs/react-dom-server.browser.production.min.js:76:89)
    at $c (/home/jay/Desktop/prompt/node_modules/react-dom/cjs/react-dom-server.browser.production.min.js:78:98)
    at Zc (/home/jay/Desktop/prompt/node_modules/react-dom/cjs/react-dom-server.browser.production.min.js:71:145)
    at Z (/home/jay/Desktop/prompt/node_modules/react-dom/cjs/react-dom-server.browser.production.min.js:76:89)

Error occurred prerendering page "/category/sub-categories/black-and-white/promptDetails/candlelight-cinematic-portrait". Read more: https://nextjs.org/docs/messages/prerender-error

ReferenceError: imageUrl is not defined
    at D (/home/jay/Desktop/prompt/.next/server/pages/category/sub-categories/[subcategories]/promptDetails/[promptSlug].js:1:4355)
    at /home/jay/Desktop/prompt/.next/server/pages/category/sub-categories/[subcategories]/promptDetails/[promptSlug].js:1:4820
    at Wc (/home/jay/Desktop/prompt/node_modules/react-dom/cjs/react-dom-server.browser.production.min.js:68:44)
    at Zc (/home/jay/Desktop/prompt/node_modules/react-dom/cjs/react-dom-server.browser.production.min.js:70:253)
    at Z (/home/jay/Desktop/prompt/node_modules/react-dom/cjs/react-dom-server.browser.production.min.js:76:89)
    at Zc (/home/jay/Desktop/prompt/node_modules/react-dom/cjs/react-dom-server.browser.production.min.js:70:481)
    at Z (/home/jay/Desktop/prompt/node_modules/react-dom/cjs/react-dom-server.browser.production.min.js:76:89)
    at $c (/home/jay/Desktop/prompt/node_modules/react-dom/cjs/react-dom-server.browser.production.min.js:78:98)
    at Zc (/home/jay/Desktop/prompt/node_modules/react-dom/cjs/react-dom-server.browser.production.min.js:71:145)
    at Z (/home/jay/Desktop/prompt/node_modules/react-dom/cjs/react-dom-server.browser.production.min.js:76:89)
[Build Time] Fetching all categories from: https://admin.promptland.in/api/get_categories
[Build Time] Successfully fetched 29 categories
[Build Time] Fetching prompts for category 29, subcategory none
[Build Time] Successfully fetched 13 prompts for category 29
[Build Time] Fetching all categories from: https://admin.promptland.in/api/get_categories
[Build Time] Successfully fetched 29 categories
[Build Time] Fetching prompts for category 32, subcategory none
[Build Time] Successfully fetched 2 prompts for category 32
ReferenceError: imageUrl is not defined
    at D (/home/jay/Desktop/prompt/.next/server/pages/category/sub-categories/[subcategories]/promptDetails/[promptSlug].js:1:4355)
    at /home/jay/Desktop/prompt/.next/server/pages/category/sub-categories/[subcategories]/promptDetails/[promptSlug].js:1:4820
    at Wc (/home/jay/Desktop/prompt/node_modules/react-dom/cjs/react-dom-server.browser.production.min.js:68:44)
    at Zc (/home/jay/Desktop/prompt/node_modules/react-dom/cjs/react-dom-server.browser.production.min.js:70:253)
    at Z (/home/jay/Desktop/prompt/node_modules/react-dom/cjs/react-dom-server.browser.production.min.js:76:89)
    at Zc (/home/jay/Desktop/prompt/node_modules/react-dom/cjs/react-dom-server.browser.production.min.js:70:481)
    at Z (/home/jay/Desktop/prompt/node_modules/react-dom/cjs/react-dom-server.browser.production.min.js:76:89)
    at $c (/home/jay/Desktop/prompt/node_modules/react-dom/cjs/react-dom-server.browser.production.min.js:78:98)
    at Zc (/home/jay/Desktop/prompt/node_modules/react-dom/cjs/react-dom-server.browser.production.min.js:71:145)
    at Z (/home/jay/Desktop/prompt/node_modules/react-dom/cjs/react-dom-server.browser.production.min.js:76:89)

Error occurred prerendering page "/category/sub-categories/black-and-white/promptDetails/futuristic-monochrome-ai-portrait". Read more: https://nextjs.org/docs/messages/prerender-error

ReferenceError: imageUrl is not defined
    at D (/home/jay/Desktop/prompt/.next/server/pages/category/sub-categories/[subcategories]/promptDetails/[promptSlug].js:1:4355)
    at /home/jay/Desktop/prompt/.next/server/pages/category/sub-categories/[subcategories]/promptDetails/[promptSlug].js:1:4820
    at Wc (/home/jay/Desktop/prompt/node_modules/react-dom/cjs/react-dom-server.browser.production.min.js:68:44)
    at Zc (/home/jay/Desktop/prompt/node_modules/react-dom/cjs/react-dom-server.browser.production.min.js:70:253)
    at Z (/home/jay/Desktop/prompt/node_modules/react-dom/cjs/react-dom-server.browser.production.min.js:76:89)
    at Zc (/home/jay/Desktop/prompt/node_modules/react-dom/cjs/react-dom-server.browser.production.min.js:70:481)
    at Z (/home/jay/Desktop/prompt/node_modules/react-dom/cjs/react-dom-server.browser.production.min.js:76:89)
    at $c (/home/jay/Desktop/prompt/node_modules/react-dom/cjs/react-dom-server.browser.production.min.js:78:98)
    at Zc (/home/jay/Desktop/prompt/node_modules/react-dom/cjs/react-dom-server.browser.production.min.js:71:145)
    at Z (/home/jay/Desktop/prompt/node_modules/react-dom/cjs/react-dom-server.browser.production.min.js:76:89)
[Build Time] Fetching all categories from: https://admin.promptland.in/api/get_categories
[Build Time] Successfully fetched 29 categories
[Build Time] Fetching prompts for category 32, subcategory none
[Build Time] Successfully fetched 2 prompts for category 32
ReferenceError: imageUrl is not defined
    at D (/home/jay/Desktop/prompt/.next/server/pages/category/sub-categories/[subcategories]/promptDetails/[promptSlug].js:1:4355)
    at /home/jay/Desktop/prompt/.next/server/pages/category/sub-categories/[subcategories]/promptDetails/[promptSlug].js:1:4820
    at Wc (/home/jay/Desktop/prompt/node_modules/react-dom/cjs/react-dom-server.browser.production.min.js:68:44)
    at Zc (/home/jay/Desktop/prompt/node_modules/react-dom/cjs/react-dom-server.browser.production.min.js:70:253)
    at Z (/home/jay/Desktop/prompt/node_modules/react-dom/cjs/react-dom-server.browser.production.min.js:76:89)
    at Zc (/home/jay/Desktop/prompt/node_modules/react-dom/cjs/react-dom-server.browser.production.min.js:70:481)
    at Z (/home/jay/Desktop/prompt/node_modules/react-dom/cjs/react-dom-server.browser.production.min.js:76:89)
    at $c (/home/jay/Desktop/prompt/node_modules/react-dom/cjs/react-dom-server.browser.production.min.js:78:98)
    at Zc (/home/jay/Desktop/prompt/node_modules/react-dom/cjs/react-dom-server.browser.production.min.js:71:145)
    at Z (/home/jay/Desktop/prompt/node_modules/react-dom/cjs/react-dom-server.browser.production.min.js:76:89)

Error occurred prerendering page "/category/sub-categories/the-templates-perfection/promptDetails/traditional-kanjivaram-staircase-portrait". Read more: https://nextjs.org/docs/messages/prerender-error

ReferenceError: imageUrl is not defined
    at D (/home/jay/Desktop/prompt/.next/server/pages/category/sub-categories/[subcategories]/promptDetails/[promptSlug].js:1:4355)
    at /home/jay/Desktop/prompt/.next/server/pages/category/sub-categories/[subcategories]/promptDetails/[promptSlug].js:1:4820
    at Wc (/home/jay/Desktop/prompt/node_modules/react-dom/cjs/react-dom-server.browser.production.min.js:68:44)
    at Zc (/home/jay/Desktop/prompt/node_modules/react-dom/cjs/react-dom-server.browser.production.min.js:70:253)
    at Z (/home/jay/Desktop/prompt/node_modules/react-dom/cjs/react-dom-server.browser.production.min.js:76:89)
    at Zc (/home/jay/Desktop/prompt/node_modules/react-dom/cjs/react-dom-server.browser.production.min.js:70:481)
    at Z (/home/jay/Desktop/prompt/node_modules/react-dom/cjs/react-dom-server.browser.production.min.js:76:89)
    at $c (/home/jay/Desktop/prompt/node_modules/react-dom/cjs/react-dom-server.browser.production.min.js:78:98)
    at Zc (/home/jay/Desktop/prompt/node_modules/react-dom/cjs/react-dom-server.browser.production.min.js:71:145)
    at Z (/home/jay/Desktop/prompt/node_modules/react-dom/cjs/react-dom-server.browser.production.min.js:76:89)
[Build Time] Fetching all categories from: https://admin.promptland.in/api/get_categories
[Build Time] Successfully fetched 29 categories
[Build Time] Fetching prompts for category 35, subcategory none
[Build Time] Successfully fetched 4 prompts for category 35
[Build Time] Fetching all categories from: https://admin.promptland.in/api/get_categories
[Build Time] Successfully fetched 29 categories
[Build Time] Fetching prompts for category 33, subcategory none
[Build Time] Successfully fetched 2 prompts for category 33
[Build Time] Fetching all categories from: https://admin.promptland.in/api/get_categories
[Build Time] Successfully fetched 29 categories
[Build Time] Fetching prompts for category 35, subcategory none
[Build Time] Successfully fetched 4 prompts for category 35
[Build Time] Fetching all categories from: https://admin.promptland.in/api/get_categories
[Build Time] Successfully fetched 29 categories
[Build Time] Fetching prompts for category 33, subcategory none
[Build Time] Successfully fetched 2 prompts for category 33
ReferenceError: imageUrl is not defined
    at D (/home/jay/Desktop/prompt/.next/server/pages/category/sub-categories/[subcategories]/promptDetails/[promptSlug].js:1:4355)
    at /home/jay/Desktop/prompt/.next/server/pages/category/sub-categories/[subcategories]/promptDetails/[promptSlug].js:1:4820
    at Wc (/home/jay/Desktop/prompt/node_modules/react-dom/cjs/react-dom-server.browser.production.min.js:68:44)
    at Zc (/home/jay/Desktop/prompt/node_modules/react-dom/cjs/react-dom-server.browser.production.min.js:70:253)
    at Z (/home/jay/Desktop/prompt/node_modules/react-dom/cjs/react-dom-server.browser.production.min.js:76:89)
    at Zc (/home/jay/Desktop/prompt/node_modules/react-dom/cjs/react-dom-server.browser.production.min.js:70:481)
    at Z (/home/jay/Desktop/prompt/node_modules/react-dom/cjs/react-dom-server.browser.production.min.js:76:89)
    at $c (/home/jay/Desktop/prompt/node_modules/react-dom/cjs/react-dom-server.browser.production.min.js:78:98)
    at Zc (/home/jay/Desktop/prompt/node_modules/react-dom/cjs/react-dom-server.browser.production.min.js:71:145)
    at Z (/home/jay/Desktop/prompt/node_modules/react-dom/cjs/react-dom-server.browser.production.min.js:76:89)

Error occurred prerendering page "/category/sub-categories/the-templates-perfection/promptDetails/hanuman-devotional-portrait-concept". Read more: https://nextjs.org/docs/messages/prerender-error

ReferenceError: imageUrl is not defined
    at D (/home/jay/Desktop/prompt/.next/server/pages/category/sub-categories/[subcategories]/promptDetails/[promptSlug].js:1:4355)
    at /home/jay/Desktop/prompt/.next/server/pages/category/sub-categories/[subcategories]/promptDetails/[promptSlug].js:1:4820
    at Wc (/home/jay/Desktop/prompt/node_modules/react-dom/cjs/react-dom-server.browser.production.min.js:68:44)
    at Zc (/home/jay/Desktop/prompt/node_modules/react-dom/cjs/react-dom-server.browser.production.min.js:70:253)
    at Z (/home/jay/Desktop/prompt/node_modules/react-dom/cjs/react-dom-server.browser.production.min.js:76:89)
    at Zc (/home/jay/Desktop/prompt/node_modules/react-dom/cjs/react-dom-server.browser.production.min.js:70:481)
    at Z (/home/jay/Desktop/prompt/node_modules/react-dom/cjs/react-dom-server.browser.production.min.js:76:89)
    at $c (/home/jay/Desktop/prompt/node_modules/react-dom/cjs/react-dom-server.browser.production.min.js:78:98)
    at Zc (/home/jay/Desktop/prompt/node_modules/react-dom/cjs/react-dom-server.browser.production.min.js:71:145)
    at Z (/home/jay/Desktop/prompt/node_modules/react-dom/cjs/react-dom-server.browser.production.min.js:76:89)
ReferenceError: imageUrl is not defined
    at D (/home/jay/Desktop/prompt/.next/server/pages/category/sub-categories/[subcategories]/promptDetails/[promptSlug].js:1:4355)
    at /home/jay/Desktop/prompt/.next/server/pages/category/sub-categories/[subcategories]/promptDetails/[promptSlug].js:1:4820
    at Wc (/home/jay/Desktop/prompt/node_modules/react-dom/cjs/react-dom-server.browser.production.min.js:68:44)
    at Zc (/home/jay/Desktop/prompt/node_modules/react-dom/cjs/react-dom-server.browser.production.min.js:70:253)
    at Z (/home/jay/Desktop/prompt/node_modules/react-dom/cjs/react-dom-server.browser.production.min.js:76:89)
    at Zc (/home/jay/Desktop/prompt/node_modules/react-dom/cjs/react-dom-server.browser.production.min.js:70:481)
    at Z (/home/jay/Desktop/prompt/node_modules/react-dom/cjs/react-dom-server.browser.production.min.js:76:89)
    at $c (/home/jay/Desktop/prompt/node_modules/react-dom/cjs/react-dom-server.browser.production.min.js:78:98)
    at Zc (/home/jay/Desktop/prompt/node_modules/react-dom/cjs/react-dom-server.browser.production.min.js:71:145)
    at Z (/home/jay/Desktop/prompt/node_modules/react-dom/cjs/react-dom-server.browser.production.min.js:76:89)

Error occurred prerendering page "/category/sub-categories/midnight-energy/promptDetails/neon-night-dual-portrait-fashion-poster". Read more: https://nextjs.org/docs/messages/prerender-error

ReferenceError: imageUrl is not defined
    at D (/home/jay/Desktop/prompt/.next/server/pages/category/sub-categories/[subcategories]/promptDetails/[promptSlug].js:1:4355)
    at /home/jay/Desktop/prompt/.next/server/pages/category/sub-categories/[subcategories]/promptDetails/[promptSlug].js:1:4820
    at Wc (/home/jay/Desktop/prompt/node_modules/react-dom/cjs/react-dom-server.browser.production.min.js:68:44)
    at Zc (/home/jay/Desktop/prompt/node_modules/react-dom/cjs/react-dom-server.browser.production.min.js:70:253)
    at Z (/home/jay/Desktop/prompt/node_modules/react-dom/cjs/react-dom-server.browser.production.min.js:76:89)
    at Zc (/home/jay/Desktop/prompt/node_modules/react-dom/cjs/react-dom-server.browser.production.min.js:70:481)
    at Z (/home/jay/Desktop/prompt/node_modules/react-dom/cjs/react-dom-server.browser.production.min.js:76:89)
    at $c (/home/jay/Desktop/prompt/node_modules/react-dom/cjs/react-dom-server.browser.production.min.js:78:98)
    at Zc (/home/jay/Desktop/prompt/node_modules/react-dom/cjs/react-dom-server.browser.production.min.js:71:145)
    at Z (/home/jay/Desktop/prompt/node_modules/react-dom/cjs/react-dom-server.browser.production.min.js:76:89)
ReferenceError: imageUrl is not defined
    at D (/home/jay/Desktop/prompt/.next/server/pages/category/sub-categories/[subcategories]/promptDetails/[promptSlug].js:1:4355)
    at /home/jay/Desktop/prompt/.next/server/pages/category/sub-categories/[subcategories]/promptDetails/[promptSlug].js:1:4820
    at Wc (/home/jay/Desktop/prompt/node_modules/react-dom/cjs/react-dom-server.browser.production.min.js:68:44)
    at Zc (/home/jay/Desktop/prompt/node_modules/react-dom/cjs/react-dom-server.browser.production.min.js:70:253)
    at Z (/home/jay/Desktop/prompt/node_modules/react-dom/cjs/react-dom-server.browser.production.min.js:76:89)
    at Zc (/home/jay/Desktop/prompt/node_modules/react-dom/cjs/react-dom-server.browser.production.min.js:70:481)
    at Z (/home/jay/Desktop/prompt/node_modules/react-dom/cjs/react-dom-server.browser.production.min.js:76:89)
    at $c (/home/jay/Desktop/prompt/node_modules/react-dom/cjs/react-dom-server.browser.production.min.js:78:98)
    at Zc (/home/jay/Desktop/prompt/node_modules/react-dom/cjs/react-dom-server.browser.production.min.js:71:145)
    at Z (/home/jay/Desktop/prompt/node_modules/react-dom/cjs/react-dom-server.browser.production.min.js:76:89)

Error occurred prerendering page "/category/sub-categories/midnight-energy/promptDetails/editorial-lightning-studio-shoot". Read more: https://nextjs.org/docs/messages/prerender-error

ReferenceError: imageUrl is not defined
    at D (/home/jay/Desktop/prompt/.next/server/pages/category/sub-categories/[subcategories]/promptDetails/[promptSlug].js:1:4355)
    at /home/jay/Desktop/prompt/.next/server/pages/category/sub-categories/[subcategories]/promptDetails/[promptSlug].js:1:4820
    at Wc (/home/jay/Desktop/prompt/node_modules/react-dom/cjs/react-dom-server.browser.production.min.js:68:44)
    at Zc (/home/jay/Desktop/prompt/node_modules/react-dom/cjs/react-dom-server.browser.production.min.js:70:253)
    at Z (/home/jay/Desktop/prompt/node_modules/react-dom/cjs/react-dom-server.browser.production.min.js:76:89)
    at Zc (/home/jay/Desktop/prompt/node_modules/react-dom/cjs/react-dom-server.browser.production.min.js:70:481)
    at Z (/home/jay/Desktop/prompt/node_modules/react-dom/cjs/react-dom-server.browser.production.min.js:76:89)
    at $c (/home/jay/Desktop/prompt/node_modules/react-dom/cjs/react-dom-server.browser.production.min.js:78:98)
    at Zc (/home/jay/Desktop/prompt/node_modules/react-dom/cjs/react-dom-server.browser.production.min.js:71:145)
    at Z (/home/jay/Desktop/prompt/node_modules/react-dom/cjs/react-dom-server.browser.production.min.js:76:89)
ReferenceError: imageUrl is not defined
    at D (/home/jay/Desktop/prompt/.next/server/pages/category/sub-categories/[subcategories]/promptDetails/[promptSlug].js:1:4355)
    at /home/jay/Desktop/prompt/.next/server/pages/category/sub-categories/[subcategories]/promptDetails/[promptSlug].js:1:4820
    at Wc (/home/jay/Desktop/prompt/node_modules/react-dom/cjs/react-dom-server.browser.production.min.js:68:44)
    at Zc (/home/jay/Desktop/prompt/node_modules/react-dom/cjs/react-dom-server.browser.production.min.js:70:253)
    at Z (/home/jay/Desktop/prompt/node_modules/react-dom/cjs/react-dom-server.browser.production.min.js:76:89)
    at Zc (/home/jay/Desktop/prompt/node_modules/react-dom/cjs/react-dom-server.browser.production.min.js:70:481)
    at Z (/home/jay/Desktop/prompt/node_modules/react-dom/cjs/react-dom-server.browser.production.min.js:76:89)
    at $c (/home/jay/Desktop/prompt/node_modules/react-dom/cjs/react-dom-server.browser.production.min.js:78:98)
    at Zc (/home/jay/Desktop/prompt/node_modules/react-dom/cjs/react-dom-server.browser.production.min.js:71:145)
    at Z (/home/jay/Desktop/prompt/node_modules/react-dom/cjs/react-dom-server.browser.production.min.js:76:89)

Error occurred prerendering page "/category/sub-categories/the-dogs-loyal-love/promptDetails/sitting-portrait-with-husky-companion-relaxed-pose". Read more: https://nextjs.org/docs/messages/prerender-error

ReferenceError: imageUrl is not defined
    at D (/home/jay/Desktop/prompt/.next/server/pages/category/sub-categories/[subcategories]/promptDetails/[promptSlug].js:1:4355)
    at /home/jay/Desktop/prompt/.next/server/pages/category/sub-categories/[subcategories]/promptDetails/[promptSlug].js:1:4820
    at Wc (/home/jay/Desktop/prompt/node_modules/react-dom/cjs/react-dom-server.browser.production.min.js:68:44)
    at Zc (/home/jay/Desktop/prompt/node_modules/react-dom/cjs/react-dom-server.browser.production.min.js:70:253)
    at Z (/home/jay/Desktop/prompt/node_modules/react-dom/cjs/react-dom-server.browser.production.min.js:76:89)
    at Zc (/home/jay/Desktop/prompt/node_modules/react-dom/cjs/react-dom-server.browser.production.min.js:70:481)
    at Z (/home/jay/Desktop/prompt/node_modules/react-dom/cjs/react-dom-server.browser.production.min.js:76:89)
    at $c (/home/jay/Desktop/prompt/node_modules/react-dom/cjs/react-dom-server.browser.production.min.js:78:98)
    at Zc (/home/jay/Desktop/prompt/node_modules/react-dom/cjs/react-dom-server.browser.production.min.js:71:145)
    at Z (/home/jay/Desktop/prompt/node_modules/react-dom/cjs/react-dom-server.browser.production.min.js:76:89)
ReferenceError: imageUrl is not defined
    at D (/home/jay/Desktop/prompt/.next/server/pages/category/sub-categories/[subcategories]/promptDetails/[promptSlug].js:1:4355)
    at /home/jay/Desktop/prompt/.next/server/pages/category/sub-categories/[subcategories]/promptDetails/[promptSlug].js:1:4820
    at Wc (/home/jay/Desktop/prompt/node_modules/react-dom/cjs/react-dom-server.browser.production.min.js:68:44)
    at Zc (/home/jay/Desktop/prompt/node_modules/react-dom/cjs/react-dom-server.browser.production.min.js:70:253)
    at Z (/home/jay/Desktop/prompt/node_modules/react-dom/cjs/react-dom-server.browser.production.min.js:76:89)
    at Zc (/home/jay/Desktop/prompt/node_modules/react-dom/cjs/react-dom-server.browser.production.min.js:70:481)
    at Z (/home/jay/Desktop/prompt/node_modules/react-dom/cjs/react-dom-server.browser.production.min.js:76:89)
    at $c (/home/jay/Desktop/prompt/node_modules/react-dom/cjs/react-dom-server.browser.production.min.js:78:98)
    at Zc (/home/jay/Desktop/prompt/node_modules/react-dom/cjs/react-dom-server.browser.production.min.js:71:145)
    at Z (/home/jay/Desktop/prompt/node_modules/react-dom/cjs/react-dom-server.browser.production.min.js:76:89)

Error occurred prerendering page "/category/sub-categories/the-dogs-loyal-love/promptDetails/standing-portrait-with-husky-modeling-pose". Read more: https://nextjs.org/docs/messages/prerender-error

ReferenceError: imageUrl is not defined
    at D (/home/jay/Desktop/prompt/.next/server/pages/category/sub-categories/[subcategories]/promptDetails/[promptSlug].js:1:4355)
    at /home/jay/Desktop/prompt/.next/server/pages/category/sub-categories/[subcategories]/promptDetails/[promptSlug].js:1:4820
    at Wc (/home/jay/Desktop/prompt/node_modules/react-dom/cjs/react-dom-server.browser.production.min.js:68:44)
    at Zc (/home/jay/Desktop/prompt/node_modules/react-dom/cjs/react-dom-server.browser.production.min.js:70:253)
    at Z (/home/jay/Desktop/prompt/node_modules/react-dom/cjs/react-dom-server.browser.production.min.js:76:89)
    at Zc (/home/jay/Desktop/prompt/node_modules/react-dom/cjs/react-dom-server.browser.production.min.js:70:481)
    at Z (/home/jay/Desktop/prompt/node_modules/react-dom/cjs/react-dom-server.browser.production.min.js:76:89)
    at $c (/home/jay/Desktop/prompt/node_modules/react-dom/cjs/react-dom-server.browser.production.min.js:78:98)
    at Zc (/home/jay/Desktop/prompt/node_modules/react-dom/cjs/react-dom-server.browser.production.min.js:71:145)
    at Z (/home/jay/Desktop/prompt/node_modules/react-dom/cjs/react-dom-server.browser.production.min.js:76:89)
[Build Time] Fetching all categories from: https://admin.promptland.in/api/get_categories
[Build Time] Successfully fetched 29 categories
[Build Time] Fetching prompts for category 35, subcategory none
[Build Time] Successfully fetched 4 prompts for category 35
ReferenceError: imageUrl is not defined
    at D (/home/jay/Desktop/prompt/.next/server/pages/category/sub-categories/[subcategories]/promptDetails/[promptSlug].js:1:4355)
    at /home/jay/Desktop/prompt/.next/server/pages/category/sub-categories/[subcategories]/promptDetails/[promptSlug].js:1:4820
    at Wc (/home/jay/Desktop/prompt/node_modules/react-dom/cjs/react-dom-server.browser.production.min.js:68:44)
    at Zc (/home/jay/Desktop/prompt/node_modules/react-dom/cjs/react-dom-server.browser.production.min.js:70:253)
    at Z (/home/jay/Desktop/prompt/node_modules/react-dom/cjs/react-dom-server.browser.production.min.js:76:89)
    at Zc (/home/jay/Desktop/prompt/node_modules/react-dom/cjs/react-dom-server.browser.production.min.js:70:481)
    at Z (/home/jay/Desktop/prompt/node_modules/react-dom/cjs/react-dom-server.browser.production.min.js:76:89)
    at $c (/home/jay/Desktop/prompt/node_modules/react-dom/cjs/react-dom-server.browser.production.min.js:78:98)
    at Zc (/home/jay/Desktop/prompt/node_modules/react-dom/cjs/react-dom-server.browser.production.min.js:71:145)
    at Z (/home/jay/Desktop/prompt/node_modules/react-dom/cjs/react-dom-server.browser.production.min.js:76:89)

Error occurred prerendering page "/category/sub-categories/the-dogs-loyal-love/promptDetails/urban-sitting-pose-with-husky-side-angle". Read more: https://nextjs.org/docs/messages/prerender-error

ReferenceError: imageUrl is not defined
    at D (/home/jay/Desktop/prompt/.next/server/pages/category/sub-categories/[subcategories]/promptDetails/[promptSlug].js:1:4355)
    at /home/jay/Desktop/prompt/.next/server/pages/category/sub-categories/[subcategories]/promptDetails/[promptSlug].js:1:4820
    at Wc (/home/jay/Desktop/prompt/node_modules/react-dom/cjs/react-dom-server.browser.production.min.js:68:44)
    at Zc (/home/jay/Desktop/prompt/node_modules/react-dom/cjs/react-dom-server.browser.production.min.js:70:253)
    at Z (/home/jay/Desktop/prompt/node_modules/react-dom/cjs/react-dom-server.browser.production.min.js:76:89)
    at Zc (/home/jay/Desktop/prompt/node_modules/react-dom/cjs/react-dom-server.browser.production.min.js:70:481)
    at Z (/home/jay/Desktop/prompt/node_modules/react-dom/cjs/react-dom-server.browser.production.min.js:76:89)
    at $c (/home/jay/Desktop/prompt/node_modules/react-dom/cjs/react-dom-server.browser.production.min.js:78:98)
    at Zc (/home/jay/Desktop/prompt/node_modules/react-dom/cjs/react-dom-server.browser.production.min.js:71:145)
    at Z (/home/jay/Desktop/prompt/node_modules/react-dom/cjs/react-dom-server.browser.production.min.js:76:89)
[Build Time] Fetching all categories from: https://admin.promptland.in/api/get_categories
[Build Time] Successfully fetched 29 categories
[Build Time] Fetching prompts for category 35, subcategory none
[Build Time] Fetching all categories from: https://admin.promptland.in/api/get_categories
[Build Time] Successfully fetched 29 categories
[Build Time] Fetching prompts for category 5, subcategory none
[Build Time] Successfully fetched 50 prompts for category 5
[Build Time] Fetching all categories from: https://admin.promptland.in/api/get_categories
[Build Time] Successfully fetched 29 categories
[Build Time] Fetching prompts for category 5, subcategory none
[Build Time] Successfully fetched 50 prompts for category 5
[Build Time] Fetching all categories from: https://admin.promptland.in/api/get_categories
[Build Time] Successfully fetched 29 categories
[Build Time] Fetching prompts for category 5, subcategory none
[Build Time] Successfully fetched 50 prompts for category 5
[Build Time] Fetching all categories from: https://admin.promptland.in/api/get_categories
[Build Time] Successfully fetched 29 categories
[Build Time] Fetching prompts for category 5, subcategory none
[Build Time] Successfully fetched 50 prompts for category 5
[Build Time] Fetching all categories from: https://admin.promptland.in/api/get_categories
[Build Time] Successfully fetched 29 categories
[Build Time] Fetching prompts for category 5, subcategory none
[Build Time] Successfully fetched 50 prompts for category 5
[Build Time] Successfully fetched 4 prompts for category 35
[Build Time] Fetching all categories from: https://admin.promptland.in/api/get_categories
[Build Time] Successfully fetched 29 categories
[Build Time] Fetching prompts for category 5, subcategory none
[Build Time] Successfully fetched 50 prompts for category 5
ReferenceError: imageUrl is not defined
    at D (/home/jay/Desktop/prompt/.next/server/pages/category/sub-categories/[subcategories]/promptDetails/[promptSlug].js:1:4355)
    at /home/jay/Desktop/prompt/.next/server/pages/category/sub-categories/[subcategories]/promptDetails/[promptSlug].js:1:4820
    at Wc (/home/jay/Desktop/prompt/node_modules/react-dom/cjs/react-dom-server.browser.production.min.js:68:44)
    at Zc (/home/jay/Desktop/prompt/node_modules/react-dom/cjs/react-dom-server.browser.production.min.js:70:253)
    at Z (/home/jay/Desktop/prompt/node_modules/react-dom/cjs/react-dom-server.browser.production.min.js:76:89)
    at Zc (/home/jay/Desktop/prompt/node_modules/react-dom/cjs/react-dom-server.browser.production.min.js:70:481)
    at Z (/home/jay/Desktop/prompt/node_modules/react-dom/cjs/react-dom-server.browser.production.min.js:76:89)
    at $c (/home/jay/Desktop/prompt/node_modules/react-dom/cjs/react-dom-server.browser.production.min.js:78:98)
    at Zc (/home/jay/Desktop/prompt/node_modules/react-dom/cjs/react-dom-server.browser.production.min.js:71:145)
    at Z (/home/jay/Desktop/prompt/node_modules/react-dom/cjs/react-dom-server.browser.production.min.js:76:89)

Error occurred prerendering page "/category/sub-categories/the-dogs-loyal-love/promptDetails/confident-sitting-portrait-with-husky-front-view". Read more: https://nextjs.org/docs/messages/prerender-error

ReferenceError: imageUrl is not defined
    at D (/home/jay/Desktop/prompt/.next/server/pages/category/sub-categories/[subcategories]/promptDetails/[promptSlug].js:1:4355)
    at /home/jay/Desktop/prompt/.next/server/pages/category/sub-categories/[subcategories]/promptDetails/[promptSlug].js:1:4820
    at Wc (/home/jay/Desktop/prompt/node_modules/react-dom/cjs/react-dom-server.browser.production.min.js:68:44)
    at Zc (/home/jay/Desktop/prompt/node_modules/react-dom/cjs/react-dom-server.browser.production.min.js:70:253)
    at Z (/home/jay/Desktop/prompt/node_modules/react-dom/cjs/react-dom-server.browser.production.min.js:76:89)
    at Zc (/home/jay/Desktop/prompt/node_modules/react-dom/cjs/react-dom-server.browser.production.min.js:70:481)
    at Z (/home/jay/Desktop/prompt/node_modules/react-dom/cjs/react-dom-server.browser.production.min.js:76:89)
    at $c (/home/jay/Desktop/prompt/node_modules/react-dom/cjs/react-dom-server.browser.production.min.js:78:98)
    at Zc (/home/jay/Desktop/prompt/node_modules/react-dom/cjs/react-dom-server.browser.production.min.js:71:145)
    at Z (/home/jay/Desktop/prompt/node_modules/react-dom/cjs/react-dom-server.browser.production.min.js:76:89)
ReferenceError: imageUrl is not defined
    at D (/home/jay/Desktop/prompt/.next/server/pages/category/sub-categories/[subcategories]/promptDetails/[promptSlug].js:1:4355)
    at /home/jay/Desktop/prompt/.next/server/pages/category/sub-categories/[subcategories]/promptDetails/[promptSlug].js:1:4820
    at Wc (/home/jay/Desktop/prompt/node_modules/react-dom/cjs/react-dom-server.browser.production.min.js:68:44)
    at Zc (/home/jay/Desktop/prompt/node_modules/react-dom/cjs/react-dom-server.browser.production.min.js:70:253)
    at Z (/home/jay/Desktop/prompt/node_modules/react-dom/cjs/react-dom-server.browser.production.min.js:76:89)
    at Zc (/home/jay/Desktop/prompt/node_modules/react-dom/cjs/react-dom-server.browser.production.min.js:70:481)
    at Z (/home/jay/Desktop/prompt/node_modules/react-dom/cjs/react-dom-server.browser.production.min.js:76:89)
    at $c (/home/jay/Desktop/prompt/node_modules/react-dom/cjs/react-dom-server.browser.production.min.js:78:98)
    at Zc (/home/jay/Desktop/prompt/node_modules/react-dom/cjs/react-dom-server.browser.production.min.js:71:145)
    at Z (/home/jay/Desktop/prompt/node_modules/react-dom/cjs/react-dom-server.browser.production.min.js:76:89)

Error occurred prerendering page "/category/sub-categories/studio/promptDetails/the-streetwear-icon-urban-graffiti-studio". Read more: https://nextjs.org/docs/messages/prerender-error

ReferenceError: imageUrl is not defined
    at D (/home/jay/Desktop/prompt/.next/server/pages/category/sub-categories/[subcategories]/promptDetails/[promptSlug].js:1:4355)
    at /home/jay/Desktop/prompt/.next/server/pages/category/sub-categories/[subcategories]/promptDetails/[promptSlug].js:1:4820
    at Wc (/home/jay/Desktop/prompt/node_modules/react-dom/cjs/react-dom-server.browser.production.min.js:68:44)
    at Zc (/home/jay/Desktop/prompt/node_modules/react-dom/cjs/react-dom-server.browser.production.min.js:70:253)
    at Z (/home/jay/Desktop/prompt/node_modules/react-dom/cjs/react-dom-server.browser.production.min.js:76:89)
    at Zc (/home/jay/Desktop/prompt/node_modules/react-dom/cjs/react-dom-server.browser.production.min.js:70:481)
    at Z (/home/jay/Desktop/prompt/node_modules/react-dom/cjs/react-dom-server.browser.production.min.js:76:89)
    at $c (/home/jay/Desktop/prompt/node_modules/react-dom/cjs/react-dom-server.browser.production.min.js:78:98)
    at Zc (/home/jay/Desktop/prompt/node_modules/react-dom/cjs/react-dom-server.browser.production.min.js:71:145)
    at Z (/home/jay/Desktop/prompt/node_modules/react-dom/cjs/react-dom-server.browser.production.min.js:76:89)
ReferenceError: imageUrl is not defined
    at D (/home/jay/Desktop/prompt/.next/server/pages/category/sub-categories/[subcategories]/promptDetails/[promptSlug].js:1:4355)
    at /home/jay/Desktop/prompt/.next/server/pages/category/sub-categories/[subcategories]/promptDetails/[promptSlug].js:1:4820
    at Wc (/home/jay/Desktop/prompt/node_modules/react-dom/cjs/react-dom-server.browser.production.min.js:68:44)
    at Zc (/home/jay/Desktop/prompt/node_modules/react-dom/cjs/react-dom-server.browser.production.min.js:70:253)
    at Z (/home/jay/Desktop/prompt/node_modules/react-dom/cjs/react-dom-server.browser.production.min.js:76:89)
    at Zc (/home/jay/Desktop/prompt/node_modules/react-dom/cjs/react-dom-server.browser.production.min.js:70:481)
    at Z (/home/jay/Desktop/prompt/node_modules/react-dom/cjs/react-dom-server.browser.production.min.js:76:89)
    at $c (/home/jay/Desktop/prompt/node_modules/react-dom/cjs/react-dom-server.browser.production.min.js:78:98)
    at Zc (/home/jay/Desktop/prompt/node_modules/react-dom/cjs/react-dom-server.browser.production.min.js:71:145)
    at Z (/home/jay/Desktop/prompt/node_modules/react-dom/cjs/react-dom-server.browser.production.min.js:76:89)

Error occurred prerendering page "/category/sub-categories/studio/promptDetails/the-vintage-film-noir-detective-moody-private-studio". Read more: https://nextjs.org/docs/messages/prerender-error

ReferenceError: imageUrl is not defined
    at D (/home/jay/Desktop/prompt/.next/server/pages/category/sub-categories/[subcategories]/promptDetails/[promptSlug].js:1:4355)
    at /home/jay/Desktop/prompt/.next/server/pages/category/sub-categories/[subcategories]/promptDetails/[promptSlug].js:1:4820
    at Wc (/home/jay/Desktop/prompt/node_modules/react-dom/cjs/react-dom-server.browser.production.min.js:68:44)
    at Zc (/home/jay/Desktop/prompt/node_modules/react-dom/cjs/react-dom-server.browser.production.min.js:70:253)
    at Z (/home/jay/Desktop/prompt/node_modules/react-dom/cjs/react-dom-server.browser.production.min.js:76:89)
    at Zc (/home/jay/Desktop/prompt/node_modules/react-dom/cjs/react-dom-server.browser.production.min.js:70:481)
    at Z (/home/jay/Desktop/prompt/node_modules/react-dom/cjs/react-dom-server.browser.production.min.js:76:89)
    at $c (/home/jay/Desktop/prompt/node_modules/react-dom/cjs/react-dom-server.browser.production.min.js:78:98)
    at Zc (/home/jay/Desktop/prompt/node_modules/react-dom/cjs/react-dom-server.browser.production.min.js:71:145)
    at Z (/home/jay/Desktop/prompt/node_modules/react-dom/cjs/react-dom-server.browser.production.min.js:76:89)
ReferenceError: imageUrl is not defined
    at D (/home/jay/Desktop/prompt/.next/server/pages/category/sub-categories/[subcategories]/promptDetails/[promptSlug].js:1:4355)
    at /home/jay/Desktop/prompt/.next/server/pages/category/sub-categories/[subcategories]/promptDetails/[promptSlug].js:1:4820
    at Wc (/home/jay/Desktop/prompt/node_modules/react-dom/cjs/react-dom-server.browser.production.min.js:68:44)
    at Zc (/home/jay/Desktop/prompt/node_modules/react-dom/cjs/react-dom-server.browser.production.min.js:70:253)
    at Z (/home/jay/Desktop/prompt/node_modules/react-dom/cjs/react-dom-server.browser.production.min.js:76:89)
    at Zc (/home/jay/Desktop/prompt/node_modules/react-dom/cjs/react-dom-server.browser.production.min.js:70:481)
    at Z (/home/jay/Desktop/prompt/node_modules/react-dom/cjs/react-dom-server.browser.production.min.js:76:89)
    at $c (/home/jay/Desktop/prompt/node_modules/react-dom/cjs/react-dom-server.browser.production.min.js:78:98)
    at Zc (/home/jay/Desktop/prompt/node_modules/react-dom/cjs/react-dom-server.browser.production.min.js:71:145)
    at Z (/home/jay/Desktop/prompt/node_modules/react-dom/cjs/react-dom-server.browser.production.min.js:76:89)

Error occurred prerendering page "/category/sub-categories/studio/promptDetails/the-sharp-business-executive-studio-portrait". Read more: https://nextjs.org/docs/messages/prerender-error

ReferenceError: imageUrl is not defined
    at D (/home/jay/Desktop/prompt/.next/server/pages/category/sub-categories/[subcategories]/promptDetails/[promptSlug].js:1:4355)
    at /home/jay/Desktop/prompt/.next/server/pages/category/sub-categories/[subcategories]/promptDetails/[promptSlug].js:1:4820
    at Wc (/home/jay/Desktop/prompt/node_modules/react-dom/cjs/react-dom-server.browser.production.min.js:68:44)
    at Zc (/home/jay/Desktop/prompt/node_modules/react-dom/cjs/react-dom-server.browser.production.min.js:70:253)
    at Z (/home/jay/Desktop/prompt/node_modules/react-dom/cjs/react-dom-server.browser.production.min.js:76:89)
    at Zc (/home/jay/Desktop/prompt/node_modules/react-dom/cjs/react-dom-server.browser.production.min.js:70:481)
    at Z (/home/jay/Desktop/prompt/node_modules/react-dom/cjs/react-dom-server.browser.production.min.js:76:89)
    at $c (/home/jay/Desktop/prompt/node_modules/react-dom/cjs/react-dom-server.browser.production.min.js:78:98)
    at Zc (/home/jay/Desktop/prompt/node_modules/react-dom/cjs/react-dom-server.browser.production.min.js:71:145)
    at Z (/home/jay/Desktop/prompt/node_modules/react-dom/cjs/react-dom-server.browser.production.min.js:76:89)
ReferenceError: imageUrl is not defined
    at D (/home/jay/Desktop/prompt/.next/server/pages/category/sub-categories/[subcategories]/promptDetails/[promptSlug].js:1:4355)
    at /home/jay/Desktop/prompt/.next/server/pages/category/sub-categories/[subcategories]/promptDetails/[promptSlug].js:1:4820
    at Wc (/home/jay/Desktop/prompt/node_modules/react-dom/cjs/react-dom-server.browser.production.min.js:68:44)
    at Zc (/home/jay/Desktop/prompt/node_modules/react-dom/cjs/react-dom-server.browser.production.min.js:70:253)
    at Z (/home/jay/Desktop/prompt/node_modules/react-dom/cjs/react-dom-server.browser.production.min.js:76:89)
    at Zc (/home/jay/Desktop/prompt/node_modules/react-dom/cjs/react-dom-server.browser.production.min.js:70:481)
    at Z (/home/jay/Desktop/prompt/node_modules/react-dom/cjs/react-dom-server.browser.production.min.js:76:89)
    at $c (/home/jay/Desktop/prompt/node_modules/react-dom/cjs/react-dom-server.browser.production.min.js:78:98)
    at Zc (/home/jay/Desktop/prompt/node_modules/react-dom/cjs/react-dom-server.browser.production.min.js:71:145)
    at Z (/home/jay/Desktop/prompt/node_modules/react-dom/cjs/react-dom-server.browser.production.min.js:76:89)

Error occurred prerendering page "/category/sub-categories/studio/promptDetails/the-sunlight-silk-goddess-golden-hour-editorial". Read more: https://nextjs.org/docs/messages/prerender-error

ReferenceError: imageUrl is not defined
    at D (/home/jay/Desktop/prompt/.next/server/pages/category/sub-categories/[subcategories]/promptDetails/[promptSlug].js:1:4355)
    at /home/jay/Desktop/prompt/.next/server/pages/category/sub-categories/[subcategories]/promptDetails/[promptSlug].js:1:4820
    at Wc (/home/jay/Desktop/prompt/node_modules/react-dom/cjs/react-dom-server.browser.production.min.js:68:44)
    at Zc (/home/jay/Desktop/prompt/node_modules/react-dom/cjs/react-dom-server.browser.production.min.js:70:253)
    at Z (/home/jay/Desktop/prompt/node_modules/react-dom/cjs/react-dom-server.browser.production.min.js:76:89)
    at Zc (/home/jay/Desktop/prompt/node_modules/react-dom/cjs/react-dom-server.browser.production.min.js:70:481)
    at Z (/home/jay/Desktop/prompt/node_modules/react-dom/cjs/react-dom-server.browser.production.min.js:76:89)
    at $c (/home/jay/Desktop/prompt/node_modules/react-dom/cjs/react-dom-server.browser.production.min.js:78:98)
    at Zc (/home/jay/Desktop/prompt/node_modules/react-dom/cjs/react-dom-server.browser.production.min.js:71:145)
    at Z (/home/jay/Desktop/prompt/node_modules/react-dom/cjs/react-dom-server.browser.production.min.js:76:89)
ReferenceError: imageUrl is not defined
    at D (/home/jay/Desktop/prompt/.next/server/pages/category/sub-categories/[subcategories]/promptDetails/[promptSlug].js:1:4355)
    at /home/jay/Desktop/prompt/.next/server/pages/category/sub-categories/[subcategories]/promptDetails/[promptSlug].js:1:4820
    at Wc (/home/jay/Desktop/prompt/node_modules/react-dom/cjs/react-dom-server.browser.production.min.js:68:44)
    at Zc (/home/jay/Desktop/prompt/node_modules/react-dom/cjs/react-dom-server.browser.production.min.js:70:253)
    at Z (/home/jay/Desktop/prompt/node_modules/react-dom/cjs/react-dom-server.browser.production.min.js:76:89)
    at Zc (/home/jay/Desktop/prompt/node_modules/react-dom/cjs/react-dom-server.browser.production.min.js:70:481)
    at Z (/home/jay/Desktop/prompt/node_modules/react-dom/cjs/react-dom-server.browser.production.min.js:76:89)
    at $c (/home/jay/Desktop/prompt/node_modules/react-dom/cjs/react-dom-server.browser.production.min.js:78:98)
    at Zc (/home/jay/Desktop/prompt/node_modules/react-dom/cjs/react-dom-server.browser.production.min.js:71:145)
    at Z (/home/jay/Desktop/prompt/node_modules/react-dom/cjs/react-dom-server.browser.production.min.js:76:89)

Error occurred prerendering page "/category/sub-categories/studio/promptDetails/the-celebrity-spotlight-portrait". Read more: https://nextjs.org/docs/messages/prerender-error

ReferenceError: imageUrl is not defined
    at D (/home/jay/Desktop/prompt/.next/server/pages/category/sub-categories/[subcategories]/promptDetails/[promptSlug].js:1:4355)
    at /home/jay/Desktop/prompt/.next/server/pages/category/sub-categories/[subcategories]/promptDetails/[promptSlug].js:1:4820
    at Wc (/home/jay/Desktop/prompt/node_modules/react-dom/cjs/react-dom-server.browser.production.min.js:68:44)
    at Zc (/home/jay/Desktop/prompt/node_modules/react-dom/cjs/react-dom-server.browser.production.min.js:70:253)
    at Z (/home/jay/Desktop/prompt/node_modules/react-dom/cjs/react-dom-server.browser.production.min.js:76:89)
    at Zc (/home/jay/Desktop/prompt/node_modules/react-dom/cjs/react-dom-server.browser.production.min.js:70:481)
    at Z (/home/jay/Desktop/prompt/node_modules/react-dom/cjs/react-dom-server.browser.production.min.js:76:89)
    at $c (/home/jay/Desktop/prompt/node_modules/react-dom/cjs/react-dom-server.browser.production.min.js:78:98)
    at Zc (/home/jay/Desktop/prompt/node_modules/react-dom/cjs/react-dom-server.browser.production.min.js:71:145)
    at Z (/home/jay/Desktop/prompt/node_modules/react-dom/cjs/react-dom-server.browser.production.min.js:76:89)
ReferenceError: imageUrl is not defined
    at D (/home/jay/Desktop/prompt/.next/server/pages/category/sub-categories/[subcategories]/promptDetails/[promptSlug].js:1:4355)
    at /home/jay/Desktop/prompt/.next/server/pages/category/sub-categories/[subcategories]/promptDetails/[promptSlug].js:1:4820
    at Wc (/home/jay/Desktop/prompt/node_modules/react-dom/cjs/react-dom-server.browser.production.min.js:68:44)
    at Zc (/home/jay/Desktop/prompt/node_modules/react-dom/cjs/react-dom-server.browser.production.min.js:70:253)
    at Z (/home/jay/Desktop/prompt/node_modules/react-dom/cjs/react-dom-server.browser.production.min.js:76:89)
    at Zc (/home/jay/Desktop/prompt/node_modules/react-dom/cjs/react-dom-server.browser.production.min.js:70:481)
    at Z (/home/jay/Desktop/prompt/node_modules/react-dom/cjs/react-dom-server.browser.production.min.js:76:89)
    at $c (/home/jay/Desktop/prompt/node_modules/react-dom/cjs/react-dom-server.browser.production.min.js:78:98)
    at Zc (/home/jay/Desktop/prompt/node_modules/react-dom/cjs/react-dom-server.browser.production.min.js:71:145)
    at Z (/home/jay/Desktop/prompt/node_modules/react-dom/cjs/react-dom-server.browser.production.min.js:76:89)

Error occurred prerendering page "/category/sub-categories/studio/promptDetails/the-noir-chiaroscuro-detective". Read more: https://nextjs.org/docs/messages/prerender-error

ReferenceError: imageUrl is not defined
    at D (/home/jay/Desktop/prompt/.next/server/pages/category/sub-categories/[subcategories]/promptDetails/[promptSlug].js:1:4355)
    at /home/jay/Desktop/prompt/.next/server/pages/category/sub-categories/[subcategories]/promptDetails/[promptSlug].js:1:4820
    at Wc (/home/jay/Desktop/prompt/node_modules/react-dom/cjs/react-dom-server.browser.production.min.js:68:44)
    at Zc (/home/jay/Desktop/prompt/node_modules/react-dom/cjs/react-dom-server.browser.production.min.js:70:253)
    at Z (/home/jay/Desktop/prompt/node_modules/react-dom/cjs/react-dom-server.browser.production.min.js:76:89)
    at Zc (/home/jay/Desktop/prompt/node_modules/react-dom/cjs/react-dom-server.browser.production.min.js:70:481)
    at Z (/home/jay/Desktop/prompt/node_modules/react-dom/cjs/react-dom-server.browser.production.min.js:76:89)
    at $c (/home/jay/Desktop/prompt/node_modules/react-dom/cjs/react-dom-server.browser.production.min.js:78:98)
    at Zc (/home/jay/Desktop/prompt/node_modules/react-dom/cjs/react-dom-server.browser.production.min.js:71:145)
    at Z (/home/jay/Desktop/prompt/node_modules/react-dom/cjs/react-dom-server.browser.production.min.js:76:89)
[Build Time] Fetching all categories from: https://admin.promptland.in/api/get_categories
[Build Time] Successfully fetched 29 categories
[Build Time] Fetching prompts for category 5, subcategory none
[Build Time] Fetching all categories from: https://admin.promptland.in/api/get_categories
[Build Time] Successfully fetched 29 categories
[Build Time] Fetching prompts for category 5, subcategory none
[Build Time] Fetching all categories from: https://admin.promptland.in/api/get_categories
[Build Time] Successfully fetched 29 categories
[Build Time] Fetching prompts for category 5, subcategory none
[Build Time] Successfully fetched 50 prompts for category 5
[Build Time] Fetching all categories from: https://admin.promptland.in/api/get_categories
[Build Time] Successfully fetched 29 categories
[Build Time] Fetching prompts for category 5, subcategory none
[Build Time] Successfully fetched 50 prompts for category 5
[Build Time] Fetching all categories from: https://admin.promptland.in/api/get_categories
[Build Time] Successfully fetched 29 categories
[Build Time] Fetching prompts for category 5, subcategory none
[Build Time] Successfully fetched 50 prompts for category 5
[Build Time] Fetching all categories from: https://admin.promptland.in/api/get_categories
[Build Time] Successfully fetched 29 categories
[Build Time] Fetching prompts for category 5, subcategory none
[Build Time] Successfully fetched 50 prompts for category 5
[Build Time] Fetching all categories from: https://admin.promptland.in/api/get_categories
[Build Time] Successfully fetched 29 categories
[Build Time] Fetching prompts for category 5, subcategory none
[Build Time] Successfully fetched 50 prompts for category 5
ReferenceError: imageUrl is not defined
    at D (/home/jay/Desktop/prompt/.next/server/pages/category/sub-categories/[subcategories]/promptDetails/[promptSlug].js:1:4355)
    at /home/jay/Desktop/prompt/.next/server/pages/category/sub-categories/[subcategories]/promptDetails/[promptSlug].js:1:4820
    at Wc (/home/jay/Desktop/prompt/node_modules/react-dom/cjs/react-dom-server.browser.production.min.js:68:44)
    at Zc (/home/jay/Desktop/prompt/node_modules/react-dom/cjs/react-dom-server.browser.production.min.js:70:253)
    at Z (/home/jay/Desktop/prompt/node_modules/react-dom/cjs/react-dom-server.browser.production.min.js:76:89)
    at Zc (/home/jay/Desktop/prompt/node_modules/react-dom/cjs/react-dom-server.browser.production.min.js:70:481)
    at Z (/home/jay/Desktop/prompt/node_modules/react-dom/cjs/react-dom-server.browser.production.min.js:76:89)
    at $c (/home/jay/Desktop/prompt/node_modules/react-dom/cjs/react-dom-server.browser.production.min.js:78:98)
    at Zc (/home/jay/Desktop/prompt/node_modules/react-dom/cjs/react-dom-server.browser.production.min.js:71:145)
    at Z (/home/jay/Desktop/prompt/node_modules/react-dom/cjs/react-dom-server.browser.production.min.js:76:89)

Error occurred prerendering page "/category/sub-categories/studio/promptDetails/the-renaissance-painters-muse". Read more: https://nextjs.org/docs/messages/prerender-error

ReferenceError: imageUrl is not defined
    at D (/home/jay/Desktop/prompt/.next/server/pages/category/sub-categories/[subcategories]/promptDetails/[promptSlug].js:1:4355)
    at /home/jay/Desktop/prompt/.next/server/pages/category/sub-categories/[subcategories]/promptDetails/[promptSlug].js:1:4820
    at Wc (/home/jay/Desktop/prompt/node_modules/react-dom/cjs/react-dom-server.browser.production.min.js:68:44)
    at Zc (/home/jay/Desktop/prompt/node_modules/react-dom/cjs/react-dom-server.browser.production.min.js:70:253)
    at Z (/home/jay/Desktop/prompt/node_modules/react-dom/cjs/react-dom-server.browser.production.min.js:76:89)
    at Zc (/home/jay/Desktop/prompt/node_modules/react-dom/cjs/react-dom-server.browser.production.min.js:70:481)
    at Z (/home/jay/Desktop/prompt/node_modules/react-dom/cjs/react-dom-server.browser.production.min.js:76:89)
    at $c (/home/jay/Desktop/prompt/node_modules/react-dom/cjs/react-dom-server.browser.production.min.js:78:98)
    at Zc (/home/jay/Desktop/prompt/node_modules/react-dom/cjs/react-dom-server.browser.production.min.js:71:145)
    at Z (/home/jay/Desktop/prompt/node_modules/react-dom/cjs/react-dom-server.browser.production.min.js:76:89)
ReferenceError: imageUrl is not defined
    at D (/home/jay/Desktop/prompt/.next/server/pages/category/sub-categories/[subcategories]/promptDetails/[promptSlug].js:1:4355)
    at /home/jay/Desktop/prompt/.next/server/pages/category/sub-categories/[subcategories]/promptDetails/[promptSlug].js:1:4820
    at Wc (/home/jay/Desktop/prompt/node_modules/react-dom/cjs/react-dom-server.browser.production.min.js:68:44)
    at Zc (/home/jay/Desktop/prompt/node_modules/react-dom/cjs/react-dom-server.browser.production.min.js:70:253)
    at Z (/home/jay/Desktop/prompt/node_modules/react-dom/cjs/react-dom-server.browser.production.min.js:76:89)
    at Zc (/home/jay/Desktop/prompt/node_modules/react-dom/cjs/react-dom-server.browser.production.min.js:70:481)
    at Z (/home/jay/Desktop/prompt/node_modules/react-dom/cjs/react-dom-server.browser.production.min.js:76:89)
    at $c (/home/jay/Desktop/prompt/node_modules/react-dom/cjs/react-dom-server.browser.production.min.js:78:98)
    at Zc (/home/jay/Desktop/prompt/node_modules/react-dom/cjs/react-dom-server.browser.production.min.js:71:145)
    at Z (/home/jay/Desktop/prompt/node_modules/react-dom/cjs/react-dom-server.browser.production.min.js:76:89)

Error occurred prerendering page "/category/sub-categories/studio/promptDetails/the-burning-news". Read more: https://nextjs.org/docs/messages/prerender-error

ReferenceError: imageUrl is not defined
    at D (/home/jay/Desktop/prompt/.next/server/pages/category/sub-categories/[subcategories]/promptDetails/[promptSlug].js:1:4355)
    at /home/jay/Desktop/prompt/.next/server/pages/category/sub-categories/[subcategories]/promptDetails/[promptSlug].js:1:4820
    at Wc (/home/jay/Desktop/prompt/node_modules/react-dom/cjs/react-dom-server.browser.production.min.js:68:44)
    at Zc (/home/jay/Desktop/prompt/node_modules/react-dom/cjs/react-dom-server.browser.production.min.js:70:253)
    at Z (/home/jay/Desktop/prompt/node_modules/react-dom/cjs/react-dom-server.browser.production.min.js:76:89)
    at Zc (/home/jay/Desktop/prompt/node_modules/react-dom/cjs/react-dom-server.browser.production.min.js:70:481)
    at Z (/home/jay/Desktop/prompt/node_modules/react-dom/cjs/react-dom-server.browser.production.min.js:76:89)
    at $c (/home/jay/Desktop/prompt/node_modules/react-dom/cjs/react-dom-server.browser.production.min.js:78:98)
    at Zc (/home/jay/Desktop/prompt/node_modules/react-dom/cjs/react-dom-server.browser.production.min.js:71:145)
    at Z (/home/jay/Desktop/prompt/node_modules/react-dom/cjs/react-dom-server.browser.production.min.js:76:89)
[Build Time] Successfully fetched 50 prompts for category 5
ReferenceError: imageUrl is not defined
    at D (/home/jay/Desktop/prompt/.next/server/pages/category/sub-categories/[subcategories]/promptDetails/[promptSlug].js:1:4355)
    at /home/jay/Desktop/prompt/.next/server/pages/category/sub-categories/[subcategories]/promptDetails/[promptSlug].js:1:4820
    at Wc (/home/jay/Desktop/prompt/node_modules/react-dom/cjs/react-dom-server.browser.production.min.js:68:44)
    at Zc (/home/jay/Desktop/prompt/node_modules/react-dom/cjs/react-dom-server.browser.production.min.js:70:253)
    at Z (/home/jay/Desktop/prompt/node_modules/react-dom/cjs/react-dom-server.browser.production.min.js:76:89)
    at Zc (/home/jay/Desktop/prompt/node_modules/react-dom/cjs/react-dom-server.browser.production.min.js:70:481)
    at Z (/home/jay/Desktop/prompt/node_modules/react-dom/cjs/react-dom-server.browser.production.min.js:76:89)
    at $c (/home/jay/Desktop/prompt/node_modules/react-dom/cjs/react-dom-server.browser.production.min.js:78:98)
    at Zc (/home/jay/Desktop/prompt/node_modules/react-dom/cjs/react-dom-server.browser.production.min.js:71:145)
    at Z (/home/jay/Desktop/prompt/node_modules/react-dom/cjs/react-dom-server.browser.production.min.js:76:89)

Error occurred prerendering page "/category/sub-categories/studio/promptDetails/the-burning-roses". Read more: https://nextjs.org/docs/messages/prerender-error

ReferenceError: imageUrl is not defined
    at D (/home/jay/Desktop/prompt/.next/server/pages/category/sub-categories/[subcategories]/promptDetails/[promptSlug].js:1:4355)
    at /home/jay/Desktop/prompt/.next/server/pages/category/sub-categories/[subcategories]/promptDetails/[promptSlug].js:1:4820
    at Wc (/home/jay/Desktop/prompt/node_modules/react-dom/cjs/react-dom-server.browser.production.min.js:68:44)
    at Zc (/home/jay/Desktop/prompt/node_modules/react-dom/cjs/react-dom-server.browser.production.min.js:70:253)
    at Z (/home/jay/Desktop/prompt/node_modules/react-dom/cjs/react-dom-server.browser.production.min.js:76:89)
    at Zc (/home/jay/Desktop/prompt/node_modules/react-dom/cjs/react-dom-server.browser.production.min.js:70:481)
    at Z (/home/jay/Desktop/prompt/node_modules/react-dom/cjs/react-dom-server.browser.production.min.js:76:89)
    at $c (/home/jay/Desktop/prompt/node_modules/react-dom/cjs/react-dom-server.browser.production.min.js:78:98)
    at Zc (/home/jay/Desktop/prompt/node_modules/react-dom/cjs/react-dom-server.browser.production.min.js:71:145)
    at Z (/home/jay/Desktop/prompt/node_modules/react-dom/cjs/react-dom-server.browser.production.min.js:76:89)
[Build Time] Successfully fetched 50 prompts for category 5
ReferenceError: imageUrl is not defined
    at D (/home/jay/Desktop/prompt/.next/server/pages/category/sub-categories/[subcategories]/promptDetails/[promptSlug].js:1:4355)
    at /home/jay/Desktop/prompt/.next/server/pages/category/sub-categories/[subcategories]/promptDetails/[promptSlug].js:1:4820
    at Wc (/home/jay/Desktop/prompt/node_modules/react-dom/cjs/react-dom-server.browser.production.min.js:68:44)
    at Zc (/home/jay/Desktop/prompt/node_modules/react-dom/cjs/react-dom-server.browser.production.min.js:70:253)
    at Z (/home/jay/Desktop/prompt/node_modules/react-dom/cjs/react-dom-server.browser.production.min.js:76:89)
    at Zc (/home/jay/Desktop/prompt/node_modules/react-dom/cjs/react-dom-server.browser.production.min.js:70:481)
    at Z (/home/jay/Desktop/prompt/node_modules/react-dom/cjs/react-dom-server.browser.production.min.js:76:89)
    at $c (/home/jay/Desktop/prompt/node_modules/react-dom/cjs/react-dom-server.browser.production.min.js:78:98)
    at Zc (/home/jay/Desktop/prompt/node_modules/react-dom/cjs/react-dom-server.browser.production.min.js:71:145)
    at Z (/home/jay/Desktop/prompt/node_modules/react-dom/cjs/react-dom-server.browser.production.min.js:76:89)

Error occurred prerendering page "/category/sub-categories/studio/promptDetails/modern-elegance-in-maroon". Read more: https://nextjs.org/docs/messages/prerender-error

ReferenceError: imageUrl is not defined
    at D (/home/jay/Desktop/prompt/.next/server/pages/category/sub-categories/[subcategories]/promptDetails/[promptSlug].js:1:4355)
    at /home/jay/Desktop/prompt/.next/server/pages/category/sub-categories/[subcategories]/promptDetails/[promptSlug].js:1:4820
    at Wc (/home/jay/Desktop/prompt/node_modules/react-dom/cjs/react-dom-server.browser.production.min.js:68:44)
    at Zc (/home/jay/Desktop/prompt/node_modules/react-dom/cjs/react-dom-server.browser.production.min.js:70:253)
    at Z (/home/jay/Desktop/prompt/node_modules/react-dom/cjs/react-dom-server.browser.production.min.js:76:89)
    at Zc (/home/jay/Desktop/prompt/node_modules/react-dom/cjs/react-dom-server.browser.production.min.js:70:481)
    at Z (/home/jay/Desktop/prompt/node_modules/react-dom/cjs/react-dom-server.browser.production.min.js:76:89)
    at $c (/home/jay/Desktop/prompt/node_modules/react-dom/cjs/react-dom-server.browser.production.min.js:78:98)
    at Zc (/home/jay/Desktop/prompt/node_modules/react-dom/cjs/react-dom-server.browser.production.min.js:71:145)
    at Z (/home/jay/Desktop/prompt/node_modules/react-dom/cjs/react-dom-server.browser.production.min.js:76:89)
ReferenceError: imageUrl is not defined
    at D (/home/jay/Desktop/prompt/.next/server/pages/category/sub-categories/[subcategories]/promptDetails/[promptSlug].js:1:4355)
    at /home/jay/Desktop/prompt/.next/server/pages/category/sub-categories/[subcategories]/promptDetails/[promptSlug].js:1:4820
    at Wc (/home/jay/Desktop/prompt/node_modules/react-dom/cjs/react-dom-server.browser.production.min.js:68:44)
    at Zc (/home/jay/Desktop/prompt/node_modules/react-dom/cjs/react-dom-server.browser.production.min.js:70:253)
    at Z (/home/jay/Desktop/prompt/node_modules/react-dom/cjs/react-dom-server.browser.production.min.js:76:89)
    at Zc (/home/jay/Desktop/prompt/node_modules/react-dom/cjs/react-dom-server.browser.production.min.js:70:481)
    at Z (/home/jay/Desktop/prompt/node_modules/react-dom/cjs/react-dom-server.browser.production.min.js:76:89)
    at $c (/home/jay/Desktop/prompt/node_modules/react-dom/cjs/react-dom-server.browser.production.min.js:78:98)
    at Zc (/home/jay/Desktop/prompt/node_modules/react-dom/cjs/react-dom-server.browser.production.min.js:71:145)
    at Z (/home/jay/Desktop/prompt/node_modules/react-dom/cjs/react-dom-server.browser.production.min.js:76:89)

Error occurred prerendering page "/category/sub-categories/studio/promptDetails/the-ethereal-god-ray-fantasy". Read more: https://nextjs.org/docs/messages/prerender-error

ReferenceError: imageUrl is not defined
    at D (/home/jay/Desktop/prompt/.next/server/pages/category/sub-categories/[subcategories]/promptDetails/[promptSlug].js:1:4355)
    at /home/jay/Desktop/prompt/.next/server/pages/category/sub-categories/[subcategories]/promptDetails/[promptSlug].js:1:4820
    at Wc (/home/jay/Desktop/prompt/node_modules/react-dom/cjs/react-dom-server.browser.production.min.js:68:44)
    at Zc (/home/jay/Desktop/prompt/node_modules/react-dom/cjs/react-dom-server.browser.production.min.js:70:253)
    at Z (/home/jay/Desktop/prompt/node_modules/react-dom/cjs/react-dom-server.browser.production.min.js:76:89)
    at Zc (/home/jay/Desktop/prompt/node_modules/react-dom/cjs/react-dom-server.browser.production.min.js:70:481)
    at Z (/home/jay/Desktop/prompt/node_modules/react-dom/cjs/react-dom-server.browser.production.min.js:76:89)
    at $c (/home/jay/Desktop/prompt/node_modules/react-dom/cjs/react-dom-server.browser.production.min.js:78:98)
    at Zc (/home/jay/Desktop/prompt/node_modules/react-dom/cjs/react-dom-server.browser.production.min.js:71:145)
    at Z (/home/jay/Desktop/prompt/node_modules/react-dom/cjs/react-dom-server.browser.production.min.js:76:89)
ReferenceError: imageUrl is not defined
    at D (/home/jay/Desktop/prompt/.next/server/pages/category/sub-categories/[subcategories]/promptDetails/[promptSlug].js:1:4355)
    at /home/jay/Desktop/prompt/.next/server/pages/category/sub-categories/[subcategories]/promptDetails/[promptSlug].js:1:4820
    at Wc (/home/jay/Desktop/prompt/node_modules/react-dom/cjs/react-dom-server.browser.production.min.js:68:44)
    at Zc (/home/jay/Desktop/prompt/node_modules/react-dom/cjs/react-dom-server.browser.production.min.js:70:253)
    at Z (/home/jay/Desktop/prompt/node_modules/react-dom/cjs/react-dom-server.browser.production.min.js:76:89)
    at Zc (/home/jay/Desktop/prompt/node_modules/react-dom/cjs/react-dom-server.browser.production.min.js:70:481)
    at Z (/home/jay/Desktop/prompt/node_modules/react-dom/cjs/react-dom-server.browser.production.min.js:76:89)
    at $c (/home/jay/Desktop/prompt/node_modules/react-dom/cjs/react-dom-server.browser.production.min.js:78:98)
    at Zc (/home/jay/Desktop/prompt/node_modules/react-dom/cjs/react-dom-server.browser.production.min.js:71:145)
    at Z (/home/jay/Desktop/prompt/node_modules/react-dom/cjs/react-dom-server.browser.production.min.js:76:89)

Error occurred prerendering page "/category/sub-categories/studio/promptDetails/the-sci-fi-spaceship-pilot". Read more: https://nextjs.org/docs/messages/prerender-error

ReferenceError: imageUrl is not defined
    at D (/home/jay/Desktop/prompt/.next/server/pages/category/sub-categories/[subcategories]/promptDetails/[promptSlug].js:1:4355)
    at /home/jay/Desktop/prompt/.next/server/pages/category/sub-categories/[subcategories]/promptDetails/[promptSlug].js:1:4820
    at Wc (/home/jay/Desktop/prompt/node_modules/react-dom/cjs/react-dom-server.browser.production.min.js:68:44)
    at Zc (/home/jay/Desktop/prompt/node_modules/react-dom/cjs/react-dom-server.browser.production.min.js:70:253)
    at Z (/home/jay/Desktop/prompt/node_modules/react-dom/cjs/react-dom-server.browser.production.min.js:76:89)
    at Zc (/home/jay/Desktop/prompt/node_modules/react-dom/cjs/react-dom-server.browser.production.min.js:70:481)
    at Z (/home/jay/Desktop/prompt/node_modules/react-dom/cjs/react-dom-server.browser.production.min.js:76:89)
    at $c (/home/jay/Desktop/prompt/node_modules/react-dom/cjs/react-dom-server.browser.production.min.js:78:98)
    at Zc (/home/jay/Desktop/prompt/node_modules/react-dom/cjs/react-dom-server.browser.production.min.js:71:145)
    at Z (/home/jay/Desktop/prompt/node_modules/react-dom/cjs/react-dom-server.browser.production.min.js:76:89)
ReferenceError: imageUrl is not defined
    at D (/home/jay/Desktop/prompt/.next/server/pages/category/sub-categories/[subcategories]/promptDetails/[promptSlug].js:1:4355)
    at /home/jay/Desktop/prompt/.next/server/pages/category/sub-categories/[subcategories]/promptDetails/[promptSlug].js:1:4820
    at Wc (/home/jay/Desktop/prompt/node_modules/react-dom/cjs/react-dom-server.browser.production.min.js:68:44)
    at Zc (/home/jay/Desktop/prompt/node_modules/react-dom/cjs/react-dom-server.browser.production.min.js:70:253)
    at Z (/home/jay/Desktop/prompt/node_modules/react-dom/cjs/react-dom-server.browser.production.min.js:76:89)
    at Zc (/home/jay/Desktop/prompt/node_modules/react-dom/cjs/react-dom-server.browser.production.min.js:70:481)
    at Z (/home/jay/Desktop/prompt/node_modules/react-dom/cjs/react-dom-server.browser.production.min.js:76:89)
    at $c (/home/jay/Desktop/prompt/node_modules/react-dom/cjs/react-dom-server.browser.production.min.js:78:98)
    at Zc (/home/jay/Desktop/prompt/node_modules/react-dom/cjs/react-dom-server.browser.production.min.js:71:145)
    at Z (/home/jay/Desktop/prompt/node_modules/react-dom/cjs/react-dom-server.browser.production.min.js:76:89)

Error occurred prerendering page "/category/sub-categories/studio/promptDetails/the-avant-garde-vogue-couture-shoot". Read more: https://nextjs.org/docs/messages/prerender-error

ReferenceError: imageUrl is not defined
    at D (/home/jay/Desktop/prompt/.next/server/pages/category/sub-categories/[subcategories]/promptDetails/[promptSlug].js:1:4355)
    at /home/jay/Desktop/prompt/.next/server/pages/category/sub-categories/[subcategories]/promptDetails/[promptSlug].js:1:4820
    at Wc (/home/jay/Desktop/prompt/node_modules/react-dom/cjs/react-dom-server.browser.production.min.js:68:44)
    at Zc (/home/jay/Desktop/prompt/node_modules/react-dom/cjs/react-dom-server.browser.production.min.js:70:253)
    at Z (/home/jay/Desktop/prompt/node_modules/react-dom/cjs/react-dom-server.browser.production.min.js:76:89)
    at Zc (/home/jay/Desktop/prompt/node_modules/react-dom/cjs/react-dom-server.browser.production.min.js:70:481)
    at Z (/home/jay/Desktop/prompt/node_modules/react-dom/cjs/react-dom-server.browser.production.min.js:76:89)
    at $c (/home/jay/Desktop/prompt/node_modules/react-dom/cjs/react-dom-server.browser.production.min.js:78:98)
    at Zc (/home/jay/Desktop/prompt/node_modules/react-dom/cjs/react-dom-server.browser.production.min.js:71:145)
    at Z (/home/jay/Desktop/prompt/node_modules/react-dom/cjs/react-dom-server.browser.production.min.js:76:89)
[Build Time] Fetching all categories from: https://admin.promptland.in/api/get_categories
[Build Time] Successfully fetched 29 categories
[Build Time] Fetching prompts for category 5, subcategory none
[Build Time] Successfully fetched 50 prompts for category 5
[Build Time] Fetching all categories from: https://admin.promptland.in/api/get_categories
[Build Time] Successfully fetched 29 categories
[Build Time] Fetching prompts for category 5, subcategory none
[Build Time] Successfully fetched 50 prompts for category 5
[Build Time] Fetching all categories from: https://admin.promptland.in/api/get_categories
[Build Time] Successfully fetched 29 categories
[Build Time] Fetching prompts for category 5, subcategory none
[Build Time] Successfully fetched 50 prompts for category 5
[Build Time] Fetching all categories from: https://admin.promptland.in/api/get_categories
[Build Time] Successfully fetched 29 categories
[Build Time] Fetching prompts for category 5, subcategory none
[Build Time] Successfully fetched 50 prompts for category 5
[Build Time] Fetching all categories from: https://admin.promptland.in/api/get_categories
[Build Time] Successfully fetched 29 categories
[Build Time] Fetching prompts for category 5, subcategory none
[Build Time] Successfully fetched 50 prompts for category 5
[Build Time] Fetching all categories from: https://admin.promptland.in/api/get_categories
[Build Time] Successfully fetched 29 categories
[Build Time] Fetching prompts for category 5, subcategory none
[Build Time] Successfully fetched 50 prompts for category 5
[Build Time] Fetching all categories from: https://admin.promptland.in/api/get_categories
[Build Time] Successfully fetched 29 categories
[Build Time] Fetching prompts for category 5, subcategory none
[Build Time] Successfully fetched 50 prompts for category 5
ReferenceError: imageUrl is not defined
    at D (/home/jay/Desktop/prompt/.next/server/pages/category/sub-categories/[subcategories]/promptDetails/[promptSlug].js:1:4355)
    at /home/jay/Desktop/prompt/.next/server/pages/category/sub-categories/[subcategories]/promptDetails/[promptSlug].js:1:4820
    at Wc (/home/jay/Desktop/prompt/node_modules/react-dom/cjs/react-dom-server.browser.production.min.js:68:44)
    at Zc (/home/jay/Desktop/prompt/node_modules/react-dom/cjs/react-dom-server.browser.production.min.js:70:253)
    at Z (/home/jay/Desktop/prompt/node_modules/react-dom/cjs/react-dom-server.browser.production.min.js:76:89)
    at Zc (/home/jay/Desktop/prompt/node_modules/react-dom/cjs/react-dom-server.browser.production.min.js:70:481)
    at Z (/home/jay/Desktop/prompt/node_modules/react-dom/cjs/react-dom-server.browser.production.min.js:76:89)
    at $c (/home/jay/Desktop/prompt/node_modules/react-dom/cjs/react-dom-server.browser.production.min.js:78:98)
    at Zc (/home/jay/Desktop/prompt/node_modules/react-dom/cjs/react-dom-server.browser.production.min.js:71:145)
    at Z (/home/jay/Desktop/prompt/node_modules/react-dom/cjs/react-dom-server.browser.production.min.js:76:89)

Error occurred prerendering page "/category/sub-categories/studio/promptDetails/the-dice-roll-of-fate". Read more: https://nextjs.org/docs/messages/prerender-error

ReferenceError: imageUrl is not defined
    at D (/home/jay/Desktop/prompt/.next/server/pages/category/sub-categories/[subcategories]/promptDetails/[promptSlug].js:1:4355)
    at /home/jay/Desktop/prompt/.next/server/pages/category/sub-categories/[subcategories]/promptDetails/[promptSlug].js:1:4820
    at Wc (/home/jay/Desktop/prompt/node_modules/react-dom/cjs/react-dom-server.browser.production.min.js:68:44)
    at Zc (/home/jay/Desktop/prompt/node_modules/react-dom/cjs/react-dom-server.browser.production.min.js:70:253)
    at Z (/home/jay/Desktop/prompt/node_modules/react-dom/cjs/react-dom-server.browser.production.min.js:76:89)
    at Zc (/home/jay/Desktop/prompt/node_modules/react-dom/cjs/react-dom-server.browser.production.min.js:70:481)
    at Z (/home/jay/Desktop/prompt/node_modules/react-dom/cjs/react-dom-server.browser.production.min.js:76:89)
    at $c (/home/jay/Desktop/prompt/node_modules/react-dom/cjs/react-dom-server.browser.production.min.js:78:98)
    at Zc (/home/jay/Desktop/prompt/node_modules/react-dom/cjs/react-dom-server.browser.production.min.js:71:145)
    at Z (/home/jay/Desktop/prompt/node_modules/react-dom/cjs/react-dom-server.browser.production.min.js:76:89)
ReferenceError: imageUrl is not defined
    at D (/home/jay/Desktop/prompt/.next/server/pages/category/sub-categories/[subcategories]/promptDetails/[promptSlug].js:1:4355)
    at /home/jay/Desktop/prompt/.next/server/pages/category/sub-categories/[subcategories]/promptDetails/[promptSlug].js:1:4820
    at Wc (/home/jay/Desktop/prompt/node_modules/react-dom/cjs/react-dom-server.browser.production.min.js:68:44)
    at Zc (/home/jay/Desktop/prompt/node_modules/react-dom/cjs/react-dom-server.browser.production.min.js:70:253)
    at Z (/home/jay/Desktop/prompt/node_modules/react-dom/cjs/react-dom-server.browser.production.min.js:76:89)
    at Zc (/home/jay/Desktop/prompt/node_modules/react-dom/cjs/react-dom-server.browser.production.min.js:70:481)
    at Z (/home/jay/Desktop/prompt/node_modules/react-dom/cjs/react-dom-server.browser.production.min.js:76:89)
    at $c (/home/jay/Desktop/prompt/node_modules/react-dom/cjs/react-dom-server.browser.production.min.js:78:98)
    at Zc (/home/jay/Desktop/prompt/node_modules/react-dom/cjs/react-dom-server.browser.production.min.js:71:145)
    at Z (/home/jay/Desktop/prompt/node_modules/react-dom/cjs/react-dom-server.browser.production.min.js:76:89)

Error occurred prerendering page "/category/sub-categories/studio/promptDetails/the-retro-anime-room". Read more: https://nextjs.org/docs/messages/prerender-error

ReferenceError: imageUrl is not defined
    at D (/home/jay/Desktop/prompt/.next/server/pages/category/sub-categories/[subcategories]/promptDetails/[promptSlug].js:1:4355)
    at /home/jay/Desktop/prompt/.next/server/pages/category/sub-categories/[subcategories]/promptDetails/[promptSlug].js:1:4820
    at Wc (/home/jay/Desktop/prompt/node_modules/react-dom/cjs/react-dom-server.browser.production.min.js:68:44)
    at Zc (/home/jay/Desktop/prompt/node_modules/react-dom/cjs/react-dom-server.browser.production.min.js:70:253)
    at Z (/home/jay/Desktop/prompt/node_modules/react-dom/cjs/react-dom-server.browser.production.min.js:76:89)
    at Zc (/home/jay/Desktop/prompt/node_modules/react-dom/cjs/react-dom-server.browser.production.min.js:70:481)
    at Z (/home/jay/Desktop/prompt/node_modules/react-dom/cjs/react-dom-server.browser.production.min.js:76:89)
    at $c (/home/jay/Desktop/prompt/node_modules/react-dom/cjs/react-dom-server.browser.production.min.js:78:98)
    at Zc (/home/jay/Desktop/prompt/node_modules/react-dom/cjs/react-dom-server.browser.production.min.js:71:145)
    at Z (/home/jay/Desktop/prompt/node_modules/react-dom/cjs/react-dom-server.browser.production.min.js:76:89)
ReferenceError: imageUrl is not defined
    at D (/home/jay/Desktop/prompt/.next/server/pages/category/sub-categories/[subcategories]/promptDetails/[promptSlug].js:1:4355)
    at /home/jay/Desktop/prompt/.next/server/pages/category/sub-categories/[subcategories]/promptDetails/[promptSlug].js:1:4820
    at Wc (/home/jay/Desktop/prompt/node_modules/react-dom/cjs/react-dom-server.browser.production.min.js:68:44)
    at Zc (/home/jay/Desktop/prompt/node_modules/react-dom/cjs/react-dom-server.browser.production.min.js:70:253)
    at Z (/home/jay/Desktop/prompt/node_modules/react-dom/cjs/react-dom-server.browser.production.min.js:76:89)
    at Zc (/home/jay/Desktop/prompt/node_modules/react-dom/cjs/react-dom-server.browser.production.min.js:70:481)
    at Z (/home/jay/Desktop/prompt/node_modules/react-dom/cjs/react-dom-server.browser.production.min.js:76:89)
    at $c (/home/jay/Desktop/prompt/node_modules/react-dom/cjs/react-dom-server.browser.production.min.js:78:98)
    at Zc (/home/jay/Desktop/prompt/node_modules/react-dom/cjs/react-dom-server.browser.production.min.js:71:145)
    at Z (/home/jay/Desktop/prompt/node_modules/react-dom/cjs/react-dom-server.browser.production.min.js:76:89)

Error occurred prerendering page "/category/sub-categories/studio/promptDetails/the-halo-spotlight". Read more: https://nextjs.org/docs/messages/prerender-error

ReferenceError: imageUrl is not defined
    at D (/home/jay/Desktop/prompt/.next/server/pages/category/sub-categories/[subcategories]/promptDetails/[promptSlug].js:1:4355)
    at /home/jay/Desktop/prompt/.next/server/pages/category/sub-categories/[subcategories]/promptDetails/[promptSlug].js:1:4820
    at Wc (/home/jay/Desktop/prompt/node_modules/react-dom/cjs/react-dom-server.browser.production.min.js:68:44)
    at Zc (/home/jay/Desktop/prompt/node_modules/react-dom/cjs/react-dom-server.browser.production.min.js:70:253)
    at Z (/home/jay/Desktop/prompt/node_modules/react-dom/cjs/react-dom-server.browser.production.min.js:76:89)
    at Zc (/home/jay/Desktop/prompt/node_modules/react-dom/cjs/react-dom-server.browser.production.min.js:70:481)
    at Z (/home/jay/Desktop/prompt/node_modules/react-dom/cjs/react-dom-server.browser.production.min.js:76:89)
    at $c (/home/jay/Desktop/prompt/node_modules/react-dom/cjs/react-dom-server.browser.production.min.js:78:98)
    at Zc (/home/jay/Desktop/prompt/node_modules/react-dom/cjs/react-dom-server.browser.production.min.js:71:145)
    at Z (/home/jay/Desktop/prompt/node_modules/react-dom/cjs/react-dom-server.browser.production.min.js:76:89)
ReferenceError: imageUrl is not defined
    at D (/home/jay/Desktop/prompt/.next/server/pages/category/sub-categories/[subcategories]/promptDetails/[promptSlug].js:1:4355)
    at /home/jay/Desktop/prompt/.next/server/pages/category/sub-categories/[subcategories]/promptDetails/[promptSlug].js:1:4820
    at Wc (/home/jay/Desktop/prompt/node_modules/react-dom/cjs/react-dom-server.browser.production.min.js:68:44)
    at Zc (/home/jay/Desktop/prompt/node_modules/react-dom/cjs/react-dom-server.browser.production.min.js:70:253)
    at Z (/home/jay/Desktop/prompt/node_modules/react-dom/cjs/react-dom-server.browser.production.min.js:76:89)
    at Zc (/home/jay/Desktop/prompt/node_modules/react-dom/cjs/react-dom-server.browser.production.min.js:70:481)
    at Z (/home/jay/Desktop/prompt/node_modules/react-dom/cjs/react-dom-server.browser.production.min.js:76:89)
    at $c (/home/jay/Desktop/prompt/node_modules/react-dom/cjs/react-dom-server.browser.production.min.js:78:98)
    at Zc (/home/jay/Desktop/prompt/node_modules/react-dom/cjs/react-dom-server.browser.production.min.js:71:145)
    at Z (/home/jay/Desktop/prompt/node_modules/react-dom/cjs/react-dom-server.browser.production.min.js:76:89)

Error occurred prerendering page "/category/sub-categories/studio/promptDetails/burgundy-velvet-noir". Read more: https://nextjs.org/docs/messages/prerender-error

ReferenceError: imageUrl is not defined
    at D (/home/jay/Desktop/prompt/.next/server/pages/category/sub-categories/[subcategories]/promptDetails/[promptSlug].js:1:4355)
    at /home/jay/Desktop/prompt/.next/server/pages/category/sub-categories/[subcategories]/promptDetails/[promptSlug].js:1:4820
    at Wc (/home/jay/Desktop/prompt/node_modules/react-dom/cjs/react-dom-server.browser.production.min.js:68:44)
    at Zc (/home/jay/Desktop/prompt/node_modules/react-dom/cjs/react-dom-server.browser.production.min.js:70:253)
    at Z (/home/jay/Desktop/prompt/node_modules/react-dom/cjs/react-dom-server.browser.production.min.js:76:89)
    at Zc (/home/jay/Desktop/prompt/node_modules/react-dom/cjs/react-dom-server.browser.production.min.js:70:481)
    at Z (/home/jay/Desktop/prompt/node_modules/react-dom/cjs/react-dom-server.browser.production.min.js:76:89)
    at $c (/home/jay/Desktop/prompt/node_modules/react-dom/cjs/react-dom-server.browser.production.min.js:78:98)
    at Zc (/home/jay/Desktop/prompt/node_modules/react-dom/cjs/react-dom-server.browser.production.min.js:71:145)
    at Z (/home/jay/Desktop/prompt/node_modules/react-dom/cjs/react-dom-server.browser.production.min.js:76:89)
ReferenceError: imageUrl is not defined
    at D (/home/jay/Desktop/prompt/.next/server/pages/category/sub-categories/[subcategories]/promptDetails/[promptSlug].js:1:4355)
    at /home/jay/Desktop/prompt/.next/server/pages/category/sub-categories/[subcategories]/promptDetails/[promptSlug].js:1:4820
    at Wc (/home/jay/Desktop/prompt/node_modules/react-dom/cjs/react-dom-server.browser.production.min.js:68:44)
    at Zc (/home/jay/Desktop/prompt/node_modules/react-dom/cjs/react-dom-server.browser.production.min.js:70:253)
    at Z (/home/jay/Desktop/prompt/node_modules/react-dom/cjs/react-dom-server.browser.production.min.js:76:89)
    at Zc (/home/jay/Desktop/prompt/node_modules/react-dom/cjs/react-dom-server.browser.production.min.js:70:481)
    at Z (/home/jay/Desktop/prompt/node_modules/react-dom/cjs/react-dom-server.browser.production.min.js:76:89)
    at $c (/home/jay/Desktop/prompt/node_modules/react-dom/cjs/react-dom-server.browser.production.min.js:78:98)
    at Zc (/home/jay/Desktop/prompt/node_modules/react-dom/cjs/react-dom-server.browser.production.min.js:71:145)
    at Z (/home/jay/Desktop/prompt/node_modules/react-dom/cjs/react-dom-server.browser.production.min.js:76:89)

Error occurred prerendering page "/category/sub-categories/studio/promptDetails/the-midnight-tuxedo". Read more: https://nextjs.org/docs/messages/prerender-error

ReferenceError: imageUrl is not defined
    at D (/home/jay/Desktop/prompt/.next/server/pages/category/sub-categories/[subcategories]/promptDetails/[promptSlug].js:1:4355)
    at /home/jay/Desktop/prompt/.next/server/pages/category/sub-categories/[subcategories]/promptDetails/[promptSlug].js:1:4820
    at Wc (/home/jay/Desktop/prompt/node_modules/react-dom/cjs/react-dom-server.browser.production.min.js:68:44)
    at Zc (/home/jay/Desktop/prompt/node_modules/react-dom/cjs/react-dom-server.browser.production.min.js:70:253)
    at Z (/home/jay/Desktop/prompt/node_modules/react-dom/cjs/react-dom-server.browser.production.min.js:76:89)
    at Zc (/home/jay/Desktop/prompt/node_modules/react-dom/cjs/react-dom-server.browser.production.min.js:70:481)
    at Z (/home/jay/Desktop/prompt/node_modules/react-dom/cjs/react-dom-server.browser.production.min.js:76:89)
    at $c (/home/jay/Desktop/prompt/node_modules/react-dom/cjs/react-dom-server.browser.production.min.js:78:98)
    at Zc (/home/jay/Desktop/prompt/node_modules/react-dom/cjs/react-dom-server.browser.production.min.js:71:145)
    at Z (/home/jay/Desktop/prompt/node_modules/react-dom/cjs/react-dom-server.browser.production.min.js:76:89)
ReferenceError: imageUrl is not defined
    at D (/home/jay/Desktop/prompt/.next/server/pages/category/sub-categories/[subcategories]/promptDetails/[promptSlug].js:1:4355)
    at /home/jay/Desktop/prompt/.next/server/pages/category/sub-categories/[subcategories]/promptDetails/[promptSlug].js:1:4820
    at Wc (/home/jay/Desktop/prompt/node_modules/react-dom/cjs/react-dom-server.browser.production.min.js:68:44)
    at Zc (/home/jay/Desktop/prompt/node_modules/react-dom/cjs/react-dom-server.browser.production.min.js:70:253)
    at Z (/home/jay/Desktop/prompt/node_modules/react-dom/cjs/react-dom-server.browser.production.min.js:76:89)
    at Zc (/home/jay/Desktop/prompt/node_modules/react-dom/cjs/react-dom-server.browser.production.min.js:70:481)
    at Z (/home/jay/Desktop/prompt/node_modules/react-dom/cjs/react-dom-server.browser.production.min.js:76:89)
    at $c (/home/jay/Desktop/prompt/node_modules/react-dom/cjs/react-dom-server.browser.production.min.js:78:98)
    at Zc (/home/jay/Desktop/prompt/node_modules/react-dom/cjs/react-dom-server.browser.production.min.js:71:145)
    at Z (/home/jay/Desktop/prompt/node_modules/react-dom/cjs/react-dom-server.browser.production.min.js:76:89)

Error occurred prerendering page "/category/sub-categories/studio/promptDetails/golden-hour-casual". Read more: https://nextjs.org/docs/messages/prerender-error

ReferenceError: imageUrl is not defined
    at D (/home/jay/Desktop/prompt/.next/server/pages/category/sub-categories/[subcategories]/promptDetails/[promptSlug].js:1:4355)
    at /home/jay/Desktop/prompt/.next/server/pages/category/sub-categories/[subcategories]/promptDetails/[promptSlug].js:1:4820
    at Wc (/home/jay/Desktop/prompt/node_modules/react-dom/cjs/react-dom-server.browser.production.min.js:68:44)
    at Zc (/home/jay/Desktop/prompt/node_modules/react-dom/cjs/react-dom-server.browser.production.min.js:70:253)
    at Z (/home/jay/Desktop/prompt/node_modules/react-dom/cjs/react-dom-server.browser.production.min.js:76:89)
    at Zc (/home/jay/Desktop/prompt/node_modules/react-dom/cjs/react-dom-server.browser.production.min.js:70:481)
    at Z (/home/jay/Desktop/prompt/node_modules/react-dom/cjs/react-dom-server.browser.production.min.js:76:89)
    at $c (/home/jay/Desktop/prompt/node_modules/react-dom/cjs/react-dom-server.browser.production.min.js:78:98)
    at Zc (/home/jay/Desktop/prompt/node_modules/react-dom/cjs/react-dom-server.browser.production.min.js:71:145)
    at Z (/home/jay/Desktop/prompt/node_modules/react-dom/cjs/react-dom-server.browser.production.min.js:76:89)
ReferenceError: imageUrl is not defined
    at D (/home/jay/Desktop/prompt/.next/server/pages/category/sub-categories/[subcategories]/promptDetails/[promptSlug].js:1:4355)
    at /home/jay/Desktop/prompt/.next/server/pages/category/sub-categories/[subcategories]/promptDetails/[promptSlug].js:1:4820
    at Wc (/home/jay/Desktop/prompt/node_modules/react-dom/cjs/react-dom-server.browser.production.min.js:68:44)
    at Zc (/home/jay/Desktop/prompt/node_modules/react-dom/cjs/react-dom-server.browser.production.min.js:70:253)
    at Z (/home/jay/Desktop/prompt/node_modules/react-dom/cjs/react-dom-server.browser.production.min.js:76:89)
    at Zc (/home/jay/Desktop/prompt/node_modules/react-dom/cjs/react-dom-server.browser.production.min.js:70:481)
    at Z (/home/jay/Desktop/prompt/node_modules/react-dom/cjs/react-dom-server.browser.production.min.js:76:89)
    at $c (/home/jay/Desktop/prompt/node_modules/react-dom/cjs/react-dom-server.browser.production.min.js:78:98)
    at Zc (/home/jay/Desktop/prompt/node_modules/react-dom/cjs/react-dom-server.browser.production.min.js:71:145)
    at Z (/home/jay/Desktop/prompt/node_modules/react-dom/cjs/react-dom-server.browser.production.min.js:76:89)

Error occurred prerendering page "/category/sub-categories/studio/promptDetails/the-charcoal-executive". Read more: https://nextjs.org/docs/messages/prerender-error

ReferenceError: imageUrl is not defined
    at D (/home/jay/Desktop/prompt/.next/server/pages/category/sub-categories/[subcategories]/promptDetails/[promptSlug].js:1:4355)
    at /home/jay/Desktop/prompt/.next/server/pages/category/sub-categories/[subcategories]/promptDetails/[promptSlug].js:1:4820
    at Wc (/home/jay/Desktop/prompt/node_modules/react-dom/cjs/react-dom-server.browser.production.min.js:68:44)
    at Zc (/home/jay/Desktop/prompt/node_modules/react-dom/cjs/react-dom-server.browser.production.min.js:70:253)
    at Z (/home/jay/Desktop/prompt/node_modules/react-dom/cjs/react-dom-server.browser.production.min.js:76:89)
    at Zc (/home/jay/Desktop/prompt/node_modules/react-dom/cjs/react-dom-server.browser.production.min.js:70:481)
    at Z (/home/jay/Desktop/prompt/node_modules/react-dom/cjs/react-dom-server.browser.production.min.js:76:89)
    at $c (/home/jay/Desktop/prompt/node_modules/react-dom/cjs/react-dom-server.browser.production.min.js:78:98)
    at Zc (/home/jay/Desktop/prompt/node_modules/react-dom/cjs/react-dom-server.browser.production.min.js:71:145)
    at Z (/home/jay/Desktop/prompt/node_modules/react-dom/cjs/react-dom-server.browser.production.min.js:76:89)
[Build Time] Fetching all categories from: https://admin.promptland.in/api/get_categories
[Build Time] Successfully fetched 29 categories
[Build Time] Fetching prompts for category 5, subcategory none
[Build Time] Fetching all categories from: https://admin.promptland.in/api/get_categories
[Build Time] Successfully fetched 29 categories
[Build Time] Fetching prompts for category 5, subcategory none
[Build Time] Fetching all categories from: https://admin.promptland.in/api/get_categories
[Build Time] Successfully fetched 29 categories
[Build Time] Fetching prompts for category 5, subcategory none
[Build Time] Successfully fetched 50 prompts for category 5
[Build Time] Fetching all categories from: https://admin.promptland.in/api/get_categories
[Build Time] Successfully fetched 29 categories
[Build Time] Fetching prompts for category 5, subcategory none
[Build Time] Successfully fetched 50 prompts for category 5
[Build Time] Fetching all categories from: https://admin.promptland.in/api/get_categories
[Build Time] Successfully fetched 29 categories
[Build Time] Fetching prompts for category 5, subcategory none
[Build Time] Successfully fetched 50 prompts for category 5
[Build Time] Fetching all categories from: https://admin.promptland.in/api/get_categories
[Build Time] Successfully fetched 29 categories
[Build Time] Fetching prompts for category 5, subcategory none
[Build Time] Successfully fetched 50 prompts for category 5
[Build Time] Fetching all categories from: https://admin.promptland.in/api/get_categories
[Build Time] Successfully fetched 29 categories
[Build Time] Fetching prompts for category 5, subcategory none
[Build Time] Successfully fetched 50 prompts for category 5
ReferenceError: imageUrl is not defined
    at D (/home/jay/Desktop/prompt/.next/server/pages/category/sub-categories/[subcategories]/promptDetails/[promptSlug].js:1:4355)
    at /home/jay/Desktop/prompt/.next/server/pages/category/sub-categories/[subcategories]/promptDetails/[promptSlug].js:1:4820
    at Wc (/home/jay/Desktop/prompt/node_modules/react-dom/cjs/react-dom-server.browser.production.min.js:68:44)
    at Zc (/home/jay/Desktop/prompt/node_modules/react-dom/cjs/react-dom-server.browser.production.min.js:70:253)
    at Z (/home/jay/Desktop/prompt/node_modules/react-dom/cjs/react-dom-server.browser.production.min.js:76:89)
    at Zc (/home/jay/Desktop/prompt/node_modules/react-dom/cjs/react-dom-server.browser.production.min.js:70:481)
    at Z (/home/jay/Desktop/prompt/node_modules/react-dom/cjs/react-dom-server.browser.production.min.js:76:89)
    at $c (/home/jay/Desktop/prompt/node_modules/react-dom/cjs/react-dom-server.browser.production.min.js:78:98)
    at Zc (/home/jay/Desktop/prompt/node_modules/react-dom/cjs/react-dom-server.browser.production.min.js:71:145)
    at Z (/home/jay/Desktop/prompt/node_modules/react-dom/cjs/react-dom-server.browser.production.min.js:76:89)

Error occurred prerendering page "/category/sub-categories/studio/promptDetails/ultra-realistic-indian-bridal-portrait". Read more: https://nextjs.org/docs/messages/prerender-error

ReferenceError: imageUrl is not defined
    at D (/home/jay/Desktop/prompt/.next/server/pages/category/sub-categories/[subcategories]/promptDetails/[promptSlug].js:1:4355)
    at /home/jay/Desktop/prompt/.next/server/pages/category/sub-categories/[subcategories]/promptDetails/[promptSlug].js:1:4820
    at Wc (/home/jay/Desktop/prompt/node_modules/react-dom/cjs/react-dom-server.browser.production.min.js:68:44)
    at Zc (/home/jay/Desktop/prompt/node_modules/react-dom/cjs/react-dom-server.browser.production.min.js:70:253)
    at Z (/home/jay/Desktop/prompt/node_modules/react-dom/cjs/react-dom-server.browser.production.min.js:76:89)
    at Zc (/home/jay/Desktop/prompt/node_modules/react-dom/cjs/react-dom-server.browser.production.min.js:70:481)
    at Z (/home/jay/Desktop/prompt/node_modules/react-dom/cjs/react-dom-server.browser.production.min.js:76:89)
    at $c (/home/jay/Desktop/prompt/node_modules/react-dom/cjs/react-dom-server.browser.production.min.js:78:98)
    at Zc (/home/jay/Desktop/prompt/node_modules/react-dom/cjs/react-dom-server.browser.production.min.js:71:145)
    at Z (/home/jay/Desktop/prompt/node_modules/react-dom/cjs/react-dom-server.browser.production.min.js:76:89)
[Build Time] Successfully fetched 50 prompts for category 5
ReferenceError: imageUrl is not defined
    at D (/home/jay/Desktop/prompt/.next/server/pages/category/sub-categories/[subcategories]/promptDetails/[promptSlug].js:1:4355)
    at /home/jay/Desktop/prompt/.next/server/pages/category/sub-categories/[subcategories]/promptDetails/[promptSlug].js:1:4820
    at Wc (/home/jay/Desktop/prompt/node_modules/react-dom/cjs/react-dom-server.browser.production.min.js:68:44)
    at Zc (/home/jay/Desktop/prompt/node_modules/react-dom/cjs/react-dom-server.browser.production.min.js:70:253)
    at Z (/home/jay/Desktop/prompt/node_modules/react-dom/cjs/react-dom-server.browser.production.min.js:76:89)
    at Zc (/home/jay/Desktop/prompt/node_modules/react-dom/cjs/react-dom-server.browser.production.min.js:70:481)
    at Z (/home/jay/Desktop/prompt/node_modules/react-dom/cjs/react-dom-server.browser.production.min.js:76:89)
    at $c (/home/jay/Desktop/prompt/node_modules/react-dom/cjs/react-dom-server.browser.production.min.js:78:98)
    at Zc (/home/jay/Desktop/prompt/node_modules/react-dom/cjs/react-dom-server.browser.production.min.js:71:145)
    at Z (/home/jay/Desktop/prompt/node_modules/react-dom/cjs/react-dom-server.browser.production.min.js:76:89)

Error occurred prerendering page "/category/sub-categories/studio/promptDetails/ultra-realistic-bollywood-poster-portrait". Read more: https://nextjs.org/docs/messages/prerender-error

ReferenceError: imageUrl is not defined
    at D (/home/jay/Desktop/prompt/.next/server/pages/category/sub-categories/[subcategories]/promptDetails/[promptSlug].js:1:4355)
    at /home/jay/Desktop/prompt/.next/server/pages/category/sub-categories/[subcategories]/promptDetails/[promptSlug].js:1:4820
    at Wc (/home/jay/Desktop/prompt/node_modules/react-dom/cjs/react-dom-server.browser.production.min.js:68:44)
    at Zc (/home/jay/Desktop/prompt/node_modules/react-dom/cjs/react-dom-server.browser.production.min.js:70:253)
    at Z (/home/jay/Desktop/prompt/node_modules/react-dom/cjs/react-dom-server.browser.production.min.js:76:89)
    at Zc (/home/jay/Desktop/prompt/node_modules/react-dom/cjs/react-dom-server.browser.production.min.js:70:481)
    at Z (/home/jay/Desktop/prompt/node_modules/react-dom/cjs/react-dom-server.browser.production.min.js:76:89)
    at $c (/home/jay/Desktop/prompt/node_modules/react-dom/cjs/react-dom-server.browser.production.min.js:78:98)
    at Zc (/home/jay/Desktop/prompt/node_modules/react-dom/cjs/react-dom-server.browser.production.min.js:71:145)
    at Z (/home/jay/Desktop/prompt/node_modules/react-dom/cjs/react-dom-server.browser.production.min.js:76:89)
ReferenceError: imageUrl is not defined
    at D (/home/jay/Desktop/prompt/.next/server/pages/category/sub-categories/[subcategories]/promptDetails/[promptSlug].js:1:4355)
    at /home/jay/Desktop/prompt/.next/server/pages/category/sub-categories/[subcategories]/promptDetails/[promptSlug].js:1:4820
    at Wc (/home/jay/Desktop/prompt/node_modules/react-dom/cjs/react-dom-server.browser.production.min.js:68:44)
    at Zc (/home/jay/Desktop/prompt/node_modules/react-dom/cjs/react-dom-server.browser.production.min.js:70:253)
    at Z (/home/jay/Desktop/prompt/node_modules/react-dom/cjs/react-dom-server.browser.production.min.js:76:89)
    at Zc (/home/jay/Desktop/prompt/node_modules/react-dom/cjs/react-dom-server.browser.production.min.js:70:481)
    at Z (/home/jay/Desktop/prompt/node_modules/react-dom/cjs/react-dom-server.browser.production.min.js:76:89)
    at $c (/home/jay/Desktop/prompt/node_modules/react-dom/cjs/react-dom-server.browser.production.min.js:78:98)
    at Zc (/home/jay/Desktop/prompt/node_modules/react-dom/cjs/react-dom-server.browser.production.min.js:71:145)
    at Z (/home/jay/Desktop/prompt/node_modules/react-dom/cjs/react-dom-server.browser.production.min.js:76:89)

Error occurred prerendering page "/category/sub-categories/studio/promptDetails/spotlight-with-a-vertical-white-smoke". Read more: https://nextjs.org/docs/messages/prerender-error

ReferenceError: imageUrl is not defined
    at D (/home/jay/Desktop/prompt/.next/server/pages/category/sub-categories/[subcategories]/promptDetails/[promptSlug].js:1:4355)
    at /home/jay/Desktop/prompt/.next/server/pages/category/sub-categories/[subcategories]/promptDetails/[promptSlug].js:1:4820
    at Wc (/home/jay/Desktop/prompt/node_modules/react-dom/cjs/react-dom-server.browser.production.min.js:68:44)
    at Zc (/home/jay/Desktop/prompt/node_modules/react-dom/cjs/react-dom-server.browser.production.min.js:70:253)
    at Z (/home/jay/Desktop/prompt/node_modules/react-dom/cjs/react-dom-server.browser.production.min.js:76:89)
    at Zc (/home/jay/Desktop/prompt/node_modules/react-dom/cjs/react-dom-server.browser.production.min.js:70:481)
    at Z (/home/jay/Desktop/prompt/node_modules/react-dom/cjs/react-dom-server.browser.production.min.js:76:89)
    at $c (/home/jay/Desktop/prompt/node_modules/react-dom/cjs/react-dom-server.browser.production.min.js:78:98)
    at Zc (/home/jay/Desktop/prompt/node_modules/react-dom/cjs/react-dom-server.browser.production.min.js:71:145)
    at Z (/home/jay/Desktop/prompt/node_modules/react-dom/cjs/react-dom-server.browser.production.min.js:76:89)
[Build Time] Successfully fetched 50 prompts for category 5
ReferenceError: imageUrl is not defined
    at D (/home/jay/Desktop/prompt/.next/server/pages/category/sub-categories/[subcategories]/promptDetails/[promptSlug].js:1:4355)
    at /home/jay/Desktop/prompt/.next/server/pages/category/sub-categories/[subcategories]/promptDetails/[promptSlug].js:1:4820
    at Wc (/home/jay/Desktop/prompt/node_modules/react-dom/cjs/react-dom-server.browser.production.min.js:68:44)
    at Zc (/home/jay/Desktop/prompt/node_modules/react-dom/cjs/react-dom-server.browser.production.min.js:70:253)
    at Z (/home/jay/Desktop/prompt/node_modules/react-dom/cjs/react-dom-server.browser.production.min.js:76:89)
    at Zc (/home/jay/Desktop/prompt/node_modules/react-dom/cjs/react-dom-server.browser.production.min.js:70:481)
    at Z (/home/jay/Desktop/prompt/node_modules/react-dom/cjs/react-dom-server.browser.production.min.js:76:89)
    at $c (/home/jay/Desktop/prompt/node_modules/react-dom/cjs/react-dom-server.browser.production.min.js:78:98)
    at Zc (/home/jay/Desktop/prompt/node_modules/react-dom/cjs/react-dom-server.browser.production.min.js:71:145)
    at Z (/home/jay/Desktop/prompt/node_modules/react-dom/cjs/react-dom-server.browser.production.min.js:76:89)

Error occurred prerendering page "/category/sub-categories/studio/promptDetails/minimalist-butterfly-spotlight". Read more: https://nextjs.org/docs/messages/prerender-error

ReferenceError: imageUrl is not defined
    at D (/home/jay/Desktop/prompt/.next/server/pages/category/sub-categories/[subcategories]/promptDetails/[promptSlug].js:1:4355)
    at /home/jay/Desktop/prompt/.next/server/pages/category/sub-categories/[subcategories]/promptDetails/[promptSlug].js:1:4820
    at Wc (/home/jay/Desktop/prompt/node_modules/react-dom/cjs/react-dom-server.browser.production.min.js:68:44)
    at Zc (/home/jay/Desktop/prompt/node_modules/react-dom/cjs/react-dom-server.browser.production.min.js:70:253)
    at Z (/home/jay/Desktop/prompt/node_modules/react-dom/cjs/react-dom-server.browser.production.min.js:76:89)
    at Zc (/home/jay/Desktop/prompt/node_modules/react-dom/cjs/react-dom-server.browser.production.min.js:70:481)
    at Z (/home/jay/Desktop/prompt/node_modules/react-dom/cjs/react-dom-server.browser.production.min.js:76:89)
    at $c (/home/jay/Desktop/prompt/node_modules/react-dom/cjs/react-dom-server.browser.production.min.js:78:98)
    at Zc (/home/jay/Desktop/prompt/node_modules/react-dom/cjs/react-dom-server.browser.production.min.js:71:145)
    at Z (/home/jay/Desktop/prompt/node_modules/react-dom/cjs/react-dom-server.browser.production.min.js:76:89)
ReferenceError: imageUrl is not defined
    at D (/home/jay/Desktop/prompt/.next/server/pages/category/sub-categories/[subcategories]/promptDetails/[promptSlug].js:1:4355)
    at /home/jay/Desktop/prompt/.next/server/pages/category/sub-categories/[subcategories]/promptDetails/[promptSlug].js:1:4820
    at Wc (/home/jay/Desktop/prompt/node_modules/react-dom/cjs/react-dom-server.browser.production.min.js:68:44)
    at Zc (/home/jay/Desktop/prompt/node_modules/react-dom/cjs/react-dom-server.browser.production.min.js:70:253)
    at Z (/home/jay/Desktop/prompt/node_modules/react-dom/cjs/react-dom-server.browser.production.min.js:76:89)
    at Zc (/home/jay/Desktop/prompt/node_modules/react-dom/cjs/react-dom-server.browser.production.min.js:70:481)
    at Z (/home/jay/Desktop/prompt/node_modules/react-dom/cjs/react-dom-server.browser.production.min.js:76:89)
    at $c (/home/jay/Desktop/prompt/node_modules/react-dom/cjs/react-dom-server.browser.production.min.js:78:98)
    at Zc (/home/jay/Desktop/prompt/node_modules/react-dom/cjs/react-dom-server.browser.production.min.js:71:145)
    at Z (/home/jay/Desktop/prompt/node_modules/react-dom/cjs/react-dom-server.browser.production.min.js:76:89)

Error occurred prerendering page "/category/sub-categories/studio/promptDetails/futuristic-streetwear-editorial". Read more: https://nextjs.org/docs/messages/prerender-error

ReferenceError: imageUrl is not defined
    at D (/home/jay/Desktop/prompt/.next/server/pages/category/sub-categories/[subcategories]/promptDetails/[promptSlug].js:1:4355)
    at /home/jay/Desktop/prompt/.next/server/pages/category/sub-categories/[subcategories]/promptDetails/[promptSlug].js:1:4820
    at Wc (/home/jay/Desktop/prompt/node_modules/react-dom/cjs/react-dom-server.browser.production.min.js:68:44)
    at Zc (/home/jay/Desktop/prompt/node_modules/react-dom/cjs/react-dom-server.browser.production.min.js:70:253)
    at Z (/home/jay/Desktop/prompt/node_modules/react-dom/cjs/react-dom-server.browser.production.min.js:76:89)
    at Zc (/home/jay/Desktop/prompt/node_modules/react-dom/cjs/react-dom-server.browser.production.min.js:70:481)
    at Z (/home/jay/Desktop/prompt/node_modules/react-dom/cjs/react-dom-server.browser.production.min.js:76:89)
    at $c (/home/jay/Desktop/prompt/node_modules/react-dom/cjs/react-dom-server.browser.production.min.js:78:98)
    at Zc (/home/jay/Desktop/prompt/node_modules/react-dom/cjs/react-dom-server.browser.production.min.js:71:145)
    at Z (/home/jay/Desktop/prompt/node_modules/react-dom/cjs/react-dom-server.browser.production.min.js:76:89)
ReferenceError: imageUrl is not defined
    at D (/home/jay/Desktop/prompt/.next/server/pages/category/sub-categories/[subcategories]/promptDetails/[promptSlug].js:1:4355)
    at /home/jay/Desktop/prompt/.next/server/pages/category/sub-categories/[subcategories]/promptDetails/[promptSlug].js:1:4820
    at Wc (/home/jay/Desktop/prompt/node_modules/react-dom/cjs/react-dom-server.browser.production.min.js:68:44)
    at Zc (/home/jay/Desktop/prompt/node_modules/react-dom/cjs/react-dom-server.browser.production.min.js:70:253)
    at Z (/home/jay/Desktop/prompt/node_modules/react-dom/cjs/react-dom-server.browser.production.min.js:76:89)
    at Zc (/home/jay/Desktop/prompt/node_modules/react-dom/cjs/react-dom-server.browser.production.min.js:70:481)
    at Z (/home/jay/Desktop/prompt/node_modules/react-dom/cjs/react-dom-server.browser.production.min.js:76:89)
    at $c (/home/jay/Desktop/prompt/node_modules/react-dom/cjs/react-dom-server.browser.production.min.js:78:98)
    at Zc (/home/jay/Desktop/prompt/node_modules/react-dom/cjs/react-dom-server.browser.production.min.js:71:145)
    at Z (/home/jay/Desktop/prompt/node_modules/react-dom/cjs/react-dom-server.browser.production.min.js:76:89)

Error occurred prerendering page "/category/sub-categories/studio/promptDetails/modern-surreal-studio-fashion-scene". Read more: https://nextjs.org/docs/messages/prerender-error

ReferenceError: imageUrl is not defined
    at D (/home/jay/Desktop/prompt/.next/server/pages/category/sub-categories/[subcategories]/promptDetails/[promptSlug].js:1:4355)
    at /home/jay/Desktop/prompt/.next/server/pages/category/sub-categories/[subcategories]/promptDetails/[promptSlug].js:1:4820
    at Wc (/home/jay/Desktop/prompt/node_modules/react-dom/cjs/react-dom-server.browser.production.min.js:68:44)
    at Zc (/home/jay/Desktop/prompt/node_modules/react-dom/cjs/react-dom-server.browser.production.min.js:70:253)
    at Z (/home/jay/Desktop/prompt/node_modules/react-dom/cjs/react-dom-server.browser.production.min.js:76:89)
    at Zc (/home/jay/Desktop/prompt/node_modules/react-dom/cjs/react-dom-server.browser.production.min.js:70:481)
    at Z (/home/jay/Desktop/prompt/node_modules/react-dom/cjs/react-dom-server.browser.production.min.js:76:89)
    at $c (/home/jay/Desktop/prompt/node_modules/react-dom/cjs/react-dom-server.browser.production.min.js:78:98)
    at Zc (/home/jay/Desktop/prompt/node_modules/react-dom/cjs/react-dom-server.browser.production.min.js:71:145)
    at Z (/home/jay/Desktop/prompt/node_modules/react-dom/cjs/react-dom-server.browser.production.min.js:76:89)
ReferenceError: imageUrl is not defined
    at D (/home/jay/Desktop/prompt/.next/server/pages/category/sub-categories/[subcategories]/promptDetails/[promptSlug].js:1:4355)
    at /home/jay/Desktop/prompt/.next/server/pages/category/sub-categories/[subcategories]/promptDetails/[promptSlug].js:1:4820
    at Wc (/home/jay/Desktop/prompt/node_modules/react-dom/cjs/react-dom-server.browser.production.min.js:68:44)
    at Zc (/home/jay/Desktop/prompt/node_modules/react-dom/cjs/react-dom-server.browser.production.min.js:70:253)
    at Z (/home/jay/Desktop/prompt/node_modules/react-dom/cjs/react-dom-server.browser.production.min.js:76:89)
    at Zc (/home/jay/Desktop/prompt/node_modules/react-dom/cjs/react-dom-server.browser.production.min.js:70:481)
    at Z (/home/jay/Desktop/prompt/node_modules/react-dom/cjs/react-dom-server.browser.production.min.js:76:89)
    at $c (/home/jay/Desktop/prompt/node_modules/react-dom/cjs/react-dom-server.browser.production.min.js:78:98)
    at Zc (/home/jay/Desktop/prompt/node_modules/react-dom/cjs/react-dom-server.browser.production.min.js:71:145)
    at Z (/home/jay/Desktop/prompt/node_modules/react-dom/cjs/react-dom-server.browser.production.min.js:76:89)

Error occurred prerendering page "/category/sub-categories/studio/promptDetails/red-vintage-couture-portrait". Read more: https://nextjs.org/docs/messages/prerender-error

ReferenceError: imageUrl is not defined
    at D (/home/jay/Desktop/prompt/.next/server/pages/category/sub-categories/[subcategories]/promptDetails/[promptSlug].js:1:4355)
    at /home/jay/Desktop/prompt/.next/server/pages/category/sub-categories/[subcategories]/promptDetails/[promptSlug].js:1:4820
    at Wc (/home/jay/Desktop/prompt/node_modules/react-dom/cjs/react-dom-server.browser.production.min.js:68:44)
    at Zc (/home/jay/Desktop/prompt/node_modules/react-dom/cjs/react-dom-server.browser.production.min.js:70:253)
    at Z (/home/jay/Desktop/prompt/node_modules/react-dom/cjs/react-dom-server.browser.production.min.js:76:89)
    at Zc (/home/jay/Desktop/prompt/node_modules/react-dom/cjs/react-dom-server.browser.production.min.js:70:481)
    at Z (/home/jay/Desktop/prompt/node_modules/react-dom/cjs/react-dom-server.browser.production.min.js:76:89)
    at $c (/home/jay/Desktop/prompt/node_modules/react-dom/cjs/react-dom-server.browser.production.min.js:78:98)
    at Zc (/home/jay/Desktop/prompt/node_modules/react-dom/cjs/react-dom-server.browser.production.min.js:71:145)
    at Z (/home/jay/Desktop/prompt/node_modules/react-dom/cjs/react-dom-server.browser.production.min.js:76:89)
[Build Time] Fetching all categories from: https://admin.promptland.in/api/get_categories
[Build Time] Successfully fetched 29 categories
[Build Time] Fetching prompts for category 5, subcategory none
[Build Time] Successfully fetched 50 prompts for category 5
[Build Time] Fetching all categories from: https://admin.promptland.in/api/get_categories
[Build Time] Successfully fetched 29 categories
[Build Time] Fetching prompts for category 5, subcategory none
[Build Time] Successfully fetched 50 prompts for category 5
[Build Time] Fetching all categories from: https://admin.promptland.in/api/get_categories
[Build Time] Successfully fetched 29 categories
[Build Time] Fetching prompts for category 5, subcategory none
[Build Time] Successfully fetched 50 prompts for category 5
[Build Time] Fetching all categories from: https://admin.promptland.in/api/get_categories
[Build Time] Successfully fetched 29 categories
[Build Time] Fetching prompts for category 5, subcategory none
[Build Time] Successfully fetched 50 prompts for category 5
[Build Time] Fetching all categories from: https://admin.promptland.in/api/get_categories
[Build Time] Successfully fetched 29 categories
[Build Time] Fetching prompts for category 5, subcategory none
[Build Time] Successfully fetched 50 prompts for category 5
[Build Time] Fetching all categories from: https://admin.promptland.in/api/get_categories
[Build Time] Successfully fetched 29 categories
[Build Time] Fetching prompts for category 5, subcategory none
[Build Time] Successfully fetched 50 prompts for category 5
[Build Time] Fetching all categories from: https://admin.promptland.in/api/get_categories
[Build Time] Successfully fetched 29 categories
[Build Time] Fetching prompts for category 5, subcategory none
[Build Time] Successfully fetched 50 prompts for category 5
ReferenceError: imageUrl is not defined
    at D (/home/jay/Desktop/prompt/.next/server/pages/category/sub-categories/[subcategories]/promptDetails/[promptSlug].js:1:4355)
    at /home/jay/Desktop/prompt/.next/server/pages/category/sub-categories/[subcategories]/promptDetails/[promptSlug].js:1:4820
    at Wc (/home/jay/Desktop/prompt/node_modules/react-dom/cjs/react-dom-server.browser.production.min.js:68:44)
    at Zc (/home/jay/Desktop/prompt/node_modules/react-dom/cjs/react-dom-server.browser.production.min.js:70:253)
    at Z (/home/jay/Desktop/prompt/node_modules/react-dom/cjs/react-dom-server.browser.production.min.js:76:89)
    at Zc (/home/jay/Desktop/prompt/node_modules/react-dom/cjs/react-dom-server.browser.production.min.js:70:481)
    at Z (/home/jay/Desktop/prompt/node_modules/react-dom/cjs/react-dom-server.browser.production.min.js:76:89)
    at $c (/home/jay/Desktop/prompt/node_modules/react-dom/cjs/react-dom-server.browser.production.min.js:78:98)
    at Zc (/home/jay/Desktop/prompt/node_modules/react-dom/cjs/react-dom-server.browser.production.min.js:71:145)
    at Z (/home/jay/Desktop/prompt/node_modules/react-dom/cjs/react-dom-server.browser.production.min.js:76:89)

Error occurred prerendering page "/category/sub-categories/studio/promptDetails/artistic-monochrome-portrait-edit". Read more: https://nextjs.org/docs/messages/prerender-error

ReferenceError: imageUrl is not defined
    at D (/home/jay/Desktop/prompt/.next/server/pages/category/sub-categories/[subcategories]/promptDetails/[promptSlug].js:1:4355)
    at /home/jay/Desktop/prompt/.next/server/pages/category/sub-categories/[subcategories]/promptDetails/[promptSlug].js:1:4820
    at Wc (/home/jay/Desktop/prompt/node_modules/react-dom/cjs/react-dom-server.browser.production.min.js:68:44)
    at Zc (/home/jay/Desktop/prompt/node_modules/react-dom/cjs/react-dom-server.browser.production.min.js:70:253)
    at Z (/home/jay/Desktop/prompt/node_modules/react-dom/cjs/react-dom-server.browser.production.min.js:76:89)
    at Zc (/home/jay/Desktop/prompt/node_modules/react-dom/cjs/react-dom-server.browser.production.min.js:70:481)
    at Z (/home/jay/Desktop/prompt/node_modules/react-dom/cjs/react-dom-server.browser.production.min.js:76:89)
    at $c (/home/jay/Desktop/prompt/node_modules/react-dom/cjs/react-dom-server.browser.production.min.js:78:98)
    at Zc (/home/jay/Desktop/prompt/node_modules/react-dom/cjs/react-dom-server.browser.production.min.js:71:145)
    at Z (/home/jay/Desktop/prompt/node_modules/react-dom/cjs/react-dom-server.browser.production.min.js:76:89)
ReferenceError: imageUrl is not defined
    at D (/home/jay/Desktop/prompt/.next/server/pages/category/sub-categories/[subcategories]/promptDetails/[promptSlug].js:1:4355)
    at /home/jay/Desktop/prompt/.next/server/pages/category/sub-categories/[subcategories]/promptDetails/[promptSlug].js:1:4820
    at Wc (/home/jay/Desktop/prompt/node_modules/react-dom/cjs/react-dom-server.browser.production.min.js:68:44)
    at Zc (/home/jay/Desktop/prompt/node_modules/react-dom/cjs/react-dom-server.browser.production.min.js:70:253)
    at Z (/home/jay/Desktop/prompt/node_modules/react-dom/cjs/react-dom-server.browser.production.min.js:76:89)
    at Zc (/home/jay/Desktop/prompt/node_modules/react-dom/cjs/react-dom-server.browser.production.min.js:70:481)
    at Z (/home/jay/Desktop/prompt/node_modules/react-dom/cjs/react-dom-server.browser.production.min.js:76:89)
    at $c (/home/jay/Desktop/prompt/node_modules/react-dom/cjs/react-dom-server.browser.production.min.js:78:98)
    at Zc (/home/jay/Desktop/prompt/node_modules/react-dom/cjs/react-dom-server.browser.production.min.js:71:145)
    at Z (/home/jay/Desktop/prompt/node_modules/react-dom/cjs/react-dom-server.browser.production.min.js:76:89)

Error occurred prerendering page "/category/sub-categories/studio/promptDetails/crescent-energy-disintegration-scene". Read more: https://nextjs.org/docs/messages/prerender-error

ReferenceError: imageUrl is not defined
    at D (/home/jay/Desktop/prompt/.next/server/pages/category/sub-categories/[subcategories]/promptDetails/[promptSlug].js:1:4355)
    at /home/jay/Desktop/prompt/.next/server/pages/category/sub-categories/[subcategories]/promptDetails/[promptSlug].js:1:4820
    at Wc (/home/jay/Desktop/prompt/node_modules/react-dom/cjs/react-dom-server.browser.production.min.js:68:44)
    at Zc (/home/jay/Desktop/prompt/node_modules/react-dom/cjs/react-dom-server.browser.production.min.js:70:253)
    at Z (/home/jay/Desktop/prompt/node_modules/react-dom/cjs/react-dom-server.browser.production.min.js:76:89)
    at Zc (/home/jay/Desktop/prompt/node_modules/react-dom/cjs/react-dom-server.browser.production.min.js:70:481)
    at Z (/home/jay/Desktop/prompt/node_modules/react-dom/cjs/react-dom-server.browser.production.min.js:76:89)
    at $c (/home/jay/Desktop/prompt/node_modules/react-dom/cjs/react-dom-server.browser.production.min.js:78:98)
    at Zc (/home/jay/Desktop/prompt/node_modules/react-dom/cjs/react-dom-server.browser.production.min.js:71:145)
    at Z (/home/jay/Desktop/prompt/node_modules/react-dom/cjs/react-dom-server.browser.production.min.js:76:89)
ReferenceError: imageUrl is not defined
    at D (/home/jay/Desktop/prompt/.next/server/pages/category/sub-categories/[subcategories]/promptDetails/[promptSlug].js:1:4355)
    at /home/jay/Desktop/prompt/.next/server/pages/category/sub-categories/[subcategories]/promptDetails/[promptSlug].js:1:4820
    at Wc (/home/jay/Desktop/prompt/node_modules/react-dom/cjs/react-dom-server.browser.production.min.js:68:44)
    at Zc (/home/jay/Desktop/prompt/node_modules/react-dom/cjs/react-dom-server.browser.production.min.js:70:253)
    at Z (/home/jay/Desktop/prompt/node_modules/react-dom/cjs/react-dom-server.browser.production.min.js:76:89)
    at Zc (/home/jay/Desktop/prompt/node_modules/react-dom/cjs/react-dom-server.browser.production.min.js:70:481)
    at Z (/home/jay/Desktop/prompt/node_modules/react-dom/cjs/react-dom-server.browser.production.min.js:76:89)
    at $c (/home/jay/Desktop/prompt/node_modules/react-dom/cjs/react-dom-server.browser.production.min.js:78:98)
    at Zc (/home/jay/Desktop/prompt/node_modules/react-dom/cjs/react-dom-server.browser.production.min.js:71:145)
    at Z (/home/jay/Desktop/prompt/node_modules/react-dom/cjs/react-dom-server.browser.production.min.js:76:89)

Error occurred prerendering page "/category/sub-categories/studio/promptDetails/cinematic-indoor-futuristic-portrait". Read more: https://nextjs.org/docs/messages/prerender-error

ReferenceError: imageUrl is not defined
    at D (/home/jay/Desktop/prompt/.next/server/pages/category/sub-categories/[subcategories]/promptDetails/[promptSlug].js:1:4355)
    at /home/jay/Desktop/prompt/.next/server/pages/category/sub-categories/[subcategories]/promptDetails/[promptSlug].js:1:4820
    at Wc (/home/jay/Desktop/prompt/node_modules/react-dom/cjs/react-dom-server.browser.production.min.js:68:44)
    at Zc (/home/jay/Desktop/prompt/node_modules/react-dom/cjs/react-dom-server.browser.production.min.js:70:253)
    at Z (/home/jay/Desktop/prompt/node_modules/react-dom/cjs/react-dom-server.browser.production.min.js:76:89)
    at Zc (/home/jay/Desktop/prompt/node_modules/react-dom/cjs/react-dom-server.browser.production.min.js:70:481)
    at Z (/home/jay/Desktop/prompt/node_modules/react-dom/cjs/react-dom-server.browser.production.min.js:76:89)
    at $c (/home/jay/Desktop/prompt/node_modules/react-dom/cjs/react-dom-server.browser.production.min.js:78:98)
    at Zc (/home/jay/Desktop/prompt/node_modules/react-dom/cjs/react-dom-server.browser.production.min.js:71:145)
    at Z (/home/jay/Desktop/prompt/node_modules/react-dom/cjs/react-dom-server.browser.production.min.js:76:89)
ReferenceError: imageUrl is not defined
    at D (/home/jay/Desktop/prompt/.next/server/pages/category/sub-categories/[subcategories]/promptDetails/[promptSlug].js:1:4355)
    at /home/jay/Desktop/prompt/.next/server/pages/category/sub-categories/[subcategories]/promptDetails/[promptSlug].js:1:4820
    at Wc (/home/jay/Desktop/prompt/node_modules/react-dom/cjs/react-dom-server.browser.production.min.js:68:44)
    at Zc (/home/jay/Desktop/prompt/node_modules/react-dom/cjs/react-dom-server.browser.production.min.js:70:253)
    at Z (/home/jay/Desktop/prompt/node_modules/react-dom/cjs/react-dom-server.browser.production.min.js:76:89)
    at Zc (/home/jay/Desktop/prompt/node_modules/react-dom/cjs/react-dom-server.browser.production.min.js:70:481)
    at Z (/home/jay/Desktop/prompt/node_modules/react-dom/cjs/react-dom-server.browser.production.min.js:76:89)
    at $c (/home/jay/Desktop/prompt/node_modules/react-dom/cjs/react-dom-server.browser.production.min.js:78:98)
    at Zc (/home/jay/Desktop/prompt/node_modules/react-dom/cjs/react-dom-server.browser.production.min.js:71:145)
    at Z (/home/jay/Desktop/prompt/node_modules/react-dom/cjs/react-dom-server.browser.production.min.js:76:89)

Error occurred prerendering page "/category/sub-categories/studio/promptDetails/chic-cozy-indoor-lifestyle". Read more: https://nextjs.org/docs/messages/prerender-error

ReferenceError: imageUrl is not defined
    at D (/home/jay/Desktop/prompt/.next/server/pages/category/sub-categories/[subcategories]/promptDetails/[promptSlug].js:1:4355)
    at /home/jay/Desktop/prompt/.next/server/pages/category/sub-categories/[subcategories]/promptDetails/[promptSlug].js:1:4820
    at Wc (/home/jay/Desktop/prompt/node_modules/react-dom/cjs/react-dom-server.browser.production.min.js:68:44)
    at Zc (/home/jay/Desktop/prompt/node_modules/react-dom/cjs/react-dom-server.browser.production.min.js:70:253)
    at Z (/home/jay/Desktop/prompt/node_modules/react-dom/cjs/react-dom-server.browser.production.min.js:76:89)
    at Zc (/home/jay/Desktop/prompt/node_modules/react-dom/cjs/react-dom-server.browser.production.min.js:70:481)
    at Z (/home/jay/Desktop/prompt/node_modules/react-dom/cjs/react-dom-server.browser.production.min.js:76:89)
    at $c (/home/jay/Desktop/prompt/node_modules/react-dom/cjs/react-dom-server.browser.production.min.js:78:98)
    at Zc (/home/jay/Desktop/prompt/node_modules/react-dom/cjs/react-dom-server.browser.production.min.js:71:145)
    at Z (/home/jay/Desktop/prompt/node_modules/react-dom/cjs/react-dom-server.browser.production.min.js:76:89)
ReferenceError: imageUrl is not defined
    at D (/home/jay/Desktop/prompt/.next/server/pages/category/sub-categories/[subcategories]/promptDetails/[promptSlug].js:1:4355)
    at /home/jay/Desktop/prompt/.next/server/pages/category/sub-categories/[subcategories]/promptDetails/[promptSlug].js:1:4820
    at Wc (/home/jay/Desktop/prompt/node_modules/react-dom/cjs/react-dom-server.browser.production.min.js:68:44)
    at Zc (/home/jay/Desktop/prompt/node_modules/react-dom/cjs/react-dom-server.browser.production.min.js:70:253)
    at Z (/home/jay/Desktop/prompt/node_modules/react-dom/cjs/react-dom-server.browser.production.min.js:76:89)
    at Zc (/home/jay/Desktop/prompt/node_modules/react-dom/cjs/react-dom-server.browser.production.min.js:70:481)
    at Z (/home/jay/Desktop/prompt/node_modules/react-dom/cjs/react-dom-server.browser.production.min.js:76:89)
    at $c (/home/jay/Desktop/prompt/node_modules/react-dom/cjs/react-dom-server.browser.production.min.js:78:98)
    at Zc (/home/jay/Desktop/prompt/node_modules/react-dom/cjs/react-dom-server.browser.production.min.js:71:145)
    at Z (/home/jay/Desktop/prompt/node_modules/react-dom/cjs/react-dom-server.browser.production.min.js:76:89)

Error occurred prerendering page "/category/sub-categories/studio/promptDetails/retro-vintage-waistcoat-look". Read more: https://nextjs.org/docs/messages/prerender-error

ReferenceError: imageUrl is not defined
    at D (/home/jay/Desktop/prompt/.next/server/pages/category/sub-categories/[subcategories]/promptDetails/[promptSlug].js:1:4355)
    at /home/jay/Desktop/prompt/.next/server/pages/category/sub-categories/[subcategories]/promptDetails/[promptSlug].js:1:4820
    at Wc (/home/jay/Desktop/prompt/node_modules/react-dom/cjs/react-dom-server.browser.production.min.js:68:44)
    at Zc (/home/jay/Desktop/prompt/node_modules/react-dom/cjs/react-dom-server.browser.production.min.js:70:253)
    at Z (/home/jay/Desktop/prompt/node_modules/react-dom/cjs/react-dom-server.browser.production.min.js:76:89)
    at Zc (/home/jay/Desktop/prompt/node_modules/react-dom/cjs/react-dom-server.browser.production.min.js:70:481)
    at Z (/home/jay/Desktop/prompt/node_modules/react-dom/cjs/react-dom-server.browser.production.min.js:76:89)
    at $c (/home/jay/Desktop/prompt/node_modules/react-dom/cjs/react-dom-server.browser.production.min.js:78:98)
    at Zc (/home/jay/Desktop/prompt/node_modules/react-dom/cjs/react-dom-server.browser.production.min.js:71:145)
    at Z (/home/jay/Desktop/prompt/node_modules/react-dom/cjs/react-dom-server.browser.production.min.js:76:89)
ReferenceError: imageUrl is not defined
    at D (/home/jay/Desktop/prompt/.next/server/pages/category/sub-categories/[subcategories]/promptDetails/[promptSlug].js:1:4355)
    at /home/jay/Desktop/prompt/.next/server/pages/category/sub-categories/[subcategories]/promptDetails/[promptSlug].js:1:4820
    at Wc (/home/jay/Desktop/prompt/node_modules/react-dom/cjs/react-dom-server.browser.production.min.js:68:44)
    at Zc (/home/jay/Desktop/prompt/node_modules/react-dom/cjs/react-dom-server.browser.production.min.js:70:253)
    at Z (/home/jay/Desktop/prompt/node_modules/react-dom/cjs/react-dom-server.browser.production.min.js:76:89)
    at Zc (/home/jay/Desktop/prompt/node_modules/react-dom/cjs/react-dom-server.browser.production.min.js:70:481)
    at Z (/home/jay/Desktop/prompt/node_modules/react-dom/cjs/react-dom-server.browser.production.min.js:76:89)
    at $c (/home/jay/Desktop/prompt/node_modules/react-dom/cjs/react-dom-server.browser.production.min.js:78:98)
    at Zc (/home/jay/Desktop/prompt/node_modules/react-dom/cjs/react-dom-server.browser.production.min.js:71:145)
    at Z (/home/jay/Desktop/prompt/node_modules/react-dom/cjs/react-dom-server.browser.production.min.js:76:89)

Error occurred prerendering page "/category/sub-categories/studio/promptDetails/cinematic-indoor-portrait-repeated-frame". Read more: https://nextjs.org/docs/messages/prerender-error

ReferenceError: imageUrl is not defined
    at D (/home/jay/Desktop/prompt/.next/server/pages/category/sub-categories/[subcategories]/promptDetails/[promptSlug].js:1:4355)
    at /home/jay/Desktop/prompt/.next/server/pages/category/sub-categories/[subcategories]/promptDetails/[promptSlug].js:1:4820
    at Wc (/home/jay/Desktop/prompt/node_modules/react-dom/cjs/react-dom-server.browser.production.min.js:68:44)
    at Zc (/home/jay/Desktop/prompt/node_modules/react-dom/cjs/react-dom-server.browser.production.min.js:70:253)
    at Z (/home/jay/Desktop/prompt/node_modules/react-dom/cjs/react-dom-server.browser.production.min.js:76:89)
    at Zc (/home/jay/Desktop/prompt/node_modules/react-dom/cjs/react-dom-server.browser.production.min.js:70:481)
    at Z (/home/jay/Desktop/prompt/node_modules/react-dom/cjs/react-dom-server.browser.production.min.js:76:89)
    at $c (/home/jay/Desktop/prompt/node_modules/react-dom/cjs/react-dom-server.browser.production.min.js:78:98)
    at Zc (/home/jay/Desktop/prompt/node_modules/react-dom/cjs/react-dom-server.browser.production.min.js:71:145)
    at Z (/home/jay/Desktop/prompt/node_modules/react-dom/cjs/react-dom-server.browser.production.min.js:76:89)
ReferenceError: imageUrl is not defined
    at D (/home/jay/Desktop/prompt/.next/server/pages/category/sub-categories/[subcategories]/promptDetails/[promptSlug].js:1:4355)
    at /home/jay/Desktop/prompt/.next/server/pages/category/sub-categories/[subcategories]/promptDetails/[promptSlug].js:1:4820
    at Wc (/home/jay/Desktop/prompt/node_modules/react-dom/cjs/react-dom-server.browser.production.min.js:68:44)
    at Zc (/home/jay/Desktop/prompt/node_modules/react-dom/cjs/react-dom-server.browser.production.min.js:70:253)
    at Z (/home/jay/Desktop/prompt/node_modules/react-dom/cjs/react-dom-server.browser.production.min.js:76:89)
    at Zc (/home/jay/Desktop/prompt/node_modules/react-dom/cjs/react-dom-server.browser.production.min.js:70:481)
    at Z (/home/jay/Desktop/prompt/node_modules/react-dom/cjs/react-dom-server.browser.production.min.js:76:89)
    at $c (/home/jay/Desktop/prompt/node_modules/react-dom/cjs/react-dom-server.browser.production.min.js:78:98)
    at Zc (/home/jay/Desktop/prompt/node_modules/react-dom/cjs/react-dom-server.browser.production.min.js:71:145)
    at Z (/home/jay/Desktop/prompt/node_modules/react-dom/cjs/react-dom-server.browser.production.min.js:76:89)

Error occurred prerendering page "/category/sub-categories/studio/promptDetails/cinematic-indoor-portrait-variant". Read more: https://nextjs.org/docs/messages/prerender-error

ReferenceError: imageUrl is not defined
    at D (/home/jay/Desktop/prompt/.next/server/pages/category/sub-categories/[subcategories]/promptDetails/[promptSlug].js:1:4355)
    at /home/jay/Desktop/prompt/.next/server/pages/category/sub-categories/[subcategories]/promptDetails/[promptSlug].js:1:4820
    at Wc (/home/jay/Desktop/prompt/node_modules/react-dom/cjs/react-dom-server.browser.production.min.js:68:44)
    at Zc (/home/jay/Desktop/prompt/node_modules/react-dom/cjs/react-dom-server.browser.production.min.js:70:253)
    at Z (/home/jay/Desktop/prompt/node_modules/react-dom/cjs/react-dom-server.browser.production.min.js:76:89)
    at Zc (/home/jay/Desktop/prompt/node_modules/react-dom/cjs/react-dom-server.browser.production.min.js:70:481)
    at Z (/home/jay/Desktop/prompt/node_modules/react-dom/cjs/react-dom-server.browser.production.min.js:76:89)
    at $c (/home/jay/Desktop/prompt/node_modules/react-dom/cjs/react-dom-server.browser.production.min.js:78:98)
    at Zc (/home/jay/Desktop/prompt/node_modules/react-dom/cjs/react-dom-server.browser.production.min.js:71:145)
    at Z (/home/jay/Desktop/prompt/node_modules/react-dom/cjs/react-dom-server.browser.production.min.js:76:89)
[Build Time] Fetching all categories from: https://admin.promptland.in/api/get_categories
[Build Time] Successfully fetched 29 categories
[Build Time] Fetching prompts for category 5, subcategory none
[Build Time] Successfully fetched 50 prompts for category 5
[Build Time] Fetching all categories from: https://admin.promptland.in/api/get_categories
[Build Time] Successfully fetched 29 categories
[Build Time] Fetching prompts for category 5, subcategory none
[Build Time] Successfully fetched 50 prompts for category 5
[Build Time] Fetching all categories from: https://admin.promptland.in/api/get_categories
[Build Time] Successfully fetched 29 categories
[Build Time] Fetching prompts for category 5, subcategory none
[Build Time] Successfully fetched 50 prompts for category 5
[Build Time] Fetching all categories from: https://admin.promptland.in/api/get_categories
[Build Time] Successfully fetched 29 categories
[Build Time] Fetching prompts for category 5, subcategory none
[Build Time] Successfully fetched 50 prompts for category 5
[Build Time] Fetching all categories from: https://admin.promptland.in/api/get_categories
[Build Time] Successfully fetched 29 categories
[Build Time] Fetching prompts for category 5, subcategory none
[Build Time] Successfully fetched 50 prompts for category 5
[Build Time] Fetching all categories from: https://admin.promptland.in/api/get_categories
[Build Time] Successfully fetched 29 categories
[Build Time] Fetching prompts for category 5, subcategory none
[Build Time] Successfully fetched 50 prompts for category 5
[Build Time] Fetching all categories from: https://admin.promptland.in/api/get_categories
[Build Time] Successfully fetched 29 categories
[Build Time] Fetching prompts for category 5, subcategory none
[Build Time] Successfully fetched 50 prompts for category 5
ReferenceError: imageUrl is not defined
    at D (/home/jay/Desktop/prompt/.next/server/pages/category/sub-categories/[subcategories]/promptDetails/[promptSlug].js:1:4355)
    at /home/jay/Desktop/prompt/.next/server/pages/category/sub-categories/[subcategories]/promptDetails/[promptSlug].js:1:4820
    at Wc (/home/jay/Desktop/prompt/node_modules/react-dom/cjs/react-dom-server.browser.production.min.js:68:44)
    at Zc (/home/jay/Desktop/prompt/node_modules/react-dom/cjs/react-dom-server.browser.production.min.js:70:253)
    at Z (/home/jay/Desktop/prompt/node_modules/react-dom/cjs/react-dom-server.browser.production.min.js:76:89)
    at Zc (/home/jay/Desktop/prompt/node_modules/react-dom/cjs/react-dom-server.browser.production.min.js:70:481)
    at Z (/home/jay/Desktop/prompt/node_modules/react-dom/cjs/react-dom-server.browser.production.min.js:76:89)
    at $c (/home/jay/Desktop/prompt/node_modules/react-dom/cjs/react-dom-server.browser.production.min.js:78:98)
    at Zc (/home/jay/Desktop/prompt/node_modules/react-dom/cjs/react-dom-server.browser.production.min.js:71:145)
    at Z (/home/jay/Desktop/prompt/node_modules/react-dom/cjs/react-dom-server.browser.production.min.js:76:89)

Error occurred prerendering page "/category/sub-categories/studio/promptDetails/ultra-photorealistic-editorial-portrait". Read more: https://nextjs.org/docs/messages/prerender-error

ReferenceError: imageUrl is not defined
    at D (/home/jay/Desktop/prompt/.next/server/pages/category/sub-categories/[subcategories]/promptDetails/[promptSlug].js:1:4355)
    at /home/jay/Desktop/prompt/.next/server/pages/category/sub-categories/[subcategories]/promptDetails/[promptSlug].js:1:4820
    at Wc (/home/jay/Desktop/prompt/node_modules/react-dom/cjs/react-dom-server.browser.production.min.js:68:44)
    at Zc (/home/jay/Desktop/prompt/node_modules/react-dom/cjs/react-dom-server.browser.production.min.js:70:253)
    at Z (/home/jay/Desktop/prompt/node_modules/react-dom/cjs/react-dom-server.browser.production.min.js:76:89)
    at Zc (/home/jay/Desktop/prompt/node_modules/react-dom/cjs/react-dom-server.browser.production.min.js:70:481)
    at Z (/home/jay/Desktop/prompt/node_modules/react-dom/cjs/react-dom-server.browser.production.min.js:76:89)
    at $c (/home/jay/Desktop/prompt/node_modules/react-dom/cjs/react-dom-server.browser.production.min.js:78:98)
    at Zc (/home/jay/Desktop/prompt/node_modules/react-dom/cjs/react-dom-server.browser.production.min.js:71:145)
    at Z (/home/jay/Desktop/prompt/node_modules/react-dom/cjs/react-dom-server.browser.production.min.js:76:89)
ReferenceError: imageUrl is not defined
    at D (/home/jay/Desktop/prompt/.next/server/pages/category/sub-categories/[subcategories]/promptDetails/[promptSlug].js:1:4355)
    at /home/jay/Desktop/prompt/.next/server/pages/category/sub-categories/[subcategories]/promptDetails/[promptSlug].js:1:4820
    at Wc (/home/jay/Desktop/prompt/node_modules/react-dom/cjs/react-dom-server.browser.production.min.js:68:44)
    at Zc (/home/jay/Desktop/prompt/node_modules/react-dom/cjs/react-dom-server.browser.production.min.js:70:253)
    at Z (/home/jay/Desktop/prompt/node_modules/react-dom/cjs/react-dom-server.browser.production.min.js:76:89)
    at Zc (/home/jay/Desktop/prompt/node_modules/react-dom/cjs/react-dom-server.browser.production.min.js:70:481)
    at Z (/home/jay/Desktop/prompt/node_modules/react-dom/cjs/react-dom-server.browser.production.min.js:76:89)
    at $c (/home/jay/Desktop/prompt/node_modules/react-dom/cjs/react-dom-server.browser.production.min.js:78:98)
    at Zc (/home/jay/Desktop/prompt/node_modules/react-dom/cjs/react-dom-server.browser.production.min.js:71:145)
    at Z (/home/jay/Desktop/prompt/node_modules/react-dom/cjs/react-dom-server.browser.production.min.js:76:89)

Error occurred prerendering page "/category/sub-categories/studio/promptDetails/cinematic-rose-portrait-vertical". Read more: https://nextjs.org/docs/messages/prerender-error

ReferenceError: imageUrl is not defined
    at D (/home/jay/Desktop/prompt/.next/server/pages/category/sub-categories/[subcategories]/promptDetails/[promptSlug].js:1:4355)
    at /home/jay/Desktop/prompt/.next/server/pages/category/sub-categories/[subcategories]/promptDetails/[promptSlug].js:1:4820
    at Wc (/home/jay/Desktop/prompt/node_modules/react-dom/cjs/react-dom-server.browser.production.min.js:68:44)
    at Zc (/home/jay/Desktop/prompt/node_modules/react-dom/cjs/react-dom-server.browser.production.min.js:70:253)
    at Z (/home/jay/Desktop/prompt/node_modules/react-dom/cjs/react-dom-server.browser.production.min.js:76:89)
    at Zc (/home/jay/Desktop/prompt/node_modules/react-dom/cjs/react-dom-server.browser.production.min.js:70:481)
    at Z (/home/jay/Desktop/prompt/node_modules/react-dom/cjs/react-dom-server.browser.production.min.js:76:89)
    at $c (/home/jay/Desktop/prompt/node_modules/react-dom/cjs/react-dom-server.browser.production.min.js:78:98)
    at Zc (/home/jay/Desktop/prompt/node_modules/react-dom/cjs/react-dom-server.browser.production.min.js:71:145)
    at Z (/home/jay/Desktop/prompt/node_modules/react-dom/cjs/react-dom-server.browser.production.min.js:76:89)
ReferenceError: imageUrl is not defined
    at D (/home/jay/Desktop/prompt/.next/server/pages/category/sub-categories/[subcategories]/promptDetails/[promptSlug].js:1:4355)
    at /home/jay/Desktop/prompt/.next/server/pages/category/sub-categories/[subcategories]/promptDetails/[promptSlug].js:1:4820
    at Wc (/home/jay/Desktop/prompt/node_modules/react-dom/cjs/react-dom-server.browser.production.min.js:68:44)
    at Zc (/home/jay/Desktop/prompt/node_modules/react-dom/cjs/react-dom-server.browser.production.min.js:70:253)
    at Z (/home/jay/Desktop/prompt/node_modules/react-dom/cjs/react-dom-server.browser.production.min.js:76:89)
    at Zc (/home/jay/Desktop/prompt/node_modules/react-dom/cjs/react-dom-server.browser.production.min.js:70:481)
    at Z (/home/jay/Desktop/prompt/node_modules/react-dom/cjs/react-dom-server.browser.production.min.js:76:89)
    at $c (/home/jay/Desktop/prompt/node_modules/react-dom/cjs/react-dom-server.browser.production.min.js:78:98)
    at Zc (/home/jay/Desktop/prompt/node_modules/react-dom/cjs/react-dom-server.browser.production.min.js:71:145)
    at Z (/home/jay/Desktop/prompt/node_modules/react-dom/cjs/react-dom-server.browser.production.min.js:76:89)

Error occurred prerendering page "/category/sub-categories/studio/promptDetails/beige-streetwear-editorial-portrait". Read more: https://nextjs.org/docs/messages/prerender-error

ReferenceError: imageUrl is not defined
    at D (/home/jay/Desktop/prompt/.next/server/pages/category/sub-categories/[subcategories]/promptDetails/[promptSlug].js:1:4355)
    at /home/jay/Desktop/prompt/.next/server/pages/category/sub-categories/[subcategories]/promptDetails/[promptSlug].js:1:4820
    at Wc (/home/jay/Desktop/prompt/node_modules/react-dom/cjs/react-dom-server.browser.production.min.js:68:44)
    at Zc (/home/jay/Desktop/prompt/node_modules/react-dom/cjs/react-dom-server.browser.production.min.js:70:253)
    at Z (/home/jay/Desktop/prompt/node_modules/react-dom/cjs/react-dom-server.browser.production.min.js:76:89)
    at Zc (/home/jay/Desktop/prompt/node_modules/react-dom/cjs/react-dom-server.browser.production.min.js:70:481)
    at Z (/home/jay/Desktop/prompt/node_modules/react-dom/cjs/react-dom-server.browser.production.min.js:76:89)
    at $c (/home/jay/Desktop/prompt/node_modules/react-dom/cjs/react-dom-server.browser.production.min.js:78:98)
    at Zc (/home/jay/Desktop/prompt/node_modules/react-dom/cjs/react-dom-server.browser.production.min.js:71:145)
    at Z (/home/jay/Desktop/prompt/node_modules/react-dom/cjs/react-dom-server.browser.production.min.js:76:89)
ReferenceError: imageUrl is not defined
    at D (/home/jay/Desktop/prompt/.next/server/pages/category/sub-categories/[subcategories]/promptDetails/[promptSlug].js:1:4355)
    at /home/jay/Desktop/prompt/.next/server/pages/category/sub-categories/[subcategories]/promptDetails/[promptSlug].js:1:4820
    at Wc (/home/jay/Desktop/prompt/node_modules/react-dom/cjs/react-dom-server.browser.production.min.js:68:44)
    at Zc (/home/jay/Desktop/prompt/node_modules/react-dom/cjs/react-dom-server.browser.production.min.js:70:253)
    at Z (/home/jay/Desktop/prompt/node_modules/react-dom/cjs/react-dom-server.browser.production.min.js:76:89)
    at Zc (/home/jay/Desktop/prompt/node_modules/react-dom/cjs/react-dom-server.browser.production.min.js:70:481)
    at Z (/home/jay/Desktop/prompt/node_modules/react-dom/cjs/react-dom-server.browser.production.min.js:76:89)
    at $c (/home/jay/Desktop/prompt/node_modules/react-dom/cjs/react-dom-server.browser.production.min.js:78:98)
    at Zc (/home/jay/Desktop/prompt/node_modules/react-dom/cjs/react-dom-server.browser.production.min.js:71:145)
    at Z (/home/jay/Desktop/prompt/node_modules/react-dom/cjs/react-dom-server.browser.production.min.js:76:89)

Error occurred prerendering page "/category/sub-categories/studio/promptDetails/leather-jacket-night-portrait". Read more: https://nextjs.org/docs/messages/prerender-error

ReferenceError: imageUrl is not defined
    at D (/home/jay/Desktop/prompt/.next/server/pages/category/sub-categories/[subcategories]/promptDetails/[promptSlug].js:1:4355)
    at /home/jay/Desktop/prompt/.next/server/pages/category/sub-categories/[subcategories]/promptDetails/[promptSlug].js:1:4820
    at Wc (/home/jay/Desktop/prompt/node_modules/react-dom/cjs/react-dom-server.browser.production.min.js:68:44)
    at Zc (/home/jay/Desktop/prompt/node_modules/react-dom/cjs/react-dom-server.browser.production.min.js:70:253)
    at Z (/home/jay/Desktop/prompt/node_modules/react-dom/cjs/react-dom-server.browser.production.min.js:76:89)
    at Zc (/home/jay/Desktop/prompt/node_modules/react-dom/cjs/react-dom-server.browser.production.min.js:70:481)
    at Z (/home/jay/Desktop/prompt/node_modules/react-dom/cjs/react-dom-server.browser.production.min.js:76:89)
    at $c (/home/jay/Desktop/prompt/node_modules/react-dom/cjs/react-dom-server.browser.production.min.js:78:98)
    at Zc (/home/jay/Desktop/prompt/node_modules/react-dom/cjs/react-dom-server.browser.production.min.js:71:145)
    at Z (/home/jay/Desktop/prompt/node_modules/react-dom/cjs/react-dom-server.browser.production.min.js:76:89)
ReferenceError: imageUrl is not defined
    at D (/home/jay/Desktop/prompt/.next/server/pages/category/sub-categories/[subcategories]/promptDetails/[promptSlug].js:1:4355)
    at /home/jay/Desktop/prompt/.next/server/pages/category/sub-categories/[subcategories]/promptDetails/[promptSlug].js:1:4820
    at Wc (/home/jay/Desktop/prompt/node_modules/react-dom/cjs/react-dom-server.browser.production.min.js:68:44)
    at Zc (/home/jay/Desktop/prompt/node_modules/react-dom/cjs/react-dom-server.browser.production.min.js:70:253)
    at Z (/home/jay/Desktop/prompt/node_modules/react-dom/cjs/react-dom-server.browser.production.min.js:76:89)
    at Zc (/home/jay/Desktop/prompt/node_modules/react-dom/cjs/react-dom-server.browser.production.min.js:70:481)
    at Z (/home/jay/Desktop/prompt/node_modules/react-dom/cjs/react-dom-server.browser.production.min.js:76:89)
    at $c (/home/jay/Desktop/prompt/node_modules/react-dom/cjs/react-dom-server.browser.production.min.js:78:98)
    at Zc (/home/jay/Desktop/prompt/node_modules/react-dom/cjs/react-dom-server.browser.production.min.js:71:145)
    at Z (/home/jay/Desktop/prompt/node_modules/react-dom/cjs/react-dom-server.browser.production.min.js:76:89)

Error occurred prerendering page "/category/sub-categories/studio/promptDetails/moody-retro-urban-portrait". Read more: https://nextjs.org/docs/messages/prerender-error

ReferenceError: imageUrl is not defined
    at D (/home/jay/Desktop/prompt/.next/server/pages/category/sub-categories/[subcategories]/promptDetails/[promptSlug].js:1:4355)
    at /home/jay/Desktop/prompt/.next/server/pages/category/sub-categories/[subcategories]/promptDetails/[promptSlug].js:1:4820
    at Wc (/home/jay/Desktop/prompt/node_modules/react-dom/cjs/react-dom-server.browser.production.min.js:68:44)
    at Zc (/home/jay/Desktop/prompt/node_modules/react-dom/cjs/react-dom-server.browser.production.min.js:70:253)
    at Z (/home/jay/Desktop/prompt/node_modules/react-dom/cjs/react-dom-server.browser.production.min.js:76:89)
    at Zc (/home/jay/Desktop/prompt/node_modules/react-dom/cjs/react-dom-server.browser.production.min.js:70:481)
    at Z (/home/jay/Desktop/prompt/node_modules/react-dom/cjs/react-dom-server.browser.production.min.js:76:89)
    at $c (/home/jay/Desktop/prompt/node_modules/react-dom/cjs/react-dom-server.browser.production.min.js:78:98)
    at Zc (/home/jay/Desktop/prompt/node_modules/react-dom/cjs/react-dom-server.browser.production.min.js:71:145)
    at Z (/home/jay/Desktop/prompt/node_modules/react-dom/cjs/react-dom-server.browser.production.min.js:76:89)
ReferenceError: imageUrl is not defined
    at D (/home/jay/Desktop/prompt/.next/server/pages/category/sub-categories/[subcategories]/promptDetails/[promptSlug].js:1:4355)
    at /home/jay/Desktop/prompt/.next/server/pages/category/sub-categories/[subcategories]/promptDetails/[promptSlug].js:1:4820
    at Wc (/home/jay/Desktop/prompt/node_modules/react-dom/cjs/react-dom-server.browser.production.min.js:68:44)
    at Zc (/home/jay/Desktop/prompt/node_modules/react-dom/cjs/react-dom-server.browser.production.min.js:70:253)
    at Z (/home/jay/Desktop/prompt/node_modules/react-dom/cjs/react-dom-server.browser.production.min.js:76:89)
    at Zc (/home/jay/Desktop/prompt/node_modules/react-dom/cjs/react-dom-server.browser.production.min.js:70:481)
    at Z (/home/jay/Desktop/prompt/node_modules/react-dom/cjs/react-dom-server.browser.production.min.js:76:89)
    at $c (/home/jay/Desktop/prompt/node_modules/react-dom/cjs/react-dom-server.browser.production.min.js:78:98)
    at Zc (/home/jay/Desktop/prompt/node_modules/react-dom/cjs/react-dom-server.browser.production.min.js:71:145)
    at Z (/home/jay/Desktop/prompt/node_modules/react-dom/cjs/react-dom-server.browser.production.min.js:76:89)

Error occurred prerendering page "/category/sub-categories/studio/promptDetails/high-contrast-black-white-close-up". Read more: https://nextjs.org/docs/messages/prerender-error

ReferenceError: imageUrl is not defined
    at D (/home/jay/Desktop/prompt/.next/server/pages/category/sub-categories/[subcategories]/promptDetails/[promptSlug].js:1:4355)
    at /home/jay/Desktop/prompt/.next/server/pages/category/sub-categories/[subcategories]/promptDetails/[promptSlug].js:1:4820
    at Wc (/home/jay/Desktop/prompt/node_modules/react-dom/cjs/react-dom-server.browser.production.min.js:68:44)
    at Zc (/home/jay/Desktop/prompt/node_modules/react-dom/cjs/react-dom-server.browser.production.min.js:70:253)
    at Z (/home/jay/Desktop/prompt/node_modules/react-dom/cjs/react-dom-server.browser.production.min.js:76:89)
    at Zc (/home/jay/Desktop/prompt/node_modules/react-dom/cjs/react-dom-server.browser.production.min.js:70:481)
    at Z (/home/jay/Desktop/prompt/node_modules/react-dom/cjs/react-dom-server.browser.production.min.js:76:89)
    at $c (/home/jay/Desktop/prompt/node_modules/react-dom/cjs/react-dom-server.browser.production.min.js:78:98)
    at Zc (/home/jay/Desktop/prompt/node_modules/react-dom/cjs/react-dom-server.browser.production.min.js:71:145)
    at Z (/home/jay/Desktop/prompt/node_modules/react-dom/cjs/react-dom-server.browser.production.min.js:76:89)
ReferenceError: imageUrl is not defined
    at D (/home/jay/Desktop/prompt/.next/server/pages/category/sub-categories/[subcategories]/promptDetails/[promptSlug].js:1:4355)
    at /home/jay/Desktop/prompt/.next/server/pages/category/sub-categories/[subcategories]/promptDetails/[promptSlug].js:1:4820
    at Wc (/home/jay/Desktop/prompt/node_modules/react-dom/cjs/react-dom-server.browser.production.min.js:68:44)
    at Zc (/home/jay/Desktop/prompt/node_modules/react-dom/cjs/react-dom-server.browser.production.min.js:70:253)
    at Z (/home/jay/Desktop/prompt/node_modules/react-dom/cjs/react-dom-server.browser.production.min.js:76:89)
    at Zc (/home/jay/Desktop/prompt/node_modules/react-dom/cjs/react-dom-server.browser.production.min.js:70:481)
    at Z (/home/jay/Desktop/prompt/node_modules/react-dom/cjs/react-dom-server.browser.production.min.js:76:89)
    at $c (/home/jay/Desktop/prompt/node_modules/react-dom/cjs/react-dom-server.browser.production.min.js:78:98)
    at Zc (/home/jay/Desktop/prompt/node_modules/react-dom/cjs/react-dom-server.browser.production.min.js:71:145)
    at Z (/home/jay/Desktop/prompt/node_modules/react-dom/cjs/react-dom-server.browser.production.min.js:76:89)

Error occurred prerendering page "/category/sub-categories/studio/promptDetails/studio-fashion-holiday-portrait". Read more: https://nextjs.org/docs/messages/prerender-error

ReferenceError: imageUrl is not defined
    at D (/home/jay/Desktop/prompt/.next/server/pages/category/sub-categories/[subcategories]/promptDetails/[promptSlug].js:1:4355)
    at /home/jay/Desktop/prompt/.next/server/pages/category/sub-categories/[subcategories]/promptDetails/[promptSlug].js:1:4820
    at Wc (/home/jay/Desktop/prompt/node_modules/react-dom/cjs/react-dom-server.browser.production.min.js:68:44)
    at Zc (/home/jay/Desktop/prompt/node_modules/react-dom/cjs/react-dom-server.browser.production.min.js:70:253)
    at Z (/home/jay/Desktop/prompt/node_modules/react-dom/cjs/react-dom-server.browser.production.min.js:76:89)
    at Zc (/home/jay/Desktop/prompt/node_modules/react-dom/cjs/react-dom-server.browser.production.min.js:70:481)
    at Z (/home/jay/Desktop/prompt/node_modules/react-dom/cjs/react-dom-server.browser.production.min.js:76:89)
    at $c (/home/jay/Desktop/prompt/node_modules/react-dom/cjs/react-dom-server.browser.production.min.js:78:98)
    at Zc (/home/jay/Desktop/prompt/node_modules/react-dom/cjs/react-dom-server.browser.production.min.js:71:145)
    at Z (/home/jay/Desktop/prompt/node_modules/react-dom/cjs/react-dom-server.browser.production.min.js:76:89)
[Build Time] Fetching all categories from: https://admin.promptland.in/api/get_categories
[Build Time] Fetching all categories from: https://admin.promptland.in/api/get_categories
[Build Time] Fetching all categories from: https://admin.promptland.in/api/get_categories
[Build Time] Successfully fetched 29 categories
[Build Time] Fetching prompts for category 5, subcategory none
[Build Time] Successfully fetched 50 prompts for category 5
[Build Time] Fetching all categories from: https://admin.promptland.in/api/get_categories
[Build Time] Successfully fetched 29 categories
[Build Time] Fetching prompts for category 5, subcategory none
[Build Time] Successfully fetched 50 prompts for category 5
[Build Time] Fetching all categories from: https://admin.promptland.in/api/get_categories
[Build Time] Successfully fetched 29 categories
[Build Time] Fetching prompts for category 5, subcategory none
[Build Time] Successfully fetched 50 prompts for category 5
[Build Time] Fetching all categories from: https://admin.promptland.in/api/get_categories
[Build Time] Successfully fetched 29 categories
[Build Time] Fetching prompts for category 5, subcategory none
[Build Time] Successfully fetched 50 prompts for category 5
[Build Time] Fetching all categories from: https://admin.promptland.in/api/get_categories
[Build Time] Successfully fetched 29 categories
[Build Time] Fetching prompts for category 5, subcategory none
[Build Time] Successfully fetched 50 prompts for category 5
[Build Time] Successfully fetched 29 categories
[Build Time] Fetching prompts for category 5, subcategory none
[Build Time] Successfully fetched 50 prompts for category 5
[Build Time] Successfully fetched 29 categories
[Build Time] Fetching prompts for category 5, subcategory none
[Build Time] Successfully fetched 50 prompts for category 5
ReferenceError: imageUrl is not defined
    at D (/home/jay/Desktop/prompt/.next/server/pages/category/sub-categories/[subcategories]/promptDetails/[promptSlug].js:1:4355)
    at /home/jay/Desktop/prompt/.next/server/pages/category/sub-categories/[subcategories]/promptDetails/[promptSlug].js:1:4820
    at Wc (/home/jay/Desktop/prompt/node_modules/react-dom/cjs/react-dom-server.browser.production.min.js:68:44)
    at Zc (/home/jay/Desktop/prompt/node_modules/react-dom/cjs/react-dom-server.browser.production.min.js:70:253)
    at Z (/home/jay/Desktop/prompt/node_modules/react-dom/cjs/react-dom-server.browser.production.min.js:76:89)
    at Zc (/home/jay/Desktop/prompt/node_modules/react-dom/cjs/react-dom-server.browser.production.min.js:70:481)
    at Z (/home/jay/Desktop/prompt/node_modules/react-dom/cjs/react-dom-server.browser.production.min.js:76:89)
    at $c (/home/jay/Desktop/prompt/node_modules/react-dom/cjs/react-dom-server.browser.production.min.js:78:98)
    at Zc (/home/jay/Desktop/prompt/node_modules/react-dom/cjs/react-dom-server.browser.production.min.js:71:145)
    at Z (/home/jay/Desktop/prompt/node_modules/react-dom/cjs/react-dom-server.browser.production.min.js:76:89)

Error occurred prerendering page "/category/sub-categories/studio/promptDetails/ultra-realistic-wet-skin-close-up". Read more: https://nextjs.org/docs/messages/prerender-error

ReferenceError: imageUrl is not defined
    at D (/home/jay/Desktop/prompt/.next/server/pages/category/sub-categories/[subcategories]/promptDetails/[promptSlug].js:1:4355)
    at /home/jay/Desktop/prompt/.next/server/pages/category/sub-categories/[subcategories]/promptDetails/[promptSlug].js:1:4820
    at Wc (/home/jay/Desktop/prompt/node_modules/react-dom/cjs/react-dom-server.browser.production.min.js:68:44)
    at Zc (/home/jay/Desktop/prompt/node_modules/react-dom/cjs/react-dom-server.browser.production.min.js:70:253)
    at Z (/home/jay/Desktop/prompt/node_modules/react-dom/cjs/react-dom-server.browser.production.min.js:76:89)
    at Zc (/home/jay/Desktop/prompt/node_modules/react-dom/cjs/react-dom-server.browser.production.min.js:70:481)
    at Z (/home/jay/Desktop/prompt/node_modules/react-dom/cjs/react-dom-server.browser.production.min.js:76:89)
    at $c (/home/jay/Desktop/prompt/node_modules/react-dom/cjs/react-dom-server.browser.production.min.js:78:98)
    at Zc (/home/jay/Desktop/prompt/node_modules/react-dom/cjs/react-dom-server.browser.production.min.js:71:145)
    at Z (/home/jay/Desktop/prompt/node_modules/react-dom/cjs/react-dom-server.browser.production.min.js:76:89)
ReferenceError: imageUrl is not defined
    at D (/home/jay/Desktop/prompt/.next/server/pages/category/sub-categories/[subcategories]/promptDetails/[promptSlug].js:1:4355)
    at /home/jay/Desktop/prompt/.next/server/pages/category/sub-categories/[subcategories]/promptDetails/[promptSlug].js:1:4820
    at Wc (/home/jay/Desktop/prompt/node_modules/react-dom/cjs/react-dom-server.browser.production.min.js:68:44)
    at Zc (/home/jay/Desktop/prompt/node_modules/react-dom/cjs/react-dom-server.browser.production.min.js:70:253)
    at Z (/home/jay/Desktop/prompt/node_modules/react-dom/cjs/react-dom-server.browser.production.min.js:76:89)
    at Zc (/home/jay/Desktop/prompt/node_modules/react-dom/cjs/react-dom-server.browser.production.min.js:70:481)
    at Z (/home/jay/Desktop/prompt/node_modules/react-dom/cjs/react-dom-server.browser.production.min.js:76:89)
    at $c (/home/jay/Desktop/prompt/node_modules/react-dom/cjs/react-dom-server.browser.production.min.js:78:98)
    at Zc (/home/jay/Desktop/prompt/node_modules/react-dom/cjs/react-dom-server.browser.production.min.js:71:145)
    at Z (/home/jay/Desktop/prompt/node_modules/react-dom/cjs/react-dom-server.browser.production.min.js:76:89)

Error occurred prerendering page "/category/sub-categories/studio/promptDetails/red-light-cinematic-male-portrait". Read more: https://nextjs.org/docs/messages/prerender-error

ReferenceError: imageUrl is not defined
    at D (/home/jay/Desktop/prompt/.next/server/pages/category/sub-categories/[subcategories]/promptDetails/[promptSlug].js:1:4355)
    at /home/jay/Desktop/prompt/.next/server/pages/category/sub-categories/[subcategories]/promptDetails/[promptSlug].js:1:4820
    at Wc (/home/jay/Desktop/prompt/node_modules/react-dom/cjs/react-dom-server.browser.production.min.js:68:44)
    at Zc (/home/jay/Desktop/prompt/node_modules/react-dom/cjs/react-dom-server.browser.production.min.js:70:253)
    at Z (/home/jay/Desktop/prompt/node_modules/react-dom/cjs/react-dom-server.browser.production.min.js:76:89)
    at Zc (/home/jay/Desktop/prompt/node_modules/react-dom/cjs/react-dom-server.browser.production.min.js:70:481)
    at Z (/home/jay/Desktop/prompt/node_modules/react-dom/cjs/react-dom-server.browser.production.min.js:76:89)
    at $c (/home/jay/Desktop/prompt/node_modules/react-dom/cjs/react-dom-server.browser.production.min.js:78:98)
    at Zc (/home/jay/Desktop/prompt/node_modules/react-dom/cjs/react-dom-server.browser.production.min.js:71:145)
    at Z (/home/jay/Desktop/prompt/node_modules/react-dom/cjs/react-dom-server.browser.production.min.js:76:89)
ReferenceError: imageUrl is not defined
    at D (/home/jay/Desktop/prompt/.next/server/pages/category/sub-categories/[subcategories]/promptDetails/[promptSlug].js:1:4355)
    at /home/jay/Desktop/prompt/.next/server/pages/category/sub-categories/[subcategories]/promptDetails/[promptSlug].js:1:4820
    at Wc (/home/jay/Desktop/prompt/node_modules/react-dom/cjs/react-dom-server.browser.production.min.js:68:44)
    at Zc (/home/jay/Desktop/prompt/node_modules/react-dom/cjs/react-dom-server.browser.production.min.js:70:253)
    at Z (/home/jay/Desktop/prompt/node_modules/react-dom/cjs/react-dom-server.browser.production.min.js:76:89)
    at Zc (/home/jay/Desktop/prompt/node_modules/react-dom/cjs/react-dom-server.browser.production.min.js:70:481)
    at Z (/home/jay/Desktop/prompt/node_modules/react-dom/cjs/react-dom-server.browser.production.min.js:76:89)
    at $c (/home/jay/Desktop/prompt/node_modules/react-dom/cjs/react-dom-server.browser.production.min.js:78:98)
    at Zc (/home/jay/Desktop/prompt/node_modules/react-dom/cjs/react-dom-server.browser.production.min.js:71:145)
    at Z (/home/jay/Desktop/prompt/node_modules/react-dom/cjs/react-dom-server.browser.production.min.js:76:89)

Error occurred prerendering page "/category/sub-categories/studio/promptDetails/indoor-mirror-reflection-portrait". Read more: https://nextjs.org/docs/messages/prerender-error

ReferenceError: imageUrl is not defined
    at D (/home/jay/Desktop/prompt/.next/server/pages/category/sub-categories/[subcategories]/promptDetails/[promptSlug].js:1:4355)
    at /home/jay/Desktop/prompt/.next/server/pages/category/sub-categories/[subcategories]/promptDetails/[promptSlug].js:1:4820
    at Wc (/home/jay/Desktop/prompt/node_modules/react-dom/cjs/react-dom-server.browser.production.min.js:68:44)
    at Zc (/home/jay/Desktop/prompt/node_modules/react-dom/cjs/react-dom-server.browser.production.min.js:70:253)
    at Z (/home/jay/Desktop/prompt/node_modules/react-dom/cjs/react-dom-server.browser.production.min.js:76:89)
    at Zc (/home/jay/Desktop/prompt/node_modules/react-dom/cjs/react-dom-server.browser.production.min.js:70:481)
    at Z (/home/jay/Desktop/prompt/node_modules/react-dom/cjs/react-dom-server.browser.production.min.js:76:89)
    at $c (/home/jay/Desktop/prompt/node_modules/react-dom/cjs/react-dom-server.browser.production.min.js:78:98)
    at Zc (/home/jay/Desktop/prompt/node_modules/react-dom/cjs/react-dom-server.browser.production.min.js:71:145)
    at Z (/home/jay/Desktop/prompt/node_modules/react-dom/cjs/react-dom-server.browser.production.min.js:76:89)
ReferenceError: imageUrl is not defined
    at D (/home/jay/Desktop/prompt/.next/server/pages/category/sub-categories/[subcategories]/promptDetails/[promptSlug].js:1:4355)
    at /home/jay/Desktop/prompt/.next/server/pages/category/sub-categories/[subcategories]/promptDetails/[promptSlug].js:1:4820
    at Wc (/home/jay/Desktop/prompt/node_modules/react-dom/cjs/react-dom-server.browser.production.min.js:68:44)
    at Zc (/home/jay/Desktop/prompt/node_modules/react-dom/cjs/react-dom-server.browser.production.min.js:70:253)
    at Z (/home/jay/Desktop/prompt/node_modules/react-dom/cjs/react-dom-server.browser.production.min.js:76:89)
    at Zc (/home/jay/Desktop/prompt/node_modules/react-dom/cjs/react-dom-server.browser.production.min.js:70:481)
    at Z (/home/jay/Desktop/prompt/node_modules/react-dom/cjs/react-dom-server.browser.production.min.js:76:89)
    at $c (/home/jay/Desktop/prompt/node_modules/react-dom/cjs/react-dom-server.browser.production.min.js:78:98)
    at Zc (/home/jay/Desktop/prompt/node_modules/react-dom/cjs/react-dom-server.browser.production.min.js:71:145)
    at Z (/home/jay/Desktop/prompt/node_modules/react-dom/cjs/react-dom-server.browser.production.min.js:76:89)

Error occurred prerendering page "/category/sub-categories/studio/promptDetails/white-red-minimal-fashion-portrait". Read more: https://nextjs.org/docs/messages/prerender-error

ReferenceError: imageUrl is not defined
    at D (/home/jay/Desktop/prompt/.next/server/pages/category/sub-categories/[subcategories]/promptDetails/[promptSlug].js:1:4355)
    at /home/jay/Desktop/prompt/.next/server/pages/category/sub-categories/[subcategories]/promptDetails/[promptSlug].js:1:4820
    at Wc (/home/jay/Desktop/prompt/node_modules/react-dom/cjs/react-dom-server.browser.production.min.js:68:44)
    at Zc (/home/jay/Desktop/prompt/node_modules/react-dom/cjs/react-dom-server.browser.production.min.js:70:253)
    at Z (/home/jay/Desktop/prompt/node_modules/react-dom/cjs/react-dom-server.browser.production.min.js:76:89)
    at Zc (/home/jay/Desktop/prompt/node_modules/react-dom/cjs/react-dom-server.browser.production.min.js:70:481)
    at Z (/home/jay/Desktop/prompt/node_modules/react-dom/cjs/react-dom-server.browser.production.min.js:76:89)
    at $c (/home/jay/Desktop/prompt/node_modules/react-dom/cjs/react-dom-server.browser.production.min.js:78:98)
    at Zc (/home/jay/Desktop/prompt/node_modules/react-dom/cjs/react-dom-server.browser.production.min.js:71:145)
    at Z (/home/jay/Desktop/prompt/node_modules/react-dom/cjs/react-dom-server.browser.production.min.js:76:89)
ReferenceError: imageUrl is not defined
    at D (/home/jay/Desktop/prompt/.next/server/pages/category/sub-categories/[subcategories]/promptDetails/[promptSlug].js:1:4355)
    at /home/jay/Desktop/prompt/.next/server/pages/category/sub-categories/[subcategories]/promptDetails/[promptSlug].js:1:4820
    at Wc (/home/jay/Desktop/prompt/node_modules/react-dom/cjs/react-dom-server.browser.production.min.js:68:44)
    at Zc (/home/jay/Desktop/prompt/node_modules/react-dom/cjs/react-dom-server.browser.production.min.js:70:253)
    at Z (/home/jay/Desktop/prompt/node_modules/react-dom/cjs/react-dom-server.browser.production.min.js:76:89)
    at Zc (/home/jay/Desktop/prompt/node_modules/react-dom/cjs/react-dom-server.browser.production.min.js:70:481)
    at Z (/home/jay/Desktop/prompt/node_modules/react-dom/cjs/react-dom-server.browser.production.min.js:76:89)
    at $c (/home/jay/Desktop/prompt/node_modules/react-dom/cjs/react-dom-server.browser.production.min.js:78:98)
    at Zc (/home/jay/Desktop/prompt/node_modules/react-dom/cjs/react-dom-server.browser.production.min.js:71:145)
    at Z (/home/jay/Desktop/prompt/node_modules/react-dom/cjs/react-dom-server.browser.production.min.js:76:89)

Error occurred prerendering page "/category/sub-categories/studio/promptDetails/ultra-realistic-monochrome-portrait-prompt". Read more: https://nextjs.org/docs/messages/prerender-error

ReferenceError: imageUrl is not defined
    at D (/home/jay/Desktop/prompt/.next/server/pages/category/sub-categories/[subcategories]/promptDetails/[promptSlug].js:1:4355)
    at /home/jay/Desktop/prompt/.next/server/pages/category/sub-categories/[subcategories]/promptDetails/[promptSlug].js:1:4820
    at Wc (/home/jay/Desktop/prompt/node_modules/react-dom/cjs/react-dom-server.browser.production.min.js:68:44)
    at Zc (/home/jay/Desktop/prompt/node_modules/react-dom/cjs/react-dom-server.browser.production.min.js:70:253)
    at Z (/home/jay/Desktop/prompt/node_modules/react-dom/cjs/react-dom-server.browser.production.min.js:76:89)
    at Zc (/home/jay/Desktop/prompt/node_modules/react-dom/cjs/react-dom-server.browser.production.min.js:70:481)
    at Z (/home/jay/Desktop/prompt/node_modules/react-dom/cjs/react-dom-server.browser.production.min.js:76:89)
    at $c (/home/jay/Desktop/prompt/node_modules/react-dom/cjs/react-dom-server.browser.production.min.js:78:98)
    at Zc (/home/jay/Desktop/prompt/node_modules/react-dom/cjs/react-dom-server.browser.production.min.js:71:145)
    at Z (/home/jay/Desktop/prompt/node_modules/react-dom/cjs/react-dom-server.browser.production.min.js:76:89)
ReferenceError: imageUrl is not defined
    at D (/home/jay/Desktop/prompt/.next/server/pages/category/sub-categories/[subcategories]/promptDetails/[promptSlug].js:1:4355)
    at /home/jay/Desktop/prompt/.next/server/pages/category/sub-categories/[subcategories]/promptDetails/[promptSlug].js:1:4820
    at Wc (/home/jay/Desktop/prompt/node_modules/react-dom/cjs/react-dom-server.browser.production.min.js:68:44)
    at Zc (/home/jay/Desktop/prompt/node_modules/react-dom/cjs/react-dom-server.browser.production.min.js:70:253)
    at Z (/home/jay/Desktop/prompt/node_modules/react-dom/cjs/react-dom-server.browser.production.min.js:76:89)
    at Zc (/home/jay/Desktop/prompt/node_modules/react-dom/cjs/react-dom-server.browser.production.min.js:70:481)
    at Z (/home/jay/Desktop/prompt/node_modules/react-dom/cjs/react-dom-server.browser.production.min.js:76:89)
    at $c (/home/jay/Desktop/prompt/node_modules/react-dom/cjs/react-dom-server.browser.production.min.js:78:98)
    at Zc (/home/jay/Desktop/prompt/node_modules/react-dom/cjs/react-dom-server.browser.production.min.js:71:145)
    at Z (/home/jay/Desktop/prompt/node_modules/react-dom/cjs/react-dom-server.browser.production.min.js:76:89)

Error occurred prerendering page "/category/sub-categories/studio/promptDetails/minimal-indoor-fashion-portrait". Read more: https://nextjs.org/docs/messages/prerender-error

ReferenceError: imageUrl is not defined
    at D (/home/jay/Desktop/prompt/.next/server/pages/category/sub-categories/[subcategories]/promptDetails/[promptSlug].js:1:4355)
    at /home/jay/Desktop/prompt/.next/server/pages/category/sub-categories/[subcategories]/promptDetails/[promptSlug].js:1:4820
    at Wc (/home/jay/Desktop/prompt/node_modules/react-dom/cjs/react-dom-server.browser.production.min.js:68:44)
    at Zc (/home/jay/Desktop/prompt/node_modules/react-dom/cjs/react-dom-server.browser.production.min.js:70:253)
    at Z (/home/jay/Desktop/prompt/node_modules/react-dom/cjs/react-dom-server.browser.production.min.js:76:89)
    at Zc (/home/jay/Desktop/prompt/node_modules/react-dom/cjs/react-dom-server.browser.production.min.js:70:481)
    at Z (/home/jay/Desktop/prompt/node_modules/react-dom/cjs/react-dom-server.browser.production.min.js:76:89)
    at $c (/home/jay/Desktop/prompt/node_modules/react-dom/cjs/react-dom-server.browser.production.min.js:78:98)
    at Zc (/home/jay/Desktop/prompt/node_modules/react-dom/cjs/react-dom-server.browser.production.min.js:71:145)
    at Z (/home/jay/Desktop/prompt/node_modules/react-dom/cjs/react-dom-server.browser.production.min.js:76:89)
ReferenceError: imageUrl is not defined
    at D (/home/jay/Desktop/prompt/.next/server/pages/category/sub-categories/[subcategories]/promptDetails/[promptSlug].js:1:4355)
    at /home/jay/Desktop/prompt/.next/server/pages/category/sub-categories/[subcategories]/promptDetails/[promptSlug].js:1:4820
    at Wc (/home/jay/Desktop/prompt/node_modules/react-dom/cjs/react-dom-server.browser.production.min.js:68:44)
    at Zc (/home/jay/Desktop/prompt/node_modules/react-dom/cjs/react-dom-server.browser.production.min.js:70:253)
    at Z (/home/jay/Desktop/prompt/node_modules/react-dom/cjs/react-dom-server.browser.production.min.js:76:89)
    at Zc (/home/jay/Desktop/prompt/node_modules/react-dom/cjs/react-dom-server.browser.production.min.js:70:481)
    at Z (/home/jay/Desktop/prompt/node_modules/react-dom/cjs/react-dom-server.browser.production.min.js:76:89)
    at $c (/home/jay/Desktop/prompt/node_modules/react-dom/cjs/react-dom-server.browser.production.min.js:78:98)
    at Zc (/home/jay/Desktop/prompt/node_modules/react-dom/cjs/react-dom-server.browser.production.min.js:71:145)
    at Z (/home/jay/Desktop/prompt/node_modules/react-dom/cjs/react-dom-server.browser.production.min.js:76:89)

Error occurred prerendering page "/category/sub-categories/studio/promptDetails/beige-hoodie-sherpa-jacket-streetwear". Read more: https://nextjs.org/docs/messages/prerender-error

ReferenceError: imageUrl is not defined
    at D (/home/jay/Desktop/prompt/.next/server/pages/category/sub-categories/[subcategories]/promptDetails/[promptSlug].js:1:4355)
    at /home/jay/Desktop/prompt/.next/server/pages/category/sub-categories/[subcategories]/promptDetails/[promptSlug].js:1:4820
    at Wc (/home/jay/Desktop/prompt/node_modules/react-dom/cjs/react-dom-server.browser.production.min.js:68:44)
    at Zc (/home/jay/Desktop/prompt/node_modules/react-dom/cjs/react-dom-server.browser.production.min.js:70:253)
    at Z (/home/jay/Desktop/prompt/node_modules/react-dom/cjs/react-dom-server.browser.production.min.js:76:89)
    at Zc (/home/jay/Desktop/prompt/node_modules/react-dom/cjs/react-dom-server.browser.production.min.js:70:481)
    at Z (/home/jay/Desktop/prompt/node_modules/react-dom/cjs/react-dom-server.browser.production.min.js:76:89)
    at $c (/home/jay/Desktop/prompt/node_modules/react-dom/cjs/react-dom-server.browser.production.min.js:78:98)
    at Zc (/home/jay/Desktop/prompt/node_modules/react-dom/cjs/react-dom-server.browser.production.min.js:71:145)
    at Z (/home/jay/Desktop/prompt/node_modules/react-dom/cjs/react-dom-server.browser.production.min.js:76:89)
[Build Time] Fetching all categories from: https://admin.promptland.in/api/get_categories
[Build Time] Successfully fetched 29 categories
[Build Time] Fetching prompts for category 5, subcategory none
[Build Time] Fetching all categories from: https://admin.promptland.in/api/get_categories
[Build Time] Successfully fetched 29 categories
[Build Time] Fetching prompts for category 9, subcategory none
[Build Time] Successfully fetched 18 prompts for category 9
[Build Time] Fetching all categories from: https://admin.promptland.in/api/get_categories
[Build Time] Successfully fetched 29 categories
[Build Time] Fetching prompts for category 9, subcategory none
[Build Time] Successfully fetched 18 prompts for category 9
[Build Time] Fetching all categories from: https://admin.promptland.in/api/get_categories
[Build Time] Successfully fetched 29 categories
[Build Time] Fetching prompts for category 9, subcategory none
[Build Time] Successfully fetched 18 prompts for category 9
[Build Time] Fetching all categories from: https://admin.promptland.in/api/get_categories
[Build Time] Successfully fetched 29 categories
[Build Time] Fetching prompts for category 9, subcategory none
[Build Time] Successfully fetched 18 prompts for category 9
[Build Time] Fetching all categories from: https://admin.promptland.in/api/get_categories
[Build Time] Successfully fetched 29 categories
[Build Time] Fetching prompts for category 9, subcategory none
[Build Time] Successfully fetched 18 prompts for category 9
[Build Time] Fetching all categories from: https://admin.promptland.in/api/get_categories
[Build Time] Successfully fetched 29 categories
[Build Time] Fetching prompts for category 9, subcategory none
[Build Time] Successfully fetched 18 prompts for category 9
ReferenceError: imageUrl is not defined
    at D (/home/jay/Desktop/prompt/.next/server/pages/category/sub-categories/[subcategories]/promptDetails/[promptSlug].js:1:4355)
    at /home/jay/Desktop/prompt/.next/server/pages/category/sub-categories/[subcategories]/promptDetails/[promptSlug].js:1:4820
    at Wc (/home/jay/Desktop/prompt/node_modules/react-dom/cjs/react-dom-server.browser.production.min.js:68:44)
    at Zc (/home/jay/Desktop/prompt/node_modules/react-dom/cjs/react-dom-server.browser.production.min.js:70:253)
    at Z (/home/jay/Desktop/prompt/node_modules/react-dom/cjs/react-dom-server.browser.production.min.js:76:89)
    at Zc (/home/jay/Desktop/prompt/node_modules/react-dom/cjs/react-dom-server.browser.production.min.js:70:481)
    at Z (/home/jay/Desktop/prompt/node_modules/react-dom/cjs/react-dom-server.browser.production.min.js:76:89)
    at $c (/home/jay/Desktop/prompt/node_modules/react-dom/cjs/react-dom-server.browser.production.min.js:78:98)
    at Zc (/home/jay/Desktop/prompt/node_modules/react-dom/cjs/react-dom-server.browser.production.min.js:71:145)
    at Z (/home/jay/Desktop/prompt/node_modules/react-dom/cjs/react-dom-server.browser.production.min.js:76:89)

Error occurred prerendering page "/category/sub-categories/car/promptDetails/retro-bollywood-aesthetics". Read more: https://nextjs.org/docs/messages/prerender-error

ReferenceError: imageUrl is not defined
    at D (/home/jay/Desktop/prompt/.next/server/pages/category/sub-categories/[subcategories]/promptDetails/[promptSlug].js:1:4355)
    at /home/jay/Desktop/prompt/.next/server/pages/category/sub-categories/[subcategories]/promptDetails/[promptSlug].js:1:4820
    at Wc (/home/jay/Desktop/prompt/node_modules/react-dom/cjs/react-dom-server.browser.production.min.js:68:44)
    at Zc (/home/jay/Desktop/prompt/node_modules/react-dom/cjs/react-dom-server.browser.production.min.js:70:253)
    at Z (/home/jay/Desktop/prompt/node_modules/react-dom/cjs/react-dom-server.browser.production.min.js:76:89)
    at Zc (/home/jay/Desktop/prompt/node_modules/react-dom/cjs/react-dom-server.browser.production.min.js:70:481)
    at Z (/home/jay/Desktop/prompt/node_modules/react-dom/cjs/react-dom-server.browser.production.min.js:76:89)
    at $c (/home/jay/Desktop/prompt/node_modules/react-dom/cjs/react-dom-server.browser.production.min.js:78:98)
    at Zc (/home/jay/Desktop/prompt/node_modules/react-dom/cjs/react-dom-server.browser.production.min.js:71:145)
    at Z (/home/jay/Desktop/prompt/node_modules/react-dom/cjs/react-dom-server.browser.production.min.js:76:89)
ReferenceError: imageUrl is not defined
    at D (/home/jay/Desktop/prompt/.next/server/pages/category/sub-categories/[subcategories]/promptDetails/[promptSlug].js:1:4355)
    at /home/jay/Desktop/prompt/.next/server/pages/category/sub-categories/[subcategories]/promptDetails/[promptSlug].js:1:4820
    at Wc (/home/jay/Desktop/prompt/node_modules/react-dom/cjs/react-dom-server.browser.production.min.js:68:44)
    at Zc (/home/jay/Desktop/prompt/node_modules/react-dom/cjs/react-dom-server.browser.production.min.js:70:253)
    at Z (/home/jay/Desktop/prompt/node_modules/react-dom/cjs/react-dom-server.browser.production.min.js:76:89)
    at Zc (/home/jay/Desktop/prompt/node_modules/react-dom/cjs/react-dom-server.browser.production.min.js:70:481)
    at Z (/home/jay/Desktop/prompt/node_modules/react-dom/cjs/react-dom-server.browser.production.min.js:76:89)
    at $c (/home/jay/Desktop/prompt/node_modules/react-dom/cjs/react-dom-server.browser.production.min.js:78:98)
    at Zc (/home/jay/Desktop/prompt/node_modules/react-dom/cjs/react-dom-server.browser.production.min.js:71:145)
    at Z (/home/jay/Desktop/prompt/node_modules/react-dom/cjs/react-dom-server.browser.production.min.js:76:89)

Error occurred prerendering page "/category/sub-categories/car/promptDetails/mercedes-amg-gt-r-power-stance". Read more: https://nextjs.org/docs/messages/prerender-error

ReferenceError: imageUrl is not defined
    at D (/home/jay/Desktop/prompt/.next/server/pages/category/sub-categories/[subcategories]/promptDetails/[promptSlug].js:1:4355)
    at /home/jay/Desktop/prompt/.next/server/pages/category/sub-categories/[subcategories]/promptDetails/[promptSlug].js:1:4820
    at Wc (/home/jay/Desktop/prompt/node_modules/react-dom/cjs/react-dom-server.browser.production.min.js:68:44)
    at Zc (/home/jay/Desktop/prompt/node_modules/react-dom/cjs/react-dom-server.browser.production.min.js:70:253)
    at Z (/home/jay/Desktop/prompt/node_modules/react-dom/cjs/react-dom-server.browser.production.min.js:76:89)
    at Zc (/home/jay/Desktop/prompt/node_modules/react-dom/cjs/react-dom-server.browser.production.min.js:70:481)
    at Z (/home/jay/Desktop/prompt/node_modules/react-dom/cjs/react-dom-server.browser.production.min.js:76:89)
    at $c (/home/jay/Desktop/prompt/node_modules/react-dom/cjs/react-dom-server.browser.production.min.js:78:98)
    at Zc (/home/jay/Desktop/prompt/node_modules/react-dom/cjs/react-dom-server.browser.production.min.js:71:145)
    at Z (/home/jay/Desktop/prompt/node_modules/react-dom/cjs/react-dom-server.browser.production.min.js:76:89)
ReferenceError: imageUrl is not defined
    at D (/home/jay/Desktop/prompt/.next/server/pages/category/sub-categories/[subcategories]/promptDetails/[promptSlug].js:1:4355)
    at /home/jay/Desktop/prompt/.next/server/pages/category/sub-categories/[subcategories]/promptDetails/[promptSlug].js:1:4820
    at Wc (/home/jay/Desktop/prompt/node_modules/react-dom/cjs/react-dom-server.browser.production.min.js:68:44)
    at Zc (/home/jay/Desktop/prompt/node_modules/react-dom/cjs/react-dom-server.browser.production.min.js:70:253)
    at Z (/home/jay/Desktop/prompt/node_modules/react-dom/cjs/react-dom-server.browser.production.min.js:76:89)
    at Zc (/home/jay/Desktop/prompt/node_modules/react-dom/cjs/react-dom-server.browser.production.min.js:70:481)
    at Z (/home/jay/Desktop/prompt/node_modules/react-dom/cjs/react-dom-server.browser.production.min.js:76:89)
    at $c (/home/jay/Desktop/prompt/node_modules/react-dom/cjs/react-dom-server.browser.production.min.js:78:98)
    at Zc (/home/jay/Desktop/prompt/node_modules/react-dom/cjs/react-dom-server.browser.production.min.js:71:145)
    at Z (/home/jay/Desktop/prompt/node_modules/react-dom/cjs/react-dom-server.browser.production.min.js:76:89)

Error occurred prerendering page "/category/sub-categories/car/promptDetails/the-luxury-garage". Read more: https://nextjs.org/docs/messages/prerender-error

ReferenceError: imageUrl is not defined
    at D (/home/jay/Desktop/prompt/.next/server/pages/category/sub-categories/[subcategories]/promptDetails/[promptSlug].js:1:4355)
    at /home/jay/Desktop/prompt/.next/server/pages/category/sub-categories/[subcategories]/promptDetails/[promptSlug].js:1:4820
    at Wc (/home/jay/Desktop/prompt/node_modules/react-dom/cjs/react-dom-server.browser.production.min.js:68:44)
    at Zc (/home/jay/Desktop/prompt/node_modules/react-dom/cjs/react-dom-server.browser.production.min.js:70:253)
    at Z (/home/jay/Desktop/prompt/node_modules/react-dom/cjs/react-dom-server.browser.production.min.js:76:89)
    at Zc (/home/jay/Desktop/prompt/node_modules/react-dom/cjs/react-dom-server.browser.production.min.js:70:481)
    at Z (/home/jay/Desktop/prompt/node_modules/react-dom/cjs/react-dom-server.browser.production.min.js:76:89)
    at $c (/home/jay/Desktop/prompt/node_modules/react-dom/cjs/react-dom-server.browser.production.min.js:78:98)
    at Zc (/home/jay/Desktop/prompt/node_modules/react-dom/cjs/react-dom-server.browser.production.min.js:71:145)
    at Z (/home/jay/Desktop/prompt/node_modules/react-dom/cjs/react-dom-server.browser.production.min.js:76:89)
ReferenceError: imageUrl is not defined
    at D (/home/jay/Desktop/prompt/.next/server/pages/category/sub-categories/[subcategories]/promptDetails/[promptSlug].js:1:4355)
    at /home/jay/Desktop/prompt/.next/server/pages/category/sub-categories/[subcategories]/promptDetails/[promptSlug].js:1:4820
    at Wc (/home/jay/Desktop/prompt/node_modules/react-dom/cjs/react-dom-server.browser.production.min.js:68:44)
    at Zc (/home/jay/Desktop/prompt/node_modules/react-dom/cjs/react-dom-server.browser.production.min.js:70:253)
    at Z (/home/jay/Desktop/prompt/node_modules/react-dom/cjs/react-dom-server.browser.production.min.js:76:89)
    at Zc (/home/jay/Desktop/prompt/node_modules/react-dom/cjs/react-dom-server.browser.production.min.js:70:481)
    at Z (/home/jay/Desktop/prompt/node_modules/react-dom/cjs/react-dom-server.browser.production.min.js:76:89)
    at $c (/home/jay/Desktop/prompt/node_modules/react-dom/cjs/react-dom-server.browser.production.min.js:78:98)
    at Zc (/home/jay/Desktop/prompt/node_modules/react-dom/cjs/react-dom-server.browser.production.min.js:71:145)
    at Z (/home/jay/Desktop/prompt/node_modules/react-dom/cjs/react-dom-server.browser.production.min.js:76:89)

Error occurred prerendering page "/category/sub-categories/car/promptDetails/lamborghini-girl-with-a-view". Read more: https://nextjs.org/docs/messages/prerender-error

ReferenceError: imageUrl is not defined
    at D (/home/jay/Desktop/prompt/.next/server/pages/category/sub-categories/[subcategories]/promptDetails/[promptSlug].js:1:4355)
    at /home/jay/Desktop/prompt/.next/server/pages/category/sub-categories/[subcategories]/promptDetails/[promptSlug].js:1:4820
    at Wc (/home/jay/Desktop/prompt/node_modules/react-dom/cjs/react-dom-server.browser.production.min.js:68:44)
    at Zc (/home/jay/Desktop/prompt/node_modules/react-dom/cjs/react-dom-server.browser.production.min.js:70:253)
    at Z (/home/jay/Desktop/prompt/node_modules/react-dom/cjs/react-dom-server.browser.production.min.js:76:89)
    at Zc (/home/jay/Desktop/prompt/node_modules/react-dom/cjs/react-dom-server.browser.production.min.js:70:481)
    at Z (/home/jay/Desktop/prompt/node_modules/react-dom/cjs/react-dom-server.browser.production.min.js:76:89)
    at $c (/home/jay/Desktop/prompt/node_modules/react-dom/cjs/react-dom-server.browser.production.min.js:78:98)
    at Zc (/home/jay/Desktop/prompt/node_modules/react-dom/cjs/react-dom-server.browser.production.min.js:71:145)
    at Z (/home/jay/Desktop/prompt/node_modules/react-dom/cjs/react-dom-server.browser.production.min.js:76:89)
ReferenceError: imageUrl is not defined
    at D (/home/jay/Desktop/prompt/.next/server/pages/category/sub-categories/[subcategories]/promptDetails/[promptSlug].js:1:4355)
    at /home/jay/Desktop/prompt/.next/server/pages/category/sub-categories/[subcategories]/promptDetails/[promptSlug].js:1:4820
    at Wc (/home/jay/Desktop/prompt/node_modules/react-dom/cjs/react-dom-server.browser.production.min.js:68:44)
    at Zc (/home/jay/Desktop/prompt/node_modules/react-dom/cjs/react-dom-server.browser.production.min.js:70:253)
    at Z (/home/jay/Desktop/prompt/node_modules/react-dom/cjs/react-dom-server.browser.production.min.js:76:89)
    at Zc (/home/jay/Desktop/prompt/node_modules/react-dom/cjs/react-dom-server.browser.production.min.js:70:481)
    at Z (/home/jay/Desktop/prompt/node_modules/react-dom/cjs/react-dom-server.browser.production.min.js:76:89)
    at $c (/home/jay/Desktop/prompt/node_modules/react-dom/cjs/react-dom-server.browser.production.min.js:78:98)
    at Zc (/home/jay/Desktop/prompt/node_modules/react-dom/cjs/react-dom-server.browser.production.min.js:71:145)
    at Z (/home/jay/Desktop/prompt/node_modules/react-dom/cjs/react-dom-server.browser.production.min.js:76:89)

Error occurred prerendering page "/category/sub-categories/car/promptDetails/the-midnight-date". Read more: https://nextjs.org/docs/messages/prerender-error

ReferenceError: imageUrl is not defined
    at D (/home/jay/Desktop/prompt/.next/server/pages/category/sub-categories/[subcategories]/promptDetails/[promptSlug].js:1:4355)
    at /home/jay/Desktop/prompt/.next/server/pages/category/sub-categories/[subcategories]/promptDetails/[promptSlug].js:1:4820
    at Wc (/home/jay/Desktop/prompt/node_modules/react-dom/cjs/react-dom-server.browser.production.min.js:68:44)
    at Zc (/home/jay/Desktop/prompt/node_modules/react-dom/cjs/react-dom-server.browser.production.min.js:70:253)
    at Z (/home/jay/Desktop/prompt/node_modules/react-dom/cjs/react-dom-server.browser.production.min.js:76:89)
    at Zc (/home/jay/Desktop/prompt/node_modules/react-dom/cjs/react-dom-server.browser.production.min.js:70:481)
    at Z (/home/jay/Desktop/prompt/node_modules/react-dom/cjs/react-dom-server.browser.production.min.js:76:89)
    at $c (/home/jay/Desktop/prompt/node_modules/react-dom/cjs/react-dom-server.browser.production.min.js:78:98)
    at Zc (/home/jay/Desktop/prompt/node_modules/react-dom/cjs/react-dom-server.browser.production.min.js:71:145)
    at Z (/home/jay/Desktop/prompt/node_modules/react-dom/cjs/react-dom-server.browser.production.min.js:76:89)
ReferenceError: imageUrl is not defined
    at D (/home/jay/Desktop/prompt/.next/server/pages/category/sub-categories/[subcategories]/promptDetails/[promptSlug].js:1:4355)
    at /home/jay/Desktop/prompt/.next/server/pages/category/sub-categories/[subcategories]/promptDetails/[promptSlug].js:1:4820
    at Wc (/home/jay/Desktop/prompt/node_modules/react-dom/cjs/react-dom-server.browser.production.min.js:68:44)
    at Zc (/home/jay/Desktop/prompt/node_modules/react-dom/cjs/react-dom-server.browser.production.min.js:70:253)
    at Z (/home/jay/Desktop/prompt/node_modules/react-dom/cjs/react-dom-server.browser.production.min.js:76:89)
    at Zc (/home/jay/Desktop/prompt/node_modules/react-dom/cjs/react-dom-server.browser.production.min.js:70:481)
    at Z (/home/jay/Desktop/prompt/node_modules/react-dom/cjs/react-dom-server.browser.production.min.js:76:89)
    at $c (/home/jay/Desktop/prompt/node_modules/react-dom/cjs/react-dom-server.browser.production.min.js:78:98)
    at Zc (/home/jay/Desktop/prompt/node_modules/react-dom/cjs/react-dom-server.browser.production.min.js:71:145)
    at Z (/home/jay/Desktop/prompt/node_modules/react-dom/cjs/react-dom-server.browser.production.min.js:76:89)

Error occurred prerendering page "/category/sub-categories/car/promptDetails/rolls-royce-elegance-with-coffee". Read more: https://nextjs.org/docs/messages/prerender-error

ReferenceError: imageUrl is not defined
    at D (/home/jay/Desktop/prompt/.next/server/pages/category/sub-categories/[subcategories]/promptDetails/[promptSlug].js:1:4355)
    at /home/jay/Desktop/prompt/.next/server/pages/category/sub-categories/[subcategories]/promptDetails/[promptSlug].js:1:4820
    at Wc (/home/jay/Desktop/prompt/node_modules/react-dom/cjs/react-dom-server.browser.production.min.js:68:44)
    at Zc (/home/jay/Desktop/prompt/node_modules/react-dom/cjs/react-dom-server.browser.production.min.js:70:253)
    at Z (/home/jay/Desktop/prompt/node_modules/react-dom/cjs/react-dom-server.browser.production.min.js:76:89)
    at Zc (/home/jay/Desktop/prompt/node_modules/react-dom/cjs/react-dom-server.browser.production.min.js:70:481)
    at Z (/home/jay/Desktop/prompt/node_modules/react-dom/cjs/react-dom-server.browser.production.min.js:76:89)
    at $c (/home/jay/Desktop/prompt/node_modules/react-dom/cjs/react-dom-server.browser.production.min.js:78:98)
    at Zc (/home/jay/Desktop/prompt/node_modules/react-dom/cjs/react-dom-server.browser.production.min.js:71:145)
    at Z (/home/jay/Desktop/prompt/node_modules/react-dom/cjs/react-dom-server.browser.production.min.js:76:89)
[Build Time] Successfully fetched 50 prompts for category 5
ReferenceError: imageUrl is not defined
    at D (/home/jay/Desktop/prompt/.next/server/pages/category/sub-categories/[subcategories]/promptDetails/[promptSlug].js:1:4355)
    at /home/jay/Desktop/prompt/.next/server/pages/category/sub-categories/[subcategories]/promptDetails/[promptSlug].js:1:4820
    at Wc (/home/jay/Desktop/prompt/node_modules/react-dom/cjs/react-dom-server.browser.production.min.js:68:44)
    at Zc (/home/jay/Desktop/prompt/node_modules/react-dom/cjs/react-dom-server.browser.production.min.js:70:253)
    at Z (/home/jay/Desktop/prompt/node_modules/react-dom/cjs/react-dom-server.browser.production.min.js:76:89)
    at Zc (/home/jay/Desktop/prompt/node_modules/react-dom/cjs/react-dom-server.browser.production.min.js:70:481)
    at Z (/home/jay/Desktop/prompt/node_modules/react-dom/cjs/react-dom-server.browser.production.min.js:76:89)
    at $c (/home/jay/Desktop/prompt/node_modules/react-dom/cjs/react-dom-server.browser.production.min.js:78:98)
    at Zc (/home/jay/Desktop/prompt/node_modules/react-dom/cjs/react-dom-server.browser.production.min.js:71:145)
    at Z (/home/jay/Desktop/prompt/node_modules/react-dom/cjs/react-dom-server.browser.production.min.js:76:89)

Error occurred prerendering page "/category/sub-categories/studio/promptDetails/modern-grey-editorial-interior". Read more: https://nextjs.org/docs/messages/prerender-error

ReferenceError: imageUrl is not defined
    at D (/home/jay/Desktop/prompt/.next/server/pages/category/sub-categories/[subcategories]/promptDetails/[promptSlug].js:1:4355)
    at /home/jay/Desktop/prompt/.next/server/pages/category/sub-categories/[subcategories]/promptDetails/[promptSlug].js:1:4820
    at Wc (/home/jay/Desktop/prompt/node_modules/react-dom/cjs/react-dom-server.browser.production.min.js:68:44)
    at Zc (/home/jay/Desktop/prompt/node_modules/react-dom/cjs/react-dom-server.browser.production.min.js:70:253)
    at Z (/home/jay/Desktop/prompt/node_modules/react-dom/cjs/react-dom-server.browser.production.min.js:76:89)
    at Zc (/home/jay/Desktop/prompt/node_modules/react-dom/cjs/react-dom-server.browser.production.min.js:70:481)
    at Z (/home/jay/Desktop/prompt/node_modules/react-dom/cjs/react-dom-server.browser.production.min.js:76:89)
    at $c (/home/jay/Desktop/prompt/node_modules/react-dom/cjs/react-dom-server.browser.production.min.js:78:98)
    at Zc (/home/jay/Desktop/prompt/node_modules/react-dom/cjs/react-dom-server.browser.production.min.js:71:145)
    at Z (/home/jay/Desktop/prompt/node_modules/react-dom/cjs/react-dom-server.browser.production.min.js:76:89)
[Build Time] Fetching all categories from: https://admin.promptland.in/api/get_categories
[Build Time] Successfully fetched 29 categories
[Build Time] Fetching prompts for category 9, subcategory none
[Build Time] Successfully fetched 18 prompts for category 9
[Build Time] Fetching all categories from: https://admin.promptland.in/api/get_categories
[Build Time] Successfully fetched 29 categories
[Build Time] Fetching prompts for category 9, subcategory none
[Build Time] Successfully fetched 18 prompts for category 9
ReferenceError: imageUrl is not defined
    at D (/home/jay/Desktop/prompt/.next/server/pages/category/sub-categories/[subcategories]/promptDetails/[promptSlug].js:1:4355)
    at /home/jay/Desktop/prompt/.next/server/pages/category/sub-categories/[subcategories]/promptDetails/[promptSlug].js:1:4820
    at Wc (/home/jay/Desktop/prompt/node_modules/react-dom/cjs/react-dom-server.browser.production.min.js:68:44)
    at Zc (/home/jay/Desktop/prompt/node_modules/react-dom/cjs/react-dom-server.browser.production.min.js:70:253)
    at Z (/home/jay/Desktop/prompt/node_modules/react-dom/cjs/react-dom-server.browser.production.min.js:76:89)
    at Zc (/home/jay/Desktop/prompt/node_modules/react-dom/cjs/react-dom-server.browser.production.min.js:70:481)
    at Z (/home/jay/Desktop/prompt/node_modules/react-dom/cjs/react-dom-server.browser.production.min.js:76:89)
    at $c (/home/jay/Desktop/prompt/node_modules/react-dom/cjs/react-dom-server.browser.production.min.js:78:98)
    at Zc (/home/jay/Desktop/prompt/node_modules/react-dom/cjs/react-dom-server.browser.production.min.js:71:145)
    at Z (/home/jay/Desktop/prompt/node_modules/react-dom/cjs/react-dom-server.browser.production.min.js:76:89)

Error occurred prerendering page "/category/sub-categories/car/promptDetails/night-city-suit-flowers". Read more: https://nextjs.org/docs/messages/prerender-error

ReferenceError: imageUrl is not defined
    at D (/home/jay/Desktop/prompt/.next/server/pages/category/sub-categories/[subcategories]/promptDetails/[promptSlug].js:1:4355)
    at /home/jay/Desktop/prompt/.next/server/pages/category/sub-categories/[subcategories]/promptDetails/[promptSlug].js:1:4820
    at Wc (/home/jay/Desktop/prompt/node_modules/react-dom/cjs/react-dom-server.browser.production.min.js:68:44)
    at Zc (/home/jay/Desktop/prompt/node_modules/react-dom/cjs/react-dom-server.browser.production.min.js:70:253)
    at Z (/home/jay/Desktop/prompt/node_modules/react-dom/cjs/react-dom-server.browser.production.min.js:76:89)
    at Zc (/home/jay/Desktop/prompt/node_modules/react-dom/cjs/react-dom-server.browser.production.min.js:70:481)
    at Z (/home/jay/Desktop/prompt/node_modules/react-dom/cjs/react-dom-server.browser.production.min.js:76:89)
    at $c (/home/jay/Desktop/prompt/node_modules/react-dom/cjs/react-dom-server.browser.production.min.js:78:98)
    at Zc (/home/jay/Desktop/prompt/node_modules/react-dom/cjs/react-dom-server.browser.production.min.js:71:145)
    at Z (/home/jay/Desktop/prompt/node_modules/react-dom/cjs/react-dom-server.browser.production.min.js:76:89)
ReferenceError: imageUrl is not defined
    at D (/home/jay/Desktop/prompt/.next/server/pages/category/sub-categories/[subcategories]/promptDetails/[promptSlug].js:1:4355)
    at /home/jay/Desktop/prompt/.next/server/pages/category/sub-categories/[subcategories]/promptDetails/[promptSlug].js:1:4820
    at Wc (/home/jay/Desktop/prompt/node_modules/react-dom/cjs/react-dom-server.browser.production.min.js:68:44)
    at Zc (/home/jay/Desktop/prompt/node_modules/react-dom/cjs/react-dom-server.browser.production.min.js:70:253)
    at Z (/home/jay/Desktop/prompt/node_modules/react-dom/cjs/react-dom-server.browser.production.min.js:76:89)
    at Zc (/home/jay/Desktop/prompt/node_modules/react-dom/cjs/react-dom-server.browser.production.min.js:70:481)
    at Z (/home/jay/Desktop/prompt/node_modules/react-dom/cjs/react-dom-server.browser.production.min.js:76:89)
    at $c (/home/jay/Desktop/prompt/node_modules/react-dom/cjs/react-dom-server.browser.production.min.js:78:98)
    at Zc (/home/jay/Desktop/prompt/node_modules/react-dom/cjs/react-dom-server.browser.production.min.js:71:145)
    at Z (/home/jay/Desktop/prompt/node_modules/react-dom/cjs/react-dom-server.browser.production.min.js:76:89)

Error occurred prerendering page "/category/sub-categories/car/promptDetails/dubai-museum-mustang". Read more: https://nextjs.org/docs/messages/prerender-error

ReferenceError: imageUrl is not defined
    at D (/home/jay/Desktop/prompt/.next/server/pages/category/sub-categories/[subcategories]/promptDetails/[promptSlug].js:1:4355)
    at /home/jay/Desktop/prompt/.next/server/pages/category/sub-categories/[subcategories]/promptDetails/[promptSlug].js:1:4820
    at Wc (/home/jay/Desktop/prompt/node_modules/react-dom/cjs/react-dom-server.browser.production.min.js:68:44)
    at Zc (/home/jay/Desktop/prompt/node_modules/react-dom/cjs/react-dom-server.browser.production.min.js:70:253)
    at Z (/home/jay/Desktop/prompt/node_modules/react-dom/cjs/react-dom-server.browser.production.min.js:76:89)
    at Zc (/home/jay/Desktop/prompt/node_modules/react-dom/cjs/react-dom-server.browser.production.min.js:70:481)
    at Z (/home/jay/Desktop/prompt/node_modules/react-dom/cjs/react-dom-server.browser.production.min.js:76:89)
    at $c (/home/jay/Desktop/prompt/node_modules/react-dom/cjs/react-dom-server.browser.production.min.js:78:98)
    at Zc (/home/jay/Desktop/prompt/node_modules/react-dom/cjs/react-dom-server.browser.production.min.js:71:145)
    at Z (/home/jay/Desktop/prompt/node_modules/react-dom/cjs/react-dom-server.browser.production.min.js:76:89)
[Build Time] Fetching all categories from: https://admin.promptland.in/api/get_categories
[Build Time] Fetching all categories from: https://admin.promptland.in/api/get_categories
[Build Time] Fetching all categories from: https://admin.promptland.in/api/get_categories
[Build Time] Successfully fetched 29 categories
[Build Time] Fetching prompts for category 9, subcategory none
[Build Time] Successfully fetched 18 prompts for category 9
[Build Time] Fetching all categories from: https://admin.promptland.in/api/get_categories
[Build Time] Successfully fetched 29 categories
[Build Time] Fetching prompts for category 9, subcategory none
[Build Time] Successfully fetched 18 prompts for category 9
[Build Time] Fetching all categories from: https://admin.promptland.in/api/get_categories
[Build Time] Successfully fetched 29 categories
[Build Time] Fetching prompts for category 9, subcategory none
[Build Time] Successfully fetched 18 prompts for category 9
[Build Time] Fetching all categories from: https://admin.promptland.in/api/get_categories
[Build Time] Successfully fetched 29 categories
[Build Time] Fetching prompts for category 9, subcategory none
[Build Time] Successfully fetched 18 prompts for category 9
[Build Time] Fetching all categories from: https://admin.promptland.in/api/get_categories
[Build Time] Successfully fetched 29 categories
[Build Time] Fetching prompts for category 9, subcategory none
[Build Time] Successfully fetched 18 prompts for category 9
[Build Time] Successfully fetched 29 categories
[Build Time] Fetching prompts for category 9, subcategory none
[Build Time] Successfully fetched 18 prompts for category 9
[Build Time] Successfully fetched 29 categories
[Build Time] Fetching prompts for category 9, subcategory none
[Build Time] Successfully fetched 18 prompts for category 9
ReferenceError: imageUrl is not defined
    at D (/home/jay/Desktop/prompt/.next/server/pages/category/sub-categories/[subcategories]/promptDetails/[promptSlug].js:1:4355)
    at /home/jay/Desktop/prompt/.next/server/pages/category/sub-categories/[subcategories]/promptDetails/[promptSlug].js:1:4820
    at Wc (/home/jay/Desktop/prompt/node_modules/react-dom/cjs/react-dom-server.browser.production.min.js:68:44)
    at Zc (/home/jay/Desktop/prompt/node_modules/react-dom/cjs/react-dom-server.browser.production.min.js:70:253)
    at Z (/home/jay/Desktop/prompt/node_modules/react-dom/cjs/react-dom-server.browser.production.min.js:76:89)
    at Zc (/home/jay/Desktop/prompt/node_modules/react-dom/cjs/react-dom-server.browser.production.min.js:70:481)
    at Z (/home/jay/Desktop/prompt/node_modules/react-dom/cjs/react-dom-server.browser.production.min.js:76:89)
    at $c (/home/jay/Desktop/prompt/node_modules/react-dom/cjs/react-dom-server.browser.production.min.js:78:98)
    at Zc (/home/jay/Desktop/prompt/node_modules/react-dom/cjs/react-dom-server.browser.production.min.js:71:145)
    at Z (/home/jay/Desktop/prompt/node_modules/react-dom/cjs/react-dom-server.browser.production.min.js:76:89)

Error occurred prerendering page "/category/sub-categories/car/promptDetails/night-street-racing-cinematic-scene". Read more: https://nextjs.org/docs/messages/prerender-error

ReferenceError: imageUrl is not defined
    at D (/home/jay/Desktop/prompt/.next/server/pages/category/sub-categories/[subcategories]/promptDetails/[promptSlug].js:1:4355)
    at /home/jay/Desktop/prompt/.next/server/pages/category/sub-categories/[subcategories]/promptDetails/[promptSlug].js:1:4820
    at Wc (/home/jay/Desktop/prompt/node_modules/react-dom/cjs/react-dom-server.browser.production.min.js:68:44)
    at Zc (/home/jay/Desktop/prompt/node_modules/react-dom/cjs/react-dom-server.browser.production.min.js:70:253)
    at Z (/home/jay/Desktop/prompt/node_modules/react-dom/cjs/react-dom-server.browser.production.min.js:76:89)
    at Zc (/home/jay/Desktop/prompt/node_modules/react-dom/cjs/react-dom-server.browser.production.min.js:70:481)
    at Z (/home/jay/Desktop/prompt/node_modules/react-dom/cjs/react-dom-server.browser.production.min.js:76:89)
    at $c (/home/jay/Desktop/prompt/node_modules/react-dom/cjs/react-dom-server.browser.production.min.js:78:98)
    at Zc (/home/jay/Desktop/prompt/node_modules/react-dom/cjs/react-dom-server.browser.production.min.js:71:145)
    at Z (/home/jay/Desktop/prompt/node_modules/react-dom/cjs/react-dom-server.browser.production.min.js:76:89)
ReferenceError: imageUrl is not defined
    at D (/home/jay/Desktop/prompt/.next/server/pages/category/sub-categories/[subcategories]/promptDetails/[promptSlug].js:1:4355)
    at /home/jay/Desktop/prompt/.next/server/pages/category/sub-categories/[subcategories]/promptDetails/[promptSlug].js:1:4820
    at Wc (/home/jay/Desktop/prompt/node_modules/react-dom/cjs/react-dom-server.browser.production.min.js:68:44)
    at Zc (/home/jay/Desktop/prompt/node_modules/react-dom/cjs/react-dom-server.browser.production.min.js:70:253)
    at Z (/home/jay/Desktop/prompt/node_modules/react-dom/cjs/react-dom-server.browser.production.min.js:76:89)
    at Zc (/home/jay/Desktop/prompt/node_modules/react-dom/cjs/react-dom-server.browser.production.min.js:70:481)
    at Z (/home/jay/Desktop/prompt/node_modules/react-dom/cjs/react-dom-server.browser.production.min.js:76:89)
    at $c (/home/jay/Desktop/prompt/node_modules/react-dom/cjs/react-dom-server.browser.production.min.js:78:98)
    at Zc (/home/jay/Desktop/prompt/node_modules/react-dom/cjs/react-dom-server.browser.production.min.js:71:145)
    at Z (/home/jay/Desktop/prompt/node_modules/react-dom/cjs/react-dom-server.browser.production.min.js:76:89)

Error occurred prerendering page "/category/sub-categories/car/promptDetails/luxury-automotive-equestrian-cinematic-portrait". Read more: https://nextjs.org/docs/messages/prerender-error

ReferenceError: imageUrl is not defined
    at D (/home/jay/Desktop/prompt/.next/server/pages/category/sub-categories/[subcategories]/promptDetails/[promptSlug].js:1:4355)
    at /home/jay/Desktop/prompt/.next/server/pages/category/sub-categories/[subcategories]/promptDetails/[promptSlug].js:1:4820
    at Wc (/home/jay/Desktop/prompt/node_modules/react-dom/cjs/react-dom-server.browser.production.min.js:68:44)
    at Zc (/home/jay/Desktop/prompt/node_modules/react-dom/cjs/react-dom-server.browser.production.min.js:70:253)
    at Z (/home/jay/Desktop/prompt/node_modules/react-dom/cjs/react-dom-server.browser.production.min.js:76:89)
    at Zc (/home/jay/Desktop/prompt/node_modules/react-dom/cjs/react-dom-server.browser.production.min.js:70:481)
    at Z (/home/jay/Desktop/prompt/node_modules/react-dom/cjs/react-dom-server.browser.production.min.js:76:89)
    at $c (/home/jay/Desktop/prompt/node_modules/react-dom/cjs/react-dom-server.browser.production.min.js:78:98)
    at Zc (/home/jay/Desktop/prompt/node_modules/react-dom/cjs/react-dom-server.browser.production.min.js:71:145)
    at Z (/home/jay/Desktop/prompt/node_modules/react-dom/cjs/react-dom-server.browser.production.min.js:76:89)
ReferenceError: imageUrl is not defined
    at D (/home/jay/Desktop/prompt/.next/server/pages/category/sub-categories/[subcategories]/promptDetails/[promptSlug].js:1:4355)
    at /home/jay/Desktop/prompt/.next/server/pages/category/sub-categories/[subcategories]/promptDetails/[promptSlug].js:1:4820
    at Wc (/home/jay/Desktop/prompt/node_modules/react-dom/cjs/react-dom-server.browser.production.min.js:68:44)
    at Zc (/home/jay/Desktop/prompt/node_modules/react-dom/cjs/react-dom-server.browser.production.min.js:70:253)
    at Z (/home/jay/Desktop/prompt/node_modules/react-dom/cjs/react-dom-server.browser.production.min.js:76:89)
    at Zc (/home/jay/Desktop/prompt/node_modules/react-dom/cjs/react-dom-server.browser.production.min.js:70:481)
    at Z (/home/jay/Desktop/prompt/node_modules/react-dom/cjs/react-dom-server.browser.production.min.js:76:89)
    at $c (/home/jay/Desktop/prompt/node_modules/react-dom/cjs/react-dom-server.browser.production.min.js:78:98)
    at Zc (/home/jay/Desktop/prompt/node_modules/react-dom/cjs/react-dom-server.browser.production.min.js:71:145)
    at Z (/home/jay/Desktop/prompt/node_modules/react-dom/cjs/react-dom-server.browser.production.min.js:76:89)

Error occurred prerendering page "/category/sub-categories/car/promptDetails/sophisticated-man-with-vintage-car". Read more: https://nextjs.org/docs/messages/prerender-error

ReferenceError: imageUrl is not defined
    at D (/home/jay/Desktop/prompt/.next/server/pages/category/sub-categories/[subcategories]/promptDetails/[promptSlug].js:1:4355)
    at /home/jay/Desktop/prompt/.next/server/pages/category/sub-categories/[subcategories]/promptDetails/[promptSlug].js:1:4820
    at Wc (/home/jay/Desktop/prompt/node_modules/react-dom/cjs/react-dom-server.browser.production.min.js:68:44)
    at Zc (/home/jay/Desktop/prompt/node_modules/react-dom/cjs/react-dom-server.browser.production.min.js:70:253)
    at Z (/home/jay/Desktop/prompt/node_modules/react-dom/cjs/react-dom-server.browser.production.min.js:76:89)
    at Zc (/home/jay/Desktop/prompt/node_modules/react-dom/cjs/react-dom-server.browser.production.min.js:70:481)
    at Z (/home/jay/Desktop/prompt/node_modules/react-dom/cjs/react-dom-server.browser.production.min.js:76:89)
    at $c (/home/jay/Desktop/prompt/node_modules/react-dom/cjs/react-dom-server.browser.production.min.js:78:98)
    at Zc (/home/jay/Desktop/prompt/node_modules/react-dom/cjs/react-dom-server.browser.production.min.js:71:145)
    at Z (/home/jay/Desktop/prompt/node_modules/react-dom/cjs/react-dom-server.browser.production.min.js:76:89)
ReferenceError: imageUrl is not defined
    at D (/home/jay/Desktop/prompt/.next/server/pages/category/sub-categories/[subcategories]/promptDetails/[promptSlug].js:1:4355)
    at /home/jay/Desktop/prompt/.next/server/pages/category/sub-categories/[subcategories]/promptDetails/[promptSlug].js:1:4820
    at Wc (/home/jay/Desktop/prompt/node_modules/react-dom/cjs/react-dom-server.browser.production.min.js:68:44)
    at Zc (/home/jay/Desktop/prompt/node_modules/react-dom/cjs/react-dom-server.browser.production.min.js:70:253)
    at Z (/home/jay/Desktop/prompt/node_modules/react-dom/cjs/react-dom-server.browser.production.min.js:76:89)
    at Zc (/home/jay/Desktop/prompt/node_modules/react-dom/cjs/react-dom-server.browser.production.min.js:70:481)
    at Z (/home/jay/Desktop/prompt/node_modules/react-dom/cjs/react-dom-server.browser.production.min.js:76:89)
    at $c (/home/jay/Desktop/prompt/node_modules/react-dom/cjs/react-dom-server.browser.production.min.js:78:98)
    at Zc (/home/jay/Desktop/prompt/node_modules/react-dom/cjs/react-dom-server.browser.production.min.js:71:145)
    at Z (/home/jay/Desktop/prompt/node_modules/react-dom/cjs/react-dom-server.browser.production.min.js:76:89)

Error occurred prerendering page "/category/sub-categories/car/promptDetails/night-city-parking-cinematic-portrait". Read more: https://nextjs.org/docs/messages/prerender-error

ReferenceError: imageUrl is not defined
    at D (/home/jay/Desktop/prompt/.next/server/pages/category/sub-categories/[subcategories]/promptDetails/[promptSlug].js:1:4355)
    at /home/jay/Desktop/prompt/.next/server/pages/category/sub-categories/[subcategories]/promptDetails/[promptSlug].js:1:4820
    at Wc (/home/jay/Desktop/prompt/node_modules/react-dom/cjs/react-dom-server.browser.production.min.js:68:44)
    at Zc (/home/jay/Desktop/prompt/node_modules/react-dom/cjs/react-dom-server.browser.production.min.js:70:253)
    at Z (/home/jay/Desktop/prompt/node_modules/react-dom/cjs/react-dom-server.browser.production.min.js:76:89)
    at Zc (/home/jay/Desktop/prompt/node_modules/react-dom/cjs/react-dom-server.browser.production.min.js:70:481)
    at Z (/home/jay/Desktop/prompt/node_modules/react-dom/cjs/react-dom-server.browser.production.min.js:76:89)
    at $c (/home/jay/Desktop/prompt/node_modules/react-dom/cjs/react-dom-server.browser.production.min.js:78:98)
    at Zc (/home/jay/Desktop/prompt/node_modules/react-dom/cjs/react-dom-server.browser.production.min.js:71:145)
    at Z (/home/jay/Desktop/prompt/node_modules/react-dom/cjs/react-dom-server.browser.production.min.js:76:89)
ReferenceError: imageUrl is not defined
    at D (/home/jay/Desktop/prompt/.next/server/pages/category/sub-categories/[subcategories]/promptDetails/[promptSlug].js:1:4355)
    at /home/jay/Desktop/prompt/.next/server/pages/category/sub-categories/[subcategories]/promptDetails/[promptSlug].js:1:4820
    at Wc (/home/jay/Desktop/prompt/node_modules/react-dom/cjs/react-dom-server.browser.production.min.js:68:44)
    at Zc (/home/jay/Desktop/prompt/node_modules/react-dom/cjs/react-dom-server.browser.production.min.js:70:253)
    at Z (/home/jay/Desktop/prompt/node_modules/react-dom/cjs/react-dom-server.browser.production.min.js:76:89)
    at Zc (/home/jay/Desktop/prompt/node_modules/react-dom/cjs/react-dom-server.browser.production.min.js:70:481)
    at Z (/home/jay/Desktop/prompt/node_modules/react-dom/cjs/react-dom-server.browser.production.min.js:76:89)
    at $c (/home/jay/Desktop/prompt/node_modules/react-dom/cjs/react-dom-server.browser.production.min.js:78:98)
    at Zc (/home/jay/Desktop/prompt/node_modules/react-dom/cjs/react-dom-server.browser.production.min.js:71:145)
    at Z (/home/jay/Desktop/prompt/node_modules/react-dom/cjs/react-dom-server.browser.production.min.js:76:89)

Error occurred prerendering page "/category/sub-categories/car/promptDetails/jeep-serenity-with-sunglasses". Read more: https://nextjs.org/docs/messages/prerender-error

ReferenceError: imageUrl is not defined
    at D (/home/jay/Desktop/prompt/.next/server/pages/category/sub-categories/[subcategories]/promptDetails/[promptSlug].js:1:4355)
    at /home/jay/Desktop/prompt/.next/server/pages/category/sub-categories/[subcategories]/promptDetails/[promptSlug].js:1:4820
    at Wc (/home/jay/Desktop/prompt/node_modules/react-dom/cjs/react-dom-server.browser.production.min.js:68:44)
    at Zc (/home/jay/Desktop/prompt/node_modules/react-dom/cjs/react-dom-server.browser.production.min.js:70:253)
    at Z (/home/jay/Desktop/prompt/node_modules/react-dom/cjs/react-dom-server.browser.production.min.js:76:89)
    at Zc (/home/jay/Desktop/prompt/node_modules/react-dom/cjs/react-dom-server.browser.production.min.js:70:481)
    at Z (/home/jay/Desktop/prompt/node_modules/react-dom/cjs/react-dom-server.browser.production.min.js:76:89)
    at $c (/home/jay/Desktop/prompt/node_modules/react-dom/cjs/react-dom-server.browser.production.min.js:78:98)
    at Zc (/home/jay/Desktop/prompt/node_modules/react-dom/cjs/react-dom-server.browser.production.min.js:71:145)
    at Z (/home/jay/Desktop/prompt/node_modules/react-dom/cjs/react-dom-server.browser.production.min.js:76:89)
ReferenceError: imageUrl is not defined
    at D (/home/jay/Desktop/prompt/.next/server/pages/category/sub-categories/[subcategories]/promptDetails/[promptSlug].js:1:4355)
    at /home/jay/Desktop/prompt/.next/server/pages/category/sub-categories/[subcategories]/promptDetails/[promptSlug].js:1:4820
    at Wc (/home/jay/Desktop/prompt/node_modules/react-dom/cjs/react-dom-server.browser.production.min.js:68:44)
    at Zc (/home/jay/Desktop/prompt/node_modules/react-dom/cjs/react-dom-server.browser.production.min.js:70:253)
    at Z (/home/jay/Desktop/prompt/node_modules/react-dom/cjs/react-dom-server.browser.production.min.js:76:89)
    at Zc (/home/jay/Desktop/prompt/node_modules/react-dom/cjs/react-dom-server.browser.production.min.js:70:481)
    at Z (/home/jay/Desktop/prompt/node_modules/react-dom/cjs/react-dom-server.browser.production.min.js:76:89)
    at $c (/home/jay/Desktop/prompt/node_modules/react-dom/cjs/react-dom-server.browser.production.min.js:78:98)
    at Zc (/home/jay/Desktop/prompt/node_modules/react-dom/cjs/react-dom-server.browser.production.min.js:71:145)
    at Z (/home/jay/Desktop/prompt/node_modules/react-dom/cjs/react-dom-server.browser.production.min.js:76:89)

Error occurred prerendering page "/category/sub-categories/car/promptDetails/field-and-luxury-car-portrait". Read more: https://nextjs.org/docs/messages/prerender-error

ReferenceError: imageUrl is not defined
    at D (/home/jay/Desktop/prompt/.next/server/pages/category/sub-categories/[subcategories]/promptDetails/[promptSlug].js:1:4355)
    at /home/jay/Desktop/prompt/.next/server/pages/category/sub-categories/[subcategories]/promptDetails/[promptSlug].js:1:4820
    at Wc (/home/jay/Desktop/prompt/node_modules/react-dom/cjs/react-dom-server.browser.production.min.js:68:44)
    at Zc (/home/jay/Desktop/prompt/node_modules/react-dom/cjs/react-dom-server.browser.production.min.js:70:253)
    at Z (/home/jay/Desktop/prompt/node_modules/react-dom/cjs/react-dom-server.browser.production.min.js:76:89)
    at Zc (/home/jay/Desktop/prompt/node_modules/react-dom/cjs/react-dom-server.browser.production.min.js:70:481)
    at Z (/home/jay/Desktop/prompt/node_modules/react-dom/cjs/react-dom-server.browser.production.min.js:76:89)
    at $c (/home/jay/Desktop/prompt/node_modules/react-dom/cjs/react-dom-server.browser.production.min.js:78:98)
    at Zc (/home/jay/Desktop/prompt/node_modules/react-dom/cjs/react-dom-server.browser.production.min.js:71:145)
    at Z (/home/jay/Desktop/prompt/node_modules/react-dom/cjs/react-dom-server.browser.production.min.js:76:89)
ReferenceError: imageUrl is not defined
    at D (/home/jay/Desktop/prompt/.next/server/pages/category/sub-categories/[subcategories]/promptDetails/[promptSlug].js:1:4355)
    at /home/jay/Desktop/prompt/.next/server/pages/category/sub-categories/[subcategories]/promptDetails/[promptSlug].js:1:4820
    at Wc (/home/jay/Desktop/prompt/node_modules/react-dom/cjs/react-dom-server.browser.production.min.js:68:44)
    at Zc (/home/jay/Desktop/prompt/node_modules/react-dom/cjs/react-dom-server.browser.production.min.js:70:253)
    at Z (/home/jay/Desktop/prompt/node_modules/react-dom/cjs/react-dom-server.browser.production.min.js:76:89)
    at Zc (/home/jay/Desktop/prompt/node_modules/react-dom/cjs/react-dom-server.browser.production.min.js:70:481)
    at Z (/home/jay/Desktop/prompt/node_modules/react-dom/cjs/react-dom-server.browser.production.min.js:76:89)
    at $c (/home/jay/Desktop/prompt/node_modules/react-dom/cjs/react-dom-server.browser.production.min.js:78:98)
    at Zc (/home/jay/Desktop/prompt/node_modules/react-dom/cjs/react-dom-server.browser.production.min.js:71:145)
    at Z (/home/jay/Desktop/prompt/node_modules/react-dom/cjs/react-dom-server.browser.production.min.js:76:89)

Error occurred prerendering page "/category/sub-categories/car/promptDetails/lavender-garden-reflection". Read more: https://nextjs.org/docs/messages/prerender-error

ReferenceError: imageUrl is not defined
    at D (/home/jay/Desktop/prompt/.next/server/pages/category/sub-categories/[subcategories]/promptDetails/[promptSlug].js:1:4355)
    at /home/jay/Desktop/prompt/.next/server/pages/category/sub-categories/[subcategories]/promptDetails/[promptSlug].js:1:4820
    at Wc (/home/jay/Desktop/prompt/node_modules/react-dom/cjs/react-dom-server.browser.production.min.js:68:44)
    at Zc (/home/jay/Desktop/prompt/node_modules/react-dom/cjs/react-dom-server.browser.production.min.js:70:253)
    at Z (/home/jay/Desktop/prompt/node_modules/react-dom/cjs/react-dom-server.browser.production.min.js:76:89)
    at Zc (/home/jay/Desktop/prompt/node_modules/react-dom/cjs/react-dom-server.browser.production.min.js:70:481)
    at Z (/home/jay/Desktop/prompt/node_modules/react-dom/cjs/react-dom-server.browser.production.min.js:76:89)
    at $c (/home/jay/Desktop/prompt/node_modules/react-dom/cjs/react-dom-server.browser.production.min.js:78:98)
    at Zc (/home/jay/Desktop/prompt/node_modules/react-dom/cjs/react-dom-server.browser.production.min.js:71:145)
    at Z (/home/jay/Desktop/prompt/node_modules/react-dom/cjs/react-dom-server.browser.production.min.js:76:89)
[Build Time] Fetching all categories from: https://admin.promptland.in/api/get_categories
[Build Time] Successfully fetched 29 categories
[Build Time] Fetching prompts for category 9, subcategory none
[Build Time] Successfully fetched 18 prompts for category 9
[Build Time] Fetching all categories from: https://admin.promptland.in/api/get_categories
[Build Time] Successfully fetched 29 categories
[Build Time] Fetching prompts for category 9, subcategory none
[Build Time] Successfully fetched 18 prompts for category 9
[Build Time] Fetching all categories from: https://admin.promptland.in/api/get_categories
[Build Time] Successfully fetched 29 categories
[Build Time] Fetching prompts for category 9, subcategory none
[Build Time] Successfully fetched 18 prompts for category 9
[Build Time] Fetching all categories from: https://admin.promptland.in/api/get_categories
[Build Time] Successfully fetched 29 categories
[Build Time] Fetching prompts for category 16, subcategory none
[Build Time] Successfully fetched 26 prompts for category 16
[Build Time] Fetching all categories from: https://admin.promptland.in/api/get_categories
[Build Time] Successfully fetched 29 categories
[Build Time] Fetching prompts for category 16, subcategory none
[Build Time] Successfully fetched 26 prompts for category 16
ReferenceError: imageUrl is not defined
    at D (/home/jay/Desktop/prompt/.next/server/pages/category/sub-categories/[subcategories]/promptDetails/[promptSlug].js:1:4355)
    at /home/jay/Desktop/prompt/.next/server/pages/category/sub-categories/[subcategories]/promptDetails/[promptSlug].js:1:4820
    at Wc (/home/jay/Desktop/prompt/node_modules/react-dom/cjs/react-dom-server.browser.production.min.js:68:44)
    at Zc (/home/jay/Desktop/prompt/node_modules/react-dom/cjs/react-dom-server.browser.production.min.js:70:253)
    at Z (/home/jay/Desktop/prompt/node_modules/react-dom/cjs/react-dom-server.browser.production.min.js:76:89)
    at Zc (/home/jay/Desktop/prompt/node_modules/react-dom/cjs/react-dom-server.browser.production.min.js:70:481)
    at Z (/home/jay/Desktop/prompt/node_modules/react-dom/cjs/react-dom-server.browser.production.min.js:76:89)
    at $c (/home/jay/Desktop/prompt/node_modules/react-dom/cjs/react-dom-server.browser.production.min.js:78:98)
    at Zc (/home/jay/Desktop/prompt/node_modules/react-dom/cjs/react-dom-server.browser.production.min.js:71:145)
    at Z (/home/jay/Desktop/prompt/node_modules/react-dom/cjs/react-dom-server.browser.production.min.js:76:89)

Error occurred prerendering page "/category/sub-categories/winter-and-snow/promptDetails/winter-gaze-diptych". Read more: https://nextjs.org/docs/messages/prerender-error

ReferenceError: imageUrl is not defined
    at D (/home/jay/Desktop/prompt/.next/server/pages/category/sub-categories/[subcategories]/promptDetails/[promptSlug].js:1:4355)
    at /home/jay/Desktop/prompt/.next/server/pages/category/sub-categories/[subcategories]/promptDetails/[promptSlug].js:1:4820
    at Wc (/home/jay/Desktop/prompt/node_modules/react-dom/cjs/react-dom-server.browser.production.min.js:68:44)
    at Zc (/home/jay/Desktop/prompt/node_modules/react-dom/cjs/react-dom-server.browser.production.min.js:70:253)
    at Z (/home/jay/Desktop/prompt/node_modules/react-dom/cjs/react-dom-server.browser.production.min.js:76:89)
    at Zc (/home/jay/Desktop/prompt/node_modules/react-dom/cjs/react-dom-server.browser.production.min.js:70:481)
    at Z (/home/jay/Desktop/prompt/node_modules/react-dom/cjs/react-dom-server.browser.production.min.js:76:89)
    at $c (/home/jay/Desktop/prompt/node_modules/react-dom/cjs/react-dom-server.browser.production.min.js:78:98)
    at Zc (/home/jay/Desktop/prompt/node_modules/react-dom/cjs/react-dom-server.browser.production.min.js:71:145)
    at Z (/home/jay/Desktop/prompt/node_modules/react-dom/cjs/react-dom-server.browser.production.min.js:76:89)
ReferenceError: imageUrl is not defined
    at D (/home/jay/Desktop/prompt/.next/server/pages/category/sub-categories/[subcategories]/promptDetails/[promptSlug].js:1:4355)
    at /home/jay/Desktop/prompt/.next/server/pages/category/sub-categories/[subcategories]/promptDetails/[promptSlug].js:1:4820
    at Wc (/home/jay/Desktop/prompt/node_modules/react-dom/cjs/react-dom-server.browser.production.min.js:68:44)
    at Zc (/home/jay/Desktop/prompt/node_modules/react-dom/cjs/react-dom-server.browser.production.min.js:70:253)
    at Z (/home/jay/Desktop/prompt/node_modules/react-dom/cjs/react-dom-server.browser.production.min.js:76:89)
    at Zc (/home/jay/Desktop/prompt/node_modules/react-dom/cjs/react-dom-server.browser.production.min.js:70:481)
    at Z (/home/jay/Desktop/prompt/node_modules/react-dom/cjs/react-dom-server.browser.production.min.js:76:89)
    at $c (/home/jay/Desktop/prompt/node_modules/react-dom/cjs/react-dom-server.browser.production.min.js:78:98)
    at Zc (/home/jay/Desktop/prompt/node_modules/react-dom/cjs/react-dom-server.browser.production.min.js:71:145)
    at Z (/home/jay/Desktop/prompt/node_modules/react-dom/cjs/react-dom-server.browser.production.min.js:76:89)

Error occurred prerendering page "/category/sub-categories/car/promptDetails/luxury-maybach-interior-portrait". Read more: https://nextjs.org/docs/messages/prerender-error

ReferenceError: imageUrl is not defined
    at D (/home/jay/Desktop/prompt/.next/server/pages/category/sub-categories/[subcategories]/promptDetails/[promptSlug].js:1:4355)
    at /home/jay/Desktop/prompt/.next/server/pages/category/sub-categories/[subcategories]/promptDetails/[promptSlug].js:1:4820
    at Wc (/home/jay/Desktop/prompt/node_modules/react-dom/cjs/react-dom-server.browser.production.min.js:68:44)
    at Zc (/home/jay/Desktop/prompt/node_modules/react-dom/cjs/react-dom-server.browser.production.min.js:70:253)
    at Z (/home/jay/Desktop/prompt/node_modules/react-dom/cjs/react-dom-server.browser.production.min.js:76:89)
    at Zc (/home/jay/Desktop/prompt/node_modules/react-dom/cjs/react-dom-server.browser.production.min.js:70:481)
    at Z (/home/jay/Desktop/prompt/node_modules/react-dom/cjs/react-dom-server.browser.production.min.js:76:89)
    at $c (/home/jay/Desktop/prompt/node_modules/react-dom/cjs/react-dom-server.browser.production.min.js:78:98)
    at Zc (/home/jay/Desktop/prompt/node_modules/react-dom/cjs/react-dom-server.browser.production.min.js:71:145)
    at Z (/home/jay/Desktop/prompt/node_modules/react-dom/cjs/react-dom-server.browser.production.min.js:76:89)
ReferenceError: imageUrl is not defined
    at D (/home/jay/Desktop/prompt/.next/server/pages/category/sub-categories/[subcategories]/promptDetails/[promptSlug].js:1:4355)
    at /home/jay/Desktop/prompt/.next/server/pages/category/sub-categories/[subcategories]/promptDetails/[promptSlug].js:1:4820
    at Wc (/home/jay/Desktop/prompt/node_modules/react-dom/cjs/react-dom-server.browser.production.min.js:68:44)
    at Zc (/home/jay/Desktop/prompt/node_modules/react-dom/cjs/react-dom-server.browser.production.min.js:70:253)
    at Z (/home/jay/Desktop/prompt/node_modules/react-dom/cjs/react-dom-server.browser.production.min.js:76:89)
    at Zc (/home/jay/Desktop/prompt/node_modules/react-dom/cjs/react-dom-server.browser.production.min.js:70:481)
    at Z (/home/jay/Desktop/prompt/node_modules/react-dom/cjs/react-dom-server.browser.production.min.js:76:89)
    at $c (/home/jay/Desktop/prompt/node_modules/react-dom/cjs/react-dom-server.browser.production.min.js:78:98)
    at Zc (/home/jay/Desktop/prompt/node_modules/react-dom/cjs/react-dom-server.browser.production.min.js:71:145)
    at Z (/home/jay/Desktop/prompt/node_modules/react-dom/cjs/react-dom-server.browser.production.min.js:76:89)

Error occurred prerendering page "/category/sub-categories/car/promptDetails/suv-sunset-fashion-editorial". Read more: https://nextjs.org/docs/messages/prerender-error

ReferenceError: imageUrl is not defined
    at D (/home/jay/Desktop/prompt/.next/server/pages/category/sub-categories/[subcategories]/promptDetails/[promptSlug].js:1:4355)
    at /home/jay/Desktop/prompt/.next/server/pages/category/sub-categories/[subcategories]/promptDetails/[promptSlug].js:1:4820
    at Wc (/home/jay/Desktop/prompt/node_modules/react-dom/cjs/react-dom-server.browser.production.min.js:68:44)
    at Zc (/home/jay/Desktop/prompt/node_modules/react-dom/cjs/react-dom-server.browser.production.min.js:70:253)
    at Z (/home/jay/Desktop/prompt/node_modules/react-dom/cjs/react-dom-server.browser.production.min.js:76:89)
    at Zc (/home/jay/Desktop/prompt/node_modules/react-dom/cjs/react-dom-server.browser.production.min.js:70:481)
    at Z (/home/jay/Desktop/prompt/node_modules/react-dom/cjs/react-dom-server.browser.production.min.js:76:89)
    at $c (/home/jay/Desktop/prompt/node_modules/react-dom/cjs/react-dom-server.browser.production.min.js:78:98)
    at Zc (/home/jay/Desktop/prompt/node_modules/react-dom/cjs/react-dom-server.browser.production.min.js:71:145)
    at Z (/home/jay/Desktop/prompt/node_modules/react-dom/cjs/react-dom-server.browser.production.min.js:76:89)
ReferenceError: imageUrl is not defined
    at D (/home/jay/Desktop/prompt/.next/server/pages/category/sub-categories/[subcategories]/promptDetails/[promptSlug].js:1:4355)
    at /home/jay/Desktop/prompt/.next/server/pages/category/sub-categories/[subcategories]/promptDetails/[promptSlug].js:1:4820
    at Wc (/home/jay/Desktop/prompt/node_modules/react-dom/cjs/react-dom-server.browser.production.min.js:68:44)
    at Zc (/home/jay/Desktop/prompt/node_modules/react-dom/cjs/react-dom-server.browser.production.min.js:70:253)
    at Z (/home/jay/Desktop/prompt/node_modules/react-dom/cjs/react-dom-server.browser.production.min.js:76:89)
    at Zc (/home/jay/Desktop/prompt/node_modules/react-dom/cjs/react-dom-server.browser.production.min.js:70:481)
    at Z (/home/jay/Desktop/prompt/node_modules/react-dom/cjs/react-dom-server.browser.production.min.js:76:89)
    at $c (/home/jay/Desktop/prompt/node_modules/react-dom/cjs/react-dom-server.browser.production.min.js:78:98)
    at Zc (/home/jay/Desktop/prompt/node_modules/react-dom/cjs/react-dom-server.browser.production.min.js:71:145)
    at Z (/home/jay/Desktop/prompt/node_modules/react-dom/cjs/react-dom-server.browser.production.min.js:76:89)

Error occurred prerendering page "/category/sub-categories/car/promptDetails/night-scene-with-black-thar". Read more: https://nextjs.org/docs/messages/prerender-error

ReferenceError: imageUrl is not defined
    at D (/home/jay/Desktop/prompt/.next/server/pages/category/sub-categories/[subcategories]/promptDetails/[promptSlug].js:1:4355)
    at /home/jay/Desktop/prompt/.next/server/pages/category/sub-categories/[subcategories]/promptDetails/[promptSlug].js:1:4820
    at Wc (/home/jay/Desktop/prompt/node_modules/react-dom/cjs/react-dom-server.browser.production.min.js:68:44)
    at Zc (/home/jay/Desktop/prompt/node_modules/react-dom/cjs/react-dom-server.browser.production.min.js:70:253)
    at Z (/home/jay/Desktop/prompt/node_modules/react-dom/cjs/react-dom-server.browser.production.min.js:76:89)
    at Zc (/home/jay/Desktop/prompt/node_modules/react-dom/cjs/react-dom-server.browser.production.min.js:70:481)
    at Z (/home/jay/Desktop/prompt/node_modules/react-dom/cjs/react-dom-server.browser.production.min.js:76:89)
    at $c (/home/jay/Desktop/prompt/node_modules/react-dom/cjs/react-dom-server.browser.production.min.js:78:98)
    at Zc (/home/jay/Desktop/prompt/node_modules/react-dom/cjs/react-dom-server.browser.production.min.js:71:145)
    at Z (/home/jay/Desktop/prompt/node_modules/react-dom/cjs/react-dom-server.browser.production.min.js:76:89)
ReferenceError: imageUrl is not defined
    at D (/home/jay/Desktop/prompt/.next/server/pages/category/sub-categories/[subcategories]/promptDetails/[promptSlug].js:1:4355)
    at /home/jay/Desktop/prompt/.next/server/pages/category/sub-categories/[subcategories]/promptDetails/[promptSlug].js:1:4820
    at Wc (/home/jay/Desktop/prompt/node_modules/react-dom/cjs/react-dom-server.browser.production.min.js:68:44)
    at Zc (/home/jay/Desktop/prompt/node_modules/react-dom/cjs/react-dom-server.browser.production.min.js:70:253)
    at Z (/home/jay/Desktop/prompt/node_modules/react-dom/cjs/react-dom-server.browser.production.min.js:76:89)
    at Zc (/home/jay/Desktop/prompt/node_modules/react-dom/cjs/react-dom-server.browser.production.min.js:70:481)
    at Z (/home/jay/Desktop/prompt/node_modules/react-dom/cjs/react-dom-server.browser.production.min.js:76:89)
    at $c (/home/jay/Desktop/prompt/node_modules/react-dom/cjs/react-dom-server.browser.production.min.js:78:98)
    at Zc (/home/jay/Desktop/prompt/node_modules/react-dom/cjs/react-dom-server.browser.production.min.js:71:145)
    at Z (/home/jay/Desktop/prompt/node_modules/react-dom/cjs/react-dom-server.browser.production.min.js:76:89)

Error occurred prerendering page "/category/sub-categories/winter-and-snow/promptDetails/white-winter-serenity". Read more: https://nextjs.org/docs/messages/prerender-error

ReferenceError: imageUrl is not defined
    at D (/home/jay/Desktop/prompt/.next/server/pages/category/sub-categories/[subcategories]/promptDetails/[promptSlug].js:1:4355)
    at /home/jay/Desktop/prompt/.next/server/pages/category/sub-categories/[subcategories]/promptDetails/[promptSlug].js:1:4820
    at Wc (/home/jay/Desktop/prompt/node_modules/react-dom/cjs/react-dom-server.browser.production.min.js:68:44)
    at Zc (/home/jay/Desktop/prompt/node_modules/react-dom/cjs/react-dom-server.browser.production.min.js:70:253)
    at Z (/home/jay/Desktop/prompt/node_modules/react-dom/cjs/react-dom-server.browser.production.min.js:76:89)
    at Zc (/home/jay/Desktop/prompt/node_modules/react-dom/cjs/react-dom-server.browser.production.min.js:70:481)
    at Z (/home/jay/Desktop/prompt/node_modules/react-dom/cjs/react-dom-server.browser.production.min.js:76:89)
    at $c (/home/jay/Desktop/prompt/node_modules/react-dom/cjs/react-dom-server.browser.production.min.js:78:98)
    at Zc (/home/jay/Desktop/prompt/node_modules/react-dom/cjs/react-dom-server.browser.production.min.js:71:145)
    at Z (/home/jay/Desktop/prompt/node_modules/react-dom/cjs/react-dom-server.browser.production.min.js:76:89)
[Build Time] Fetching all categories from: https://admin.promptland.in/api/get_categories
[Build Time] Successfully fetched 29 categories
[Build Time] Fetching prompts for category 16, subcategory none
[Build Time] Successfully fetched 26 prompts for category 16
[Build Time] Fetching all categories from: https://admin.promptland.in/api/get_categories
[Build Time] Successfully fetched 29 categories
[Build Time] Fetching prompts for category 16, subcategory none
[Build Time] Successfully fetched 26 prompts for category 16
[Build Time] Fetching all categories from: https://admin.promptland.in/api/get_categories
[Build Time] Successfully fetched 29 categories
[Build Time] Fetching prompts for category 16, subcategory none
[Build Time] Successfully fetched 26 prompts for category 16
[Build Time] Fetching all categories from: https://admin.promptland.in/api/get_categories
[Build Time] Successfully fetched 29 categories
[Build Time] Fetching prompts for category 16, subcategory none
[Build Time] Successfully fetched 26 prompts for category 16
[Build Time] Fetching all categories from: https://admin.promptland.in/api/get_categories
[Build Time] Successfully fetched 29 categories
[Build Time] Fetching prompts for category 16, subcategory none
[Build Time] Successfully fetched 26 prompts for category 16
[Build Time] Fetching all categories from: https://admin.promptland.in/api/get_categories
[Build Time] Successfully fetched 29 categories
[Build Time] Fetching prompts for category 16, subcategory none
[Build Time] Successfully fetched 26 prompts for category 16
[Build Time] Fetching all categories from: https://admin.promptland.in/api/get_categories
[Build Time] Successfully fetched 29 categories
[Build Time] Fetching prompts for category 16, subcategory none
[Build Time] Successfully fetched 26 prompts for category 16
ReferenceError: imageUrl is not defined
    at D (/home/jay/Desktop/prompt/.next/server/pages/category/sub-categories/[subcategories]/promptDetails/[promptSlug].js:1:4355)
    at /home/jay/Desktop/prompt/.next/server/pages/category/sub-categories/[subcategories]/promptDetails/[promptSlug].js:1:4820
    at Wc (/home/jay/Desktop/prompt/node_modules/react-dom/cjs/react-dom-server.browser.production.min.js:68:44)
    at Zc (/home/jay/Desktop/prompt/node_modules/react-dom/cjs/react-dom-server.browser.production.min.js:70:253)
    at Z (/home/jay/Desktop/prompt/node_modules/react-dom/cjs/react-dom-server.browser.production.min.js:76:89)
    at Zc (/home/jay/Desktop/prompt/node_modules/react-dom/cjs/react-dom-server.browser.production.min.js:70:481)
    at Z (/home/jay/Desktop/prompt/node_modules/react-dom/cjs/react-dom-server.browser.production.min.js:76:89)
    at $c (/home/jay/Desktop/prompt/node_modules/react-dom/cjs/react-dom-server.browser.production.min.js:78:98)
    at Zc (/home/jay/Desktop/prompt/node_modules/react-dom/cjs/react-dom-server.browser.production.min.js:71:145)
    at Z (/home/jay/Desktop/prompt/node_modules/react-dom/cjs/react-dom-server.browser.production.min.js:76:89)

Error occurred prerendering page "/category/sub-categories/winter-and-snow/promptDetails/arctic-fur-triptych". Read more: https://nextjs.org/docs/messages/prerender-error

ReferenceError: imageUrl is not defined
    at D (/home/jay/Desktop/prompt/.next/server/pages/category/sub-categories/[subcategories]/promptDetails/[promptSlug].js:1:4355)
    at /home/jay/Desktop/prompt/.next/server/pages/category/sub-categories/[subcategories]/promptDetails/[promptSlug].js:1:4820
    at Wc (/home/jay/Desktop/prompt/node_modules/react-dom/cjs/react-dom-server.browser.production.min.js:68:44)
    at Zc (/home/jay/Desktop/prompt/node_modules/react-dom/cjs/react-dom-server.browser.production.min.js:70:253)
    at Z (/home/jay/Desktop/prompt/node_modules/react-dom/cjs/react-dom-server.browser.production.min.js:76:89)
    at Zc (/home/jay/Desktop/prompt/node_modules/react-dom/cjs/react-dom-server.browser.production.min.js:70:481)
    at Z (/home/jay/Desktop/prompt/node_modules/react-dom/cjs/react-dom-server.browser.production.min.js:76:89)
    at $c (/home/jay/Desktop/prompt/node_modules/react-dom/cjs/react-dom-server.browser.production.min.js:78:98)
    at Zc (/home/jay/Desktop/prompt/node_modules/react-dom/cjs/react-dom-server.browser.production.min.js:71:145)
    at Z (/home/jay/Desktop/prompt/node_modules/react-dom/cjs/react-dom-server.browser.production.min.js:76:89)
ReferenceError: imageUrl is not defined
    at D (/home/jay/Desktop/prompt/.next/server/pages/category/sub-categories/[subcategories]/promptDetails/[promptSlug].js:1:4355)
    at /home/jay/Desktop/prompt/.next/server/pages/category/sub-categories/[subcategories]/promptDetails/[promptSlug].js:1:4820
    at Wc (/home/jay/Desktop/prompt/node_modules/react-dom/cjs/react-dom-server.browser.production.min.js:68:44)
    at Zc (/home/jay/Desktop/prompt/node_modules/react-dom/cjs/react-dom-server.browser.production.min.js:70:253)
    at Z (/home/jay/Desktop/prompt/node_modules/react-dom/cjs/react-dom-server.browser.production.min.js:76:89)
    at Zc (/home/jay/Desktop/prompt/node_modules/react-dom/cjs/react-dom-server.browser.production.min.js:70:481)
    at Z (/home/jay/Desktop/prompt/node_modules/react-dom/cjs/react-dom-server.browser.production.min.js:76:89)
    at $c (/home/jay/Desktop/prompt/node_modules/react-dom/cjs/react-dom-server.browser.production.min.js:78:98)
    at Zc (/home/jay/Desktop/prompt/node_modules/react-dom/cjs/react-dom-server.browser.production.min.js:71:145)
    at Z (/home/jay/Desktop/prompt/node_modules/react-dom/cjs/react-dom-server.browser.production.min.js:76:89)

Error occurred prerendering page "/category/sub-categories/winter-and-snow/promptDetails/serene-winter-magic-composite". Read more: https://nextjs.org/docs/messages/prerender-error

ReferenceError: imageUrl is not defined
    at D (/home/jay/Desktop/prompt/.next/server/pages/category/sub-categories/[subcategories]/promptDetails/[promptSlug].js:1:4355)
    at /home/jay/Desktop/prompt/.next/server/pages/category/sub-categories/[subcategories]/promptDetails/[promptSlug].js:1:4820
    at Wc (/home/jay/Desktop/prompt/node_modules/react-dom/cjs/react-dom-server.browser.production.min.js:68:44)
    at Zc (/home/jay/Desktop/prompt/node_modules/react-dom/cjs/react-dom-server.browser.production.min.js:70:253)
    at Z (/home/jay/Desktop/prompt/node_modules/react-dom/cjs/react-dom-server.browser.production.min.js:76:89)
    at Zc (/home/jay/Desktop/prompt/node_modules/react-dom/cjs/react-dom-server.browser.production.min.js:70:481)
    at Z (/home/jay/Desktop/prompt/node_modules/react-dom/cjs/react-dom-server.browser.production.min.js:76:89)
    at $c (/home/jay/Desktop/prompt/node_modules/react-dom/cjs/react-dom-server.browser.production.min.js:78:98)
    at Zc (/home/jay/Desktop/prompt/node_modules/react-dom/cjs/react-dom-server.browser.production.min.js:71:145)
    at Z (/home/jay/Desktop/prompt/node_modules/react-dom/cjs/react-dom-server.browser.production.min.js:76:89)
ReferenceError: imageUrl is not defined
    at D (/home/jay/Desktop/prompt/.next/server/pages/category/sub-categories/[subcategories]/promptDetails/[promptSlug].js:1:4355)
    at /home/jay/Desktop/prompt/.next/server/pages/category/sub-categories/[subcategories]/promptDetails/[promptSlug].js:1:4820
    at Wc (/home/jay/Desktop/prompt/node_modules/react-dom/cjs/react-dom-server.browser.production.min.js:68:44)
    at Zc (/home/jay/Desktop/prompt/node_modules/react-dom/cjs/react-dom-server.browser.production.min.js:70:253)
    at Z (/home/jay/Desktop/prompt/node_modules/react-dom/cjs/react-dom-server.browser.production.min.js:76:89)
    at Zc (/home/jay/Desktop/prompt/node_modules/react-dom/cjs/react-dom-server.browser.production.min.js:70:481)
    at Z (/home/jay/Desktop/prompt/node_modules/react-dom/cjs/react-dom-server.browser.production.min.js:76:89)
    at $c (/home/jay/Desktop/prompt/node_modules/react-dom/cjs/react-dom-server.browser.production.min.js:78:98)
    at Zc (/home/jay/Desktop/prompt/node_modules/react-dom/cjs/react-dom-server.browser.production.min.js:71:145)
    at Z (/home/jay/Desktop/prompt/node_modules/react-dom/cjs/react-dom-server.browser.production.min.js:76:89)

Error occurred prerendering page "/category/sub-categories/winter-and-snow/promptDetails/korean-drama-snowfall-variation-vertical-two-panel". Read more: https://nextjs.org/docs/messages/prerender-error

ReferenceError: imageUrl is not defined
    at D (/home/jay/Desktop/prompt/.next/server/pages/category/sub-categories/[subcategories]/promptDetails/[promptSlug].js:1:4355)
    at /home/jay/Desktop/prompt/.next/server/pages/category/sub-categories/[subcategories]/promptDetails/[promptSlug].js:1:4820
    at Wc (/home/jay/Desktop/prompt/node_modules/react-dom/cjs/react-dom-server.browser.production.min.js:68:44)
    at Zc (/home/jay/Desktop/prompt/node_modules/react-dom/cjs/react-dom-server.browser.production.min.js:70:253)
    at Z (/home/jay/Desktop/prompt/node_modules/react-dom/cjs/react-dom-server.browser.production.min.js:76:89)
    at Zc (/home/jay/Desktop/prompt/node_modules/react-dom/cjs/react-dom-server.browser.production.min.js:70:481)
    at Z (/home/jay/Desktop/prompt/node_modules/react-dom/cjs/react-dom-server.browser.production.min.js:76:89)
    at $c (/home/jay/Desktop/prompt/node_modules/react-dom/cjs/react-dom-server.browser.production.min.js:78:98)
    at Zc (/home/jay/Desktop/prompt/node_modules/react-dom/cjs/react-dom-server.browser.production.min.js:71:145)
    at Z (/home/jay/Desktop/prompt/node_modules/react-dom/cjs/react-dom-server.browser.production.min.js:76:89)
ReferenceError: imageUrl is not defined
    at D (/home/jay/Desktop/prompt/.next/server/pages/category/sub-categories/[subcategories]/promptDetails/[promptSlug].js:1:4355)
    at /home/jay/Desktop/prompt/.next/server/pages/category/sub-categories/[subcategories]/promptDetails/[promptSlug].js:1:4820
    at Wc (/home/jay/Desktop/prompt/node_modules/react-dom/cjs/react-dom-server.browser.production.min.js:68:44)
    at Zc (/home/jay/Desktop/prompt/node_modules/react-dom/cjs/react-dom-server.browser.production.min.js:70:253)
    at Z (/home/jay/Desktop/prompt/node_modules/react-dom/cjs/react-dom-server.browser.production.min.js:76:89)
    at Zc (/home/jay/Desktop/prompt/node_modules/react-dom/cjs/react-dom-server.browser.production.min.js:70:481)
    at Z (/home/jay/Desktop/prompt/node_modules/react-dom/cjs/react-dom-server.browser.production.min.js:76:89)
    at $c (/home/jay/Desktop/prompt/node_modules/react-dom/cjs/react-dom-server.browser.production.min.js:78:98)
    at Zc (/home/jay/Desktop/prompt/node_modules/react-dom/cjs/react-dom-server.browser.production.min.js:71:145)
    at Z (/home/jay/Desktop/prompt/node_modules/react-dom/cjs/react-dom-server.browser.production.min.js:76:89)

Error occurred prerendering page "/category/sub-categories/winter-and-snow/promptDetails/korean-drama-snowfall-triptych-vertical-three-panel". Read more: https://nextjs.org/docs/messages/prerender-error

ReferenceError: imageUrl is not defined
    at D (/home/jay/Desktop/prompt/.next/server/pages/category/sub-categories/[subcategories]/promptDetails/[promptSlug].js:1:4355)
    at /home/jay/Desktop/prompt/.next/server/pages/category/sub-categories/[subcategories]/promptDetails/[promptSlug].js:1:4820
    at Wc (/home/jay/Desktop/prompt/node_modules/react-dom/cjs/react-dom-server.browser.production.min.js:68:44)
    at Zc (/home/jay/Desktop/prompt/node_modules/react-dom/cjs/react-dom-server.browser.production.min.js:70:253)
    at Z (/home/jay/Desktop/prompt/node_modules/react-dom/cjs/react-dom-server.browser.production.min.js:76:89)
    at Zc (/home/jay/Desktop/prompt/node_modules/react-dom/cjs/react-dom-server.browser.production.min.js:70:481)
    at Z (/home/jay/Desktop/prompt/node_modules/react-dom/cjs/react-dom-server.browser.production.min.js:76:89)
    at $c (/home/jay/Desktop/prompt/node_modules/react-dom/cjs/react-dom-server.browser.production.min.js:78:98)
    at Zc (/home/jay/Desktop/prompt/node_modules/react-dom/cjs/react-dom-server.browser.production.min.js:71:145)
    at Z (/home/jay/Desktop/prompt/node_modules/react-dom/cjs/react-dom-server.browser.production.min.js:76:89)
ReferenceError: imageUrl is not defined
    at D (/home/jay/Desktop/prompt/.next/server/pages/category/sub-categories/[subcategories]/promptDetails/[promptSlug].js:1:4355)
    at /home/jay/Desktop/prompt/.next/server/pages/category/sub-categories/[subcategories]/promptDetails/[promptSlug].js:1:4820
    at Wc (/home/jay/Desktop/prompt/node_modules/react-dom/cjs/react-dom-server.browser.production.min.js:68:44)
    at Zc (/home/jay/Desktop/prompt/node_modules/react-dom/cjs/react-dom-server.browser.production.min.js:70:253)
    at Z (/home/jay/Desktop/prompt/node_modules/react-dom/cjs/react-dom-server.browser.production.min.js:76:89)
    at Zc (/home/jay/Desktop/prompt/node_modules/react-dom/cjs/react-dom-server.browser.production.min.js:70:481)
    at Z (/home/jay/Desktop/prompt/node_modules/react-dom/cjs/react-dom-server.browser.production.min.js:76:89)
    at $c (/home/jay/Desktop/prompt/node_modules/react-dom/cjs/react-dom-server.browser.production.min.js:78:98)
    at Zc (/home/jay/Desktop/prompt/node_modules/react-dom/cjs/react-dom-server.browser.production.min.js:71:145)
    at Z (/home/jay/Desktop/prompt/node_modules/react-dom/cjs/react-dom-server.browser.production.min.js:76:89)

Error occurred prerendering page "/category/sub-categories/winter-and-snow/promptDetails/winter-chic-in-the-snow". Read more: https://nextjs.org/docs/messages/prerender-error

ReferenceError: imageUrl is not defined
    at D (/home/jay/Desktop/prompt/.next/server/pages/category/sub-categories/[subcategories]/promptDetails/[promptSlug].js:1:4355)
    at /home/jay/Desktop/prompt/.next/server/pages/category/sub-categories/[subcategories]/promptDetails/[promptSlug].js:1:4820
    at Wc (/home/jay/Desktop/prompt/node_modules/react-dom/cjs/react-dom-server.browser.production.min.js:68:44)
    at Zc (/home/jay/Desktop/prompt/node_modules/react-dom/cjs/react-dom-server.browser.production.min.js:70:253)
    at Z (/home/jay/Desktop/prompt/node_modules/react-dom/cjs/react-dom-server.browser.production.min.js:76:89)
    at Zc (/home/jay/Desktop/prompt/node_modules/react-dom/cjs/react-dom-server.browser.production.min.js:70:481)
    at Z (/home/jay/Desktop/prompt/node_modules/react-dom/cjs/react-dom-server.browser.production.min.js:76:89)
    at $c (/home/jay/Desktop/prompt/node_modules/react-dom/cjs/react-dom-server.browser.production.min.js:78:98)
    at Zc (/home/jay/Desktop/prompt/node_modules/react-dom/cjs/react-dom-server.browser.production.min.js:71:145)
    at Z (/home/jay/Desktop/prompt/node_modules/react-dom/cjs/react-dom-server.browser.production.min.js:76:89)
ReferenceError: imageUrl is not defined
    at D (/home/jay/Desktop/prompt/.next/server/pages/category/sub-categories/[subcategories]/promptDetails/[promptSlug].js:1:4355)
    at /home/jay/Desktop/prompt/.next/server/pages/category/sub-categories/[subcategories]/promptDetails/[promptSlug].js:1:4820
    at Wc (/home/jay/Desktop/prompt/node_modules/react-dom/cjs/react-dom-server.browser.production.min.js:68:44)
    at Zc (/home/jay/Desktop/prompt/node_modules/react-dom/cjs/react-dom-server.browser.production.min.js:70:253)
    at Z (/home/jay/Desktop/prompt/node_modules/react-dom/cjs/react-dom-server.browser.production.min.js:76:89)
    at Zc (/home/jay/Desktop/prompt/node_modules/react-dom/cjs/react-dom-server.browser.production.min.js:70:481)
    at Z (/home/jay/Desktop/prompt/node_modules/react-dom/cjs/react-dom-server.browser.production.min.js:76:89)
    at $c (/home/jay/Desktop/prompt/node_modules/react-dom/cjs/react-dom-server.browser.production.min.js:78:98)
    at Zc (/home/jay/Desktop/prompt/node_modules/react-dom/cjs/react-dom-server.browser.production.min.js:71:145)
    at Z (/home/jay/Desktop/prompt/node_modules/react-dom/cjs/react-dom-server.browser.production.min.js:76:89)

Error occurred prerendering page "/category/sub-categories/winter-and-snow/promptDetails/rooftop-metropolis-dusk-portrait". Read more: https://nextjs.org/docs/messages/prerender-error

ReferenceError: imageUrl is not defined
    at D (/home/jay/Desktop/prompt/.next/server/pages/category/sub-categories/[subcategories]/promptDetails/[promptSlug].js:1:4355)
    at /home/jay/Desktop/prompt/.next/server/pages/category/sub-categories/[subcategories]/promptDetails/[promptSlug].js:1:4820
    at Wc (/home/jay/Desktop/prompt/node_modules/react-dom/cjs/react-dom-server.browser.production.min.js:68:44)
    at Zc (/home/jay/Desktop/prompt/node_modules/react-dom/cjs/react-dom-server.browser.production.min.js:70:253)
    at Z (/home/jay/Desktop/prompt/node_modules/react-dom/cjs/react-dom-server.browser.production.min.js:76:89)
    at Zc (/home/jay/Desktop/prompt/node_modules/react-dom/cjs/react-dom-server.browser.production.min.js:70:481)
    at Z (/home/jay/Desktop/prompt/node_modules/react-dom/cjs/react-dom-server.browser.production.min.js:76:89)
    at $c (/home/jay/Desktop/prompt/node_modules/react-dom/cjs/react-dom-server.browser.production.min.js:78:98)
    at Zc (/home/jay/Desktop/prompt/node_modules/react-dom/cjs/react-dom-server.browser.production.min.js:71:145)
    at Z (/home/jay/Desktop/prompt/node_modules/react-dom/cjs/react-dom-server.browser.production.min.js:76:89)
ReferenceError: imageUrl is not defined
    at D (/home/jay/Desktop/prompt/.next/server/pages/category/sub-categories/[subcategories]/promptDetails/[promptSlug].js:1:4355)
    at /home/jay/Desktop/prompt/.next/server/pages/category/sub-categories/[subcategories]/promptDetails/[promptSlug].js:1:4820
    at Wc (/home/jay/Desktop/prompt/node_modules/react-dom/cjs/react-dom-server.browser.production.min.js:68:44)
    at Zc (/home/jay/Desktop/prompt/node_modules/react-dom/cjs/react-dom-server.browser.production.min.js:70:253)
    at Z (/home/jay/Desktop/prompt/node_modules/react-dom/cjs/react-dom-server.browser.production.min.js:76:89)
    at Zc (/home/jay/Desktop/prompt/node_modules/react-dom/cjs/react-dom-server.browser.production.min.js:70:481)
    at Z (/home/jay/Desktop/prompt/node_modules/react-dom/cjs/react-dom-server.browser.production.min.js:76:89)
    at $c (/home/jay/Desktop/prompt/node_modules/react-dom/cjs/react-dom-server.browser.production.min.js:78:98)
    at Zc (/home/jay/Desktop/prompt/node_modules/react-dom/cjs/react-dom-server.browser.production.min.js:71:145)
    at Z (/home/jay/Desktop/prompt/node_modules/react-dom/cjs/react-dom-server.browser.production.min.js:76:89)

Error occurred prerendering page "/category/sub-categories/winter-and-snow/promptDetails/cute-winter-portrait-with-flowers". Read more: https://nextjs.org/docs/messages/prerender-error

ReferenceError: imageUrl is not defined
    at D (/home/jay/Desktop/prompt/.next/server/pages/category/sub-categories/[subcategories]/promptDetails/[promptSlug].js:1:4355)
    at /home/jay/Desktop/prompt/.next/server/pages/category/sub-categories/[subcategories]/promptDetails/[promptSlug].js:1:4820
    at Wc (/home/jay/Desktop/prompt/node_modules/react-dom/cjs/react-dom-server.browser.production.min.js:68:44)
    at Zc (/home/jay/Desktop/prompt/node_modules/react-dom/cjs/react-dom-server.browser.production.min.js:70:253)
    at Z (/home/jay/Desktop/prompt/node_modules/react-dom/cjs/react-dom-server.browser.production.min.js:76:89)
    at Zc (/home/jay/Desktop/prompt/node_modules/react-dom/cjs/react-dom-server.browser.production.min.js:70:481)
    at Z (/home/jay/Desktop/prompt/node_modules/react-dom/cjs/react-dom-server.browser.production.min.js:76:89)
    at $c (/home/jay/Desktop/prompt/node_modules/react-dom/cjs/react-dom-server.browser.production.min.js:78:98)
    at Zc (/home/jay/Desktop/prompt/node_modules/react-dom/cjs/react-dom-server.browser.production.min.js:71:145)
    at Z (/home/jay/Desktop/prompt/node_modules/react-dom/cjs/react-dom-server.browser.production.min.js:76:89)
[Build Time] Fetching all categories from: https://admin.promptland.in/api/get_categories
[Build Time] Successfully fetched 29 categories
[Build Time] Fetching prompts for category 16, subcategory none
[Build Time] Successfully fetched 26 prompts for category 16
[Build Time] Fetching all categories from: https://admin.promptland.in/api/get_categories
[Build Time] Successfully fetched 29 categories
[Build Time] Fetching prompts for category 16, subcategory none
[Build Time] Successfully fetched 26 prompts for category 16
[Build Time] Fetching all categories from: https://admin.promptland.in/api/get_categories
[Build Time] Successfully fetched 29 categories
[Build Time] Fetching prompts for category 16, subcategory none
[Build Time] Successfully fetched 26 prompts for category 16
[Build Time] Fetching all categories from: https://admin.promptland.in/api/get_categories
[Build Time] Successfully fetched 29 categories
[Build Time] Fetching prompts for category 16, subcategory none
[Build Time] Successfully fetched 26 prompts for category 16
[Build Time] Fetching all categories from: https://admin.promptland.in/api/get_categories
[Build Time] Successfully fetched 29 categories
[Build Time] Fetching prompts for category 16, subcategory none
[Build Time] Successfully fetched 26 prompts for category 16
[Build Time] Fetching all categories from: https://admin.promptland.in/api/get_categories
[Build Time] Successfully fetched 29 categories
[Build Time] Fetching prompts for category 16, subcategory none
[Build Time] Successfully fetched 26 prompts for category 16
[Build Time] Fetching all categories from: https://admin.promptland.in/api/get_categories
[Build Time] Successfully fetched 29 categories
[Build Time] Fetching prompts for category 16, subcategory none
[Build Time] Successfully fetched 26 prompts for category 16
ReferenceError: imageUrl is not defined
    at D (/home/jay/Desktop/prompt/.next/server/pages/category/sub-categories/[subcategories]/promptDetails/[promptSlug].js:1:4355)
    at /home/jay/Desktop/prompt/.next/server/pages/category/sub-categories/[subcategories]/promptDetails/[promptSlug].js:1:4820
    at Wc (/home/jay/Desktop/prompt/node_modules/react-dom/cjs/react-dom-server.browser.production.min.js:68:44)
    at Zc (/home/jay/Desktop/prompt/node_modules/react-dom/cjs/react-dom-server.browser.production.min.js:70:253)
    at Z (/home/jay/Desktop/prompt/node_modules/react-dom/cjs/react-dom-server.browser.production.min.js:76:89)
    at Zc (/home/jay/Desktop/prompt/node_modules/react-dom/cjs/react-dom-server.browser.production.min.js:70:481)
    at Z (/home/jay/Desktop/prompt/node_modules/react-dom/cjs/react-dom-server.browser.production.min.js:76:89)
    at $c (/home/jay/Desktop/prompt/node_modules/react-dom/cjs/react-dom-server.browser.production.min.js:78:98)
    at Zc (/home/jay/Desktop/prompt/node_modules/react-dom/cjs/react-dom-server.browser.production.min.js:71:145)
    at Z (/home/jay/Desktop/prompt/node_modules/react-dom/cjs/react-dom-server.browser.production.min.js:76:89)

Error occurred prerendering page "/category/sub-categories/winter-and-snow/promptDetails/dreamy-winter-fashion-moment". Read more: https://nextjs.org/docs/messages/prerender-error

ReferenceError: imageUrl is not defined
    at D (/home/jay/Desktop/prompt/.next/server/pages/category/sub-categories/[subcategories]/promptDetails/[promptSlug].js:1:4355)
    at /home/jay/Desktop/prompt/.next/server/pages/category/sub-categories/[subcategories]/promptDetails/[promptSlug].js:1:4820
    at Wc (/home/jay/Desktop/prompt/node_modules/react-dom/cjs/react-dom-server.browser.production.min.js:68:44)
    at Zc (/home/jay/Desktop/prompt/node_modules/react-dom/cjs/react-dom-server.browser.production.min.js:70:253)
    at Z (/home/jay/Desktop/prompt/node_modules/react-dom/cjs/react-dom-server.browser.production.min.js:76:89)
    at Zc (/home/jay/Desktop/prompt/node_modules/react-dom/cjs/react-dom-server.browser.production.min.js:70:481)
    at Z (/home/jay/Desktop/prompt/node_modules/react-dom/cjs/react-dom-server.browser.production.min.js:76:89)
    at $c (/home/jay/Desktop/prompt/node_modules/react-dom/cjs/react-dom-server.browser.production.min.js:78:98)
    at Zc (/home/jay/Desktop/prompt/node_modules/react-dom/cjs/react-dom-server.browser.production.min.js:71:145)
    at Z (/home/jay/Desktop/prompt/node_modules/react-dom/cjs/react-dom-server.browser.production.min.js:76:89)
ReferenceError: imageUrl is not defined
    at D (/home/jay/Desktop/prompt/.next/server/pages/category/sub-categories/[subcategories]/promptDetails/[promptSlug].js:1:4355)
    at /home/jay/Desktop/prompt/.next/server/pages/category/sub-categories/[subcategories]/promptDetails/[promptSlug].js:1:4820
    at Wc (/home/jay/Desktop/prompt/node_modules/react-dom/cjs/react-dom-server.browser.production.min.js:68:44)
    at Zc (/home/jay/Desktop/prompt/node_modules/react-dom/cjs/react-dom-server.browser.production.min.js:70:253)
    at Z (/home/jay/Desktop/prompt/node_modules/react-dom/cjs/react-dom-server.browser.production.min.js:76:89)
    at Zc (/home/jay/Desktop/prompt/node_modules/react-dom/cjs/react-dom-server.browser.production.min.js:70:481)
    at Z (/home/jay/Desktop/prompt/node_modules/react-dom/cjs/react-dom-server.browser.production.min.js:76:89)
    at $c (/home/jay/Desktop/prompt/node_modules/react-dom/cjs/react-dom-server.browser.production.min.js:78:98)
    at Zc (/home/jay/Desktop/prompt/node_modules/react-dom/cjs/react-dom-server.browser.production.min.js:71:145)
    at Z (/home/jay/Desktop/prompt/node_modules/react-dom/cjs/react-dom-server.browser.production.min.js:76:89)

Error occurred prerendering page "/category/sub-categories/winter-and-snow/promptDetails/cozy-winter-portrait-prompt". Read more: https://nextjs.org/docs/messages/prerender-error

ReferenceError: imageUrl is not defined
    at D (/home/jay/Desktop/prompt/.next/server/pages/category/sub-categories/[subcategories]/promptDetails/[promptSlug].js:1:4355)
    at /home/jay/Desktop/prompt/.next/server/pages/category/sub-categories/[subcategories]/promptDetails/[promptSlug].js:1:4820
    at Wc (/home/jay/Desktop/prompt/node_modules/react-dom/cjs/react-dom-server.browser.production.min.js:68:44)
    at Zc (/home/jay/Desktop/prompt/node_modules/react-dom/cjs/react-dom-server.browser.production.min.js:70:253)
    at Z (/home/jay/Desktop/prompt/node_modules/react-dom/cjs/react-dom-server.browser.production.min.js:76:89)
    at Zc (/home/jay/Desktop/prompt/node_modules/react-dom/cjs/react-dom-server.browser.production.min.js:70:481)
    at Z (/home/jay/Desktop/prompt/node_modules/react-dom/cjs/react-dom-server.browser.production.min.js:76:89)
    at $c (/home/jay/Desktop/prompt/node_modules/react-dom/cjs/react-dom-server.browser.production.min.js:78:98)
    at Zc (/home/jay/Desktop/prompt/node_modules/react-dom/cjs/react-dom-server.browser.production.min.js:71:145)
    at Z (/home/jay/Desktop/prompt/node_modules/react-dom/cjs/react-dom-server.browser.production.min.js:76:89)
ReferenceError: imageUrl is not defined
    at D (/home/jay/Desktop/prompt/.next/server/pages/category/sub-categories/[subcategories]/promptDetails/[promptSlug].js:1:4355)
    at /home/jay/Desktop/prompt/.next/server/pages/category/sub-categories/[subcategories]/promptDetails/[promptSlug].js:1:4820
    at Wc (/home/jay/Desktop/prompt/node_modules/react-dom/cjs/react-dom-server.browser.production.min.js:68:44)
    at Zc (/home/jay/Desktop/prompt/node_modules/react-dom/cjs/react-dom-server.browser.production.min.js:70:253)
    at Z (/home/jay/Desktop/prompt/node_modules/react-dom/cjs/react-dom-server.browser.production.min.js:76:89)
    at Zc (/home/jay/Desktop/prompt/node_modules/react-dom/cjs/react-dom-server.browser.production.min.js:70:481)
    at Z (/home/jay/Desktop/prompt/node_modules/react-dom/cjs/react-dom-server.browser.production.min.js:76:89)
    at $c (/home/jay/Desktop/prompt/node_modules/react-dom/cjs/react-dom-server.browser.production.min.js:78:98)
    at Zc (/home/jay/Desktop/prompt/node_modules/react-dom/cjs/react-dom-server.browser.production.min.js:71:145)
    at Z (/home/jay/Desktop/prompt/node_modules/react-dom/cjs/react-dom-server.browser.production.min.js:76:89)

Error occurred prerendering page "/category/sub-categories/winter-and-snow/promptDetails/snow-angel-queen-fantasy-scene". Read more: https://nextjs.org/docs/messages/prerender-error

ReferenceError: imageUrl is not defined
    at D (/home/jay/Desktop/prompt/.next/server/pages/category/sub-categories/[subcategories]/promptDetails/[promptSlug].js:1:4355)
    at /home/jay/Desktop/prompt/.next/server/pages/category/sub-categories/[subcategories]/promptDetails/[promptSlug].js:1:4820
    at Wc (/home/jay/Desktop/prompt/node_modules/react-dom/cjs/react-dom-server.browser.production.min.js:68:44)
    at Zc (/home/jay/Desktop/prompt/node_modules/react-dom/cjs/react-dom-server.browser.production.min.js:70:253)
    at Z (/home/jay/Desktop/prompt/node_modules/react-dom/cjs/react-dom-server.browser.production.min.js:76:89)
    at Zc (/home/jay/Desktop/prompt/node_modules/react-dom/cjs/react-dom-server.browser.production.min.js:70:481)
    at Z (/home/jay/Desktop/prompt/node_modules/react-dom/cjs/react-dom-server.browser.production.min.js:76:89)
    at $c (/home/jay/Desktop/prompt/node_modules/react-dom/cjs/react-dom-server.browser.production.min.js:78:98)
    at Zc (/home/jay/Desktop/prompt/node_modules/react-dom/cjs/react-dom-server.browser.production.min.js:71:145)
    at Z (/home/jay/Desktop/prompt/node_modules/react-dom/cjs/react-dom-server.browser.production.min.js:76:89)
ReferenceError: imageUrl is not defined
    at D (/home/jay/Desktop/prompt/.next/server/pages/category/sub-categories/[subcategories]/promptDetails/[promptSlug].js:1:4355)
    at /home/jay/Desktop/prompt/.next/server/pages/category/sub-categories/[subcategories]/promptDetails/[promptSlug].js:1:4820
    at Wc (/home/jay/Desktop/prompt/node_modules/react-dom/cjs/react-dom-server.browser.production.min.js:68:44)
    at Zc (/home/jay/Desktop/prompt/node_modules/react-dom/cjs/react-dom-server.browser.production.min.js:70:253)
    at Z (/home/jay/Desktop/prompt/node_modules/react-dom/cjs/react-dom-server.browser.production.min.js:76:89)
    at Zc (/home/jay/Desktop/prompt/node_modules/react-dom/cjs/react-dom-server.browser.production.min.js:70:481)
    at Z (/home/jay/Desktop/prompt/node_modules/react-dom/cjs/react-dom-server.browser.production.min.js:76:89)
    at $c (/home/jay/Desktop/prompt/node_modules/react-dom/cjs/react-dom-server.browser.production.min.js:78:98)
    at Zc (/home/jay/Desktop/prompt/node_modules/react-dom/cjs/react-dom-server.browser.production.min.js:71:145)
    at Z (/home/jay/Desktop/prompt/node_modules/react-dom/cjs/react-dom-server.browser.production.min.js:76:89)

Error occurred prerendering page "/category/sub-categories/winter-and-snow/promptDetails/retro-winter-coffee-portrait". Read more: https://nextjs.org/docs/messages/prerender-error

ReferenceError: imageUrl is not defined
    at D (/home/jay/Desktop/prompt/.next/server/pages/category/sub-categories/[subcategories]/promptDetails/[promptSlug].js:1:4355)
    at /home/jay/Desktop/prompt/.next/server/pages/category/sub-categories/[subcategories]/promptDetails/[promptSlug].js:1:4820
    at Wc (/home/jay/Desktop/prompt/node_modules/react-dom/cjs/react-dom-server.browser.production.min.js:68:44)
    at Zc (/home/jay/Desktop/prompt/node_modules/react-dom/cjs/react-dom-server.browser.production.min.js:70:253)
    at Z (/home/jay/Desktop/prompt/node_modules/react-dom/cjs/react-dom-server.browser.production.min.js:76:89)
    at Zc (/home/jay/Desktop/prompt/node_modules/react-dom/cjs/react-dom-server.browser.production.min.js:70:481)
    at Z (/home/jay/Desktop/prompt/node_modules/react-dom/cjs/react-dom-server.browser.production.min.js:76:89)
    at $c (/home/jay/Desktop/prompt/node_modules/react-dom/cjs/react-dom-server.browser.production.min.js:78:98)
    at Zc (/home/jay/Desktop/prompt/node_modules/react-dom/cjs/react-dom-server.browser.production.min.js:71:145)
    at Z (/home/jay/Desktop/prompt/node_modules/react-dom/cjs/react-dom-server.browser.production.min.js:76:89)
ReferenceError: imageUrl is not defined
    at D (/home/jay/Desktop/prompt/.next/server/pages/category/sub-categories/[subcategories]/promptDetails/[promptSlug].js:1:4355)
    at /home/jay/Desktop/prompt/.next/server/pages/category/sub-categories/[subcategories]/promptDetails/[promptSlug].js:1:4820
    at Wc (/home/jay/Desktop/prompt/node_modules/react-dom/cjs/react-dom-server.browser.production.min.js:68:44)
    at Zc (/home/jay/Desktop/prompt/node_modules/react-dom/cjs/react-dom-server.browser.production.min.js:70:253)
    at Z (/home/jay/Desktop/prompt/node_modules/react-dom/cjs/react-dom-server.browser.production.min.js:76:89)
    at Zc (/home/jay/Desktop/prompt/node_modules/react-dom/cjs/react-dom-server.browser.production.min.js:70:481)
    at Z (/home/jay/Desktop/prompt/node_modules/react-dom/cjs/react-dom-server.browser.production.min.js:76:89)
    at $c (/home/jay/Desktop/prompt/node_modules/react-dom/cjs/react-dom-server.browser.production.min.js:78:98)
    at Zc (/home/jay/Desktop/prompt/node_modules/react-dom/cjs/react-dom-server.browser.production.min.js:71:145)
    at Z (/home/jay/Desktop/prompt/node_modules/react-dom/cjs/react-dom-server.browser.production.min.js:76:89)

Error occurred prerendering page "/category/sub-categories/winter-and-snow/promptDetails/knit-sweater-cinematic-portrait". Read more: https://nextjs.org/docs/messages/prerender-error

ReferenceError: imageUrl is not defined
    at D (/home/jay/Desktop/prompt/.next/server/pages/category/sub-categories/[subcategories]/promptDetails/[promptSlug].js:1:4355)
    at /home/jay/Desktop/prompt/.next/server/pages/category/sub-categories/[subcategories]/promptDetails/[promptSlug].js:1:4820
    at Wc (/home/jay/Desktop/prompt/node_modules/react-dom/cjs/react-dom-server.browser.production.min.js:68:44)
    at Zc (/home/jay/Desktop/prompt/node_modules/react-dom/cjs/react-dom-server.browser.production.min.js:70:253)
    at Z (/home/jay/Desktop/prompt/node_modules/react-dom/cjs/react-dom-server.browser.production.min.js:76:89)
    at Zc (/home/jay/Desktop/prompt/node_modules/react-dom/cjs/react-dom-server.browser.production.min.js:70:481)
    at Z (/home/jay/Desktop/prompt/node_modules/react-dom/cjs/react-dom-server.browser.production.min.js:76:89)
    at $c (/home/jay/Desktop/prompt/node_modules/react-dom/cjs/react-dom-server.browser.production.min.js:78:98)
    at Zc (/home/jay/Desktop/prompt/node_modules/react-dom/cjs/react-dom-server.browser.production.min.js:71:145)
    at Z (/home/jay/Desktop/prompt/node_modules/react-dom/cjs/react-dom-server.browser.production.min.js:76:89)
ReferenceError: imageUrl is not defined
    at D (/home/jay/Desktop/prompt/.next/server/pages/category/sub-categories/[subcategories]/promptDetails/[promptSlug].js:1:4355)
    at /home/jay/Desktop/prompt/.next/server/pages/category/sub-categories/[subcategories]/promptDetails/[promptSlug].js:1:4820
    at Wc (/home/jay/Desktop/prompt/node_modules/react-dom/cjs/react-dom-server.browser.production.min.js:68:44)
    at Zc (/home/jay/Desktop/prompt/node_modules/react-dom/cjs/react-dom-server.browser.production.min.js:70:253)
    at Z (/home/jay/Desktop/prompt/node_modules/react-dom/cjs/react-dom-server.browser.production.min.js:76:89)
    at Zc (/home/jay/Desktop/prompt/node_modules/react-dom/cjs/react-dom-server.browser.production.min.js:70:481)
    at Z (/home/jay/Desktop/prompt/node_modules/react-dom/cjs/react-dom-server.browser.production.min.js:76:89)
    at $c (/home/jay/Desktop/prompt/node_modules/react-dom/cjs/react-dom-server.browser.production.min.js:78:98)
    at Zc (/home/jay/Desktop/prompt/node_modules/react-dom/cjs/react-dom-server.browser.production.min.js:71:145)
    at Z (/home/jay/Desktop/prompt/node_modules/react-dom/cjs/react-dom-server.browser.production.min.js:76:89)

Error occurred prerendering page "/category/sub-categories/winter-and-snow/promptDetails/luxury-winter-portrait". Read more: https://nextjs.org/docs/messages/prerender-error

ReferenceError: imageUrl is not defined
    at D (/home/jay/Desktop/prompt/.next/server/pages/category/sub-categories/[subcategories]/promptDetails/[promptSlug].js:1:4355)
    at /home/jay/Desktop/prompt/.next/server/pages/category/sub-categories/[subcategories]/promptDetails/[promptSlug].js:1:4820
    at Wc (/home/jay/Desktop/prompt/node_modules/react-dom/cjs/react-dom-server.browser.production.min.js:68:44)
    at Zc (/home/jay/Desktop/prompt/node_modules/react-dom/cjs/react-dom-server.browser.production.min.js:70:253)
    at Z (/home/jay/Desktop/prompt/node_modules/react-dom/cjs/react-dom-server.browser.production.min.js:76:89)
    at Zc (/home/jay/Desktop/prompt/node_modules/react-dom/cjs/react-dom-server.browser.production.min.js:70:481)
    at Z (/home/jay/Desktop/prompt/node_modules/react-dom/cjs/react-dom-server.browser.production.min.js:76:89)
    at $c (/home/jay/Desktop/prompt/node_modules/react-dom/cjs/react-dom-server.browser.production.min.js:78:98)
    at Zc (/home/jay/Desktop/prompt/node_modules/react-dom/cjs/react-dom-server.browser.production.min.js:71:145)
    at Z (/home/jay/Desktop/prompt/node_modules/react-dom/cjs/react-dom-server.browser.production.min.js:76:89)
ReferenceError: imageUrl is not defined
    at D (/home/jay/Desktop/prompt/.next/server/pages/category/sub-categories/[subcategories]/promptDetails/[promptSlug].js:1:4355)
    at /home/jay/Desktop/prompt/.next/server/pages/category/sub-categories/[subcategories]/promptDetails/[promptSlug].js:1:4820
    at Wc (/home/jay/Desktop/prompt/node_modules/react-dom/cjs/react-dom-server.browser.production.min.js:68:44)
    at Zc (/home/jay/Desktop/prompt/node_modules/react-dom/cjs/react-dom-server.browser.production.min.js:70:253)
    at Z (/home/jay/Desktop/prompt/node_modules/react-dom/cjs/react-dom-server.browser.production.min.js:76:89)
    at Zc (/home/jay/Desktop/prompt/node_modules/react-dom/cjs/react-dom-server.browser.production.min.js:70:481)
    at Z (/home/jay/Desktop/prompt/node_modules/react-dom/cjs/react-dom-server.browser.production.min.js:76:89)
    at $c (/home/jay/Desktop/prompt/node_modules/react-dom/cjs/react-dom-server.browser.production.min.js:78:98)
    at Zc (/home/jay/Desktop/prompt/node_modules/react-dom/cjs/react-dom-server.browser.production.min.js:71:145)
    at Z (/home/jay/Desktop/prompt/node_modules/react-dom/cjs/react-dom-server.browser.production.min.js:76:89)

Error occurred prerendering page "/category/sub-categories/winter-and-snow/promptDetails/parisian-trench-coat-balcony". Read more: https://nextjs.org/docs/messages/prerender-error

ReferenceError: imageUrl is not defined
    at D (/home/jay/Desktop/prompt/.next/server/pages/category/sub-categories/[subcategories]/promptDetails/[promptSlug].js:1:4355)
    at /home/jay/Desktop/prompt/.next/server/pages/category/sub-categories/[subcategories]/promptDetails/[promptSlug].js:1:4820
    at Wc (/home/jay/Desktop/prompt/node_modules/react-dom/cjs/react-dom-server.browser.production.min.js:68:44)
    at Zc (/home/jay/Desktop/prompt/node_modules/react-dom/cjs/react-dom-server.browser.production.min.js:70:253)
    at Z (/home/jay/Desktop/prompt/node_modules/react-dom/cjs/react-dom-server.browser.production.min.js:76:89)
    at Zc (/home/jay/Desktop/prompt/node_modules/react-dom/cjs/react-dom-server.browser.production.min.js:70:481)
    at Z (/home/jay/Desktop/prompt/node_modules/react-dom/cjs/react-dom-server.browser.production.min.js:76:89)
    at $c (/home/jay/Desktop/prompt/node_modules/react-dom/cjs/react-dom-server.browser.production.min.js:78:98)
    at Zc (/home/jay/Desktop/prompt/node_modules/react-dom/cjs/react-dom-server.browser.production.min.js:71:145)
    at Z (/home/jay/Desktop/prompt/node_modules/react-dom/cjs/react-dom-server.browser.production.min.js:76:89)
[Build Time] Fetching all categories from: https://admin.promptland.in/api/get_categories
[Build Time] Successfully fetched 29 categories
[Build Time] Fetching prompts for category 16, subcategory none
[Build Time] Successfully fetched 26 prompts for category 16
[Build Time] Fetching all categories from: https://admin.promptland.in/api/get_categories
[Build Time] Successfully fetched 29 categories
[Build Time] Fetching prompts for category 16, subcategory none
[Build Time] Successfully fetched 26 prompts for category 16
[Build Time] Fetching all categories from: https://admin.promptland.in/api/get_categories
[Build Time] Successfully fetched 29 categories
[Build Time] Fetching prompts for category 16, subcategory none
[Build Time] Successfully fetched 26 prompts for category 16
[Build Time] Fetching all categories from: https://admin.promptland.in/api/get_categories
[Build Time] Successfully fetched 29 categories
[Build Time] Fetching prompts for category 16, subcategory none
[Build Time] Successfully fetched 26 prompts for category 16
[Build Time] Fetching all categories from: https://admin.promptland.in/api/get_categories
[Build Time] Successfully fetched 29 categories
[Build Time] Fetching prompts for category 16, subcategory none
[Build Time] Successfully fetched 26 prompts for category 16
[Build Time] Fetching all categories from: https://admin.promptland.in/api/get_categories
[Build Time] Successfully fetched 29 categories
[Build Time] Fetching prompts for category 16, subcategory none
[Build Time] Successfully fetched 26 prompts for category 16
[Build Time] Fetching all categories from: https://admin.promptland.in/api/get_categories
[Build Time] Successfully fetched 29 categories
[Build Time] Fetching prompts for category 16, subcategory none
[Build Time] Successfully fetched 26 prompts for category 16
ReferenceError: imageUrl is not defined
    at D (/home/jay/Desktop/prompt/.next/server/pages/category/sub-categories/[subcategories]/promptDetails/[promptSlug].js:1:4355)
    at /home/jay/Desktop/prompt/.next/server/pages/category/sub-categories/[subcategories]/promptDetails/[promptSlug].js:1:4820
    at Wc (/home/jay/Desktop/prompt/node_modules/react-dom/cjs/react-dom-server.browser.production.min.js:68:44)
    at Zc (/home/jay/Desktop/prompt/node_modules/react-dom/cjs/react-dom-server.browser.production.min.js:70:253)
    at Z (/home/jay/Desktop/prompt/node_modules/react-dom/cjs/react-dom-server.browser.production.min.js:76:89)
    at Zc (/home/jay/Desktop/prompt/node_modules/react-dom/cjs/react-dom-server.browser.production.min.js:70:481)
    at Z (/home/jay/Desktop/prompt/node_modules/react-dom/cjs/react-dom-server.browser.production.min.js:76:89)
    at $c (/home/jay/Desktop/prompt/node_modules/react-dom/cjs/react-dom-server.browser.production.min.js:78:98)
    at Zc (/home/jay/Desktop/prompt/node_modules/react-dom/cjs/react-dom-server.browser.production.min.js:71:145)
    at Z (/home/jay/Desktop/prompt/node_modules/react-dom/cjs/react-dom-server.browser.production.min.js:76:89)

Error occurred prerendering page "/category/sub-categories/winter-and-snow/promptDetails/winter-campfire-portrait". Read more: https://nextjs.org/docs/messages/prerender-error

ReferenceError: imageUrl is not defined
    at D (/home/jay/Desktop/prompt/.next/server/pages/category/sub-categories/[subcategories]/promptDetails/[promptSlug].js:1:4355)
    at /home/jay/Desktop/prompt/.next/server/pages/category/sub-categories/[subcategories]/promptDetails/[promptSlug].js:1:4820
    at Wc (/home/jay/Desktop/prompt/node_modules/react-dom/cjs/react-dom-server.browser.production.min.js:68:44)
    at Zc (/home/jay/Desktop/prompt/node_modules/react-dom/cjs/react-dom-server.browser.production.min.js:70:253)
    at Z (/home/jay/Desktop/prompt/node_modules/react-dom/cjs/react-dom-server.browser.production.min.js:76:89)
    at Zc (/home/jay/Desktop/prompt/node_modules/react-dom/cjs/react-dom-server.browser.production.min.js:70:481)
    at Z (/home/jay/Desktop/prompt/node_modules/react-dom/cjs/react-dom-server.browser.production.min.js:76:89)
    at $c (/home/jay/Desktop/prompt/node_modules/react-dom/cjs/react-dom-server.browser.production.min.js:78:98)
    at Zc (/home/jay/Desktop/prompt/node_modules/react-dom/cjs/react-dom-server.browser.production.min.js:71:145)
    at Z (/home/jay/Desktop/prompt/node_modules/react-dom/cjs/react-dom-server.browser.production.min.js:76:89)
ReferenceError: imageUrl is not defined
    at D (/home/jay/Desktop/prompt/.next/server/pages/category/sub-categories/[subcategories]/promptDetails/[promptSlug].js:1:4355)
    at /home/jay/Desktop/prompt/.next/server/pages/category/sub-categories/[subcategories]/promptDetails/[promptSlug].js:1:4820
    at Wc (/home/jay/Desktop/prompt/node_modules/react-dom/cjs/react-dom-server.browser.production.min.js:68:44)
    at Zc (/home/jay/Desktop/prompt/node_modules/react-dom/cjs/react-dom-server.browser.production.min.js:70:253)
    at Z (/home/jay/Desktop/prompt/node_modules/react-dom/cjs/react-dom-server.browser.production.min.js:76:89)
    at Zc (/home/jay/Desktop/prompt/node_modules/react-dom/cjs/react-dom-server.browser.production.min.js:70:481)
    at Z (/home/jay/Desktop/prompt/node_modules/react-dom/cjs/react-dom-server.browser.production.min.js:76:89)
    at $c (/home/jay/Desktop/prompt/node_modules/react-dom/cjs/react-dom-server.browser.production.min.js:78:98)
    at Zc (/home/jay/Desktop/prompt/node_modules/react-dom/cjs/react-dom-server.browser.production.min.js:71:145)
    at Z (/home/jay/Desktop/prompt/node_modules/react-dom/cjs/react-dom-server.browser.production.min.js:76:89)

Error occurred prerendering page "/category/sub-categories/winter-and-snow/promptDetails/snowy-rock-fashion-editorial". Read more: https://nextjs.org/docs/messages/prerender-error

ReferenceError: imageUrl is not defined
    at D (/home/jay/Desktop/prompt/.next/server/pages/category/sub-categories/[subcategories]/promptDetails/[promptSlug].js:1:4355)
    at /home/jay/Desktop/prompt/.next/server/pages/category/sub-categories/[subcategories]/promptDetails/[promptSlug].js:1:4820
    at Wc (/home/jay/Desktop/prompt/node_modules/react-dom/cjs/react-dom-server.browser.production.min.js:68:44)
    at Zc (/home/jay/Desktop/prompt/node_modules/react-dom/cjs/react-dom-server.browser.production.min.js:70:253)
    at Z (/home/jay/Desktop/prompt/node_modules/react-dom/cjs/react-dom-server.browser.production.min.js:76:89)
    at Zc (/home/jay/Desktop/prompt/node_modules/react-dom/cjs/react-dom-server.browser.production.min.js:70:481)
    at Z (/home/jay/Desktop/prompt/node_modules/react-dom/cjs/react-dom-server.browser.production.min.js:76:89)
    at $c (/home/jay/Desktop/prompt/node_modules/react-dom/cjs/react-dom-server.browser.production.min.js:78:98)
    at Zc (/home/jay/Desktop/prompt/node_modules/react-dom/cjs/react-dom-server.browser.production.min.js:71:145)
    at Z (/home/jay/Desktop/prompt/node_modules/react-dom/cjs/react-dom-server.browser.production.min.js:76:89)
ReferenceError: imageUrl is not defined
    at D (/home/jay/Desktop/prompt/.next/server/pages/category/sub-categories/[subcategories]/promptDetails/[promptSlug].js:1:4355)
    at /home/jay/Desktop/prompt/.next/server/pages/category/sub-categories/[subcategories]/promptDetails/[promptSlug].js:1:4820
    at Wc (/home/jay/Desktop/prompt/node_modules/react-dom/cjs/react-dom-server.browser.production.min.js:68:44)
    at Zc (/home/jay/Desktop/prompt/node_modules/react-dom/cjs/react-dom-server.browser.production.min.js:70:253)
    at Z (/home/jay/Desktop/prompt/node_modules/react-dom/cjs/react-dom-server.browser.production.min.js:76:89)
    at Zc (/home/jay/Desktop/prompt/node_modules/react-dom/cjs/react-dom-server.browser.production.min.js:70:481)
    at Z (/home/jay/Desktop/prompt/node_modules/react-dom/cjs/react-dom-server.browser.production.min.js:76:89)
    at $c (/home/jay/Desktop/prompt/node_modules/react-dom/cjs/react-dom-server.browser.production.min.js:78:98)
    at Zc (/home/jay/Desktop/prompt/node_modules/react-dom/cjs/react-dom-server.browser.production.min.js:71:145)
    at Z (/home/jay/Desktop/prompt/node_modules/react-dom/cjs/react-dom-server.browser.production.min.js:76:89)

Error occurred prerendering page "/category/sub-categories/winter-and-snow/promptDetails/winter-bench-lifestyle-portrait". Read more: https://nextjs.org/docs/messages/prerender-error

ReferenceError: imageUrl is not defined
    at D (/home/jay/Desktop/prompt/.next/server/pages/category/sub-categories/[subcategories]/promptDetails/[promptSlug].js:1:4355)
    at /home/jay/Desktop/prompt/.next/server/pages/category/sub-categories/[subcategories]/promptDetails/[promptSlug].js:1:4820
    at Wc (/home/jay/Desktop/prompt/node_modules/react-dom/cjs/react-dom-server.browser.production.min.js:68:44)
    at Zc (/home/jay/Desktop/prompt/node_modules/react-dom/cjs/react-dom-server.browser.production.min.js:70:253)
    at Z (/home/jay/Desktop/prompt/node_modules/react-dom/cjs/react-dom-server.browser.production.min.js:76:89)
    at Zc (/home/jay/Desktop/prompt/node_modules/react-dom/cjs/react-dom-server.browser.production.min.js:70:481)
    at Z (/home/jay/Desktop/prompt/node_modules/react-dom/cjs/react-dom-server.browser.production.min.js:76:89)
    at $c (/home/jay/Desktop/prompt/node_modules/react-dom/cjs/react-dom-server.browser.production.min.js:78:98)
    at Zc (/home/jay/Desktop/prompt/node_modules/react-dom/cjs/react-dom-server.browser.production.min.js:71:145)
    at Z (/home/jay/Desktop/prompt/node_modules/react-dom/cjs/react-dom-server.browser.production.min.js:76:89)
ReferenceError: imageUrl is not defined
    at D (/home/jay/Desktop/prompt/.next/server/pages/category/sub-categories/[subcategories]/promptDetails/[promptSlug].js:1:4355)
    at /home/jay/Desktop/prompt/.next/server/pages/category/sub-categories/[subcategories]/promptDetails/[promptSlug].js:1:4820
    at Wc (/home/jay/Desktop/prompt/node_modules/react-dom/cjs/react-dom-server.browser.production.min.js:68:44)
    at Zc (/home/jay/Desktop/prompt/node_modules/react-dom/cjs/react-dom-server.browser.production.min.js:70:253)
    at Z (/home/jay/Desktop/prompt/node_modules/react-dom/cjs/react-dom-server.browser.production.min.js:76:89)
    at Zc (/home/jay/Desktop/prompt/node_modules/react-dom/cjs/react-dom-server.browser.production.min.js:70:481)
    at Z (/home/jay/Desktop/prompt/node_modules/react-dom/cjs/react-dom-server.browser.production.min.js:76:89)
    at $c (/home/jay/Desktop/prompt/node_modules/react-dom/cjs/react-dom-server.browser.production.min.js:78:98)
    at Zc (/home/jay/Desktop/prompt/node_modules/react-dom/cjs/react-dom-server.browser.production.min.js:71:145)
    at Z (/home/jay/Desktop/prompt/node_modules/react-dom/cjs/react-dom-server.browser.production.min.js:76:89)

Error occurred prerendering page "/category/sub-categories/winter-and-snow/promptDetails/snowfall-close-up-portrait". Read more: https://nextjs.org/docs/messages/prerender-error

ReferenceError: imageUrl is not defined
    at D (/home/jay/Desktop/prompt/.next/server/pages/category/sub-categories/[subcategories]/promptDetails/[promptSlug].js:1:4355)
    at /home/jay/Desktop/prompt/.next/server/pages/category/sub-categories/[subcategories]/promptDetails/[promptSlug].js:1:4820
    at Wc (/home/jay/Desktop/prompt/node_modules/react-dom/cjs/react-dom-server.browser.production.min.js:68:44)
    at Zc (/home/jay/Desktop/prompt/node_modules/react-dom/cjs/react-dom-server.browser.production.min.js:70:253)
    at Z (/home/jay/Desktop/prompt/node_modules/react-dom/cjs/react-dom-server.browser.production.min.js:76:89)
    at Zc (/home/jay/Desktop/prompt/node_modules/react-dom/cjs/react-dom-server.browser.production.min.js:70:481)
    at Z (/home/jay/Desktop/prompt/node_modules/react-dom/cjs/react-dom-server.browser.production.min.js:76:89)
    at $c (/home/jay/Desktop/prompt/node_modules/react-dom/cjs/react-dom-server.browser.production.min.js:78:98)
    at Zc (/home/jay/Desktop/prompt/node_modules/react-dom/cjs/react-dom-server.browser.production.min.js:71:145)
    at Z (/home/jay/Desktop/prompt/node_modules/react-dom/cjs/react-dom-server.browser.production.min.js:76:89)
ReferenceError: imageUrl is not defined
    at D (/home/jay/Desktop/prompt/.next/server/pages/category/sub-categories/[subcategories]/promptDetails/[promptSlug].js:1:4355)
    at /home/jay/Desktop/prompt/.next/server/pages/category/sub-categories/[subcategories]/promptDetails/[promptSlug].js:1:4820
    at Wc (/home/jay/Desktop/prompt/node_modules/react-dom/cjs/react-dom-server.browser.production.min.js:68:44)
    at Zc (/home/jay/Desktop/prompt/node_modules/react-dom/cjs/react-dom-server.browser.production.min.js:70:253)
    at Z (/home/jay/Desktop/prompt/node_modules/react-dom/cjs/react-dom-server.browser.production.min.js:76:89)
    at Zc (/home/jay/Desktop/prompt/node_modules/react-dom/cjs/react-dom-server.browser.production.min.js:70:481)
    at Z (/home/jay/Desktop/prompt/node_modules/react-dom/cjs/react-dom-server.browser.production.min.js:76:89)
    at $c (/home/jay/Desktop/prompt/node_modules/react-dom/cjs/react-dom-server.browser.production.min.js:78:98)
    at Zc (/home/jay/Desktop/prompt/node_modules/react-dom/cjs/react-dom-server.browser.production.min.js:71:145)
    at Z (/home/jay/Desktop/prompt/node_modules/react-dom/cjs/react-dom-server.browser.production.min.js:76:89)

Error occurred prerendering page "/category/sub-categories/winter-and-snow/promptDetails/snowy-city-fashion-portrait". Read more: https://nextjs.org/docs/messages/prerender-error

ReferenceError: imageUrl is not defined
    at D (/home/jay/Desktop/prompt/.next/server/pages/category/sub-categories/[subcategories]/promptDetails/[promptSlug].js:1:4355)
    at /home/jay/Desktop/prompt/.next/server/pages/category/sub-categories/[subcategories]/promptDetails/[promptSlug].js:1:4820
    at Wc (/home/jay/Desktop/prompt/node_modules/react-dom/cjs/react-dom-server.browser.production.min.js:68:44)
    at Zc (/home/jay/Desktop/prompt/node_modules/react-dom/cjs/react-dom-server.browser.production.min.js:70:253)
    at Z (/home/jay/Desktop/prompt/node_modules/react-dom/cjs/react-dom-server.browser.production.min.js:76:89)
    at Zc (/home/jay/Desktop/prompt/node_modules/react-dom/cjs/react-dom-server.browser.production.min.js:70:481)
    at Z (/home/jay/Desktop/prompt/node_modules/react-dom/cjs/react-dom-server.browser.production.min.js:76:89)
    at $c (/home/jay/Desktop/prompt/node_modules/react-dom/cjs/react-dom-server.browser.production.min.js:78:98)
    at Zc (/home/jay/Desktop/prompt/node_modules/react-dom/cjs/react-dom-server.browser.production.min.js:71:145)
    at Z (/home/jay/Desktop/prompt/node_modules/react-dom/cjs/react-dom-server.browser.production.min.js:76:89)
ReferenceError: imageUrl is not defined
    at D (/home/jay/Desktop/prompt/.next/server/pages/category/sub-categories/[subcategories]/promptDetails/[promptSlug].js:1:4355)
    at /home/jay/Desktop/prompt/.next/server/pages/category/sub-categories/[subcategories]/promptDetails/[promptSlug].js:1:4820
    at Wc (/home/jay/Desktop/prompt/node_modules/react-dom/cjs/react-dom-server.browser.production.min.js:68:44)
    at Zc (/home/jay/Desktop/prompt/node_modules/react-dom/cjs/react-dom-server.browser.production.min.js:70:253)
    at Z (/home/jay/Desktop/prompt/node_modules/react-dom/cjs/react-dom-server.browser.production.min.js:76:89)
    at Zc (/home/jay/Desktop/prompt/node_modules/react-dom/cjs/react-dom-server.browser.production.min.js:70:481)
    at Z (/home/jay/Desktop/prompt/node_modules/react-dom/cjs/react-dom-server.browser.production.min.js:76:89)
    at $c (/home/jay/Desktop/prompt/node_modules/react-dom/cjs/react-dom-server.browser.production.min.js:78:98)
    at Zc (/home/jay/Desktop/prompt/node_modules/react-dom/cjs/react-dom-server.browser.production.min.js:71:145)
    at Z (/home/jay/Desktop/prompt/node_modules/react-dom/cjs/react-dom-server.browser.production.min.js:76:89)

Error occurred prerendering page "/category/sub-categories/winter-and-snow/promptDetails/cinematic-dragon-profile-shot". Read more: https://nextjs.org/docs/messages/prerender-error

ReferenceError: imageUrl is not defined
    at D (/home/jay/Desktop/prompt/.next/server/pages/category/sub-categories/[subcategories]/promptDetails/[promptSlug].js:1:4355)
    at /home/jay/Desktop/prompt/.next/server/pages/category/sub-categories/[subcategories]/promptDetails/[promptSlug].js:1:4820
    at Wc (/home/jay/Desktop/prompt/node_modules/react-dom/cjs/react-dom-server.browser.production.min.js:68:44)
    at Zc (/home/jay/Desktop/prompt/node_modules/react-dom/cjs/react-dom-server.browser.production.min.js:70:253)
    at Z (/home/jay/Desktop/prompt/node_modules/react-dom/cjs/react-dom-server.browser.production.min.js:76:89)
    at Zc (/home/jay/Desktop/prompt/node_modules/react-dom/cjs/react-dom-server.browser.production.min.js:70:481)
    at Z (/home/jay/Desktop/prompt/node_modules/react-dom/cjs/react-dom-server.browser.production.min.js:76:89)
    at $c (/home/jay/Desktop/prompt/node_modules/react-dom/cjs/react-dom-server.browser.production.min.js:78:98)
    at Zc (/home/jay/Desktop/prompt/node_modules/react-dom/cjs/react-dom-server.browser.production.min.js:71:145)
    at Z (/home/jay/Desktop/prompt/node_modules/react-dom/cjs/react-dom-server.browser.production.min.js:76:89)
ReferenceError: imageUrl is not defined
    at D (/home/jay/Desktop/prompt/.next/server/pages/category/sub-categories/[subcategories]/promptDetails/[promptSlug].js:1:4355)
    at /home/jay/Desktop/prompt/.next/server/pages/category/sub-categories/[subcategories]/promptDetails/[promptSlug].js:1:4820
    at Wc (/home/jay/Desktop/prompt/node_modules/react-dom/cjs/react-dom-server.browser.production.min.js:68:44)
    at Zc (/home/jay/Desktop/prompt/node_modules/react-dom/cjs/react-dom-server.browser.production.min.js:70:253)
    at Z (/home/jay/Desktop/prompt/node_modules/react-dom/cjs/react-dom-server.browser.production.min.js:76:89)
    at Zc (/home/jay/Desktop/prompt/node_modules/react-dom/cjs/react-dom-server.browser.production.min.js:70:481)
    at Z (/home/jay/Desktop/prompt/node_modules/react-dom/cjs/react-dom-server.browser.production.min.js:76:89)
    at $c (/home/jay/Desktop/prompt/node_modules/react-dom/cjs/react-dom-server.browser.production.min.js:78:98)
    at Zc (/home/jay/Desktop/prompt/node_modules/react-dom/cjs/react-dom-server.browser.production.min.js:71:145)
    at Z (/home/jay/Desktop/prompt/node_modules/react-dom/cjs/react-dom-server.browser.production.min.js:76:89)

Error occurred prerendering page "/category/sub-categories/winter-and-snow/promptDetails/game-of-thrones-inspired-close-up". Read more: https://nextjs.org/docs/messages/prerender-error

ReferenceError: imageUrl is not defined
    at D (/home/jay/Desktop/prompt/.next/server/pages/category/sub-categories/[subcategories]/promptDetails/[promptSlug].js:1:4355)
    at /home/jay/Desktop/prompt/.next/server/pages/category/sub-categories/[subcategories]/promptDetails/[promptSlug].js:1:4820
    at Wc (/home/jay/Desktop/prompt/node_modules/react-dom/cjs/react-dom-server.browser.production.min.js:68:44)
    at Zc (/home/jay/Desktop/prompt/node_modules/react-dom/cjs/react-dom-server.browser.production.min.js:70:253)
    at Z (/home/jay/Desktop/prompt/node_modules/react-dom/cjs/react-dom-server.browser.production.min.js:76:89)
    at Zc (/home/jay/Desktop/prompt/node_modules/react-dom/cjs/react-dom-server.browser.production.min.js:70:481)
    at Z (/home/jay/Desktop/prompt/node_modules/react-dom/cjs/react-dom-server.browser.production.min.js:76:89)
    at $c (/home/jay/Desktop/prompt/node_modules/react-dom/cjs/react-dom-server.browser.production.min.js:78:98)
    at Zc (/home/jay/Desktop/prompt/node_modules/react-dom/cjs/react-dom-server.browser.production.min.js:71:145)
    at Z (/home/jay/Desktop/prompt/node_modules/react-dom/cjs/react-dom-server.browser.production.min.js:76:89)
[Build Time] Fetching all categories from: https://admin.promptland.in/api/get_categories
[Build Time] Successfully fetched 29 categories
[Build Time] Fetching prompts for category 16, subcategory none
[Build Time] Successfully fetched 26 prompts for category 16
[Build Time] Fetching all categories from: https://admin.promptland.in/api/get_categories
[Build Time] Successfully fetched 29 categories
[Build Time] Fetching prompts for category 16, subcategory none
[Build Time] Successfully fetched 26 prompts for category 16
[Build Time] Fetching all categories from: https://admin.promptland.in/api/get_categories
[Build Time] Successfully fetched 29 categories
[Build Time] Fetching prompts for category 16, subcategory none
[Build Time] Successfully fetched 26 prompts for category 16
[Build Time] Fetching all categories from: https://admin.promptland.in/api/get_categories
[Build Time] Successfully fetched 29 categories
[Build Time] Fetching prompts for category 15, subcategory none
[Build Time] Successfully fetched 5 prompts for category 15
[Build Time] Fetching all categories from: https://admin.promptland.in/api/get_categories
[Build Time] Successfully fetched 29 categories
[Build Time] Fetching prompts for category 15, subcategory none
[Build Time] Successfully fetched 5 prompts for category 15
[Build Time] Fetching all categories from: https://admin.promptland.in/api/get_categories
[Build Time] Successfully fetched 29 categories
[Build Time] Fetching prompts for category 15, subcategory none
[Build Time] Successfully fetched 5 prompts for category 15
[Build Time] Fetching all categories from: https://admin.promptland.in/api/get_categories
[Build Time] Successfully fetched 29 categories
[Build Time] Fetching prompts for category 15, subcategory none
[Build Time] Successfully fetched 5 prompts for category 15
ReferenceError: imageUrl is not defined
    at D (/home/jay/Desktop/prompt/.next/server/pages/category/sub-categories/[subcategories]/promptDetails/[promptSlug].js:1:4355)
    at /home/jay/Desktop/prompt/.next/server/pages/category/sub-categories/[subcategories]/promptDetails/[promptSlug].js:1:4820
    at Wc (/home/jay/Desktop/prompt/node_modules/react-dom/cjs/react-dom-server.browser.production.min.js:68:44)
    at Zc (/home/jay/Desktop/prompt/node_modules/react-dom/cjs/react-dom-server.browser.production.min.js:70:253)
    at Z (/home/jay/Desktop/prompt/node_modules/react-dom/cjs/react-dom-server.browser.production.min.js:76:89)
    at Zc (/home/jay/Desktop/prompt/node_modules/react-dom/cjs/react-dom-server.browser.production.min.js:70:481)
    at Z (/home/jay/Desktop/prompt/node_modules/react-dom/cjs/react-dom-server.browser.production.min.js:76:89)
    at $c (/home/jay/Desktop/prompt/node_modules/react-dom/cjs/react-dom-server.browser.production.min.js:78:98)
    at Zc (/home/jay/Desktop/prompt/node_modules/react-dom/cjs/react-dom-server.browser.production.min.js:71:145)
    at Z (/home/jay/Desktop/prompt/node_modules/react-dom/cjs/react-dom-server.browser.production.min.js:76:89)

Error occurred prerendering page "/category/sub-categories/winter-and-snow/promptDetails/frozen-full-body-epic-scene". Read more: https://nextjs.org/docs/messages/prerender-error

ReferenceError: imageUrl is not defined
    at D (/home/jay/Desktop/prompt/.next/server/pages/category/sub-categories/[subcategories]/promptDetails/[promptSlug].js:1:4355)
    at /home/jay/Desktop/prompt/.next/server/pages/category/sub-categories/[subcategories]/promptDetails/[promptSlug].js:1:4820
    at Wc (/home/jay/Desktop/prompt/node_modules/react-dom/cjs/react-dom-server.browser.production.min.js:68:44)
    at Zc (/home/jay/Desktop/prompt/node_modules/react-dom/cjs/react-dom-server.browser.production.min.js:70:253)
    at Z (/home/jay/Desktop/prompt/node_modules/react-dom/cjs/react-dom-server.browser.production.min.js:76:89)
    at Zc (/home/jay/Desktop/prompt/node_modules/react-dom/cjs/react-dom-server.browser.production.min.js:70:481)
    at Z (/home/jay/Desktop/prompt/node_modules/react-dom/cjs/react-dom-server.browser.production.min.js:76:89)
    at $c (/home/jay/Desktop/prompt/node_modules/react-dom/cjs/react-dom-server.browser.production.min.js:78:98)
    at Zc (/home/jay/Desktop/prompt/node_modules/react-dom/cjs/react-dom-server.browser.production.min.js:71:145)
    at Z (/home/jay/Desktop/prompt/node_modules/react-dom/cjs/react-dom-server.browser.production.min.js:76:89)
ReferenceError: imageUrl is not defined
    at D (/home/jay/Desktop/prompt/.next/server/pages/category/sub-categories/[subcategories]/promptDetails/[promptSlug].js:1:4355)
    at /home/jay/Desktop/prompt/.next/server/pages/category/sub-categories/[subcategories]/promptDetails/[promptSlug].js:1:4820
    at Wc (/home/jay/Desktop/prompt/node_modules/react-dom/cjs/react-dom-server.browser.production.min.js:68:44)
    at Zc (/home/jay/Desktop/prompt/node_modules/react-dom/cjs/react-dom-server.browser.production.min.js:70:253)
    at Z (/home/jay/Desktop/prompt/node_modules/react-dom/cjs/react-dom-server.browser.production.min.js:76:89)
    at Zc (/home/jay/Desktop/prompt/node_modules/react-dom/cjs/react-dom-server.browser.production.min.js:70:481)
    at Z (/home/jay/Desktop/prompt/node_modules/react-dom/cjs/react-dom-server.browser.production.min.js:76:89)
    at $c (/home/jay/Desktop/prompt/node_modules/react-dom/cjs/react-dom-server.browser.production.min.js:78:98)
    at Zc (/home/jay/Desktop/prompt/node_modules/react-dom/cjs/react-dom-server.browser.production.min.js:71:145)
    at Z (/home/jay/Desktop/prompt/node_modules/react-dom/cjs/react-dom-server.browser.production.min.js:76:89)

Error occurred prerendering page "/category/sub-categories/lion/promptDetails/royal-throne-portrait-with-lion". Read more: https://nextjs.org/docs/messages/prerender-error

ReferenceError: imageUrl is not defined
    at D (/home/jay/Desktop/prompt/.next/server/pages/category/sub-categories/[subcategories]/promptDetails/[promptSlug].js:1:4355)
    at /home/jay/Desktop/prompt/.next/server/pages/category/sub-categories/[subcategories]/promptDetails/[promptSlug].js:1:4820
    at Wc (/home/jay/Desktop/prompt/node_modules/react-dom/cjs/react-dom-server.browser.production.min.js:68:44)
    at Zc (/home/jay/Desktop/prompt/node_modules/react-dom/cjs/react-dom-server.browser.production.min.js:70:253)
    at Z (/home/jay/Desktop/prompt/node_modules/react-dom/cjs/react-dom-server.browser.production.min.js:76:89)
    at Zc (/home/jay/Desktop/prompt/node_modules/react-dom/cjs/react-dom-server.browser.production.min.js:70:481)
    at Z (/home/jay/Desktop/prompt/node_modules/react-dom/cjs/react-dom-server.browser.production.min.js:76:89)
    at $c (/home/jay/Desktop/prompt/node_modules/react-dom/cjs/react-dom-server.browser.production.min.js:78:98)
    at Zc (/home/jay/Desktop/prompt/node_modules/react-dom/cjs/react-dom-server.browser.production.min.js:71:145)
    at Z (/home/jay/Desktop/prompt/node_modules/react-dom/cjs/react-dom-server.browser.production.min.js:76:89)
ReferenceError: imageUrl is not defined
    at D (/home/jay/Desktop/prompt/.next/server/pages/category/sub-categories/[subcategories]/promptDetails/[promptSlug].js:1:4355)
    at /home/jay/Desktop/prompt/.next/server/pages/category/sub-categories/[subcategories]/promptDetails/[promptSlug].js:1:4820
    at Wc (/home/jay/Desktop/prompt/node_modules/react-dom/cjs/react-dom-server.browser.production.min.js:68:44)
    at Zc (/home/jay/Desktop/prompt/node_modules/react-dom/cjs/react-dom-server.browser.production.min.js:70:253)
    at Z (/home/jay/Desktop/prompt/node_modules/react-dom/cjs/react-dom-server.browser.production.min.js:76:89)
    at Zc (/home/jay/Desktop/prompt/node_modules/react-dom/cjs/react-dom-server.browser.production.min.js:70:481)
    at Z (/home/jay/Desktop/prompt/node_modules/react-dom/cjs/react-dom-server.browser.production.min.js:76:89)
    at $c (/home/jay/Desktop/prompt/node_modules/react-dom/cjs/react-dom-server.browser.production.min.js:78:98)
    at Zc (/home/jay/Desktop/prompt/node_modules/react-dom/cjs/react-dom-server.browser.production.min.js:71:145)
    at Z (/home/jay/Desktop/prompt/node_modules/react-dom/cjs/react-dom-server.browser.production.min.js:76:89)

Error occurred prerendering page "/category/sub-categories/lion/promptDetails/the-lion-and-the-machine". Read more: https://nextjs.org/docs/messages/prerender-error

ReferenceError: imageUrl is not defined
    at D (/home/jay/Desktop/prompt/.next/server/pages/category/sub-categories/[subcategories]/promptDetails/[promptSlug].js:1:4355)
    at /home/jay/Desktop/prompt/.next/server/pages/category/sub-categories/[subcategories]/promptDetails/[promptSlug].js:1:4820
    at Wc (/home/jay/Desktop/prompt/node_modules/react-dom/cjs/react-dom-server.browser.production.min.js:68:44)
    at Zc (/home/jay/Desktop/prompt/node_modules/react-dom/cjs/react-dom-server.browser.production.min.js:70:253)
    at Z (/home/jay/Desktop/prompt/node_modules/react-dom/cjs/react-dom-server.browser.production.min.js:76:89)
    at Zc (/home/jay/Desktop/prompt/node_modules/react-dom/cjs/react-dom-server.browser.production.min.js:70:481)
    at Z (/home/jay/Desktop/prompt/node_modules/react-dom/cjs/react-dom-server.browser.production.min.js:76:89)
    at $c (/home/jay/Desktop/prompt/node_modules/react-dom/cjs/react-dom-server.browser.production.min.js:78:98)
    at Zc (/home/jay/Desktop/prompt/node_modules/react-dom/cjs/react-dom-server.browser.production.min.js:71:145)
    at Z (/home/jay/Desktop/prompt/node_modules/react-dom/cjs/react-dom-server.browser.production.min.js:76:89)
ReferenceError: imageUrl is not defined
    at D (/home/jay/Desktop/prompt/.next/server/pages/category/sub-categories/[subcategories]/promptDetails/[promptSlug].js:1:4355)
    at /home/jay/Desktop/prompt/.next/server/pages/category/sub-categories/[subcategories]/promptDetails/[promptSlug].js:1:4820
    at Wc (/home/jay/Desktop/prompt/node_modules/react-dom/cjs/react-dom-server.browser.production.min.js:68:44)
    at Zc (/home/jay/Desktop/prompt/node_modules/react-dom/cjs/react-dom-server.browser.production.min.js:70:253)
    at Z (/home/jay/Desktop/prompt/node_modules/react-dom/cjs/react-dom-server.browser.production.min.js:76:89)
    at Zc (/home/jay/Desktop/prompt/node_modules/react-dom/cjs/react-dom-server.browser.production.min.js:70:481)
    at Z (/home/jay/Desktop/prompt/node_modules/react-dom/cjs/react-dom-server.browser.production.min.js:76:89)
    at $c (/home/jay/Desktop/prompt/node_modules/react-dom/cjs/react-dom-server.browser.production.min.js:78:98)
    at Zc (/home/jay/Desktop/prompt/node_modules/react-dom/cjs/react-dom-server.browser.production.min.js:71:145)
    at Z (/home/jay/Desktop/prompt/node_modules/react-dom/cjs/react-dom-server.browser.production.min.js:76:89)

Error occurred prerendering page "/category/sub-categories/winter-and-snow/promptDetails/frozen-environment-portrait". Read more: https://nextjs.org/docs/messages/prerender-error

ReferenceError: imageUrl is not defined
    at D (/home/jay/Desktop/prompt/.next/server/pages/category/sub-categories/[subcategories]/promptDetails/[promptSlug].js:1:4355)
    at /home/jay/Desktop/prompt/.next/server/pages/category/sub-categories/[subcategories]/promptDetails/[promptSlug].js:1:4820
    at Wc (/home/jay/Desktop/prompt/node_modules/react-dom/cjs/react-dom-server.browser.production.min.js:68:44)
    at Zc (/home/jay/Desktop/prompt/node_modules/react-dom/cjs/react-dom-server.browser.production.min.js:70:253)
    at Z (/home/jay/Desktop/prompt/node_modules/react-dom/cjs/react-dom-server.browser.production.min.js:76:89)
    at Zc (/home/jay/Desktop/prompt/node_modules/react-dom/cjs/react-dom-server.browser.production.min.js:70:481)
    at Z (/home/jay/Desktop/prompt/node_modules/react-dom/cjs/react-dom-server.browser.production.min.js:76:89)
    at $c (/home/jay/Desktop/prompt/node_modules/react-dom/cjs/react-dom-server.browser.production.min.js:78:98)
    at Zc (/home/jay/Desktop/prompt/node_modules/react-dom/cjs/react-dom-server.browser.production.min.js:71:145)
    at Z (/home/jay/Desktop/prompt/node_modules/react-dom/cjs/react-dom-server.browser.production.min.js:76:89)
ReferenceError: imageUrl is not defined
    at D (/home/jay/Desktop/prompt/.next/server/pages/category/sub-categories/[subcategories]/promptDetails/[promptSlug].js:1:4355)
    at /home/jay/Desktop/prompt/.next/server/pages/category/sub-categories/[subcategories]/promptDetails/[promptSlug].js:1:4820
    at Wc (/home/jay/Desktop/prompt/node_modules/react-dom/cjs/react-dom-server.browser.production.min.js:68:44)
    at Zc (/home/jay/Desktop/prompt/node_modules/react-dom/cjs/react-dom-server.browser.production.min.js:70:253)
    at Z (/home/jay/Desktop/prompt/node_modules/react-dom/cjs/react-dom-server.browser.production.min.js:76:89)
    at Zc (/home/jay/Desktop/prompt/node_modules/react-dom/cjs/react-dom-server.browser.production.min.js:70:481)
    at Z (/home/jay/Desktop/prompt/node_modules/react-dom/cjs/react-dom-server.browser.production.min.js:76:89)
    at $c (/home/jay/Desktop/prompt/node_modules/react-dom/cjs/react-dom-server.browser.production.min.js:78:98)
    at Zc (/home/jay/Desktop/prompt/node_modules/react-dom/cjs/react-dom-server.browser.production.min.js:71:145)
    at Z (/home/jay/Desktop/prompt/node_modules/react-dom/cjs/react-dom-server.browser.production.min.js:76:89)

Error occurred prerendering page "/category/sub-categories/winter-and-snow/promptDetails/frozen-close-up-cinematic-shot". Read more: https://nextjs.org/docs/messages/prerender-error

ReferenceError: imageUrl is not defined
    at D (/home/jay/Desktop/prompt/.next/server/pages/category/sub-categories/[subcategories]/promptDetails/[promptSlug].js:1:4355)
    at /home/jay/Desktop/prompt/.next/server/pages/category/sub-categories/[subcategories]/promptDetails/[promptSlug].js:1:4820
    at Wc (/home/jay/Desktop/prompt/node_modules/react-dom/cjs/react-dom-server.browser.production.min.js:68:44)
    at Zc (/home/jay/Desktop/prompt/node_modules/react-dom/cjs/react-dom-server.browser.production.min.js:70:253)
    at Z (/home/jay/Desktop/prompt/node_modules/react-dom/cjs/react-dom-server.browser.production.min.js:76:89)
    at Zc (/home/jay/Desktop/prompt/node_modules/react-dom/cjs/react-dom-server.browser.production.min.js:70:481)
    at Z (/home/jay/Desktop/prompt/node_modules/react-dom/cjs/react-dom-server.browser.production.min.js:76:89)
    at $c (/home/jay/Desktop/prompt/node_modules/react-dom/cjs/react-dom-server.browser.production.min.js:78:98)
    at Zc (/home/jay/Desktop/prompt/node_modules/react-dom/cjs/react-dom-server.browser.production.min.js:71:145)
    at Z (/home/jay/Desktop/prompt/node_modules/react-dom/cjs/react-dom-server.browser.production.min.js:76:89)
ReferenceError: imageUrl is not defined
    at D (/home/jay/Desktop/prompt/.next/server/pages/category/sub-categories/[subcategories]/promptDetails/[promptSlug].js:1:4355)
    at /home/jay/Desktop/prompt/.next/server/pages/category/sub-categories/[subcategories]/promptDetails/[promptSlug].js:1:4820
    at Wc (/home/jay/Desktop/prompt/node_modules/react-dom/cjs/react-dom-server.browser.production.min.js:68:44)
    at Zc (/home/jay/Desktop/prompt/node_modules/react-dom/cjs/react-dom-server.browser.production.min.js:70:253)
    at Z (/home/jay/Desktop/prompt/node_modules/react-dom/cjs/react-dom-server.browser.production.min.js:76:89)
    at Zc (/home/jay/Desktop/prompt/node_modules/react-dom/cjs/react-dom-server.browser.production.min.js:70:481)
    at Z (/home/jay/Desktop/prompt/node_modules/react-dom/cjs/react-dom-server.browser.production.min.js:76:89)
    at $c (/home/jay/Desktop/prompt/node_modules/react-dom/cjs/react-dom-server.browser.production.min.js:78:98)
    at Zc (/home/jay/Desktop/prompt/node_modules/react-dom/cjs/react-dom-server.browser.production.min.js:71:145)
    at Z (/home/jay/Desktop/prompt/node_modules/react-dom/cjs/react-dom-server.browser.production.min.js:76:89)

Error occurred prerendering page "/category/sub-categories/lion/promptDetails/golden-savanna-lion-portrait". Read more: https://nextjs.org/docs/messages/prerender-error

ReferenceError: imageUrl is not defined
    at D (/home/jay/Desktop/prompt/.next/server/pages/category/sub-categories/[subcategories]/promptDetails/[promptSlug].js:1:4355)
    at /home/jay/Desktop/prompt/.next/server/pages/category/sub-categories/[subcategories]/promptDetails/[promptSlug].js:1:4820
    at Wc (/home/jay/Desktop/prompt/node_modules/react-dom/cjs/react-dom-server.browser.production.min.js:68:44)
    at Zc (/home/jay/Desktop/prompt/node_modules/react-dom/cjs/react-dom-server.browser.production.min.js:70:253)
    at Z (/home/jay/Desktop/prompt/node_modules/react-dom/cjs/react-dom-server.browser.production.min.js:76:89)
    at Zc (/home/jay/Desktop/prompt/node_modules/react-dom/cjs/react-dom-server.browser.production.min.js:70:481)
    at Z (/home/jay/Desktop/prompt/node_modules/react-dom/cjs/react-dom-server.browser.production.min.js:76:89)
    at $c (/home/jay/Desktop/prompt/node_modules/react-dom/cjs/react-dom-server.browser.production.min.js:78:98)
    at Zc (/home/jay/Desktop/prompt/node_modules/react-dom/cjs/react-dom-server.browser.production.min.js:71:145)
    at Z (/home/jay/Desktop/prompt/node_modules/react-dom/cjs/react-dom-server.browser.production.min.js:76:89)
ReferenceError: imageUrl is not defined
    at D (/home/jay/Desktop/prompt/.next/server/pages/category/sub-categories/[subcategories]/promptDetails/[promptSlug].js:1:4355)
    at /home/jay/Desktop/prompt/.next/server/pages/category/sub-categories/[subcategories]/promptDetails/[promptSlug].js:1:4820
    at Wc (/home/jay/Desktop/prompt/node_modules/react-dom/cjs/react-dom-server.browser.production.min.js:68:44)
    at Zc (/home/jay/Desktop/prompt/node_modules/react-dom/cjs/react-dom-server.browser.production.min.js:70:253)
    at Z (/home/jay/Desktop/prompt/node_modules/react-dom/cjs/react-dom-server.browser.production.min.js:76:89)
    at Zc (/home/jay/Desktop/prompt/node_modules/react-dom/cjs/react-dom-server.browser.production.min.js:70:481)
    at Z (/home/jay/Desktop/prompt/node_modules/react-dom/cjs/react-dom-server.browser.production.min.js:76:89)
    at $c (/home/jay/Desktop/prompt/node_modules/react-dom/cjs/react-dom-server.browser.production.min.js:78:98)
    at Zc (/home/jay/Desktop/prompt/node_modules/react-dom/cjs/react-dom-server.browser.production.min.js:71:145)
    at Z (/home/jay/Desktop/prompt/node_modules/react-dom/cjs/react-dom-server.browser.production.min.js:76:89)

Error occurred prerendering page "/category/sub-categories/lion/promptDetails/wildlife-photographer-moment". Read more: https://nextjs.org/docs/messages/prerender-error

ReferenceError: imageUrl is not defined
    at D (/home/jay/Desktop/prompt/.next/server/pages/category/sub-categories/[subcategories]/promptDetails/[promptSlug].js:1:4355)
    at /home/jay/Desktop/prompt/.next/server/pages/category/sub-categories/[subcategories]/promptDetails/[promptSlug].js:1:4820
    at Wc (/home/jay/Desktop/prompt/node_modules/react-dom/cjs/react-dom-server.browser.production.min.js:68:44)
    at Zc (/home/jay/Desktop/prompt/node_modules/react-dom/cjs/react-dom-server.browser.production.min.js:70:253)
    at Z (/home/jay/Desktop/prompt/node_modules/react-dom/cjs/react-dom-server.browser.production.min.js:76:89)
    at Zc (/home/jay/Desktop/prompt/node_modules/react-dom/cjs/react-dom-server.browser.production.min.js:70:481)
    at Z (/home/jay/Desktop/prompt/node_modules/react-dom/cjs/react-dom-server.browser.production.min.js:76:89)
    at $c (/home/jay/Desktop/prompt/node_modules/react-dom/cjs/react-dom-server.browser.production.min.js:78:98)
    at Zc (/home/jay/Desktop/prompt/node_modules/react-dom/cjs/react-dom-server.browser.production.min.js:71:145)
    at Z (/home/jay/Desktop/prompt/node_modules/react-dom/cjs/react-dom-server.browser.production.min.js:76:89)
[Build Time] Fetching all categories from: https://admin.promptland.in/api/get_categories
[Build Time] Successfully fetched 29 categories
[Build Time] Fetching prompts for category 8, subcategory none
[Build Time] Successfully fetched 19 prompts for category 8
[Build Time] Fetching all categories from: https://admin.promptland.in/api/get_categories
[Build Time] Successfully fetched 29 categories
[Build Time] Fetching prompts for category 8, subcategory none
[Build Time] Successfully fetched 19 prompts for category 8
[Build Time] Fetching all categories from: https://admin.promptland.in/api/get_categories
[Build Time] Successfully fetched 29 categories
[Build Time] Fetching prompts for category 8, subcategory none
[Build Time] Successfully fetched 19 prompts for category 8
[Build Time] Fetching all categories from: https://admin.promptland.in/api/get_categories
[Build Time] Successfully fetched 29 categories
[Build Time] Fetching prompts for category 15, subcategory none
[Build Time] Successfully fetched 5 prompts for category 15
[Build Time] Fetching all categories from: https://admin.promptland.in/api/get_categories
[Build Time] Successfully fetched 29 categories
[Build Time] Fetching prompts for category 8, subcategory none
[Build Time] Successfully fetched 19 prompts for category 8
[Build Time] Fetching all categories from: https://admin.promptland.in/api/get_categories
[Build Time] Successfully fetched 29 categories
[Build Time] Fetching prompts for category 8, subcategory none
[Build Time] Successfully fetched 19 prompts for category 8
[Build Time] Fetching all categories from: https://admin.promptland.in/api/get_categories
[Build Time] Successfully fetched 29 categories
[Build Time] Fetching prompts for category 8, subcategory none
[Build Time] Successfully fetched 19 prompts for category 8
ReferenceError: imageUrl is not defined
    at D (/home/jay/Desktop/prompt/.next/server/pages/category/sub-categories/[subcategories]/promptDetails/[promptSlug].js:1:4355)
    at /home/jay/Desktop/prompt/.next/server/pages/category/sub-categories/[subcategories]/promptDetails/[promptSlug].js:1:4820
    at Wc (/home/jay/Desktop/prompt/node_modules/react-dom/cjs/react-dom-server.browser.production.min.js:68:44)
    at Zc (/home/jay/Desktop/prompt/node_modules/react-dom/cjs/react-dom-server.browser.production.min.js:70:253)
    at Z (/home/jay/Desktop/prompt/node_modules/react-dom/cjs/react-dom-server.browser.production.min.js:76:89)
    at Zc (/home/jay/Desktop/prompt/node_modules/react-dom/cjs/react-dom-server.browser.production.min.js:70:481)
    at Z (/home/jay/Desktop/prompt/node_modules/react-dom/cjs/react-dom-server.browser.production.min.js:76:89)
    at $c (/home/jay/Desktop/prompt/node_modules/react-dom/cjs/react-dom-server.browser.production.min.js:78:98)
    at Zc (/home/jay/Desktop/prompt/node_modules/react-dom/cjs/react-dom-server.browser.production.min.js:71:145)
    at Z (/home/jay/Desktop/prompt/node_modules/react-dom/cjs/react-dom-server.browser.production.min.js:76:89)

Error occurred prerendering page "/category/sub-categories/lion/promptDetails/walking-through-smoke-with-panther-and-lion". Read more: https://nextjs.org/docs/messages/prerender-error

ReferenceError: imageUrl is not defined
    at D (/home/jay/Desktop/prompt/.next/server/pages/category/sub-categories/[subcategories]/promptDetails/[promptSlug].js:1:4355)
    at /home/jay/Desktop/prompt/.next/server/pages/category/sub-categories/[subcategories]/promptDetails/[promptSlug].js:1:4820
    at Wc (/home/jay/Desktop/prompt/node_modules/react-dom/cjs/react-dom-server.browser.production.min.js:68:44)
    at Zc (/home/jay/Desktop/prompt/node_modules/react-dom/cjs/react-dom-server.browser.production.min.js:70:253)
    at Z (/home/jay/Desktop/prompt/node_modules/react-dom/cjs/react-dom-server.browser.production.min.js:76:89)
    at Zc (/home/jay/Desktop/prompt/node_modules/react-dom/cjs/react-dom-server.browser.production.min.js:70:481)
    at Z (/home/jay/Desktop/prompt/node_modules/react-dom/cjs/react-dom-server.browser.production.min.js:76:89)
    at $c (/home/jay/Desktop/prompt/node_modules/react-dom/cjs/react-dom-server.browser.production.min.js:78:98)
    at Zc (/home/jay/Desktop/prompt/node_modules/react-dom/cjs/react-dom-server.browser.production.min.js:71:145)
    at Z (/home/jay/Desktop/prompt/node_modules/react-dom/cjs/react-dom-server.browser.production.min.js:76:89)
ReferenceError: imageUrl is not defined
    at D (/home/jay/Desktop/prompt/.next/server/pages/category/sub-categories/[subcategories]/promptDetails/[promptSlug].js:1:4355)
    at /home/jay/Desktop/prompt/.next/server/pages/category/sub-categories/[subcategories]/promptDetails/[promptSlug].js:1:4820
    at Wc (/home/jay/Desktop/prompt/node_modules/react-dom/cjs/react-dom-server.browser.production.min.js:68:44)
    at Zc (/home/jay/Desktop/prompt/node_modules/react-dom/cjs/react-dom-server.browser.production.min.js:70:253)
    at Z (/home/jay/Desktop/prompt/node_modules/react-dom/cjs/react-dom-server.browser.production.min.js:76:89)
    at Zc (/home/jay/Desktop/prompt/node_modules/react-dom/cjs/react-dom-server.browser.production.min.js:70:481)
    at Z (/home/jay/Desktop/prompt/node_modules/react-dom/cjs/react-dom-server.browser.production.min.js:76:89)
    at $c (/home/jay/Desktop/prompt/node_modules/react-dom/cjs/react-dom-server.browser.production.min.js:78:98)
    at Zc (/home/jay/Desktop/prompt/node_modules/react-dom/cjs/react-dom-server.browser.production.min.js:71:145)
    at Z (/home/jay/Desktop/prompt/node_modules/react-dom/cjs/react-dom-server.browser.production.min.js:76:89)

Error occurred prerendering page "/category/sub-categories/profession/promptDetails/levitation-creative-professional-scene". Read more: https://nextjs.org/docs/messages/prerender-error

ReferenceError: imageUrl is not defined
    at D (/home/jay/Desktop/prompt/.next/server/pages/category/sub-categories/[subcategories]/promptDetails/[promptSlug].js:1:4355)
    at /home/jay/Desktop/prompt/.next/server/pages/category/sub-categories/[subcategories]/promptDetails/[promptSlug].js:1:4820
    at Wc (/home/jay/Desktop/prompt/node_modules/react-dom/cjs/react-dom-server.browser.production.min.js:68:44)
    at Zc (/home/jay/Desktop/prompt/node_modules/react-dom/cjs/react-dom-server.browser.production.min.js:70:253)
    at Z (/home/jay/Desktop/prompt/node_modules/react-dom/cjs/react-dom-server.browser.production.min.js:76:89)
    at Zc (/home/jay/Desktop/prompt/node_modules/react-dom/cjs/react-dom-server.browser.production.min.js:70:481)
    at Z (/home/jay/Desktop/prompt/node_modules/react-dom/cjs/react-dom-server.browser.production.min.js:76:89)
    at $c (/home/jay/Desktop/prompt/node_modules/react-dom/cjs/react-dom-server.browser.production.min.js:78:98)
    at Zc (/home/jay/Desktop/prompt/node_modules/react-dom/cjs/react-dom-server.browser.production.min.js:71:145)
    at Z (/home/jay/Desktop/prompt/node_modules/react-dom/cjs/react-dom-server.browser.production.min.js:76:89)
ReferenceError: imageUrl is not defined
    at D (/home/jay/Desktop/prompt/.next/server/pages/category/sub-categories/[subcategories]/promptDetails/[promptSlug].js:1:4355)
    at /home/jay/Desktop/prompt/.next/server/pages/category/sub-categories/[subcategories]/promptDetails/[promptSlug].js:1:4820
    at Wc (/home/jay/Desktop/prompt/node_modules/react-dom/cjs/react-dom-server.browser.production.min.js:68:44)
    at Zc (/home/jay/Desktop/prompt/node_modules/react-dom/cjs/react-dom-server.browser.production.min.js:70:253)
    at Z (/home/jay/Desktop/prompt/node_modules/react-dom/cjs/react-dom-server.browser.production.min.js:76:89)
    at Zc (/home/jay/Desktop/prompt/node_modules/react-dom/cjs/react-dom-server.browser.production.min.js:70:481)
    at Z (/home/jay/Desktop/prompt/node_modules/react-dom/cjs/react-dom-server.browser.production.min.js:76:89)
    at $c (/home/jay/Desktop/prompt/node_modules/react-dom/cjs/react-dom-server.browser.production.min.js:78:98)
    at Zc (/home/jay/Desktop/prompt/node_modules/react-dom/cjs/react-dom-server.browser.production.min.js:71:145)
    at Z (/home/jay/Desktop/prompt/node_modules/react-dom/cjs/react-dom-server.browser.production.min.js:76:89)

Error occurred prerendering page "/category/sub-categories/profession/promptDetails/rustic-guitar-portrait". Read more: https://nextjs.org/docs/messages/prerender-error

ReferenceError: imageUrl is not defined
    at D (/home/jay/Desktop/prompt/.next/server/pages/category/sub-categories/[subcategories]/promptDetails/[promptSlug].js:1:4355)
    at /home/jay/Desktop/prompt/.next/server/pages/category/sub-categories/[subcategories]/promptDetails/[promptSlug].js:1:4820
    at Wc (/home/jay/Desktop/prompt/node_modules/react-dom/cjs/react-dom-server.browser.production.min.js:68:44)
    at Zc (/home/jay/Desktop/prompt/node_modules/react-dom/cjs/react-dom-server.browser.production.min.js:70:253)
    at Z (/home/jay/Desktop/prompt/node_modules/react-dom/cjs/react-dom-server.browser.production.min.js:76:89)
    at Zc (/home/jay/Desktop/prompt/node_modules/react-dom/cjs/react-dom-server.browser.production.min.js:70:481)
    at Z (/home/jay/Desktop/prompt/node_modules/react-dom/cjs/react-dom-server.browser.production.min.js:76:89)
    at $c (/home/jay/Desktop/prompt/node_modules/react-dom/cjs/react-dom-server.browser.production.min.js:78:98)
    at Zc (/home/jay/Desktop/prompt/node_modules/react-dom/cjs/react-dom-server.browser.production.min.js:71:145)
    at Z (/home/jay/Desktop/prompt/node_modules/react-dom/cjs/react-dom-server.browser.production.min.js:76:89)
ReferenceError: imageUrl is not defined
    at D (/home/jay/Desktop/prompt/.next/server/pages/category/sub-categories/[subcategories]/promptDetails/[promptSlug].js:1:4355)
    at /home/jay/Desktop/prompt/.next/server/pages/category/sub-categories/[subcategories]/promptDetails/[promptSlug].js:1:4820
    at Wc (/home/jay/Desktop/prompt/node_modules/react-dom/cjs/react-dom-server.browser.production.min.js:68:44)
    at Zc (/home/jay/Desktop/prompt/node_modules/react-dom/cjs/react-dom-server.browser.production.min.js:70:253)
    at Z (/home/jay/Desktop/prompt/node_modules/react-dom/cjs/react-dom-server.browser.production.min.js:76:89)
    at Zc (/home/jay/Desktop/prompt/node_modules/react-dom/cjs/react-dom-server.browser.production.min.js:70:481)
    at Z (/home/jay/Desktop/prompt/node_modules/react-dom/cjs/react-dom-server.browser.production.min.js:76:89)
    at $c (/home/jay/Desktop/prompt/node_modules/react-dom/cjs/react-dom-server.browser.production.min.js:78:98)
    at Zc (/home/jay/Desktop/prompt/node_modules/react-dom/cjs/react-dom-server.browser.production.min.js:71:145)
    at Z (/home/jay/Desktop/prompt/node_modules/react-dom/cjs/react-dom-server.browser.production.min.js:76:89)

Error occurred prerendering page "/category/sub-categories/profession/promptDetails/high-fashion-studio-portrait". Read more: https://nextjs.org/docs/messages/prerender-error

ReferenceError: imageUrl is not defined
    at D (/home/jay/Desktop/prompt/.next/server/pages/category/sub-categories/[subcategories]/promptDetails/[promptSlug].js:1:4355)
    at /home/jay/Desktop/prompt/.next/server/pages/category/sub-categories/[subcategories]/promptDetails/[promptSlug].js:1:4820
    at Wc (/home/jay/Desktop/prompt/node_modules/react-dom/cjs/react-dom-server.browser.production.min.js:68:44)
    at Zc (/home/jay/Desktop/prompt/node_modules/react-dom/cjs/react-dom-server.browser.production.min.js:70:253)
    at Z (/home/jay/Desktop/prompt/node_modules/react-dom/cjs/react-dom-server.browser.production.min.js:76:89)
    at Zc (/home/jay/Desktop/prompt/node_modules/react-dom/cjs/react-dom-server.browser.production.min.js:70:481)
    at Z (/home/jay/Desktop/prompt/node_modules/react-dom/cjs/react-dom-server.browser.production.min.js:76:89)
    at $c (/home/jay/Desktop/prompt/node_modules/react-dom/cjs/react-dom-server.browser.production.min.js:78:98)
    at Zc (/home/jay/Desktop/prompt/node_modules/react-dom/cjs/react-dom-server.browser.production.min.js:71:145)
    at Z (/home/jay/Desktop/prompt/node_modules/react-dom/cjs/react-dom-server.browser.production.min.js:76:89)
ReferenceError: imageUrl is not defined
    at D (/home/jay/Desktop/prompt/.next/server/pages/category/sub-categories/[subcategories]/promptDetails/[promptSlug].js:1:4355)
    at /home/jay/Desktop/prompt/.next/server/pages/category/sub-categories/[subcategories]/promptDetails/[promptSlug].js:1:4820
    at Wc (/home/jay/Desktop/prompt/node_modules/react-dom/cjs/react-dom-server.browser.production.min.js:68:44)
    at Zc (/home/jay/Desktop/prompt/node_modules/react-dom/cjs/react-dom-server.browser.production.min.js:70:253)
    at Z (/home/jay/Desktop/prompt/node_modules/react-dom/cjs/react-dom-server.browser.production.min.js:76:89)
    at Zc (/home/jay/Desktop/prompt/node_modules/react-dom/cjs/react-dom-server.browser.production.min.js:70:481)
    at Z (/home/jay/Desktop/prompt/node_modules/react-dom/cjs/react-dom-server.browser.production.min.js:76:89)
    at $c (/home/jay/Desktop/prompt/node_modules/react-dom/cjs/react-dom-server.browser.production.min.js:78:98)
    at Zc (/home/jay/Desktop/prompt/node_modules/react-dom/cjs/react-dom-server.browser.production.min.js:71:145)
    at Z (/home/jay/Desktop/prompt/node_modules/react-dom/cjs/react-dom-server.browser.production.min.js:76:89)

Error occurred prerendering page "/category/sub-categories/profession/promptDetails/cozy-cinematic-reading-portrait". Read more: https://nextjs.org/docs/messages/prerender-error

ReferenceError: imageUrl is not defined
    at D (/home/jay/Desktop/prompt/.next/server/pages/category/sub-categories/[subcategories]/promptDetails/[promptSlug].js:1:4355)
    at /home/jay/Desktop/prompt/.next/server/pages/category/sub-categories/[subcategories]/promptDetails/[promptSlug].js:1:4820
    at Wc (/home/jay/Desktop/prompt/node_modules/react-dom/cjs/react-dom-server.browser.production.min.js:68:44)
    at Zc (/home/jay/Desktop/prompt/node_modules/react-dom/cjs/react-dom-server.browser.production.min.js:70:253)
    at Z (/home/jay/Desktop/prompt/node_modules/react-dom/cjs/react-dom-server.browser.production.min.js:76:89)
    at Zc (/home/jay/Desktop/prompt/node_modules/react-dom/cjs/react-dom-server.browser.production.min.js:70:481)
    at Z (/home/jay/Desktop/prompt/node_modules/react-dom/cjs/react-dom-server.browser.production.min.js:76:89)
    at $c (/home/jay/Desktop/prompt/node_modules/react-dom/cjs/react-dom-server.browser.production.min.js:78:98)
    at Zc (/home/jay/Desktop/prompt/node_modules/react-dom/cjs/react-dom-server.browser.production.min.js:71:145)
    at Z (/home/jay/Desktop/prompt/node_modules/react-dom/cjs/react-dom-server.browser.production.min.js:76:89)
ReferenceError: imageUrl is not defined
    at D (/home/jay/Desktop/prompt/.next/server/pages/category/sub-categories/[subcategories]/promptDetails/[promptSlug].js:1:4355)
    at /home/jay/Desktop/prompt/.next/server/pages/category/sub-categories/[subcategories]/promptDetails/[promptSlug].js:1:4820
    at Wc (/home/jay/Desktop/prompt/node_modules/react-dom/cjs/react-dom-server.browser.production.min.js:68:44)
    at Zc (/home/jay/Desktop/prompt/node_modules/react-dom/cjs/react-dom-server.browser.production.min.js:70:253)
    at Z (/home/jay/Desktop/prompt/node_modules/react-dom/cjs/react-dom-server.browser.production.min.js:76:89)
    at Zc (/home/jay/Desktop/prompt/node_modules/react-dom/cjs/react-dom-server.browser.production.min.js:70:481)
    at Z (/home/jay/Desktop/prompt/node_modules/react-dom/cjs/react-dom-server.browser.production.min.js:76:89)
    at $c (/home/jay/Desktop/prompt/node_modules/react-dom/cjs/react-dom-server.browser.production.min.js:78:98)
    at Zc (/home/jay/Desktop/prompt/node_modules/react-dom/cjs/react-dom-server.browser.production.min.js:71:145)
    at Z (/home/jay/Desktop/prompt/node_modules/react-dom/cjs/react-dom-server.browser.production.min.js:76:89)

Error occurred prerendering page "/category/sub-categories/profession/promptDetails/cinematic-editorial-smoke-portrait". Read more: https://nextjs.org/docs/messages/prerender-error

ReferenceError: imageUrl is not defined
    at D (/home/jay/Desktop/prompt/.next/server/pages/category/sub-categories/[subcategories]/promptDetails/[promptSlug].js:1:4355)
    at /home/jay/Desktop/prompt/.next/server/pages/category/sub-categories/[subcategories]/promptDetails/[promptSlug].js:1:4820
    at Wc (/home/jay/Desktop/prompt/node_modules/react-dom/cjs/react-dom-server.browser.production.min.js:68:44)
    at Zc (/home/jay/Desktop/prompt/node_modules/react-dom/cjs/react-dom-server.browser.production.min.js:70:253)
    at Z (/home/jay/Desktop/prompt/node_modules/react-dom/cjs/react-dom-server.browser.production.min.js:76:89)
    at Zc (/home/jay/Desktop/prompt/node_modules/react-dom/cjs/react-dom-server.browser.production.min.js:70:481)
    at Z (/home/jay/Desktop/prompt/node_modules/react-dom/cjs/react-dom-server.browser.production.min.js:76:89)
    at $c (/home/jay/Desktop/prompt/node_modules/react-dom/cjs/react-dom-server.browser.production.min.js:78:98)
    at Zc (/home/jay/Desktop/prompt/node_modules/react-dom/cjs/react-dom-server.browser.production.min.js:71:145)
    at Z (/home/jay/Desktop/prompt/node_modules/react-dom/cjs/react-dom-server.browser.production.min.js:76:89)
ReferenceError: imageUrl is not defined
    at D (/home/jay/Desktop/prompt/.next/server/pages/category/sub-categories/[subcategories]/promptDetails/[promptSlug].js:1:4355)
    at /home/jay/Desktop/prompt/.next/server/pages/category/sub-categories/[subcategories]/promptDetails/[promptSlug].js:1:4820
    at Wc (/home/jay/Desktop/prompt/node_modules/react-dom/cjs/react-dom-server.browser.production.min.js:68:44)
    at Zc (/home/jay/Desktop/prompt/node_modules/react-dom/cjs/react-dom-server.browser.production.min.js:70:253)
    at Z (/home/jay/Desktop/prompt/node_modules/react-dom/cjs/react-dom-server.browser.production.min.js:76:89)
    at Zc (/home/jay/Desktop/prompt/node_modules/react-dom/cjs/react-dom-server.browser.production.min.js:70:481)
    at Z (/home/jay/Desktop/prompt/node_modules/react-dom/cjs/react-dom-server.browser.production.min.js:76:89)
    at $c (/home/jay/Desktop/prompt/node_modules/react-dom/cjs/react-dom-server.browser.production.min.js:78:98)
    at Zc (/home/jay/Desktop/prompt/node_modules/react-dom/cjs/react-dom-server.browser.production.min.js:71:145)
    at Z (/home/jay/Desktop/prompt/node_modules/react-dom/cjs/react-dom-server.browser.production.min.js:76:89)

Error occurred prerendering page "/category/sub-categories/profession/promptDetails/marble-glass-storm-portrait". Read more: https://nextjs.org/docs/messages/prerender-error

ReferenceError: imageUrl is not defined
    at D (/home/jay/Desktop/prompt/.next/server/pages/category/sub-categories/[subcategories]/promptDetails/[promptSlug].js:1:4355)
    at /home/jay/Desktop/prompt/.next/server/pages/category/sub-categories/[subcategories]/promptDetails/[promptSlug].js:1:4820
    at Wc (/home/jay/Desktop/prompt/node_modules/react-dom/cjs/react-dom-server.browser.production.min.js:68:44)
    at Zc (/home/jay/Desktop/prompt/node_modules/react-dom/cjs/react-dom-server.browser.production.min.js:70:253)
    at Z (/home/jay/Desktop/prompt/node_modules/react-dom/cjs/react-dom-server.browser.production.min.js:76:89)
    at Zc (/home/jay/Desktop/prompt/node_modules/react-dom/cjs/react-dom-server.browser.production.min.js:70:481)
    at Z (/home/jay/Desktop/prompt/node_modules/react-dom/cjs/react-dom-server.browser.production.min.js:76:89)
    at $c (/home/jay/Desktop/prompt/node_modules/react-dom/cjs/react-dom-server.browser.production.min.js:78:98)
    at Zc (/home/jay/Desktop/prompt/node_modules/react-dom/cjs/react-dom-server.browser.production.min.js:71:145)
    at Z (/home/jay/Desktop/prompt/node_modules/react-dom/cjs/react-dom-server.browser.production.min.js:76:89)
[Build Time] Fetching all categories from: https://admin.promptland.in/api/get_categories
[Build Time] Successfully fetched 29 categories
[Build Time] Fetching prompts for category 8, subcategory none
[Build Time] Fetching all categories from: https://admin.promptland.in/api/get_categories
[Build Time] Successfully fetched 29 categories
[Build Time] Fetching prompts for category 8, subcategory none
[Build Time] Fetching all categories from: https://admin.promptland.in/api/get_categories
[Build Time] Successfully fetched 29 categories
[Build Time] Fetching prompts for category 8, subcategory none
[Build Time] Fetching all categories from: https://admin.promptland.in/api/get_categories
[Build Time] Successfully fetched 29 categories
[Build Time] Fetching prompts for category 8, subcategory none
[Build Time] Fetching all categories from: https://admin.promptland.in/api/get_categories
[Build Time] Successfully fetched 29 categories
[Build Time] Fetching prompts for category 8, subcategory none
[Build Time] Fetching all categories from: https://admin.promptland.in/api/get_categories
[Build Time] Successfully fetched 29 categories
[Build Time] Fetching prompts for category 8, subcategory none
[Build Time] Fetching all categories from: https://admin.promptland.in/api/get_categories
[Build Time] Successfully fetched 29 categories
[Build Time] Fetching prompts for category 8, subcategory none
[Build Time] Successfully fetched 19 prompts for category 8
ReferenceError: imageUrl is not defined
    at D (/home/jay/Desktop/prompt/.next/server/pages/category/sub-categories/[subcategories]/promptDetails/[promptSlug].js:1:4355)
    at /home/jay/Desktop/prompt/.next/server/pages/category/sub-categories/[subcategories]/promptDetails/[promptSlug].js:1:4820
    at Wc (/home/jay/Desktop/prompt/node_modules/react-dom/cjs/react-dom-server.browser.production.min.js:68:44)
    at Zc (/home/jay/Desktop/prompt/node_modules/react-dom/cjs/react-dom-server.browser.production.min.js:70:253)
    at Z (/home/jay/Desktop/prompt/node_modules/react-dom/cjs/react-dom-server.browser.production.min.js:76:89)
    at Zc (/home/jay/Desktop/prompt/node_modules/react-dom/cjs/react-dom-server.browser.production.min.js:70:481)
    at Z (/home/jay/Desktop/prompt/node_modules/react-dom/cjs/react-dom-server.browser.production.min.js:76:89)
    at $c (/home/jay/Desktop/prompt/node_modules/react-dom/cjs/react-dom-server.browser.production.min.js:78:98)
    at Zc (/home/jay/Desktop/prompt/node_modules/react-dom/cjs/react-dom-server.browser.production.min.js:71:145)
    at Z (/home/jay/Desktop/prompt/node_modules/react-dom/cjs/react-dom-server.browser.production.min.js:76:89)

Error occurred prerendering page "/category/sub-categories/profession/promptDetails/piano-garden-portrait". Read more: https://nextjs.org/docs/messages/prerender-error

ReferenceError: imageUrl is not defined
    at D (/home/jay/Desktop/prompt/.next/server/pages/category/sub-categories/[subcategories]/promptDetails/[promptSlug].js:1:4355)
    at /home/jay/Desktop/prompt/.next/server/pages/category/sub-categories/[subcategories]/promptDetails/[promptSlug].js:1:4820
    at Wc (/home/jay/Desktop/prompt/node_modules/react-dom/cjs/react-dom-server.browser.production.min.js:68:44)
    at Zc (/home/jay/Desktop/prompt/node_modules/react-dom/cjs/react-dom-server.browser.production.min.js:70:253)
    at Z (/home/jay/Desktop/prompt/node_modules/react-dom/cjs/react-dom-server.browser.production.min.js:76:89)
    at Zc (/home/jay/Desktop/prompt/node_modules/react-dom/cjs/react-dom-server.browser.production.min.js:70:481)
    at Z (/home/jay/Desktop/prompt/node_modules/react-dom/cjs/react-dom-server.browser.production.min.js:76:89)
    at $c (/home/jay/Desktop/prompt/node_modules/react-dom/cjs/react-dom-server.browser.production.min.js:78:98)
    at Zc (/home/jay/Desktop/prompt/node_modules/react-dom/cjs/react-dom-server.browser.production.min.js:71:145)
    at Z (/home/jay/Desktop/prompt/node_modules/react-dom/cjs/react-dom-server.browser.production.min.js:76:89)
[Build Time] Successfully fetched 19 prompts for category 8
ReferenceError: imageUrl is not defined
    at D (/home/jay/Desktop/prompt/.next/server/pages/category/sub-categories/[subcategories]/promptDetails/[promptSlug].js:1:4355)
    at /home/jay/Desktop/prompt/.next/server/pages/category/sub-categories/[subcategories]/promptDetails/[promptSlug].js:1:4820
    at Wc (/home/jay/Desktop/prompt/node_modules/react-dom/cjs/react-dom-server.browser.production.min.js:68:44)
    at Zc (/home/jay/Desktop/prompt/node_modules/react-dom/cjs/react-dom-server.browser.production.min.js:70:253)
    at Z (/home/jay/Desktop/prompt/node_modules/react-dom/cjs/react-dom-server.browser.production.min.js:76:89)
    at Zc (/home/jay/Desktop/prompt/node_modules/react-dom/cjs/react-dom-server.browser.production.min.js:70:481)
    at Z (/home/jay/Desktop/prompt/node_modules/react-dom/cjs/react-dom-server.browser.production.min.js:76:89)
    at $c (/home/jay/Desktop/prompt/node_modules/react-dom/cjs/react-dom-server.browser.production.min.js:78:98)
    at Zc (/home/jay/Desktop/prompt/node_modules/react-dom/cjs/react-dom-server.browser.production.min.js:71:145)
    at Z (/home/jay/Desktop/prompt/node_modules/react-dom/cjs/react-dom-server.browser.production.min.js:76:89)

Error occurred prerendering page "/category/sub-categories/profession/promptDetails/ultra-realistic-stylish-young-man-portrait". Read more: https://nextjs.org/docs/messages/prerender-error

ReferenceError: imageUrl is not defined
    at D (/home/jay/Desktop/prompt/.next/server/pages/category/sub-categories/[subcategories]/promptDetails/[promptSlug].js:1:4355)
    at /home/jay/Desktop/prompt/.next/server/pages/category/sub-categories/[subcategories]/promptDetails/[promptSlug].js:1:4820
    at Wc (/home/jay/Desktop/prompt/node_modules/react-dom/cjs/react-dom-server.browser.production.min.js:68:44)
    at Zc (/home/jay/Desktop/prompt/node_modules/react-dom/cjs/react-dom-server.browser.production.min.js:70:253)
    at Z (/home/jay/Desktop/prompt/node_modules/react-dom/cjs/react-dom-server.browser.production.min.js:76:89)
    at Zc (/home/jay/Desktop/prompt/node_modules/react-dom/cjs/react-dom-server.browser.production.min.js:70:481)
    at Z (/home/jay/Desktop/prompt/node_modules/react-dom/cjs/react-dom-server.browser.production.min.js:76:89)
    at $c (/home/jay/Desktop/prompt/node_modules/react-dom/cjs/react-dom-server.browser.production.min.js:78:98)
    at Zc (/home/jay/Desktop/prompt/node_modules/react-dom/cjs/react-dom-server.browser.production.min.js:71:145)
    at Z (/home/jay/Desktop/prompt/node_modules/react-dom/cjs/react-dom-server.browser.production.min.js:76:89)
[Build Time] Successfully fetched 19 prompts for category 8
[Build Time] Successfully fetched 19 prompts for category 8
[Build Time] Successfully fetched 19 prompts for category 8
ReferenceError: imageUrl is not defined
    at D (/home/jay/Desktop/prompt/.next/server/pages/category/sub-categories/[subcategories]/promptDetails/[promptSlug].js:1:4355)
    at /home/jay/Desktop/prompt/.next/server/pages/category/sub-categories/[subcategories]/promptDetails/[promptSlug].js:1:4820
    at Wc (/home/jay/Desktop/prompt/node_modules/react-dom/cjs/react-dom-server.browser.production.min.js:68:44)
    at Zc (/home/jay/Desktop/prompt/node_modules/react-dom/cjs/react-dom-server.browser.production.min.js:70:253)
    at Z (/home/jay/Desktop/prompt/node_modules/react-dom/cjs/react-dom-server.browser.production.min.js:76:89)
    at Zc (/home/jay/Desktop/prompt/node_modules/react-dom/cjs/react-dom-server.browser.production.min.js:70:481)
    at Z (/home/jay/Desktop/prompt/node_modules/react-dom/cjs/react-dom-server.browser.production.min.js:76:89)
    at $c (/home/jay/Desktop/prompt/node_modules/react-dom/cjs/react-dom-server.browser.production.min.js:78:98)
    at Zc (/home/jay/Desktop/prompt/node_modules/react-dom/cjs/react-dom-server.browser.production.min.js:71:145)
    at Z (/home/jay/Desktop/prompt/node_modules/react-dom/cjs/react-dom-server.browser.production.min.js:76:89)

Error occurred prerendering page "/category/sub-categories/profession/promptDetails/industrial-portrait-with-crates". Read more: https://nextjs.org/docs/messages/prerender-error

ReferenceError: imageUrl is not defined
    at D (/home/jay/Desktop/prompt/.next/server/pages/category/sub-categories/[subcategories]/promptDetails/[promptSlug].js:1:4355)
    at /home/jay/Desktop/prompt/.next/server/pages/category/sub-categories/[subcategories]/promptDetails/[promptSlug].js:1:4820
    at Wc (/home/jay/Desktop/prompt/node_modules/react-dom/cjs/react-dom-server.browser.production.min.js:68:44)
    at Zc (/home/jay/Desktop/prompt/node_modules/react-dom/cjs/react-dom-server.browser.production.min.js:70:253)
    at Z (/home/jay/Desktop/prompt/node_modules/react-dom/cjs/react-dom-server.browser.production.min.js:76:89)
    at Zc (/home/jay/Desktop/prompt/node_modules/react-dom/cjs/react-dom-server.browser.production.min.js:70:481)
    at Z (/home/jay/Desktop/prompt/node_modules/react-dom/cjs/react-dom-server.browser.production.min.js:76:89)
    at $c (/home/jay/Desktop/prompt/node_modules/react-dom/cjs/react-dom-server.browser.production.min.js:78:98)
    at Zc (/home/jay/Desktop/prompt/node_modules/react-dom/cjs/react-dom-server.browser.production.min.js:71:145)
    at Z (/home/jay/Desktop/prompt/node_modules/react-dom/cjs/react-dom-server.browser.production.min.js:76:89)
ReferenceError: imageUrl is not defined
    at D (/home/jay/Desktop/prompt/.next/server/pages/category/sub-categories/[subcategories]/promptDetails/[promptSlug].js:1:4355)
    at /home/jay/Desktop/prompt/.next/server/pages/category/sub-categories/[subcategories]/promptDetails/[promptSlug].js:1:4820
    at Wc (/home/jay/Desktop/prompt/node_modules/react-dom/cjs/react-dom-server.browser.production.min.js:68:44)
    at Zc (/home/jay/Desktop/prompt/node_modules/react-dom/cjs/react-dom-server.browser.production.min.js:70:253)
    at Z (/home/jay/Desktop/prompt/node_modules/react-dom/cjs/react-dom-server.browser.production.min.js:76:89)
    at Zc (/home/jay/Desktop/prompt/node_modules/react-dom/cjs/react-dom-server.browser.production.min.js:70:481)
    at Z (/home/jay/Desktop/prompt/node_modules/react-dom/cjs/react-dom-server.browser.production.min.js:76:89)
    at $c (/home/jay/Desktop/prompt/node_modules/react-dom/cjs/react-dom-server.browser.production.min.js:78:98)
    at Zc (/home/jay/Desktop/prompt/node_modules/react-dom/cjs/react-dom-server.browser.production.min.js:71:145)
    at Z (/home/jay/Desktop/prompt/node_modules/react-dom/cjs/react-dom-server.browser.production.min.js:76:89)

Error occurred prerendering page "/category/sub-categories/profession/promptDetails/high-end-office-portrait". Read more: https://nextjs.org/docs/messages/prerender-error

ReferenceError: imageUrl is not defined
    at D (/home/jay/Desktop/prompt/.next/server/pages/category/sub-categories/[subcategories]/promptDetails/[promptSlug].js:1:4355)
    at /home/jay/Desktop/prompt/.next/server/pages/category/sub-categories/[subcategories]/promptDetails/[promptSlug].js:1:4820
    at Wc (/home/jay/Desktop/prompt/node_modules/react-dom/cjs/react-dom-server.browser.production.min.js:68:44)
    at Zc (/home/jay/Desktop/prompt/node_modules/react-dom/cjs/react-dom-server.browser.production.min.js:70:253)
    at Z (/home/jay/Desktop/prompt/node_modules/react-dom/cjs/react-dom-server.browser.production.min.js:76:89)
    at Zc (/home/jay/Desktop/prompt/node_modules/react-dom/cjs/react-dom-server.browser.production.min.js:70:481)
    at Z (/home/jay/Desktop/prompt/node_modules/react-dom/cjs/react-dom-server.browser.production.min.js:76:89)
    at $c (/home/jay/Desktop/prompt/node_modules/react-dom/cjs/react-dom-server.browser.production.min.js:78:98)
    at Zc (/home/jay/Desktop/prompt/node_modules/react-dom/cjs/react-dom-server.browser.production.min.js:71:145)
    at Z (/home/jay/Desktop/prompt/node_modules/react-dom/cjs/react-dom-server.browser.production.min.js:76:89)
ReferenceError: imageUrl is not defined
    at D (/home/jay/Desktop/prompt/.next/server/pages/category/sub-categories/[subcategories]/promptDetails/[promptSlug].js:1:4355)
    at /home/jay/Desktop/prompt/.next/server/pages/category/sub-categories/[subcategories]/promptDetails/[promptSlug].js:1:4820
    at Wc (/home/jay/Desktop/prompt/node_modules/react-dom/cjs/react-dom-server.browser.production.min.js:68:44)
    at Zc (/home/jay/Desktop/prompt/node_modules/react-dom/cjs/react-dom-server.browser.production.min.js:70:253)
    at Z (/home/jay/Desktop/prompt/node_modules/react-dom/cjs/react-dom-server.browser.production.min.js:76:89)
    at Zc (/home/jay/Desktop/prompt/node_modules/react-dom/cjs/react-dom-server.browser.production.min.js:70:481)
    at Z (/home/jay/Desktop/prompt/node_modules/react-dom/cjs/react-dom-server.browser.production.min.js:76:89)
    at $c (/home/jay/Desktop/prompt/node_modules/react-dom/cjs/react-dom-server.browser.production.min.js:78:98)
    at Zc (/home/jay/Desktop/prompt/node_modules/react-dom/cjs/react-dom-server.browser.production.min.js:71:145)
    at Z (/home/jay/Desktop/prompt/node_modules/react-dom/cjs/react-dom-server.browser.production.min.js:76:89)

Error occurred prerendering page "/category/sub-categories/profession/promptDetails/power-pose-corporate-portrait". Read more: https://nextjs.org/docs/messages/prerender-error

ReferenceError: imageUrl is not defined
    at D (/home/jay/Desktop/prompt/.next/server/pages/category/sub-categories/[subcategories]/promptDetails/[promptSlug].js:1:4355)
    at /home/jay/Desktop/prompt/.next/server/pages/category/sub-categories/[subcategories]/promptDetails/[promptSlug].js:1:4820
    at Wc (/home/jay/Desktop/prompt/node_modules/react-dom/cjs/react-dom-server.browser.production.min.js:68:44)
    at Zc (/home/jay/Desktop/prompt/node_modules/react-dom/cjs/react-dom-server.browser.production.min.js:70:253)
    at Z (/home/jay/Desktop/prompt/node_modules/react-dom/cjs/react-dom-server.browser.production.min.js:76:89)
    at Zc (/home/jay/Desktop/prompt/node_modules/react-dom/cjs/react-dom-server.browser.production.min.js:70:481)
    at Z (/home/jay/Desktop/prompt/node_modules/react-dom/cjs/react-dom-server.browser.production.min.js:76:89)
    at $c (/home/jay/Desktop/prompt/node_modules/react-dom/cjs/react-dom-server.browser.production.min.js:78:98)
    at Zc (/home/jay/Desktop/prompt/node_modules/react-dom/cjs/react-dom-server.browser.production.min.js:71:145)
    at Z (/home/jay/Desktop/prompt/node_modules/react-dom/cjs/react-dom-server.browser.production.min.js:76:89)
[Build Time] Successfully fetched 19 prompts for category 8
ReferenceError: imageUrl is not defined
    at D (/home/jay/Desktop/prompt/.next/server/pages/category/sub-categories/[subcategories]/promptDetails/[promptSlug].js:1:4355)
    at /home/jay/Desktop/prompt/.next/server/pages/category/sub-categories/[subcategories]/promptDetails/[promptSlug].js:1:4820
    at Wc (/home/jay/Desktop/prompt/node_modules/react-dom/cjs/react-dom-server.browser.production.min.js:68:44)
    at Zc (/home/jay/Desktop/prompt/node_modules/react-dom/cjs/react-dom-server.browser.production.min.js:70:253)
    at Z (/home/jay/Desktop/prompt/node_modules/react-dom/cjs/react-dom-server.browser.production.min.js:76:89)
    at Zc (/home/jay/Desktop/prompt/node_modules/react-dom/cjs/react-dom-server.browser.production.min.js:70:481)
    at Z (/home/jay/Desktop/prompt/node_modules/react-dom/cjs/react-dom-server.browser.production.min.js:76:89)
    at $c (/home/jay/Desktop/prompt/node_modules/react-dom/cjs/react-dom-server.browser.production.min.js:78:98)
    at Zc (/home/jay/Desktop/prompt/node_modules/react-dom/cjs/react-dom-server.browser.production.min.js:71:145)
    at Z (/home/jay/Desktop/prompt/node_modules/react-dom/cjs/react-dom-server.browser.production.min.js:76:89)

Error occurred prerendering page "/category/sub-categories/profession/promptDetails/minimalist-studio-portrait". Read more: https://nextjs.org/docs/messages/prerender-error

ReferenceError: imageUrl is not defined
    at D (/home/jay/Desktop/prompt/.next/server/pages/category/sub-categories/[subcategories]/promptDetails/[promptSlug].js:1:4355)
    at /home/jay/Desktop/prompt/.next/server/pages/category/sub-categories/[subcategories]/promptDetails/[promptSlug].js:1:4820
    at Wc (/home/jay/Desktop/prompt/node_modules/react-dom/cjs/react-dom-server.browser.production.min.js:68:44)
    at Zc (/home/jay/Desktop/prompt/node_modules/react-dom/cjs/react-dom-server.browser.production.min.js:70:253)
    at Z (/home/jay/Desktop/prompt/node_modules/react-dom/cjs/react-dom-server.browser.production.min.js:76:89)
    at Zc (/home/jay/Desktop/prompt/node_modules/react-dom/cjs/react-dom-server.browser.production.min.js:70:481)
    at Z (/home/jay/Desktop/prompt/node_modules/react-dom/cjs/react-dom-server.browser.production.min.js:76:89)
    at $c (/home/jay/Desktop/prompt/node_modules/react-dom/cjs/react-dom-server.browser.production.min.js:78:98)
    at Zc (/home/jay/Desktop/prompt/node_modules/react-dom/cjs/react-dom-server.browser.production.min.js:71:145)
    at Z (/home/jay/Desktop/prompt/node_modules/react-dom/cjs/react-dom-server.browser.production.min.js:76:89)
[Build Time] Successfully fetched 19 prompts for category 8
ReferenceError: imageUrl is not defined
    at D (/home/jay/Desktop/prompt/.next/server/pages/category/sub-categories/[subcategories]/promptDetails/[promptSlug].js:1:4355)
    at /home/jay/Desktop/prompt/.next/server/pages/category/sub-categories/[subcategories]/promptDetails/[promptSlug].js:1:4820
    at Wc (/home/jay/Desktop/prompt/node_modules/react-dom/cjs/react-dom-server.browser.production.min.js:68:44)
    at Zc (/home/jay/Desktop/prompt/node_modules/react-dom/cjs/react-dom-server.browser.production.min.js:70:253)
    at Z (/home/jay/Desktop/prompt/node_modules/react-dom/cjs/react-dom-server.browser.production.min.js:76:89)
    at Zc (/home/jay/Desktop/prompt/node_modules/react-dom/cjs/react-dom-server.browser.production.min.js:70:481)
    at Z (/home/jay/Desktop/prompt/node_modules/react-dom/cjs/react-dom-server.browser.production.min.js:76:89)
    at $c (/home/jay/Desktop/prompt/node_modules/react-dom/cjs/react-dom-server.browser.production.min.js:78:98)
    at Zc (/home/jay/Desktop/prompt/node_modules/react-dom/cjs/react-dom-server.browser.production.min.js:71:145)
    at Z (/home/jay/Desktop/prompt/node_modules/react-dom/cjs/react-dom-server.browser.production.min.js:76:89)

Error occurred prerendering page "/category/sub-categories/profession/promptDetails/dark-cinematic-guitar-portrait". Read more: https://nextjs.org/docs/messages/prerender-error

ReferenceError: imageUrl is not defined
    at D (/home/jay/Desktop/prompt/.next/server/pages/category/sub-categories/[subcategories]/promptDetails/[promptSlug].js:1:4355)
    at /home/jay/Desktop/prompt/.next/server/pages/category/sub-categories/[subcategories]/promptDetails/[promptSlug].js:1:4820
    at Wc (/home/jay/Desktop/prompt/node_modules/react-dom/cjs/react-dom-server.browser.production.min.js:68:44)
    at Zc (/home/jay/Desktop/prompt/node_modules/react-dom/cjs/react-dom-server.browser.production.min.js:70:253)
    at Z (/home/jay/Desktop/prompt/node_modules/react-dom/cjs/react-dom-server.browser.production.min.js:76:89)
    at Zc (/home/jay/Desktop/prompt/node_modules/react-dom/cjs/react-dom-server.browser.production.min.js:70:481)
    at Z (/home/jay/Desktop/prompt/node_modules/react-dom/cjs/react-dom-server.browser.production.min.js:76:89)
    at $c (/home/jay/Desktop/prompt/node_modules/react-dom/cjs/react-dom-server.browser.production.min.js:78:98)
    at Zc (/home/jay/Desktop/prompt/node_modules/react-dom/cjs/react-dom-server.browser.production.min.js:71:145)
    at Z (/home/jay/Desktop/prompt/node_modules/react-dom/cjs/react-dom-server.browser.production.min.js:76:89)
[Build Time] Fetching all categories from: https://admin.promptland.in/api/get_categories
[Build Time] Fetching all categories from: https://admin.promptland.in/api/get_categories
[Build Time] Fetching all categories from: https://admin.promptland.in/api/get_categories
[Build Time] Fetching all categories from: https://admin.promptland.in/api/get_categories
[Build Time] Fetching all categories from: https://admin.promptland.in/api/get_categories
[Build Time] Successfully fetched 29 categories
[Build Time] Fetching prompts for category 8, subcategory none
[Build Time] Fetching all categories from: https://admin.promptland.in/api/get_categories
[Build Time] Fetching all categories from: https://admin.promptland.in/api/get_categories
[Build Time] Successfully fetched 19 prompts for category 8
ReferenceError: imageUrl is not defined
    at D (/home/jay/Desktop/prompt/.next/server/pages/category/sub-categories/[subcategories]/promptDetails/[promptSlug].js:1:4355)
    at /home/jay/Desktop/prompt/.next/server/pages/category/sub-categories/[subcategories]/promptDetails/[promptSlug].js:1:4820
    at Wc (/home/jay/Desktop/prompt/node_modules/react-dom/cjs/react-dom-server.browser.production.min.js:68:44)
    at Zc (/home/jay/Desktop/prompt/node_modules/react-dom/cjs/react-dom-server.browser.production.min.js:70:253)
    at Z (/home/jay/Desktop/prompt/node_modules/react-dom/cjs/react-dom-server.browser.production.min.js:76:89)
    at Zc (/home/jay/Desktop/prompt/node_modules/react-dom/cjs/react-dom-server.browser.production.min.js:70:481)
    at Z (/home/jay/Desktop/prompt/node_modules/react-dom/cjs/react-dom-server.browser.production.min.js:76:89)
    at $c (/home/jay/Desktop/prompt/node_modules/react-dom/cjs/react-dom-server.browser.production.min.js:78:98)
    at Zc (/home/jay/Desktop/prompt/node_modules/react-dom/cjs/react-dom-server.browser.production.min.js:71:145)
    at Z (/home/jay/Desktop/prompt/node_modules/react-dom/cjs/react-dom-server.browser.production.min.js:76:89)

Error occurred prerendering page "/category/sub-categories/profession/promptDetails/penthouse-window-portrait". Read more: https://nextjs.org/docs/messages/prerender-error

ReferenceError: imageUrl is not defined
    at D (/home/jay/Desktop/prompt/.next/server/pages/category/sub-categories/[subcategories]/promptDetails/[promptSlug].js:1:4355)
    at /home/jay/Desktop/prompt/.next/server/pages/category/sub-categories/[subcategories]/promptDetails/[promptSlug].js:1:4820
    at Wc (/home/jay/Desktop/prompt/node_modules/react-dom/cjs/react-dom-server.browser.production.min.js:68:44)
    at Zc (/home/jay/Desktop/prompt/node_modules/react-dom/cjs/react-dom-server.browser.production.min.js:70:253)
    at Z (/home/jay/Desktop/prompt/node_modules/react-dom/cjs/react-dom-server.browser.production.min.js:76:89)
    at Zc (/home/jay/Desktop/prompt/node_modules/react-dom/cjs/react-dom-server.browser.production.min.js:70:481)
    at Z (/home/jay/Desktop/prompt/node_modules/react-dom/cjs/react-dom-server.browser.production.min.js:76:89)
    at $c (/home/jay/Desktop/prompt/node_modules/react-dom/cjs/react-dom-server.browser.production.min.js:78:98)
    at Zc (/home/jay/Desktop/prompt/node_modules/react-dom/cjs/react-dom-server.browser.production.min.js:71:145)
    at Z (/home/jay/Desktop/prompt/node_modules/react-dom/cjs/react-dom-server.browser.production.min.js:76:89)
[Build Time] Successfully fetched 29 categories
[Build Time] Fetching prompts for category 8, subcategory none
[Build Time] Successfully fetched 19 prompts for category 8
[Build Time] Successfully fetched 29 categories
[Build Time] Fetching prompts for category 8, subcategory none
[Build Time] Successfully fetched 19 prompts for category 8
[Build Time] Successfully fetched 29 categories
[Build Time] Fetching prompts for category 8, subcategory none
[Build Time] Successfully fetched 19 prompts for category 8
[Build Time] Successfully fetched 29 categories
[Build Time] Fetching prompts for category 10, subcategory none
[Build Time] Successfully fetched 33 prompts for category 10
[Build Time] Successfully fetched 29 categories
[Build Time] Fetching prompts for category 8, subcategory none
[Build Time] Successfully fetched 19 prompts for category 8
[Build Time] Successfully fetched 29 categories
[Build Time] Fetching prompts for category 8, subcategory none
[Build Time] Successfully fetched 19 prompts for category 8
ReferenceError: imageUrl is not defined
    at D (/home/jay/Desktop/prompt/.next/server/pages/category/sub-categories/[subcategories]/promptDetails/[promptSlug].js:1:4355)
    at /home/jay/Desktop/prompt/.next/server/pages/category/sub-categories/[subcategories]/promptDetails/[promptSlug].js:1:4820
    at Wc (/home/jay/Desktop/prompt/node_modules/react-dom/cjs/react-dom-server.browser.production.min.js:68:44)
    at Zc (/home/jay/Desktop/prompt/node_modules/react-dom/cjs/react-dom-server.browser.production.min.js:70:253)
    at Z (/home/jay/Desktop/prompt/node_modules/react-dom/cjs/react-dom-server.browser.production.min.js:76:89)
    at Zc (/home/jay/Desktop/prompt/node_modules/react-dom/cjs/react-dom-server.browser.production.min.js:70:481)
    at Z (/home/jay/Desktop/prompt/node_modules/react-dom/cjs/react-dom-server.browser.production.min.js:76:89)
    at $c (/home/jay/Desktop/prompt/node_modules/react-dom/cjs/react-dom-server.browser.production.min.js:78:98)
    at Zc (/home/jay/Desktop/prompt/node_modules/react-dom/cjs/react-dom-server.browser.production.min.js:71:145)
    at Z (/home/jay/Desktop/prompt/node_modules/react-dom/cjs/react-dom-server.browser.production.min.js:76:89)

Error occurred prerendering page "/category/sub-categories/profession/promptDetails/indoor-lifestyle-neon-scene". Read more: https://nextjs.org/docs/messages/prerender-error

ReferenceError: imageUrl is not defined
    at D (/home/jay/Desktop/prompt/.next/server/pages/category/sub-categories/[subcategories]/promptDetails/[promptSlug].js:1:4355)
    at /home/jay/Desktop/prompt/.next/server/pages/category/sub-categories/[subcategories]/promptDetails/[promptSlug].js:1:4820
    at Wc (/home/jay/Desktop/prompt/node_modules/react-dom/cjs/react-dom-server.browser.production.min.js:68:44)
    at Zc (/home/jay/Desktop/prompt/node_modules/react-dom/cjs/react-dom-server.browser.production.min.js:70:253)
    at Z (/home/jay/Desktop/prompt/node_modules/react-dom/cjs/react-dom-server.browser.production.min.js:76:89)
    at Zc (/home/jay/Desktop/prompt/node_modules/react-dom/cjs/react-dom-server.browser.production.min.js:70:481)
    at Z (/home/jay/Desktop/prompt/node_modules/react-dom/cjs/react-dom-server.browser.production.min.js:76:89)
    at $c (/home/jay/Desktop/prompt/node_modules/react-dom/cjs/react-dom-server.browser.production.min.js:78:98)
    at Zc (/home/jay/Desktop/prompt/node_modules/react-dom/cjs/react-dom-server.browser.production.min.js:71:145)
    at Z (/home/jay/Desktop/prompt/node_modules/react-dom/cjs/react-dom-server.browser.production.min.js:76:89)
ReferenceError: imageUrl is not defined
    at D (/home/jay/Desktop/prompt/.next/server/pages/category/sub-categories/[subcategories]/promptDetails/[promptSlug].js:1:4355)
    at /home/jay/Desktop/prompt/.next/server/pages/category/sub-categories/[subcategories]/promptDetails/[promptSlug].js:1:4820
    at Wc (/home/jay/Desktop/prompt/node_modules/react-dom/cjs/react-dom-server.browser.production.min.js:68:44)
    at Zc (/home/jay/Desktop/prompt/node_modules/react-dom/cjs/react-dom-server.browser.production.min.js:70:253)
    at Z (/home/jay/Desktop/prompt/node_modules/react-dom/cjs/react-dom-server.browser.production.min.js:76:89)
    at Zc (/home/jay/Desktop/prompt/node_modules/react-dom/cjs/react-dom-server.browser.production.min.js:70:481)
    at Z (/home/jay/Desktop/prompt/node_modules/react-dom/cjs/react-dom-server.browser.production.min.js:76:89)
    at $c (/home/jay/Desktop/prompt/node_modules/react-dom/cjs/react-dom-server.browser.production.min.js:78:98)
    at Zc (/home/jay/Desktop/prompt/node_modules/react-dom/cjs/react-dom-server.browser.production.min.js:71:145)
    at Z (/home/jay/Desktop/prompt/node_modules/react-dom/cjs/react-dom-server.browser.production.min.js:76:89)

Error occurred prerendering page "/category/sub-categories/profession/promptDetails/alpha-executive-elegance". Read more: https://nextjs.org/docs/messages/prerender-error

ReferenceError: imageUrl is not defined
    at D (/home/jay/Desktop/prompt/.next/server/pages/category/sub-categories/[subcategories]/promptDetails/[promptSlug].js:1:4355)
    at /home/jay/Desktop/prompt/.next/server/pages/category/sub-categories/[subcategories]/promptDetails/[promptSlug].js:1:4820
    at Wc (/home/jay/Desktop/prompt/node_modules/react-dom/cjs/react-dom-server.browser.production.min.js:68:44)
    at Zc (/home/jay/Desktop/prompt/node_modules/react-dom/cjs/react-dom-server.browser.production.min.js:70:253)
    at Z (/home/jay/Desktop/prompt/node_modules/react-dom/cjs/react-dom-server.browser.production.min.js:76:89)
    at Zc (/home/jay/Desktop/prompt/node_modules/react-dom/cjs/react-dom-server.browser.production.min.js:70:481)
    at Z (/home/jay/Desktop/prompt/node_modules/react-dom/cjs/react-dom-server.browser.production.min.js:76:89)
    at $c (/home/jay/Desktop/prompt/node_modules/react-dom/cjs/react-dom-server.browser.production.min.js:78:98)
    at Zc (/home/jay/Desktop/prompt/node_modules/react-dom/cjs/react-dom-server.browser.production.min.js:71:145)
    at Z (/home/jay/Desktop/prompt/node_modules/react-dom/cjs/react-dom-server.browser.production.min.js:76:89)
ReferenceError: imageUrl is not defined
    at D (/home/jay/Desktop/prompt/.next/server/pages/category/sub-categories/[subcategories]/promptDetails/[promptSlug].js:1:4355)
    at /home/jay/Desktop/prompt/.next/server/pages/category/sub-categories/[subcategories]/promptDetails/[promptSlug].js:1:4820
    at Wc (/home/jay/Desktop/prompt/node_modules/react-dom/cjs/react-dom-server.browser.production.min.js:68:44)
    at Zc (/home/jay/Desktop/prompt/node_modules/react-dom/cjs/react-dom-server.browser.production.min.js:70:253)
    at Z (/home/jay/Desktop/prompt/node_modules/react-dom/cjs/react-dom-server.browser.production.min.js:76:89)
    at Zc (/home/jay/Desktop/prompt/node_modules/react-dom/cjs/react-dom-server.browser.production.min.js:70:481)
    at Z (/home/jay/Desktop/prompt/node_modules/react-dom/cjs/react-dom-server.browser.production.min.js:76:89)
    at $c (/home/jay/Desktop/prompt/node_modules/react-dom/cjs/react-dom-server.browser.production.min.js:78:98)
    at Zc (/home/jay/Desktop/prompt/node_modules/react-dom/cjs/react-dom-server.browser.production.min.js:71:145)
    at Z (/home/jay/Desktop/prompt/node_modules/react-dom/cjs/react-dom-server.browser.production.min.js:76:89)

Error occurred prerendering page "/category/sub-categories/profession/promptDetails/boss-level-power-pose". Read more: https://nextjs.org/docs/messages/prerender-error

ReferenceError: imageUrl is not defined
    at D (/home/jay/Desktop/prompt/.next/server/pages/category/sub-categories/[subcategories]/promptDetails/[promptSlug].js:1:4355)
    at /home/jay/Desktop/prompt/.next/server/pages/category/sub-categories/[subcategories]/promptDetails/[promptSlug].js:1:4820
    at Wc (/home/jay/Desktop/prompt/node_modules/react-dom/cjs/react-dom-server.browser.production.min.js:68:44)
    at Zc (/home/jay/Desktop/prompt/node_modules/react-dom/cjs/react-dom-server.browser.production.min.js:70:253)
    at Z (/home/jay/Desktop/prompt/node_modules/react-dom/cjs/react-dom-server.browser.production.min.js:76:89)
    at Zc (/home/jay/Desktop/prompt/node_modules/react-dom/cjs/react-dom-server.browser.production.min.js:70:481)
    at Z (/home/jay/Desktop/prompt/node_modules/react-dom/cjs/react-dom-server.browser.production.min.js:76:89)
    at $c (/home/jay/Desktop/prompt/node_modules/react-dom/cjs/react-dom-server.browser.production.min.js:78:98)
    at Zc (/home/jay/Desktop/prompt/node_modules/react-dom/cjs/react-dom-server.browser.production.min.js:71:145)
    at Z (/home/jay/Desktop/prompt/node_modules/react-dom/cjs/react-dom-server.browser.production.min.js:76:89)
ReferenceError: imageUrl is not defined
    at D (/home/jay/Desktop/prompt/.next/server/pages/category/sub-categories/[subcategories]/promptDetails/[promptSlug].js:1:4355)
    at /home/jay/Desktop/prompt/.next/server/pages/category/sub-categories/[subcategories]/promptDetails/[promptSlug].js:1:4820
    at Wc (/home/jay/Desktop/prompt/node_modules/react-dom/cjs/react-dom-server.browser.production.min.js:68:44)
    at Zc (/home/jay/Desktop/prompt/node_modules/react-dom/cjs/react-dom-server.browser.production.min.js:70:253)
    at Z (/home/jay/Desktop/prompt/node_modules/react-dom/cjs/react-dom-server.browser.production.min.js:76:89)
    at Zc (/home/jay/Desktop/prompt/node_modules/react-dom/cjs/react-dom-server.browser.production.min.js:70:481)
    at Z (/home/jay/Desktop/prompt/node_modules/react-dom/cjs/react-dom-server.browser.production.min.js:76:89)
    at $c (/home/jay/Desktop/prompt/node_modules/react-dom/cjs/react-dom-server.browser.production.min.js:78:98)
    at Zc (/home/jay/Desktop/prompt/node_modules/react-dom/cjs/react-dom-server.browser.production.min.js:71:145)
    at Z (/home/jay/Desktop/prompt/node_modules/react-dom/cjs/react-dom-server.browser.production.min.js:76:89)

Error occurred prerendering page "/category/sub-categories/profession/promptDetails/fearless-executive-stance". Read more: https://nextjs.org/docs/messages/prerender-error

ReferenceError: imageUrl is not defined
    at D (/home/jay/Desktop/prompt/.next/server/pages/category/sub-categories/[subcategories]/promptDetails/[promptSlug].js:1:4355)
    at /home/jay/Desktop/prompt/.next/server/pages/category/sub-categories/[subcategories]/promptDetails/[promptSlug].js:1:4820
    at Wc (/home/jay/Desktop/prompt/node_modules/react-dom/cjs/react-dom-server.browser.production.min.js:68:44)
    at Zc (/home/jay/Desktop/prompt/node_modules/react-dom/cjs/react-dom-server.browser.production.min.js:70:253)
    at Z (/home/jay/Desktop/prompt/node_modules/react-dom/cjs/react-dom-server.browser.production.min.js:76:89)
    at Zc (/home/jay/Desktop/prompt/node_modules/react-dom/cjs/react-dom-server.browser.production.min.js:70:481)
    at Z (/home/jay/Desktop/prompt/node_modules/react-dom/cjs/react-dom-server.browser.production.min.js:76:89)
    at $c (/home/jay/Desktop/prompt/node_modules/react-dom/cjs/react-dom-server.browser.production.min.js:78:98)
    at Zc (/home/jay/Desktop/prompt/node_modules/react-dom/cjs/react-dom-server.browser.production.min.js:71:145)
    at Z (/home/jay/Desktop/prompt/node_modules/react-dom/cjs/react-dom-server.browser.production.min.js:76:89)
ReferenceError: imageUrl is not defined
    at D (/home/jay/Desktop/prompt/.next/server/pages/category/sub-categories/[subcategories]/promptDetails/[promptSlug].js:1:4355)
    at /home/jay/Desktop/prompt/.next/server/pages/category/sub-categories/[subcategories]/promptDetails/[promptSlug].js:1:4820
    at Wc (/home/jay/Desktop/prompt/node_modules/react-dom/cjs/react-dom-server.browser.production.min.js:68:44)
    at Zc (/home/jay/Desktop/prompt/node_modules/react-dom/cjs/react-dom-server.browser.production.min.js:70:253)
    at Z (/home/jay/Desktop/prompt/node_modules/react-dom/cjs/react-dom-server.browser.production.min.js:76:89)
    at Zc (/home/jay/Desktop/prompt/node_modules/react-dom/cjs/react-dom-server.browser.production.min.js:70:481)
    at Z (/home/jay/Desktop/prompt/node_modules/react-dom/cjs/react-dom-server.browser.production.min.js:76:89)
    at $c (/home/jay/Desktop/prompt/node_modules/react-dom/cjs/react-dom-server.browser.production.min.js:78:98)
    at Zc (/home/jay/Desktop/prompt/node_modules/react-dom/cjs/react-dom-server.browser.production.min.js:71:145)
    at Z (/home/jay/Desktop/prompt/node_modules/react-dom/cjs/react-dom-server.browser.production.min.js:76:89)

Error occurred prerendering page "/category/sub-categories/nature/promptDetails/freedom-in-the-field". Read more: https://nextjs.org/docs/messages/prerender-error

ReferenceError: imageUrl is not defined
    at D (/home/jay/Desktop/prompt/.next/server/pages/category/sub-categories/[subcategories]/promptDetails/[promptSlug].js:1:4355)
    at /home/jay/Desktop/prompt/.next/server/pages/category/sub-categories/[subcategories]/promptDetails/[promptSlug].js:1:4820
    at Wc (/home/jay/Desktop/prompt/node_modules/react-dom/cjs/react-dom-server.browser.production.min.js:68:44)
    at Zc (/home/jay/Desktop/prompt/node_modules/react-dom/cjs/react-dom-server.browser.production.min.js:70:253)
    at Z (/home/jay/Desktop/prompt/node_modules/react-dom/cjs/react-dom-server.browser.production.min.js:76:89)
    at Zc (/home/jay/Desktop/prompt/node_modules/react-dom/cjs/react-dom-server.browser.production.min.js:70:481)
    at Z (/home/jay/Desktop/prompt/node_modules/react-dom/cjs/react-dom-server.browser.production.min.js:76:89)
    at $c (/home/jay/Desktop/prompt/node_modules/react-dom/cjs/react-dom-server.browser.production.min.js:78:98)
    at Zc (/home/jay/Desktop/prompt/node_modules/react-dom/cjs/react-dom-server.browser.production.min.js:71:145)
    at Z (/home/jay/Desktop/prompt/node_modules/react-dom/cjs/react-dom-server.browser.production.min.js:76:89)
[Build Time] Fetching all categories from: https://admin.promptland.in/api/get_categories
ReferenceError: imageUrl is not defined
    at D (/home/jay/Desktop/prompt/.next/server/pages/category/sub-categories/[subcategories]/promptDetails/[promptSlug].js:1:4355)
    at /home/jay/Desktop/prompt/.next/server/pages/category/sub-categories/[subcategories]/promptDetails/[promptSlug].js:1:4820
    at Wc (/home/jay/Desktop/prompt/node_modules/react-dom/cjs/react-dom-server.browser.production.min.js:68:44)
    at Zc (/home/jay/Desktop/prompt/node_modules/react-dom/cjs/react-dom-server.browser.production.min.js:70:253)
    at Z (/home/jay/Desktop/prompt/node_modules/react-dom/cjs/react-dom-server.browser.production.min.js:76:89)
    at Zc (/home/jay/Desktop/prompt/node_modules/react-dom/cjs/react-dom-server.browser.production.min.js:70:481)
    at Z (/home/jay/Desktop/prompt/node_modules/react-dom/cjs/react-dom-server.browser.production.min.js:76:89)
    at $c (/home/jay/Desktop/prompt/node_modules/react-dom/cjs/react-dom-server.browser.production.min.js:78:98)
    at Zc (/home/jay/Desktop/prompt/node_modules/react-dom/cjs/react-dom-server.browser.production.min.js:71:145)
    at Z (/home/jay/Desktop/prompt/node_modules/react-dom/cjs/react-dom-server.browser.production.min.js:76:89)

Error occurred prerendering page "/category/sub-categories/profession/promptDetails/confident-businessman-walkway-portrait". Read more: https://nextjs.org/docs/messages/prerender-error

ReferenceError: imageUrl is not defined
    at D (/home/jay/Desktop/prompt/.next/server/pages/category/sub-categories/[subcategories]/promptDetails/[promptSlug].js:1:4355)
    at /home/jay/Desktop/prompt/.next/server/pages/category/sub-categories/[subcategories]/promptDetails/[promptSlug].js:1:4820
    at Wc (/home/jay/Desktop/prompt/node_modules/react-dom/cjs/react-dom-server.browser.production.min.js:68:44)
    at Zc (/home/jay/Desktop/prompt/node_modules/react-dom/cjs/react-dom-server.browser.production.min.js:70:253)
    at Z (/home/jay/Desktop/prompt/node_modules/react-dom/cjs/react-dom-server.browser.production.min.js:76:89)
    at Zc (/home/jay/Desktop/prompt/node_modules/react-dom/cjs/react-dom-server.browser.production.min.js:70:481)
    at Z (/home/jay/Desktop/prompt/node_modules/react-dom/cjs/react-dom-server.browser.production.min.js:76:89)
    at $c (/home/jay/Desktop/prompt/node_modules/react-dom/cjs/react-dom-server.browser.production.min.js:78:98)
    at Zc (/home/jay/Desktop/prompt/node_modules/react-dom/cjs/react-dom-server.browser.production.min.js:71:145)
    at Z (/home/jay/Desktop/prompt/node_modules/react-dom/cjs/react-dom-server.browser.production.min.js:76:89)
[Build Time] Fetching all categories from: https://admin.promptland.in/api/get_categories
[Build Time] Successfully fetched 29 categories
[Build Time] Fetching prompts for category 10, subcategory none
[Build Time] Fetching all categories from: https://admin.promptland.in/api/get_categories
[Build Time] Successfully fetched 29 categories
[Build Time] Fetching prompts for category 10, subcategory none
[Build Time] Fetching all categories from: https://admin.promptland.in/api/get_categories
[Build Time] Successfully fetched 29 categories
[Build Time] Fetching prompts for category 10, subcategory none
[Build Time] Fetching all categories from: https://admin.promptland.in/api/get_categories
[Build Time] Successfully fetched 29 categories
[Build Time] Fetching prompts for category 10, subcategory none
[Build Time] Fetching all categories from: https://admin.promptland.in/api/get_categories
[Build Time] Successfully fetched 29 categories
[Build Time] Fetching prompts for category 10, subcategory none
[Build Time] Fetching all categories from: https://admin.promptland.in/api/get_categories
[Build Time] Successfully fetched 29 categories
[Build Time] Fetching prompts for category 10, subcategory none
[Build Time] Successfully fetched 33 prompts for category 10
[Build Time] Successfully fetched 29 categories
[Build Time] Fetching prompts for category 10, subcategory none
[Build Time] Successfully fetched 33 prompts for category 10
[Build Time] Successfully fetched 33 prompts for category 10
[Build Time] Successfully fetched 33 prompts for category 10
[Build Time] Successfully fetched 33 prompts for category 10
[Build Time] Successfully fetched 33 prompts for category 10
ReferenceError: imageUrl is not defined
    at D (/home/jay/Desktop/prompt/.next/server/pages/category/sub-categories/[subcategories]/promptDetails/[promptSlug].js:1:4355)
    at /home/jay/Desktop/prompt/.next/server/pages/category/sub-categories/[subcategories]/promptDetails/[promptSlug].js:1:4820
    at Wc (/home/jay/Desktop/prompt/node_modules/react-dom/cjs/react-dom-server.browser.production.min.js:68:44)
    at Zc (/home/jay/Desktop/prompt/node_modules/react-dom/cjs/react-dom-server.browser.production.min.js:70:253)
    at Z (/home/jay/Desktop/prompt/node_modules/react-dom/cjs/react-dom-server.browser.production.min.js:76:89)
    at Zc (/home/jay/Desktop/prompt/node_modules/react-dom/cjs/react-dom-server.browser.production.min.js:70:481)
    at Z (/home/jay/Desktop/prompt/node_modules/react-dom/cjs/react-dom-server.browser.production.min.js:76:89)
    at $c (/home/jay/Desktop/prompt/node_modules/react-dom/cjs/react-dom-server.browser.production.min.js:78:98)
    at Zc (/home/jay/Desktop/prompt/node_modules/react-dom/cjs/react-dom-server.browser.production.min.js:71:145)
    at Z (/home/jay/Desktop/prompt/node_modules/react-dom/cjs/react-dom-server.browser.production.min.js:76:89)

Error occurred prerendering page "/category/sub-categories/nature/promptDetails/woman-on-rock-at-sunset-over-the-shoulder-pose". Read more: https://nextjs.org/docs/messages/prerender-error

ReferenceError: imageUrl is not defined
    at D (/home/jay/Desktop/prompt/.next/server/pages/category/sub-categories/[subcategories]/promptDetails/[promptSlug].js:1:4355)
    at /home/jay/Desktop/prompt/.next/server/pages/category/sub-categories/[subcategories]/promptDetails/[promptSlug].js:1:4820
    at Wc (/home/jay/Desktop/prompt/node_modules/react-dom/cjs/react-dom-server.browser.production.min.js:68:44)
    at Zc (/home/jay/Desktop/prompt/node_modules/react-dom/cjs/react-dom-server.browser.production.min.js:70:253)
    at Z (/home/jay/Desktop/prompt/node_modules/react-dom/cjs/react-dom-server.browser.production.min.js:76:89)
    at Zc (/home/jay/Desktop/prompt/node_modules/react-dom/cjs/react-dom-server.browser.production.min.js:70:481)
    at Z (/home/jay/Desktop/prompt/node_modules/react-dom/cjs/react-dom-server.browser.production.min.js:76:89)
    at $c (/home/jay/Desktop/prompt/node_modules/react-dom/cjs/react-dom-server.browser.production.min.js:78:98)
    at Zc (/home/jay/Desktop/prompt/node_modules/react-dom/cjs/react-dom-server.browser.production.min.js:71:145)
    at Z (/home/jay/Desktop/prompt/node_modules/react-dom/cjs/react-dom-server.browser.production.min.js:76:89)
ReferenceError: imageUrl is not defined
    at D (/home/jay/Desktop/prompt/.next/server/pages/category/sub-categories/[subcategories]/promptDetails/[promptSlug].js:1:4355)
    at /home/jay/Desktop/prompt/.next/server/pages/category/sub-categories/[subcategories]/promptDetails/[promptSlug].js:1:4820
    at Wc (/home/jay/Desktop/prompt/node_modules/react-dom/cjs/react-dom-server.browser.production.min.js:68:44)
    at Zc (/home/jay/Desktop/prompt/node_modules/react-dom/cjs/react-dom-server.browser.production.min.js:70:253)
    at Z (/home/jay/Desktop/prompt/node_modules/react-dom/cjs/react-dom-server.browser.production.min.js:76:89)
    at Zc (/home/jay/Desktop/prompt/node_modules/react-dom/cjs/react-dom-server.browser.production.min.js:70:481)
    at Z (/home/jay/Desktop/prompt/node_modules/react-dom/cjs/react-dom-server.browser.production.min.js:76:89)
    at $c (/home/jay/Desktop/prompt/node_modules/react-dom/cjs/react-dom-server.browser.production.min.js:78:98)
    at Zc (/home/jay/Desktop/prompt/node_modules/react-dom/cjs/react-dom-server.browser.production.min.js:71:145)
    at Z (/home/jay/Desktop/prompt/node_modules/react-dom/cjs/react-dom-server.browser.production.min.js:76:89)

Error occurred prerendering page "/category/sub-categories/nature/promptDetails/yellow-outfit-flower-shop-scene". Read more: https://nextjs.org/docs/messages/prerender-error

ReferenceError: imageUrl is not defined
    at D (/home/jay/Desktop/prompt/.next/server/pages/category/sub-categories/[subcategories]/promptDetails/[promptSlug].js:1:4355)
    at /home/jay/Desktop/prompt/.next/server/pages/category/sub-categories/[subcategories]/promptDetails/[promptSlug].js:1:4820
    at Wc (/home/jay/Desktop/prompt/node_modules/react-dom/cjs/react-dom-server.browser.production.min.js:68:44)
    at Zc (/home/jay/Desktop/prompt/node_modules/react-dom/cjs/react-dom-server.browser.production.min.js:70:253)
    at Z (/home/jay/Desktop/prompt/node_modules/react-dom/cjs/react-dom-server.browser.production.min.js:76:89)
    at Zc (/home/jay/Desktop/prompt/node_modules/react-dom/cjs/react-dom-server.browser.production.min.js:70:481)
    at Z (/home/jay/Desktop/prompt/node_modules/react-dom/cjs/react-dom-server.browser.production.min.js:76:89)
    at $c (/home/jay/Desktop/prompt/node_modules/react-dom/cjs/react-dom-server.browser.production.min.js:78:98)
    at Zc (/home/jay/Desktop/prompt/node_modules/react-dom/cjs/react-dom-server.browser.production.min.js:71:145)
    at Z (/home/jay/Desktop/prompt/node_modules/react-dom/cjs/react-dom-server.browser.production.min.js:76:89)
ReferenceError: imageUrl is not defined
    at D (/home/jay/Desktop/prompt/.next/server/pages/category/sub-categories/[subcategories]/promptDetails/[promptSlug].js:1:4355)
    at /home/jay/Desktop/prompt/.next/server/pages/category/sub-categories/[subcategories]/promptDetails/[promptSlug].js:1:4820
    at Wc (/home/jay/Desktop/prompt/node_modules/react-dom/cjs/react-dom-server.browser.production.min.js:68:44)
    at Zc (/home/jay/Desktop/prompt/node_modules/react-dom/cjs/react-dom-server.browser.production.min.js:70:253)
    at Z (/home/jay/Desktop/prompt/node_modules/react-dom/cjs/react-dom-server.browser.production.min.js:76:89)
    at Zc (/home/jay/Desktop/prompt/node_modules/react-dom/cjs/react-dom-server.browser.production.min.js:70:481)
    at Z (/home/jay/Desktop/prompt/node_modules/react-dom/cjs/react-dom-server.browser.production.min.js:76:89)
    at $c (/home/jay/Desktop/prompt/node_modules/react-dom/cjs/react-dom-server.browser.production.min.js:78:98)
    at Zc (/home/jay/Desktop/prompt/node_modules/react-dom/cjs/react-dom-server.browser.production.min.js:71:145)
    at Z (/home/jay/Desktop/prompt/node_modules/react-dom/cjs/react-dom-server.browser.production.min.js:76:89)

Error occurred prerendering page "/category/sub-categories/nature/promptDetails/cinematic-outdoor-portrait-with-camera". Read more: https://nextjs.org/docs/messages/prerender-error

ReferenceError: imageUrl is not defined
    at D (/home/jay/Desktop/prompt/.next/server/pages/category/sub-categories/[subcategories]/promptDetails/[promptSlug].js:1:4355)
    at /home/jay/Desktop/prompt/.next/server/pages/category/sub-categories/[subcategories]/promptDetails/[promptSlug].js:1:4820
    at Wc (/home/jay/Desktop/prompt/node_modules/react-dom/cjs/react-dom-server.browser.production.min.js:68:44)
    at Zc (/home/jay/Desktop/prompt/node_modules/react-dom/cjs/react-dom-server.browser.production.min.js:70:253)
    at Z (/home/jay/Desktop/prompt/node_modules/react-dom/cjs/react-dom-server.browser.production.min.js:76:89)
    at Zc (/home/jay/Desktop/prompt/node_modules/react-dom/cjs/react-dom-server.browser.production.min.js:70:481)
    at Z (/home/jay/Desktop/prompt/node_modules/react-dom/cjs/react-dom-server.browser.production.min.js:76:89)
    at $c (/home/jay/Desktop/prompt/node_modules/react-dom/cjs/react-dom-server.browser.production.min.js:78:98)
    at Zc (/home/jay/Desktop/prompt/node_modules/react-dom/cjs/react-dom-server.browser.production.min.js:71:145)
    at Z (/home/jay/Desktop/prompt/node_modules/react-dom/cjs/react-dom-server.browser.production.min.js:76:89)
ReferenceError: imageUrl is not defined
    at D (/home/jay/Desktop/prompt/.next/server/pages/category/sub-categories/[subcategories]/promptDetails/[promptSlug].js:1:4355)
    at /home/jay/Desktop/prompt/.next/server/pages/category/sub-categories/[subcategories]/promptDetails/[promptSlug].js:1:4820
    at Wc (/home/jay/Desktop/prompt/node_modules/react-dom/cjs/react-dom-server.browser.production.min.js:68:44)
    at Zc (/home/jay/Desktop/prompt/node_modules/react-dom/cjs/react-dom-server.browser.production.min.js:70:253)
    at Z (/home/jay/Desktop/prompt/node_modules/react-dom/cjs/react-dom-server.browser.production.min.js:76:89)
    at Zc (/home/jay/Desktop/prompt/node_modules/react-dom/cjs/react-dom-server.browser.production.min.js:70:481)
    at Z (/home/jay/Desktop/prompt/node_modules/react-dom/cjs/react-dom-server.browser.production.min.js:76:89)
    at $c (/home/jay/Desktop/prompt/node_modules/react-dom/cjs/react-dom-server.browser.production.min.js:78:98)
    at Zc (/home/jay/Desktop/prompt/node_modules/react-dom/cjs/react-dom-server.browser.production.min.js:71:145)
    at Z (/home/jay/Desktop/prompt/node_modules/react-dom/cjs/react-dom-server.browser.production.min.js:76:89)

Error occurred prerendering page "/category/sub-categories/nature/promptDetails/woman-on-rock-upside-gaze-close-up". Read more: https://nextjs.org/docs/messages/prerender-error

ReferenceError: imageUrl is not defined
    at D (/home/jay/Desktop/prompt/.next/server/pages/category/sub-categories/[subcategories]/promptDetails/[promptSlug].js:1:4355)
    at /home/jay/Desktop/prompt/.next/server/pages/category/sub-categories/[subcategories]/promptDetails/[promptSlug].js:1:4820
    at Wc (/home/jay/Desktop/prompt/node_modules/react-dom/cjs/react-dom-server.browser.production.min.js:68:44)
    at Zc (/home/jay/Desktop/prompt/node_modules/react-dom/cjs/react-dom-server.browser.production.min.js:70:253)
    at Z (/home/jay/Desktop/prompt/node_modules/react-dom/cjs/react-dom-server.browser.production.min.js:76:89)
    at Zc (/home/jay/Desktop/prompt/node_modules/react-dom/cjs/react-dom-server.browser.production.min.js:70:481)
    at Z (/home/jay/Desktop/prompt/node_modules/react-dom/cjs/react-dom-server.browser.production.min.js:76:89)
    at $c (/home/jay/Desktop/prompt/node_modules/react-dom/cjs/react-dom-server.browser.production.min.js:78:98)
    at Zc (/home/jay/Desktop/prompt/node_modules/react-dom/cjs/react-dom-server.browser.production.min.js:71:145)
    at Z (/home/jay/Desktop/prompt/node_modules/react-dom/cjs/react-dom-server.browser.production.min.js:76:89)
ReferenceError: imageUrl is not defined
    at D (/home/jay/Desktop/prompt/.next/server/pages/category/sub-categories/[subcategories]/promptDetails/[promptSlug].js:1:4355)
    at /home/jay/Desktop/prompt/.next/server/pages/category/sub-categories/[subcategories]/promptDetails/[promptSlug].js:1:4820
    at Wc (/home/jay/Desktop/prompt/node_modules/react-dom/cjs/react-dom-server.browser.production.min.js:68:44)
    at Zc (/home/jay/Desktop/prompt/node_modules/react-dom/cjs/react-dom-server.browser.production.min.js:70:253)
    at Z (/home/jay/Desktop/prompt/node_modules/react-dom/cjs/react-dom-server.browser.production.min.js:76:89)
    at Zc (/home/jay/Desktop/prompt/node_modules/react-dom/cjs/react-dom-server.browser.production.min.js:70:481)
    at Z (/home/jay/Desktop/prompt/node_modules/react-dom/cjs/react-dom-server.browser.production.min.js:76:89)
    at $c (/home/jay/Desktop/prompt/node_modules/react-dom/cjs/react-dom-server.browser.production.min.js:78:98)
    at Zc (/home/jay/Desktop/prompt/node_modules/react-dom/cjs/react-dom-server.browser.production.min.js:71:145)
    at Z (/home/jay/Desktop/prompt/node_modules/react-dom/cjs/react-dom-server.browser.production.min.js:76:89)

Error occurred prerendering page "/category/sub-categories/nature/promptDetails/woman-standing-side-pose-on-rock". Read more: https://nextjs.org/docs/messages/prerender-error

ReferenceError: imageUrl is not defined
    at D (/home/jay/Desktop/prompt/.next/server/pages/category/sub-categories/[subcategories]/promptDetails/[promptSlug].js:1:4355)
    at /home/jay/Desktop/prompt/.next/server/pages/category/sub-categories/[subcategories]/promptDetails/[promptSlug].js:1:4820
    at Wc (/home/jay/Desktop/prompt/node_modules/react-dom/cjs/react-dom-server.browser.production.min.js:68:44)
    at Zc (/home/jay/Desktop/prompt/node_modules/react-dom/cjs/react-dom-server.browser.production.min.js:70:253)
    at Z (/home/jay/Desktop/prompt/node_modules/react-dom/cjs/react-dom-server.browser.production.min.js:76:89)
    at Zc (/home/jay/Desktop/prompt/node_modules/react-dom/cjs/react-dom-server.browser.production.min.js:70:481)
    at Z (/home/jay/Desktop/prompt/node_modules/react-dom/cjs/react-dom-server.browser.production.min.js:76:89)
    at $c (/home/jay/Desktop/prompt/node_modules/react-dom/cjs/react-dom-server.browser.production.min.js:78:98)
    at Zc (/home/jay/Desktop/prompt/node_modules/react-dom/cjs/react-dom-server.browser.production.min.js:71:145)
    at Z (/home/jay/Desktop/prompt/node_modules/react-dom/cjs/react-dom-server.browser.production.min.js:76:89)
ReferenceError: imageUrl is not defined
    at D (/home/jay/Desktop/prompt/.next/server/pages/category/sub-categories/[subcategories]/promptDetails/[promptSlug].js:1:4355)
    at /home/jay/Desktop/prompt/.next/server/pages/category/sub-categories/[subcategories]/promptDetails/[promptSlug].js:1:4820
    at Wc (/home/jay/Desktop/prompt/node_modules/react-dom/cjs/react-dom-server.browser.production.min.js:68:44)
    at Zc (/home/jay/Desktop/prompt/node_modules/react-dom/cjs/react-dom-server.browser.production.min.js:70:253)
    at Z (/home/jay/Desktop/prompt/node_modules/react-dom/cjs/react-dom-server.browser.production.min.js:76:89)
    at Zc (/home/jay/Desktop/prompt/node_modules/react-dom/cjs/react-dom-server.browser.production.min.js:70:481)
    at Z (/home/jay/Desktop/prompt/node_modules/react-dom/cjs/react-dom-server.browser.production.min.js:76:89)
    at $c (/home/jay/Desktop/prompt/node_modules/react-dom/cjs/react-dom-server.browser.production.min.js:78:98)
    at Zc (/home/jay/Desktop/prompt/node_modules/react-dom/cjs/react-dom-server.browser.production.min.js:71:145)
    at Z (/home/jay/Desktop/prompt/node_modules/react-dom/cjs/react-dom-server.browser.production.min.js:76:89)

Error occurred prerendering page "/category/sub-categories/nature/promptDetails/golden-hour-couture-portrait". Read more: https://nextjs.org/docs/messages/prerender-error

ReferenceError: imageUrl is not defined
    at D (/home/jay/Desktop/prompt/.next/server/pages/category/sub-categories/[subcategories]/promptDetails/[promptSlug].js:1:4355)
    at /home/jay/Desktop/prompt/.next/server/pages/category/sub-categories/[subcategories]/promptDetails/[promptSlug].js:1:4820
    at Wc (/home/jay/Desktop/prompt/node_modules/react-dom/cjs/react-dom-server.browser.production.min.js:68:44)
    at Zc (/home/jay/Desktop/prompt/node_modules/react-dom/cjs/react-dom-server.browser.production.min.js:70:253)
    at Z (/home/jay/Desktop/prompt/node_modules/react-dom/cjs/react-dom-server.browser.production.min.js:76:89)
    at Zc (/home/jay/Desktop/prompt/node_modules/react-dom/cjs/react-dom-server.browser.production.min.js:70:481)
    at Z (/home/jay/Desktop/prompt/node_modules/react-dom/cjs/react-dom-server.browser.production.min.js:76:89)
    at $c (/home/jay/Desktop/prompt/node_modules/react-dom/cjs/react-dom-server.browser.production.min.js:78:98)
    at Zc (/home/jay/Desktop/prompt/node_modules/react-dom/cjs/react-dom-server.browser.production.min.js:71:145)
    at Z (/home/jay/Desktop/prompt/node_modules/react-dom/cjs/react-dom-server.browser.production.min.js:76:89)
[Build Time] Successfully fetched 33 prompts for category 10
ReferenceError: imageUrl is not defined
    at D (/home/jay/Desktop/prompt/.next/server/pages/category/sub-categories/[subcategories]/promptDetails/[promptSlug].js:1:4355)
    at /home/jay/Desktop/prompt/.next/server/pages/category/sub-categories/[subcategories]/promptDetails/[promptSlug].js:1:4820
    at Wc (/home/jay/Desktop/prompt/node_modules/react-dom/cjs/react-dom-server.browser.production.min.js:68:44)
    at Zc (/home/jay/Desktop/prompt/node_modules/react-dom/cjs/react-dom-server.browser.production.min.js:70:253)
    at Z (/home/jay/Desktop/prompt/node_modules/react-dom/cjs/react-dom-server.browser.production.min.js:76:89)
    at Zc (/home/jay/Desktop/prompt/node_modules/react-dom/cjs/react-dom-server.browser.production.min.js:70:481)
    at Z (/home/jay/Desktop/prompt/node_modules/react-dom/cjs/react-dom-server.browser.production.min.js:76:89)
    at $c (/home/jay/Desktop/prompt/node_modules/react-dom/cjs/react-dom-server.browser.production.min.js:78:98)
    at Zc (/home/jay/Desktop/prompt/node_modules/react-dom/cjs/react-dom-server.browser.production.min.js:71:145)
    at Z (/home/jay/Desktop/prompt/node_modules/react-dom/cjs/react-dom-server.browser.production.min.js:76:89)

Error occurred prerendering page "/category/sub-categories/nature/promptDetails/the-river-valley". Read more: https://nextjs.org/docs/messages/prerender-error

ReferenceError: imageUrl is not defined
    at D (/home/jay/Desktop/prompt/.next/server/pages/category/sub-categories/[subcategories]/promptDetails/[promptSlug].js:1:4355)
    at /home/jay/Desktop/prompt/.next/server/pages/category/sub-categories/[subcategories]/promptDetails/[promptSlug].js:1:4820
    at Wc (/home/jay/Desktop/prompt/node_modules/react-dom/cjs/react-dom-server.browser.production.min.js:68:44)
    at Zc (/home/jay/Desktop/prompt/node_modules/react-dom/cjs/react-dom-server.browser.production.min.js:70:253)
    at Z (/home/jay/Desktop/prompt/node_modules/react-dom/cjs/react-dom-server.browser.production.min.js:76:89)
    at Zc (/home/jay/Desktop/prompt/node_modules/react-dom/cjs/react-dom-server.browser.production.min.js:70:481)
    at Z (/home/jay/Desktop/prompt/node_modules/react-dom/cjs/react-dom-server.browser.production.min.js:76:89)
    at $c (/home/jay/Desktop/prompt/node_modules/react-dom/cjs/react-dom-server.browser.production.min.js:78:98)
    at Zc (/home/jay/Desktop/prompt/node_modules/react-dom/cjs/react-dom-server.browser.production.min.js:71:145)
    at Z (/home/jay/Desktop/prompt/node_modules/react-dom/cjs/react-dom-server.browser.production.min.js:76:89)
[Build Time] Fetching all categories from: https://admin.promptland.in/api/get_categories
[Build Time] Successfully fetched 29 categories
[Build Time] Fetching prompts for category 10, subcategory none
[Build Time] Successfully fetched 33 prompts for category 10
[Build Time] Fetching all categories from: https://admin.promptland.in/api/get_categories
[Build Time] Successfully fetched 29 categories
[Build Time] Fetching prompts for category 10, subcategory none
[Build Time] Successfully fetched 33 prompts for category 10
[Build Time] Fetching all categories from: https://admin.promptland.in/api/get_categories
[Build Time] Successfully fetched 29 categories
[Build Time] Fetching prompts for category 10, subcategory none
[Build Time] Successfully fetched 33 prompts for category 10
[Build Time] Fetching all categories from: https://admin.promptland.in/api/get_categories
[Build Time] Successfully fetched 29 categories
[Build Time] Fetching prompts for category 10, subcategory none
[Build Time] Successfully fetched 33 prompts for category 10
[Build Time] Fetching all categories from: https://admin.promptland.in/api/get_categories
[Build Time] Successfully fetched 29 categories
[Build Time] Fetching prompts for category 10, subcategory none
[Build Time] Successfully fetched 33 prompts for category 10
[Build Time] Fetching all categories from: https://admin.promptland.in/api/get_categories
[Build Time] Successfully fetched 29 categories
[Build Time] Fetching prompts for category 10, subcategory none
[Build Time] Successfully fetched 33 prompts for category 10
ReferenceError: imageUrl is not defined
    at D (/home/jay/Desktop/prompt/.next/server/pages/category/sub-categories/[subcategories]/promptDetails/[promptSlug].js:1:4355)
    at /home/jay/Desktop/prompt/.next/server/pages/category/sub-categories/[subcategories]/promptDetails/[promptSlug].js:1:4820
    at Wc (/home/jay/Desktop/prompt/node_modules/react-dom/cjs/react-dom-server.browser.production.min.js:68:44)
    at Zc (/home/jay/Desktop/prompt/node_modules/react-dom/cjs/react-dom-server.browser.production.min.js:70:253)
    at Z (/home/jay/Desktop/prompt/node_modules/react-dom/cjs/react-dom-server.browser.production.min.js:76:89)
    at Zc (/home/jay/Desktop/prompt/node_modules/react-dom/cjs/react-dom-server.browser.production.min.js:70:481)
    at Z (/home/jay/Desktop/prompt/node_modules/react-dom/cjs/react-dom-server.browser.production.min.js:76:89)
    at $c (/home/jay/Desktop/prompt/node_modules/react-dom/cjs/react-dom-server.browser.production.min.js:78:98)
    at Zc (/home/jay/Desktop/prompt/node_modules/react-dom/cjs/react-dom-server.browser.production.min.js:71:145)
    at Z (/home/jay/Desktop/prompt/node_modules/react-dom/cjs/react-dom-server.browser.production.min.js:76:89)

Error occurred prerendering page "/category/sub-categories/nature/promptDetails/blooming-field-romantic-scene". Read more: https://nextjs.org/docs/messages/prerender-error

ReferenceError: imageUrl is not defined
    at D (/home/jay/Desktop/prompt/.next/server/pages/category/sub-categories/[subcategories]/promptDetails/[promptSlug].js:1:4355)
    at /home/jay/Desktop/prompt/.next/server/pages/category/sub-categories/[subcategories]/promptDetails/[promptSlug].js:1:4820
    at Wc (/home/jay/Desktop/prompt/node_modules/react-dom/cjs/react-dom-server.browser.production.min.js:68:44)
    at Zc (/home/jay/Desktop/prompt/node_modules/react-dom/cjs/react-dom-server.browser.production.min.js:70:253)
    at Z (/home/jay/Desktop/prompt/node_modules/react-dom/cjs/react-dom-server.browser.production.min.js:76:89)
    at Zc (/home/jay/Desktop/prompt/node_modules/react-dom/cjs/react-dom-server.browser.production.min.js:70:481)
    at Z (/home/jay/Desktop/prompt/node_modules/react-dom/cjs/react-dom-server.browser.production.min.js:76:89)
    at $c (/home/jay/Desktop/prompt/node_modules/react-dom/cjs/react-dom-server.browser.production.min.js:78:98)
    at Zc (/home/jay/Desktop/prompt/node_modules/react-dom/cjs/react-dom-server.browser.production.min.js:71:145)
    at Z (/home/jay/Desktop/prompt/node_modules/react-dom/cjs/react-dom-server.browser.production.min.js:76:89)
ReferenceError: imageUrl is not defined
    at D (/home/jay/Desktop/prompt/.next/server/pages/category/sub-categories/[subcategories]/promptDetails/[promptSlug].js:1:4355)
    at /home/jay/Desktop/prompt/.next/server/pages/category/sub-categories/[subcategories]/promptDetails/[promptSlug].js:1:4820
    at Wc (/home/jay/Desktop/prompt/node_modules/react-dom/cjs/react-dom-server.browser.production.min.js:68:44)
    at Zc (/home/jay/Desktop/prompt/node_modules/react-dom/cjs/react-dom-server.browser.production.min.js:70:253)
    at Z (/home/jay/Desktop/prompt/node_modules/react-dom/cjs/react-dom-server.browser.production.min.js:76:89)
    at Zc (/home/jay/Desktop/prompt/node_modules/react-dom/cjs/react-dom-server.browser.production.min.js:70:481)
    at Z (/home/jay/Desktop/prompt/node_modules/react-dom/cjs/react-dom-server.browser.production.min.js:76:89)
    at $c (/home/jay/Desktop/prompt/node_modules/react-dom/cjs/react-dom-server.browser.production.min.js:78:98)
    at Zc (/home/jay/Desktop/prompt/node_modules/react-dom/cjs/react-dom-server.browser.production.min.js:71:145)
    at Z (/home/jay/Desktop/prompt/node_modules/react-dom/cjs/react-dom-server.browser.production.min.js:76:89)

Error occurred prerendering page "/category/sub-categories/nature/promptDetails/hyper-realistic-outdoor-cinematic-portrait". Read more: https://nextjs.org/docs/messages/prerender-error

ReferenceError: imageUrl is not defined
    at D (/home/jay/Desktop/prompt/.next/server/pages/category/sub-categories/[subcategories]/promptDetails/[promptSlug].js:1:4355)
    at /home/jay/Desktop/prompt/.next/server/pages/category/sub-categories/[subcategories]/promptDetails/[promptSlug].js:1:4820
    at Wc (/home/jay/Desktop/prompt/node_modules/react-dom/cjs/react-dom-server.browser.production.min.js:68:44)
    at Zc (/home/jay/Desktop/prompt/node_modules/react-dom/cjs/react-dom-server.browser.production.min.js:70:253)
    at Z (/home/jay/Desktop/prompt/node_modules/react-dom/cjs/react-dom-server.browser.production.min.js:76:89)
    at Zc (/home/jay/Desktop/prompt/node_modules/react-dom/cjs/react-dom-server.browser.production.min.js:70:481)
    at Z (/home/jay/Desktop/prompt/node_modules/react-dom/cjs/react-dom-server.browser.production.min.js:76:89)
    at $c (/home/jay/Desktop/prompt/node_modules/react-dom/cjs/react-dom-server.browser.production.min.js:78:98)
    at Zc (/home/jay/Desktop/prompt/node_modules/react-dom/cjs/react-dom-server.browser.production.min.js:71:145)
    at Z (/home/jay/Desktop/prompt/node_modules/react-dom/cjs/react-dom-server.browser.production.min.js:76:89)
ReferenceError: imageUrl is not defined
    at D (/home/jay/Desktop/prompt/.next/server/pages/category/sub-categories/[subcategories]/promptDetails/[promptSlug].js:1:4355)
    at /home/jay/Desktop/prompt/.next/server/pages/category/sub-categories/[subcategories]/promptDetails/[promptSlug].js:1:4820
    at Wc (/home/jay/Desktop/prompt/node_modules/react-dom/cjs/react-dom-server.browser.production.min.js:68:44)
    at Zc (/home/jay/Desktop/prompt/node_modules/react-dom/cjs/react-dom-server.browser.production.min.js:70:253)
    at Z (/home/jay/Desktop/prompt/node_modules/react-dom/cjs/react-dom-server.browser.production.min.js:76:89)
    at Zc (/home/jay/Desktop/prompt/node_modules/react-dom/cjs/react-dom-server.browser.production.min.js:70:481)
    at Z (/home/jay/Desktop/prompt/node_modules/react-dom/cjs/react-dom-server.browser.production.min.js:76:89)
    at $c (/home/jay/Desktop/prompt/node_modules/react-dom/cjs/react-dom-server.browser.production.min.js:78:98)
    at Zc (/home/jay/Desktop/prompt/node_modules/react-dom/cjs/react-dom-server.browser.production.min.js:71:145)
    at Z (/home/jay/Desktop/prompt/node_modules/react-dom/cjs/react-dom-server.browser.production.min.js:76:89)

Error occurred prerendering page "/category/sub-categories/nature/promptDetails/retro-garden-blossom-scene-version-2". Read more: https://nextjs.org/docs/messages/prerender-error

ReferenceError: imageUrl is not defined
    at D (/home/jay/Desktop/prompt/.next/server/pages/category/sub-categories/[subcategories]/promptDetails/[promptSlug].js:1:4355)
    at /home/jay/Desktop/prompt/.next/server/pages/category/sub-categories/[subcategories]/promptDetails/[promptSlug].js:1:4820
    at Wc (/home/jay/Desktop/prompt/node_modules/react-dom/cjs/react-dom-server.browser.production.min.js:68:44)
    at Zc (/home/jay/Desktop/prompt/node_modules/react-dom/cjs/react-dom-server.browser.production.min.js:70:253)
    at Z (/home/jay/Desktop/prompt/node_modules/react-dom/cjs/react-dom-server.browser.production.min.js:76:89)
    at Zc (/home/jay/Desktop/prompt/node_modules/react-dom/cjs/react-dom-server.browser.production.min.js:70:481)
    at Z (/home/jay/Desktop/prompt/node_modules/react-dom/cjs/react-dom-server.browser.production.min.js:76:89)
    at $c (/home/jay/Desktop/prompt/node_modules/react-dom/cjs/react-dom-server.browser.production.min.js:78:98)
    at Zc (/home/jay/Desktop/prompt/node_modules/react-dom/cjs/react-dom-server.browser.production.min.js:71:145)
    at Z (/home/jay/Desktop/prompt/node_modules/react-dom/cjs/react-dom-server.browser.production.min.js:76:89)
ReferenceError: imageUrl is not defined
    at D (/home/jay/Desktop/prompt/.next/server/pages/category/sub-categories/[subcategories]/promptDetails/[promptSlug].js:1:4355)
    at /home/jay/Desktop/prompt/.next/server/pages/category/sub-categories/[subcategories]/promptDetails/[promptSlug].js:1:4820
    at Wc (/home/jay/Desktop/prompt/node_modules/react-dom/cjs/react-dom-server.browser.production.min.js:68:44)
    at Zc (/home/jay/Desktop/prompt/node_modules/react-dom/cjs/react-dom-server.browser.production.min.js:70:253)
    at Z (/home/jay/Desktop/prompt/node_modules/react-dom/cjs/react-dom-server.browser.production.min.js:76:89)
    at Zc (/home/jay/Desktop/prompt/node_modules/react-dom/cjs/react-dom-server.browser.production.min.js:70:481)
    at Z (/home/jay/Desktop/prompt/node_modules/react-dom/cjs/react-dom-server.browser.production.min.js:76:89)
    at $c (/home/jay/Desktop/prompt/node_modules/react-dom/cjs/react-dom-server.browser.production.min.js:78:98)
    at Zc (/home/jay/Desktop/prompt/node_modules/react-dom/cjs/react-dom-server.browser.production.min.js:71:145)
    at Z (/home/jay/Desktop/prompt/node_modules/react-dom/cjs/react-dom-server.browser.production.min.js:76:89)

Error occurred prerendering page "/category/sub-categories/nature/promptDetails/cinematic-wide-shot-in-field". Read more: https://nextjs.org/docs/messages/prerender-error

ReferenceError: imageUrl is not defined
    at D (/home/jay/Desktop/prompt/.next/server/pages/category/sub-categories/[subcategories]/promptDetails/[promptSlug].js:1:4355)
    at /home/jay/Desktop/prompt/.next/server/pages/category/sub-categories/[subcategories]/promptDetails/[promptSlug].js:1:4820
    at Wc (/home/jay/Desktop/prompt/node_modules/react-dom/cjs/react-dom-server.browser.production.min.js:68:44)
    at Zc (/home/jay/Desktop/prompt/node_modules/react-dom/cjs/react-dom-server.browser.production.min.js:70:253)
    at Z (/home/jay/Desktop/prompt/node_modules/react-dom/cjs/react-dom-server.browser.production.min.js:76:89)
    at Zc (/home/jay/Desktop/prompt/node_modules/react-dom/cjs/react-dom-server.browser.production.min.js:70:481)
    at Z (/home/jay/Desktop/prompt/node_modules/react-dom/cjs/react-dom-server.browser.production.min.js:76:89)
    at $c (/home/jay/Desktop/prompt/node_modules/react-dom/cjs/react-dom-server.browser.production.min.js:78:98)
    at Zc (/home/jay/Desktop/prompt/node_modules/react-dom/cjs/react-dom-server.browser.production.min.js:71:145)
    at Z (/home/jay/Desktop/prompt/node_modules/react-dom/cjs/react-dom-server.browser.production.min.js:76:89)
ReferenceError: imageUrl is not defined
    at D (/home/jay/Desktop/prompt/.next/server/pages/category/sub-categories/[subcategories]/promptDetails/[promptSlug].js:1:4355)
    at /home/jay/Desktop/prompt/.next/server/pages/category/sub-categories/[subcategories]/promptDetails/[promptSlug].js:1:4820
    at Wc (/home/jay/Desktop/prompt/node_modules/react-dom/cjs/react-dom-server.browser.production.min.js:68:44)
    at Zc (/home/jay/Desktop/prompt/node_modules/react-dom/cjs/react-dom-server.browser.production.min.js:70:253)
    at Z (/home/jay/Desktop/prompt/node_modules/react-dom/cjs/react-dom-server.browser.production.min.js:76:89)
    at Zc (/home/jay/Desktop/prompt/node_modules/react-dom/cjs/react-dom-server.browser.production.min.js:70:481)
    at Z (/home/jay/Desktop/prompt/node_modules/react-dom/cjs/react-dom-server.browser.production.min.js:76:89)
    at $c (/home/jay/Desktop/prompt/node_modules/react-dom/cjs/react-dom-server.browser.production.min.js:78:98)
    at Zc (/home/jay/Desktop/prompt/node_modules/react-dom/cjs/react-dom-server.browser.production.min.js:71:145)
    at Z (/home/jay/Desktop/prompt/node_modules/react-dom/cjs/react-dom-server.browser.production.min.js:76:89)

Error occurred prerendering page "/category/sub-categories/nature/promptDetails/retro-garden-blossom-scene-version-1". Read more: https://nextjs.org/docs/messages/prerender-error

ReferenceError: imageUrl is not defined
    at D (/home/jay/Desktop/prompt/.next/server/pages/category/sub-categories/[subcategories]/promptDetails/[promptSlug].js:1:4355)
    at /home/jay/Desktop/prompt/.next/server/pages/category/sub-categories/[subcategories]/promptDetails/[promptSlug].js:1:4820
    at Wc (/home/jay/Desktop/prompt/node_modules/react-dom/cjs/react-dom-server.browser.production.min.js:68:44)
    at Zc (/home/jay/Desktop/prompt/node_modules/react-dom/cjs/react-dom-server.browser.production.min.js:70:253)
    at Z (/home/jay/Desktop/prompt/node_modules/react-dom/cjs/react-dom-server.browser.production.min.js:76:89)
    at Zc (/home/jay/Desktop/prompt/node_modules/react-dom/cjs/react-dom-server.browser.production.min.js:70:481)
    at Z (/home/jay/Desktop/prompt/node_modules/react-dom/cjs/react-dom-server.browser.production.min.js:76:89)
    at $c (/home/jay/Desktop/prompt/node_modules/react-dom/cjs/react-dom-server.browser.production.min.js:78:98)
    at Zc (/home/jay/Desktop/prompt/node_modules/react-dom/cjs/react-dom-server.browser.production.min.js:71:145)
    at Z (/home/jay/Desktop/prompt/node_modules/react-dom/cjs/react-dom-server.browser.production.min.js:76:89)
ReferenceError: imageUrl is not defined
    at D (/home/jay/Desktop/prompt/.next/server/pages/category/sub-categories/[subcategories]/promptDetails/[promptSlug].js:1:4355)
    at /home/jay/Desktop/prompt/.next/server/pages/category/sub-categories/[subcategories]/promptDetails/[promptSlug].js:1:4820
    at Wc (/home/jay/Desktop/prompt/node_modules/react-dom/cjs/react-dom-server.browser.production.min.js:68:44)
    at Zc (/home/jay/Desktop/prompt/node_modules/react-dom/cjs/react-dom-server.browser.production.min.js:70:253)
    at Z (/home/jay/Desktop/prompt/node_modules/react-dom/cjs/react-dom-server.browser.production.min.js:76:89)
    at Zc (/home/jay/Desktop/prompt/node_modules/react-dom/cjs/react-dom-server.browser.production.min.js:70:481)
    at Z (/home/jay/Desktop/prompt/node_modules/react-dom/cjs/react-dom-server.browser.production.min.js:76:89)
    at $c (/home/jay/Desktop/prompt/node_modules/react-dom/cjs/react-dom-server.browser.production.min.js:78:98)
    at Zc (/home/jay/Desktop/prompt/node_modules/react-dom/cjs/react-dom-server.browser.production.min.js:71:145)
    at Z (/home/jay/Desktop/prompt/node_modules/react-dom/cjs/react-dom-server.browser.production.min.js:76:89)

Error occurred prerendering page "/category/sub-categories/nature/promptDetails/mustard-field-freedom-portrait". Read more: https://nextjs.org/docs/messages/prerender-error

ReferenceError: imageUrl is not defined
    at D (/home/jay/Desktop/prompt/.next/server/pages/category/sub-categories/[subcategories]/promptDetails/[promptSlug].js:1:4355)
    at /home/jay/Desktop/prompt/.next/server/pages/category/sub-categories/[subcategories]/promptDetails/[promptSlug].js:1:4820
    at Wc (/home/jay/Desktop/prompt/node_modules/react-dom/cjs/react-dom-server.browser.production.min.js:68:44)
    at Zc (/home/jay/Desktop/prompt/node_modules/react-dom/cjs/react-dom-server.browser.production.min.js:70:253)
    at Z (/home/jay/Desktop/prompt/node_modules/react-dom/cjs/react-dom-server.browser.production.min.js:76:89)
    at Zc (/home/jay/Desktop/prompt/node_modules/react-dom/cjs/react-dom-server.browser.production.min.js:70:481)
    at Z (/home/jay/Desktop/prompt/node_modules/react-dom/cjs/react-dom-server.browser.production.min.js:76:89)
    at $c (/home/jay/Desktop/prompt/node_modules/react-dom/cjs/react-dom-server.browser.production.min.js:78:98)
    at Zc (/home/jay/Desktop/prompt/node_modules/react-dom/cjs/react-dom-server.browser.production.min.js:71:145)
    at Z (/home/jay/Desktop/prompt/node_modules/react-dom/cjs/react-dom-server.browser.production.min.js:76:89)
[Build Time] Fetching all categories from: https://admin.promptland.in/api/get_categories
[Build Time] Fetching all categories from: https://admin.promptland.in/api/get_categories
[Build Time] Fetching all categories from: https://admin.promptland.in/api/get_categories
[Build Time] Successfully fetched 29 categories
[Build Time] Fetching prompts for category 10, subcategory none
[Build Time] Fetching all categories from: https://admin.promptland.in/api/get_categories
[Build Time] Successfully fetched 29 categories
[Build Time] Fetching prompts for category 10, subcategory none
[Build Time] Fetching all categories from: https://admin.promptland.in/api/get_categories
[Build Time] Successfully fetched 29 categories
[Build Time] Fetching prompts for category 10, subcategory none
[Build Time] Fetching all categories from: https://admin.promptland.in/api/get_categories
[Build Time] Successfully fetched 29 categories
[Build Time] Fetching prompts for category 10, subcategory none
[Build Time] Fetching all categories from: https://admin.promptland.in/api/get_categories
[Build Time] Successfully fetched 29 categories
[Build Time] Fetching prompts for category 10, subcategory none
[Build Time] Successfully fetched 29 categories
[Build Time] Fetching prompts for category 10, subcategory none
[Build Time] Successfully fetched 29 categories
[Build Time] Fetching prompts for category 10, subcategory none
[Build Time] Successfully fetched 33 prompts for category 10
[Build Time] Successfully fetched 33 prompts for category 10
ReferenceError: imageUrl is not defined
    at D (/home/jay/Desktop/prompt/.next/server/pages/category/sub-categories/[subcategories]/promptDetails/[promptSlug].js:1:4355)
    at /home/jay/Desktop/prompt/.next/server/pages/category/sub-categories/[subcategories]/promptDetails/[promptSlug].js:1:4820
    at Wc (/home/jay/Desktop/prompt/node_modules/react-dom/cjs/react-dom-server.browser.production.min.js:68:44)
    at Zc (/home/jay/Desktop/prompt/node_modules/react-dom/cjs/react-dom-server.browser.production.min.js:70:253)
    at Z (/home/jay/Desktop/prompt/node_modules/react-dom/cjs/react-dom-server.browser.production.min.js:76:89)
    at Zc (/home/jay/Desktop/prompt/node_modules/react-dom/cjs/react-dom-server.browser.production.min.js:70:481)
    at Z (/home/jay/Desktop/prompt/node_modules/react-dom/cjs/react-dom-server.browser.production.min.js:76:89)
    at $c (/home/jay/Desktop/prompt/node_modules/react-dom/cjs/react-dom-server.browser.production.min.js:78:98)
    at Zc (/home/jay/Desktop/prompt/node_modules/react-dom/cjs/react-dom-server.browser.production.min.js:71:145)
    at Z (/home/jay/Desktop/prompt/node_modules/react-dom/cjs/react-dom-server.browser.production.min.js:76:89)

Error occurred prerendering page "/category/sub-categories/nature/promptDetails/outdoor-floral-lehenga-portrait". Read more: https://nextjs.org/docs/messages/prerender-error

ReferenceError: imageUrl is not defined
    at D (/home/jay/Desktop/prompt/.next/server/pages/category/sub-categories/[subcategories]/promptDetails/[promptSlug].js:1:4355)
    at /home/jay/Desktop/prompt/.next/server/pages/category/sub-categories/[subcategories]/promptDetails/[promptSlug].js:1:4820
    at Wc (/home/jay/Desktop/prompt/node_modules/react-dom/cjs/react-dom-server.browser.production.min.js:68:44)
    at Zc (/home/jay/Desktop/prompt/node_modules/react-dom/cjs/react-dom-server.browser.production.min.js:70:253)
    at Z (/home/jay/Desktop/prompt/node_modules/react-dom/cjs/react-dom-server.browser.production.min.js:76:89)
    at Zc (/home/jay/Desktop/prompt/node_modules/react-dom/cjs/react-dom-server.browser.production.min.js:70:481)
    at Z (/home/jay/Desktop/prompt/node_modules/react-dom/cjs/react-dom-server.browser.production.min.js:76:89)
    at $c (/home/jay/Desktop/prompt/node_modules/react-dom/cjs/react-dom-server.browser.production.min.js:78:98)
    at Zc (/home/jay/Desktop/prompt/node_modules/react-dom/cjs/react-dom-server.browser.production.min.js:71:145)
    at Z (/home/jay/Desktop/prompt/node_modules/react-dom/cjs/react-dom-server.browser.production.min.js:76:89)
ReferenceError: imageUrl is not defined
    at D (/home/jay/Desktop/prompt/.next/server/pages/category/sub-categories/[subcategories]/promptDetails/[promptSlug].js:1:4355)
    at /home/jay/Desktop/prompt/.next/server/pages/category/sub-categories/[subcategories]/promptDetails/[promptSlug].js:1:4820
    at Wc (/home/jay/Desktop/prompt/node_modules/react-dom/cjs/react-dom-server.browser.production.min.js:68:44)
    at Zc (/home/jay/Desktop/prompt/node_modules/react-dom/cjs/react-dom-server.browser.production.min.js:70:253)
    at Z (/home/jay/Desktop/prompt/node_modules/react-dom/cjs/react-dom-server.browser.production.min.js:76:89)
    at Zc (/home/jay/Desktop/prompt/node_modules/react-dom/cjs/react-dom-server.browser.production.min.js:70:481)
    at Z (/home/jay/Desktop/prompt/node_modules/react-dom/cjs/react-dom-server.browser.production.min.js:76:89)
    at $c (/home/jay/Desktop/prompt/node_modules/react-dom/cjs/react-dom-server.browser.production.min.js:78:98)
    at Zc (/home/jay/Desktop/prompt/node_modules/react-dom/cjs/react-dom-server.browser.production.min.js:71:145)
    at Z (/home/jay/Desktop/prompt/node_modules/react-dom/cjs/react-dom-server.browser.production.min.js:76:89)

Error occurred prerendering page "/category/sub-categories/nature/promptDetails/calm-garden-portrait". Read more: https://nextjs.org/docs/messages/prerender-error

ReferenceError: imageUrl is not defined
    at D (/home/jay/Desktop/prompt/.next/server/pages/category/sub-categories/[subcategories]/promptDetails/[promptSlug].js:1:4355)
    at /home/jay/Desktop/prompt/.next/server/pages/category/sub-categories/[subcategories]/promptDetails/[promptSlug].js:1:4820
    at Wc (/home/jay/Desktop/prompt/node_modules/react-dom/cjs/react-dom-server.browser.production.min.js:68:44)
    at Zc (/home/jay/Desktop/prompt/node_modules/react-dom/cjs/react-dom-server.browser.production.min.js:70:253)
    at Z (/home/jay/Desktop/prompt/node_modules/react-dom/cjs/react-dom-server.browser.production.min.js:76:89)
    at Zc (/home/jay/Desktop/prompt/node_modules/react-dom/cjs/react-dom-server.browser.production.min.js:70:481)
    at Z (/home/jay/Desktop/prompt/node_modules/react-dom/cjs/react-dom-server.browser.production.min.js:76:89)
    at $c (/home/jay/Desktop/prompt/node_modules/react-dom/cjs/react-dom-server.browser.production.min.js:78:98)
    at Zc (/home/jay/Desktop/prompt/node_modules/react-dom/cjs/react-dom-server.browser.production.min.js:71:145)
    at Z (/home/jay/Desktop/prompt/node_modules/react-dom/cjs/react-dom-server.browser.production.min.js:76:89)
[Build Time] Successfully fetched 33 prompts for category 10
[Build Time] Successfully fetched 33 prompts for category 10
[Build Time] Successfully fetched 33 prompts for category 10
[Build Time] Successfully fetched 33 prompts for category 10
ReferenceError: imageUrl is not defined
    at D (/home/jay/Desktop/prompt/.next/server/pages/category/sub-categories/[subcategories]/promptDetails/[promptSlug].js:1:4355)
    at /home/jay/Desktop/prompt/.next/server/pages/category/sub-categories/[subcategories]/promptDetails/[promptSlug].js:1:4820
    at Wc (/home/jay/Desktop/prompt/node_modules/react-dom/cjs/react-dom-server.browser.production.min.js:68:44)
    at Zc (/home/jay/Desktop/prompt/node_modules/react-dom/cjs/react-dom-server.browser.production.min.js:70:253)
    at Z (/home/jay/Desktop/prompt/node_modules/react-dom/cjs/react-dom-server.browser.production.min.js:76:89)
    at Zc (/home/jay/Desktop/prompt/node_modules/react-dom/cjs/react-dom-server.browser.production.min.js:70:481)
    at Z (/home/jay/Desktop/prompt/node_modules/react-dom/cjs/react-dom-server.browser.production.min.js:76:89)
    at $c (/home/jay/Desktop/prompt/node_modules/react-dom/cjs/react-dom-server.browser.production.min.js:78:98)
    at Zc (/home/jay/Desktop/prompt/node_modules/react-dom/cjs/react-dom-server.browser.production.min.js:71:145)
    at Z (/home/jay/Desktop/prompt/node_modules/react-dom/cjs/react-dom-server.browser.production.min.js:76:89)

Error occurred prerendering page "/category/sub-categories/nature/promptDetails/mountain-adventure-smartphone-portrait". Read more: https://nextjs.org/docs/messages/prerender-error

ReferenceError: imageUrl is not defined
    at D (/home/jay/Desktop/prompt/.next/server/pages/category/sub-categories/[subcategories]/promptDetails/[promptSlug].js:1:4355)
    at /home/jay/Desktop/prompt/.next/server/pages/category/sub-categories/[subcategories]/promptDetails/[promptSlug].js:1:4820
    at Wc (/home/jay/Desktop/prompt/node_modules/react-dom/cjs/react-dom-server.browser.production.min.js:68:44)
    at Zc (/home/jay/Desktop/prompt/node_modules/react-dom/cjs/react-dom-server.browser.production.min.js:70:253)
    at Z (/home/jay/Desktop/prompt/node_modules/react-dom/cjs/react-dom-server.browser.production.min.js:76:89)
    at Zc (/home/jay/Desktop/prompt/node_modules/react-dom/cjs/react-dom-server.browser.production.min.js:70:481)
    at Z (/home/jay/Desktop/prompt/node_modules/react-dom/cjs/react-dom-server.browser.production.min.js:76:89)
    at $c (/home/jay/Desktop/prompt/node_modules/react-dom/cjs/react-dom-server.browser.production.min.js:78:98)
    at Zc (/home/jay/Desktop/prompt/node_modules/react-dom/cjs/react-dom-server.browser.production.min.js:71:145)
    at Z (/home/jay/Desktop/prompt/node_modules/react-dom/cjs/react-dom-server.browser.production.min.js:76:89)
ReferenceError: imageUrl is not defined
    at D (/home/jay/Desktop/prompt/.next/server/pages/category/sub-categories/[subcategories]/promptDetails/[promptSlug].js:1:4355)
    at /home/jay/Desktop/prompt/.next/server/pages/category/sub-categories/[subcategories]/promptDetails/[promptSlug].js:1:4820
    at Wc (/home/jay/Desktop/prompt/node_modules/react-dom/cjs/react-dom-server.browser.production.min.js:68:44)
    at Zc (/home/jay/Desktop/prompt/node_modules/react-dom/cjs/react-dom-server.browser.production.min.js:70:253)
    at Z (/home/jay/Desktop/prompt/node_modules/react-dom/cjs/react-dom-server.browser.production.min.js:76:89)
    at Zc (/home/jay/Desktop/prompt/node_modules/react-dom/cjs/react-dom-server.browser.production.min.js:70:481)
    at Z (/home/jay/Desktop/prompt/node_modules/react-dom/cjs/react-dom-server.browser.production.min.js:76:89)
    at $c (/home/jay/Desktop/prompt/node_modules/react-dom/cjs/react-dom-server.browser.production.min.js:78:98)
    at Zc (/home/jay/Desktop/prompt/node_modules/react-dom/cjs/react-dom-server.browser.production.min.js:71:145)
    at Z (/home/jay/Desktop/prompt/node_modules/react-dom/cjs/react-dom-server.browser.production.min.js:76:89)

Error occurred prerendering page "/category/sub-categories/nature/promptDetails/outdoor-fashion-portrait-with-camera". Read more: https://nextjs.org/docs/messages/prerender-error

ReferenceError: imageUrl is not defined
    at D (/home/jay/Desktop/prompt/.next/server/pages/category/sub-categories/[subcategories]/promptDetails/[promptSlug].js:1:4355)
    at /home/jay/Desktop/prompt/.next/server/pages/category/sub-categories/[subcategories]/promptDetails/[promptSlug].js:1:4820
    at Wc (/home/jay/Desktop/prompt/node_modules/react-dom/cjs/react-dom-server.browser.production.min.js:68:44)
    at Zc (/home/jay/Desktop/prompt/node_modules/react-dom/cjs/react-dom-server.browser.production.min.js:70:253)
    at Z (/home/jay/Desktop/prompt/node_modules/react-dom/cjs/react-dom-server.browser.production.min.js:76:89)
    at Zc (/home/jay/Desktop/prompt/node_modules/react-dom/cjs/react-dom-server.browser.production.min.js:70:481)
    at Z (/home/jay/Desktop/prompt/node_modules/react-dom/cjs/react-dom-server.browser.production.min.js:76:89)
    at $c (/home/jay/Desktop/prompt/node_modules/react-dom/cjs/react-dom-server.browser.production.min.js:78:98)
    at Zc (/home/jay/Desktop/prompt/node_modules/react-dom/cjs/react-dom-server.browser.production.min.js:71:145)
    at Z (/home/jay/Desktop/prompt/node_modules/react-dom/cjs/react-dom-server.browser.production.min.js:76:89)
ReferenceError: imageUrl is not defined
    at D (/home/jay/Desktop/prompt/.next/server/pages/category/sub-categories/[subcategories]/promptDetails/[promptSlug].js:1:4355)
    at /home/jay/Desktop/prompt/.next/server/pages/category/sub-categories/[subcategories]/promptDetails/[promptSlug].js:1:4820
    at Wc (/home/jay/Desktop/prompt/node_modules/react-dom/cjs/react-dom-server.browser.production.min.js:68:44)
    at Zc (/home/jay/Desktop/prompt/node_modules/react-dom/cjs/react-dom-server.browser.production.min.js:70:253)
    at Z (/home/jay/Desktop/prompt/node_modules/react-dom/cjs/react-dom-server.browser.production.min.js:76:89)
    at Zc (/home/jay/Desktop/prompt/node_modules/react-dom/cjs/react-dom-server.browser.production.min.js:70:481)
    at Z (/home/jay/Desktop/prompt/node_modules/react-dom/cjs/react-dom-server.browser.production.min.js:76:89)
    at $c (/home/jay/Desktop/prompt/node_modules/react-dom/cjs/react-dom-server.browser.production.min.js:78:98)
    at Zc (/home/jay/Desktop/prompt/node_modules/react-dom/cjs/react-dom-server.browser.production.min.js:71:145)
    at Z (/home/jay/Desktop/prompt/node_modules/react-dom/cjs/react-dom-server.browser.production.min.js:76:89)

Error occurred prerendering page "/category/sub-categories/nature/promptDetails/realistic-woman-under-tree-with-falling-petals". Read more: https://nextjs.org/docs/messages/prerender-error

ReferenceError: imageUrl is not defined
    at D (/home/jay/Desktop/prompt/.next/server/pages/category/sub-categories/[subcategories]/promptDetails/[promptSlug].js:1:4355)
    at /home/jay/Desktop/prompt/.next/server/pages/category/sub-categories/[subcategories]/promptDetails/[promptSlug].js:1:4820
    at Wc (/home/jay/Desktop/prompt/node_modules/react-dom/cjs/react-dom-server.browser.production.min.js:68:44)
    at Zc (/home/jay/Desktop/prompt/node_modules/react-dom/cjs/react-dom-server.browser.production.min.js:70:253)
    at Z (/home/jay/Desktop/prompt/node_modules/react-dom/cjs/react-dom-server.browser.production.min.js:76:89)
    at Zc (/home/jay/Desktop/prompt/node_modules/react-dom/cjs/react-dom-server.browser.production.min.js:70:481)
    at Z (/home/jay/Desktop/prompt/node_modules/react-dom/cjs/react-dom-server.browser.production.min.js:76:89)
    at $c (/home/jay/Desktop/prompt/node_modules/react-dom/cjs/react-dom-server.browser.production.min.js:78:98)
    at Zc (/home/jay/Desktop/prompt/node_modules/react-dom/cjs/react-dom-server.browser.production.min.js:71:145)
    at Z (/home/jay/Desktop/prompt/node_modules/react-dom/cjs/react-dom-server.browser.production.min.js:76:89)
ReferenceError: imageUrl is not defined
    at D (/home/jay/Desktop/prompt/.next/server/pages/category/sub-categories/[subcategories]/promptDetails/[promptSlug].js:1:4355)
    at /home/jay/Desktop/prompt/.next/server/pages/category/sub-categories/[subcategories]/promptDetails/[promptSlug].js:1:4820
    at Wc (/home/jay/Desktop/prompt/node_modules/react-dom/cjs/react-dom-server.browser.production.min.js:68:44)
    at Zc (/home/jay/Desktop/prompt/node_modules/react-dom/cjs/react-dom-server.browser.production.min.js:70:253)
    at Z (/home/jay/Desktop/prompt/node_modules/react-dom/cjs/react-dom-server.browser.production.min.js:76:89)
    at Zc (/home/jay/Desktop/prompt/node_modules/react-dom/cjs/react-dom-server.browser.production.min.js:70:481)
    at Z (/home/jay/Desktop/prompt/node_modules/react-dom/cjs/react-dom-server.browser.production.min.js:76:89)
    at $c (/home/jay/Desktop/prompt/node_modules/react-dom/cjs/react-dom-server.browser.production.min.js:78:98)
    at Zc (/home/jay/Desktop/prompt/node_modules/react-dom/cjs/react-dom-server.browser.production.min.js:71:145)
    at Z (/home/jay/Desktop/prompt/node_modules/react-dom/cjs/react-dom-server.browser.production.min.js:76:89)

Error occurred prerendering page "/category/sub-categories/nature/promptDetails/mossy-stone-outdoor-leaning-portrait". Read more: https://nextjs.org/docs/messages/prerender-error

ReferenceError: imageUrl is not defined
    at D (/home/jay/Desktop/prompt/.next/server/pages/category/sub-categories/[subcategories]/promptDetails/[promptSlug].js:1:4355)
    at /home/jay/Desktop/prompt/.next/server/pages/category/sub-categories/[subcategories]/promptDetails/[promptSlug].js:1:4820
    at Wc (/home/jay/Desktop/prompt/node_modules/react-dom/cjs/react-dom-server.browser.production.min.js:68:44)
    at Zc (/home/jay/Desktop/prompt/node_modules/react-dom/cjs/react-dom-server.browser.production.min.js:70:253)
    at Z (/home/jay/Desktop/prompt/node_modules/react-dom/cjs/react-dom-server.browser.production.min.js:76:89)
    at Zc (/home/jay/Desktop/prompt/node_modules/react-dom/cjs/react-dom-server.browser.production.min.js:70:481)
    at Z (/home/jay/Desktop/prompt/node_modules/react-dom/cjs/react-dom-server.browser.production.min.js:76:89)
    at $c (/home/jay/Desktop/prompt/node_modules/react-dom/cjs/react-dom-server.browser.production.min.js:78:98)
    at Zc (/home/jay/Desktop/prompt/node_modules/react-dom/cjs/react-dom-server.browser.production.min.js:71:145)
    at Z (/home/jay/Desktop/prompt/node_modules/react-dom/cjs/react-dom-server.browser.production.min.js:76:89)
[Build Time] Successfully fetched 33 prompts for category 10
ReferenceError: imageUrl is not defined
    at D (/home/jay/Desktop/prompt/.next/server/pages/category/sub-categories/[subcategories]/promptDetails/[promptSlug].js:1:4355)
    at /home/jay/Desktop/prompt/.next/server/pages/category/sub-categories/[subcategories]/promptDetails/[promptSlug].js:1:4820
    at Wc (/home/jay/Desktop/prompt/node_modules/react-dom/cjs/react-dom-server.browser.production.min.js:68:44)
    at Zc (/home/jay/Desktop/prompt/node_modules/react-dom/cjs/react-dom-server.browser.production.min.js:70:253)
    at Z (/home/jay/Desktop/prompt/node_modules/react-dom/cjs/react-dom-server.browser.production.min.js:76:89)
    at Zc (/home/jay/Desktop/prompt/node_modules/react-dom/cjs/react-dom-server.browser.production.min.js:70:481)
    at Z (/home/jay/Desktop/prompt/node_modules/react-dom/cjs/react-dom-server.browser.production.min.js:76:89)
    at $c (/home/jay/Desktop/prompt/node_modules/react-dom/cjs/react-dom-server.browser.production.min.js:78:98)
    at Zc (/home/jay/Desktop/prompt/node_modules/react-dom/cjs/react-dom-server.browser.production.min.js:71:145)
    at Z (/home/jay/Desktop/prompt/node_modules/react-dom/cjs/react-dom-server.browser.production.min.js:76:89)

Error occurred prerendering page "/category/sub-categories/nature/promptDetails/sunflower-silver-silk-portrait". Read more: https://nextjs.org/docs/messages/prerender-error

ReferenceError: imageUrl is not defined
    at D (/home/jay/Desktop/prompt/.next/server/pages/category/sub-categories/[subcategories]/promptDetails/[promptSlug].js:1:4355)
    at /home/jay/Desktop/prompt/.next/server/pages/category/sub-categories/[subcategories]/promptDetails/[promptSlug].js:1:4820
    at Wc (/home/jay/Desktop/prompt/node_modules/react-dom/cjs/react-dom-server.browser.production.min.js:68:44)
    at Zc (/home/jay/Desktop/prompt/node_modules/react-dom/cjs/react-dom-server.browser.production.min.js:70:253)
    at Z (/home/jay/Desktop/prompt/node_modules/react-dom/cjs/react-dom-server.browser.production.min.js:76:89)
    at Zc (/home/jay/Desktop/prompt/node_modules/react-dom/cjs/react-dom-server.browser.production.min.js:70:481)
    at Z (/home/jay/Desktop/prompt/node_modules/react-dom/cjs/react-dom-server.browser.production.min.js:76:89)
    at $c (/home/jay/Desktop/prompt/node_modules/react-dom/cjs/react-dom-server.browser.production.min.js:78:98)
    at Zc (/home/jay/Desktop/prompt/node_modules/react-dom/cjs/react-dom-server.browser.production.min.js:71:145)
    at Z (/home/jay/Desktop/prompt/node_modules/react-dom/cjs/react-dom-server.browser.production.min.js:76:89)
[Build Time] Fetching all categories from: https://admin.promptland.in/api/get_categories
[Build Time] Successfully fetched 29 categories
[Build Time] Fetching prompts for category 10, subcategory none
[Build Time] Successfully fetched 33 prompts for category 10
[Build Time] Fetching all categories from: https://admin.promptland.in/api/get_categories
[Build Time] Successfully fetched 29 categories
[Build Time] Fetching prompts for category 10, subcategory none
[Build Time] Successfully fetched 33 prompts for category 10
[Build Time] Fetching all categories from: https://admin.promptland.in/api/get_categories
[Build Time] Successfully fetched 29 categories
[Build Time] Fetching prompts for category 10, subcategory none
[Build Time] Successfully fetched 33 prompts for category 10
[Build Time] Fetching all categories from: https://admin.promptland.in/api/get_categories
[Build Time] Successfully fetched 29 categories
[Build Time] Fetching prompts for category 10, subcategory none
[Build Time] Successfully fetched 33 prompts for category 10
[Build Time] Fetching all categories from: https://admin.promptland.in/api/get_categories
[Build Time] Successfully fetched 29 categories
[Build Time] Fetching prompts for category 10, subcategory none
[Build Time] Successfully fetched 33 prompts for category 10
[Build Time] Fetching all categories from: https://admin.promptland.in/api/get_categories
[Build Time] Successfully fetched 29 categories
[Build Time] Fetching prompts for category 10, subcategory none
[Build Time] Successfully fetched 33 prompts for category 10
[Build Time] Fetching all categories from: https://admin.promptland.in/api/get_categories
[Build Time] Successfully fetched 29 categories
[Build Time] Fetching prompts for category 10, subcategory none
[Build Time] Successfully fetched 33 prompts for category 10
ReferenceError: imageUrl is not defined
    at D (/home/jay/Desktop/prompt/.next/server/pages/category/sub-categories/[subcategories]/promptDetails/[promptSlug].js:1:4355)
    at /home/jay/Desktop/prompt/.next/server/pages/category/sub-categories/[subcategories]/promptDetails/[promptSlug].js:1:4820
    at Wc (/home/jay/Desktop/prompt/node_modules/react-dom/cjs/react-dom-server.browser.production.min.js:68:44)
    at Zc (/home/jay/Desktop/prompt/node_modules/react-dom/cjs/react-dom-server.browser.production.min.js:70:253)
    at Z (/home/jay/Desktop/prompt/node_modules/react-dom/cjs/react-dom-server.browser.production.min.js:76:89)
    at Zc (/home/jay/Desktop/prompt/node_modules/react-dom/cjs/react-dom-server.browser.production.min.js:70:481)
    at Z (/home/jay/Desktop/prompt/node_modules/react-dom/cjs/react-dom-server.browser.production.min.js:76:89)
    at $c (/home/jay/Desktop/prompt/node_modules/react-dom/cjs/react-dom-server.browser.production.min.js:78:98)
    at Zc (/home/jay/Desktop/prompt/node_modules/react-dom/cjs/react-dom-server.browser.production.min.js:71:145)
    at Z (/home/jay/Desktop/prompt/node_modules/react-dom/cjs/react-dom-server.browser.production.min.js:76:89)

Error occurred prerendering page "/category/sub-categories/nature/promptDetails/garden-portrait-with-kitten". Read more: https://nextjs.org/docs/messages/prerender-error

ReferenceError: imageUrl is not defined
    at D (/home/jay/Desktop/prompt/.next/server/pages/category/sub-categories/[subcategories]/promptDetails/[promptSlug].js:1:4355)
    at /home/jay/Desktop/prompt/.next/server/pages/category/sub-categories/[subcategories]/promptDetails/[promptSlug].js:1:4820
    at Wc (/home/jay/Desktop/prompt/node_modules/react-dom/cjs/react-dom-server.browser.production.min.js:68:44)
    at Zc (/home/jay/Desktop/prompt/node_modules/react-dom/cjs/react-dom-server.browser.production.min.js:70:253)
    at Z (/home/jay/Desktop/prompt/node_modules/react-dom/cjs/react-dom-server.browser.production.min.js:76:89)
    at Zc (/home/jay/Desktop/prompt/node_modules/react-dom/cjs/react-dom-server.browser.production.min.js:70:481)
    at Z (/home/jay/Desktop/prompt/node_modules/react-dom/cjs/react-dom-server.browser.production.min.js:76:89)
    at $c (/home/jay/Desktop/prompt/node_modules/react-dom/cjs/react-dom-server.browser.production.min.js:78:98)
    at Zc (/home/jay/Desktop/prompt/node_modules/react-dom/cjs/react-dom-server.browser.production.min.js:71:145)
    at Z (/home/jay/Desktop/prompt/node_modules/react-dom/cjs/react-dom-server.browser.production.min.js:76:89)
ReferenceError: imageUrl is not defined
    at D (/home/jay/Desktop/prompt/.next/server/pages/category/sub-categories/[subcategories]/promptDetails/[promptSlug].js:1:4355)
    at /home/jay/Desktop/prompt/.next/server/pages/category/sub-categories/[subcategories]/promptDetails/[promptSlug].js:1:4820
    at Wc (/home/jay/Desktop/prompt/node_modules/react-dom/cjs/react-dom-server.browser.production.min.js:68:44)
    at Zc (/home/jay/Desktop/prompt/node_modules/react-dom/cjs/react-dom-server.browser.production.min.js:70:253)
    at Z (/home/jay/Desktop/prompt/node_modules/react-dom/cjs/react-dom-server.browser.production.min.js:76:89)
    at Zc (/home/jay/Desktop/prompt/node_modules/react-dom/cjs/react-dom-server.browser.production.min.js:70:481)
    at Z (/home/jay/Desktop/prompt/node_modules/react-dom/cjs/react-dom-server.browser.production.min.js:76:89)
    at $c (/home/jay/Desktop/prompt/node_modules/react-dom/cjs/react-dom-server.browser.production.min.js:78:98)
    at Zc (/home/jay/Desktop/prompt/node_modules/react-dom/cjs/react-dom-server.browser.production.min.js:71:145)
    at Z (/home/jay/Desktop/prompt/node_modules/react-dom/cjs/react-dom-server.browser.production.min.js:76:89)

Error occurred prerendering page "/category/sub-categories/nature/promptDetails/dslr-garden-portrait-seated-on-tree-dali". Read more: https://nextjs.org/docs/messages/prerender-error

ReferenceError: imageUrl is not defined
    at D (/home/jay/Desktop/prompt/.next/server/pages/category/sub-categories/[subcategories]/promptDetails/[promptSlug].js:1:4355)
    at /home/jay/Desktop/prompt/.next/server/pages/category/sub-categories/[subcategories]/promptDetails/[promptSlug].js:1:4820
    at Wc (/home/jay/Desktop/prompt/node_modules/react-dom/cjs/react-dom-server.browser.production.min.js:68:44)
    at Zc (/home/jay/Desktop/prompt/node_modules/react-dom/cjs/react-dom-server.browser.production.min.js:70:253)
    at Z (/home/jay/Desktop/prompt/node_modules/react-dom/cjs/react-dom-server.browser.production.min.js:76:89)
    at Zc (/home/jay/Desktop/prompt/node_modules/react-dom/cjs/react-dom-server.browser.production.min.js:70:481)
    at Z (/home/jay/Desktop/prompt/node_modules/react-dom/cjs/react-dom-server.browser.production.min.js:76:89)
    at $c (/home/jay/Desktop/prompt/node_modules/react-dom/cjs/react-dom-server.browser.production.min.js:78:98)
    at Zc (/home/jay/Desktop/prompt/node_modules/react-dom/cjs/react-dom-server.browser.production.min.js:71:145)
    at Z (/home/jay/Desktop/prompt/node_modules/react-dom/cjs/react-dom-server.browser.production.min.js:76:89)
ReferenceError: imageUrl is not defined
    at D (/home/jay/Desktop/prompt/.next/server/pages/category/sub-categories/[subcategories]/promptDetails/[promptSlug].js:1:4355)
    at /home/jay/Desktop/prompt/.next/server/pages/category/sub-categories/[subcategories]/promptDetails/[promptSlug].js:1:4820
    at Wc (/home/jay/Desktop/prompt/node_modules/react-dom/cjs/react-dom-server.browser.production.min.js:68:44)
    at Zc (/home/jay/Desktop/prompt/node_modules/react-dom/cjs/react-dom-server.browser.production.min.js:70:253)
    at Z (/home/jay/Desktop/prompt/node_modules/react-dom/cjs/react-dom-server.browser.production.min.js:76:89)
    at Zc (/home/jay/Desktop/prompt/node_modules/react-dom/cjs/react-dom-server.browser.production.min.js:70:481)
    at Z (/home/jay/Desktop/prompt/node_modules/react-dom/cjs/react-dom-server.browser.production.min.js:76:89)
    at $c (/home/jay/Desktop/prompt/node_modules/react-dom/cjs/react-dom-server.browser.production.min.js:78:98)
    at Zc (/home/jay/Desktop/prompt/node_modules/react-dom/cjs/react-dom-server.browser.production.min.js:71:145)
    at Z (/home/jay/Desktop/prompt/node_modules/react-dom/cjs/react-dom-server.browser.production.min.js:76:89)

Error occurred prerendering page "/category/sub-categories/nature/promptDetails/dslr-garden-portrait-leaning-on-tree-dali". Read more: https://nextjs.org/docs/messages/prerender-error

ReferenceError: imageUrl is not defined
    at D (/home/jay/Desktop/prompt/.next/server/pages/category/sub-categories/[subcategories]/promptDetails/[promptSlug].js:1:4355)
    at /home/jay/Desktop/prompt/.next/server/pages/category/sub-categories/[subcategories]/promptDetails/[promptSlug].js:1:4820
    at Wc (/home/jay/Desktop/prompt/node_modules/react-dom/cjs/react-dom-server.browser.production.min.js:68:44)
    at Zc (/home/jay/Desktop/prompt/node_modules/react-dom/cjs/react-dom-server.browser.production.min.js:70:253)
    at Z (/home/jay/Desktop/prompt/node_modules/react-dom/cjs/react-dom-server.browser.production.min.js:76:89)
    at Zc (/home/jay/Desktop/prompt/node_modules/react-dom/cjs/react-dom-server.browser.production.min.js:70:481)
    at Z (/home/jay/Desktop/prompt/node_modules/react-dom/cjs/react-dom-server.browser.production.min.js:76:89)
    at $c (/home/jay/Desktop/prompt/node_modules/react-dom/cjs/react-dom-server.browser.production.min.js:78:98)
    at Zc (/home/jay/Desktop/prompt/node_modules/react-dom/cjs/react-dom-server.browser.production.min.js:71:145)
    at Z (/home/jay/Desktop/prompt/node_modules/react-dom/cjs/react-dom-server.browser.production.min.js:76:89)
ReferenceError: imageUrl is not defined
    at D (/home/jay/Desktop/prompt/.next/server/pages/category/sub-categories/[subcategories]/promptDetails/[promptSlug].js:1:4355)
    at /home/jay/Desktop/prompt/.next/server/pages/category/sub-categories/[subcategories]/promptDetails/[promptSlug].js:1:4820
    at Wc (/home/jay/Desktop/prompt/node_modules/react-dom/cjs/react-dom-server.browser.production.min.js:68:44)
    at Zc (/home/jay/Desktop/prompt/node_modules/react-dom/cjs/react-dom-server.browser.production.min.js:70:253)
    at Z (/home/jay/Desktop/prompt/node_modules/react-dom/cjs/react-dom-server.browser.production.min.js:76:89)
    at Zc (/home/jay/Desktop/prompt/node_modules/react-dom/cjs/react-dom-server.browser.production.min.js:70:481)
    at Z (/home/jay/Desktop/prompt/node_modules/react-dom/cjs/react-dom-server.browser.production.min.js:76:89)
    at $c (/home/jay/Desktop/prompt/node_modules/react-dom/cjs/react-dom-server.browser.production.min.js:78:98)
    at Zc (/home/jay/Desktop/prompt/node_modules/react-dom/cjs/react-dom-server.browser.production.min.js:71:145)
    at Z (/home/jay/Desktop/prompt/node_modules/react-dom/cjs/react-dom-server.browser.production.min.js:76:89)

Error occurred prerendering page "/category/sub-categories/nature/promptDetails/dslr-garden-portrait-hands-in-pockets". Read more: https://nextjs.org/docs/messages/prerender-error

ReferenceError: imageUrl is not defined
    at D (/home/jay/Desktop/prompt/.next/server/pages/category/sub-categories/[subcategories]/promptDetails/[promptSlug].js:1:4355)
    at /home/jay/Desktop/prompt/.next/server/pages/category/sub-categories/[subcategories]/promptDetails/[promptSlug].js:1:4820
    at Wc (/home/jay/Desktop/prompt/node_modules/react-dom/cjs/react-dom-server.browser.production.min.js:68:44)
    at Zc (/home/jay/Desktop/prompt/node_modules/react-dom/cjs/react-dom-server.browser.production.min.js:70:253)
    at Z (/home/jay/Desktop/prompt/node_modules/react-dom/cjs/react-dom-server.browser.production.min.js:76:89)
    at Zc (/home/jay/Desktop/prompt/node_modules/react-dom/cjs/react-dom-server.browser.production.min.js:70:481)
    at Z (/home/jay/Desktop/prompt/node_modules/react-dom/cjs/react-dom-server.browser.production.min.js:76:89)
    at $c (/home/jay/Desktop/prompt/node_modules/react-dom/cjs/react-dom-server.browser.production.min.js:78:98)
    at Zc (/home/jay/Desktop/prompt/node_modules/react-dom/cjs/react-dom-server.browser.production.min.js:71:145)
    at Z (/home/jay/Desktop/prompt/node_modules/react-dom/cjs/react-dom-server.browser.production.min.js:76:89)
ReferenceError: imageUrl is not defined
    at D (/home/jay/Desktop/prompt/.next/server/pages/category/sub-categories/[subcategories]/promptDetails/[promptSlug].js:1:4355)
    at /home/jay/Desktop/prompt/.next/server/pages/category/sub-categories/[subcategories]/promptDetails/[promptSlug].js:1:4820
    at Wc (/home/jay/Desktop/prompt/node_modules/react-dom/cjs/react-dom-server.browser.production.min.js:68:44)
    at Zc (/home/jay/Desktop/prompt/node_modules/react-dom/cjs/react-dom-server.browser.production.min.js:70:253)
    at Z (/home/jay/Desktop/prompt/node_modules/react-dom/cjs/react-dom-server.browser.production.min.js:76:89)
    at Zc (/home/jay/Desktop/prompt/node_modules/react-dom/cjs/react-dom-server.browser.production.min.js:70:481)
    at Z (/home/jay/Desktop/prompt/node_modules/react-dom/cjs/react-dom-server.browser.production.min.js:76:89)
    at $c (/home/jay/Desktop/prompt/node_modules/react-dom/cjs/react-dom-server.browser.production.min.js:78:98)
    at Zc (/home/jay/Desktop/prompt/node_modules/react-dom/cjs/react-dom-server.browser.production.min.js:71:145)
    at Z (/home/jay/Desktop/prompt/node_modules/react-dom/cjs/react-dom-server.browser.production.min.js:76:89)

Error occurred prerendering page "/category/sub-categories/nature/promptDetails/hyper-realistic-park-portrait". Read more: https://nextjs.org/docs/messages/prerender-error

ReferenceError: imageUrl is not defined
    at D (/home/jay/Desktop/prompt/.next/server/pages/category/sub-categories/[subcategories]/promptDetails/[promptSlug].js:1:4355)
    at /home/jay/Desktop/prompt/.next/server/pages/category/sub-categories/[subcategories]/promptDetails/[promptSlug].js:1:4820
    at Wc (/home/jay/Desktop/prompt/node_modules/react-dom/cjs/react-dom-server.browser.production.min.js:68:44)
    at Zc (/home/jay/Desktop/prompt/node_modules/react-dom/cjs/react-dom-server.browser.production.min.js:70:253)
    at Z (/home/jay/Desktop/prompt/node_modules/react-dom/cjs/react-dom-server.browser.production.min.js:76:89)
    at Zc (/home/jay/Desktop/prompt/node_modules/react-dom/cjs/react-dom-server.browser.production.min.js:70:481)
    at Z (/home/jay/Desktop/prompt/node_modules/react-dom/cjs/react-dom-server.browser.production.min.js:76:89)
    at $c (/home/jay/Desktop/prompt/node_modules/react-dom/cjs/react-dom-server.browser.production.min.js:78:98)
    at Zc (/home/jay/Desktop/prompt/node_modules/react-dom/cjs/react-dom-server.browser.production.min.js:71:145)
    at Z (/home/jay/Desktop/prompt/node_modules/react-dom/cjs/react-dom-server.browser.production.min.js:76:89)
ReferenceError: imageUrl is not defined
    at D (/home/jay/Desktop/prompt/.next/server/pages/category/sub-categories/[subcategories]/promptDetails/[promptSlug].js:1:4355)
    at /home/jay/Desktop/prompt/.next/server/pages/category/sub-categories/[subcategories]/promptDetails/[promptSlug].js:1:4820
    at Wc (/home/jay/Desktop/prompt/node_modules/react-dom/cjs/react-dom-server.browser.production.min.js:68:44)
    at Zc (/home/jay/Desktop/prompt/node_modules/react-dom/cjs/react-dom-server.browser.production.min.js:70:253)
    at Z (/home/jay/Desktop/prompt/node_modules/react-dom/cjs/react-dom-server.browser.production.min.js:76:89)
    at Zc (/home/jay/Desktop/prompt/node_modules/react-dom/cjs/react-dom-server.browser.production.min.js:70:481)
    at Z (/home/jay/Desktop/prompt/node_modules/react-dom/cjs/react-dom-server.browser.production.min.js:76:89)
    at $c (/home/jay/Desktop/prompt/node_modules/react-dom/cjs/react-dom-server.browser.production.min.js:78:98)
    at Zc (/home/jay/Desktop/prompt/node_modules/react-dom/cjs/react-dom-server.browser.production.min.js:71:145)
    at Z (/home/jay/Desktop/prompt/node_modules/react-dom/cjs/react-dom-server.browser.production.min.js:76:89)

Error occurred prerendering page "/category/sub-categories/nature/promptDetails/golden-hour-garden-portrait". Read more: https://nextjs.org/docs/messages/prerender-error

ReferenceError: imageUrl is not defined
    at D (/home/jay/Desktop/prompt/.next/server/pages/category/sub-categories/[subcategories]/promptDetails/[promptSlug].js:1:4355)
    at /home/jay/Desktop/prompt/.next/server/pages/category/sub-categories/[subcategories]/promptDetails/[promptSlug].js:1:4820
    at Wc (/home/jay/Desktop/prompt/node_modules/react-dom/cjs/react-dom-server.browser.production.min.js:68:44)
    at Zc (/home/jay/Desktop/prompt/node_modules/react-dom/cjs/react-dom-server.browser.production.min.js:70:253)
    at Z (/home/jay/Desktop/prompt/node_modules/react-dom/cjs/react-dom-server.browser.production.min.js:76:89)
    at Zc (/home/jay/Desktop/prompt/node_modules/react-dom/cjs/react-dom-server.browser.production.min.js:70:481)
    at Z (/home/jay/Desktop/prompt/node_modules/react-dom/cjs/react-dom-server.browser.production.min.js:76:89)
    at $c (/home/jay/Desktop/prompt/node_modules/react-dom/cjs/react-dom-server.browser.production.min.js:78:98)
    at Zc (/home/jay/Desktop/prompt/node_modules/react-dom/cjs/react-dom-server.browser.production.min.js:71:145)
    at Z (/home/jay/Desktop/prompt/node_modules/react-dom/cjs/react-dom-server.browser.production.min.js:76:89)
ReferenceError: imageUrl is not defined
    at D (/home/jay/Desktop/prompt/.next/server/pages/category/sub-categories/[subcategories]/promptDetails/[promptSlug].js:1:4355)
    at /home/jay/Desktop/prompt/.next/server/pages/category/sub-categories/[subcategories]/promptDetails/[promptSlug].js:1:4820
    at Wc (/home/jay/Desktop/prompt/node_modules/react-dom/cjs/react-dom-server.browser.production.min.js:68:44)
    at Zc (/home/jay/Desktop/prompt/node_modules/react-dom/cjs/react-dom-server.browser.production.min.js:70:253)
    at Z (/home/jay/Desktop/prompt/node_modules/react-dom/cjs/react-dom-server.browser.production.min.js:76:89)
    at Zc (/home/jay/Desktop/prompt/node_modules/react-dom/cjs/react-dom-server.browser.production.min.js:70:481)
    at Z (/home/jay/Desktop/prompt/node_modules/react-dom/cjs/react-dom-server.browser.production.min.js:76:89)
    at $c (/home/jay/Desktop/prompt/node_modules/react-dom/cjs/react-dom-server.browser.production.min.js:78:98)
    at Zc (/home/jay/Desktop/prompt/node_modules/react-dom/cjs/react-dom-server.browser.production.min.js:71:145)
    at Z (/home/jay/Desktop/prompt/node_modules/react-dom/cjs/react-dom-server.browser.production.min.js:76:89)

Error occurred prerendering page "/category/sub-categories/nature/promptDetails/kneeling-sunset-dissolve-scene". Read more: https://nextjs.org/docs/messages/prerender-error

ReferenceError: imageUrl is not defined
    at D (/home/jay/Desktop/prompt/.next/server/pages/category/sub-categories/[subcategories]/promptDetails/[promptSlug].js:1:4355)
    at /home/jay/Desktop/prompt/.next/server/pages/category/sub-categories/[subcategories]/promptDetails/[promptSlug].js:1:4820
    at Wc (/home/jay/Desktop/prompt/node_modules/react-dom/cjs/react-dom-server.browser.production.min.js:68:44)
    at Zc (/home/jay/Desktop/prompt/node_modules/react-dom/cjs/react-dom-server.browser.production.min.js:70:253)
    at Z (/home/jay/Desktop/prompt/node_modules/react-dom/cjs/react-dom-server.browser.production.min.js:76:89)
    at Zc (/home/jay/Desktop/prompt/node_modules/react-dom/cjs/react-dom-server.browser.production.min.js:70:481)
    at Z (/home/jay/Desktop/prompt/node_modules/react-dom/cjs/react-dom-server.browser.production.min.js:76:89)
    at $c (/home/jay/Desktop/prompt/node_modules/react-dom/cjs/react-dom-server.browser.production.min.js:78:98)
    at Zc (/home/jay/Desktop/prompt/node_modules/react-dom/cjs/react-dom-server.browser.production.min.js:71:145)
    at Z (/home/jay/Desktop/prompt/node_modules/react-dom/cjs/react-dom-server.browser.production.min.js:76:89)
[Build Time] Fetching all categories from: https://admin.promptland.in/api/get_categories
[Build Time] Fetching all categories from: https://admin.promptland.in/api/get_categories
[Build Time] Successfully fetched 29 categories
[Build Time] Fetching prompts for category 10, subcategory none
[Build Time] Fetching all categories from: https://admin.promptland.in/api/get_categories
[Build Time] Successfully fetched 29 categories
[Build Time] Fetching prompts for category 10, subcategory none
[Build Time] Fetching all categories from: https://admin.promptland.in/api/get_categories
[Build Time] Successfully fetched 29 categories
[Build Time] Fetching prompts for category 10, subcategory none
[Build Time] Fetching all categories from: https://admin.promptland.in/api/get_categories
[Build Time] Successfully fetched 29 categories
[Build Time] Fetching prompts for category 11, subcategory none
[Build Time] Fetching all categories from: https://admin.promptland.in/api/get_categories
[Build Time] Fetching all categories from: https://admin.promptland.in/api/get_categories
[Build Time] Successfully fetched 29 categories
[Build Time] Fetching prompts for category 11, subcategory none
[Build Time] Successfully fetched 29 categories
[Build Time] Fetching prompts for category 10, subcategory none
[Build Time] Successfully fetched 33 prompts for category 10
[Build Time] Successfully fetched 33 prompts for category 10
[Build Time] Successfully fetched 33 prompts for category 10
ReferenceError: imageUrl is not defined
    at D (/home/jay/Desktop/prompt/.next/server/pages/category/sub-categories/[subcategories]/promptDetails/[promptSlug].js:1:4355)
    at /home/jay/Desktop/prompt/.next/server/pages/category/sub-categories/[subcategories]/promptDetails/[promptSlug].js:1:4820
    at Wc (/home/jay/Desktop/prompt/node_modules/react-dom/cjs/react-dom-server.browser.production.min.js:68:44)
    at Zc (/home/jay/Desktop/prompt/node_modules/react-dom/cjs/react-dom-server.browser.production.min.js:70:253)
    at Z (/home/jay/Desktop/prompt/node_modules/react-dom/cjs/react-dom-server.browser.production.min.js:76:89)
    at Zc (/home/jay/Desktop/prompt/node_modules/react-dom/cjs/react-dom-server.browser.production.min.js:70:481)
    at Z (/home/jay/Desktop/prompt/node_modules/react-dom/cjs/react-dom-server.browser.production.min.js:76:89)
    at $c (/home/jay/Desktop/prompt/node_modules/react-dom/cjs/react-dom-server.browser.production.min.js:78:98)
    at Zc (/home/jay/Desktop/prompt/node_modules/react-dom/cjs/react-dom-server.browser.production.min.js:71:145)
    at Z (/home/jay/Desktop/prompt/node_modules/react-dom/cjs/react-dom-server.browser.production.min.js:76:89)

Error occurred prerendering page "/category/sub-categories/nature/promptDetails/ultra-realistic-dslr-portrait-standing-pose". Read more: https://nextjs.org/docs/messages/prerender-error

ReferenceError: imageUrl is not defined
    at D (/home/jay/Desktop/prompt/.next/server/pages/category/sub-categories/[subcategories]/promptDetails/[promptSlug].js:1:4355)
    at /home/jay/Desktop/prompt/.next/server/pages/category/sub-categories/[subcategories]/promptDetails/[promptSlug].js:1:4820
    at Wc (/home/jay/Desktop/prompt/node_modules/react-dom/cjs/react-dom-server.browser.production.min.js:68:44)
    at Zc (/home/jay/Desktop/prompt/node_modules/react-dom/cjs/react-dom-server.browser.production.min.js:70:253)
    at Z (/home/jay/Desktop/prompt/node_modules/react-dom/cjs/react-dom-server.browser.production.min.js:76:89)
    at Zc (/home/jay/Desktop/prompt/node_modules/react-dom/cjs/react-dom-server.browser.production.min.js:70:481)
    at Z (/home/jay/Desktop/prompt/node_modules/react-dom/cjs/react-dom-server.browser.production.min.js:76:89)
    at $c (/home/jay/Desktop/prompt/node_modules/react-dom/cjs/react-dom-server.browser.production.min.js:78:98)
    at Zc (/home/jay/Desktop/prompt/node_modules/react-dom/cjs/react-dom-server.browser.production.min.js:71:145)
    at Z (/home/jay/Desktop/prompt/node_modules/react-dom/cjs/react-dom-server.browser.production.min.js:76:89)
ReferenceError: imageUrl is not defined
    at D (/home/jay/Desktop/prompt/.next/server/pages/category/sub-categories/[subcategories]/promptDetails/[promptSlug].js:1:4355)
    at /home/jay/Desktop/prompt/.next/server/pages/category/sub-categories/[subcategories]/promptDetails/[promptSlug].js:1:4820
    at Wc (/home/jay/Desktop/prompt/node_modules/react-dom/cjs/react-dom-server.browser.production.min.js:68:44)
    at Zc (/home/jay/Desktop/prompt/node_modules/react-dom/cjs/react-dom-server.browser.production.min.js:70:253)
    at Z (/home/jay/Desktop/prompt/node_modules/react-dom/cjs/react-dom-server.browser.production.min.js:76:89)
    at Zc (/home/jay/Desktop/prompt/node_modules/react-dom/cjs/react-dom-server.browser.production.min.js:70:481)
    at Z (/home/jay/Desktop/prompt/node_modules/react-dom/cjs/react-dom-server.browser.production.min.js:76:89)
    at $c (/home/jay/Desktop/prompt/node_modules/react-dom/cjs/react-dom-server.browser.production.min.js:78:98)
    at Zc (/home/jay/Desktop/prompt/node_modules/react-dom/cjs/react-dom-server.browser.production.min.js:71:145)
    at Z (/home/jay/Desktop/prompt/node_modules/react-dom/cjs/react-dom-server.browser.production.min.js:76:89)

Error occurred prerendering page "/category/sub-categories/nature/promptDetails/poetic-field-portrait-with-rose". Read more: https://nextjs.org/docs/messages/prerender-error

ReferenceError: imageUrl is not defined
    at D (/home/jay/Desktop/prompt/.next/server/pages/category/sub-categories/[subcategories]/promptDetails/[promptSlug].js:1:4355)
    at /home/jay/Desktop/prompt/.next/server/pages/category/sub-categories/[subcategories]/promptDetails/[promptSlug].js:1:4820
    at Wc (/home/jay/Desktop/prompt/node_modules/react-dom/cjs/react-dom-server.browser.production.min.js:68:44)
    at Zc (/home/jay/Desktop/prompt/node_modules/react-dom/cjs/react-dom-server.browser.production.min.js:70:253)
    at Z (/home/jay/Desktop/prompt/node_modules/react-dom/cjs/react-dom-server.browser.production.min.js:76:89)
    at Zc (/home/jay/Desktop/prompt/node_modules/react-dom/cjs/react-dom-server.browser.production.min.js:70:481)
    at Z (/home/jay/Desktop/prompt/node_modules/react-dom/cjs/react-dom-server.browser.production.min.js:76:89)
    at $c (/home/jay/Desktop/prompt/node_modules/react-dom/cjs/react-dom-server.browser.production.min.js:78:98)
    at Zc (/home/jay/Desktop/prompt/node_modules/react-dom/cjs/react-dom-server.browser.production.min.js:71:145)
    at Z (/home/jay/Desktop/prompt/node_modules/react-dom/cjs/react-dom-server.browser.production.min.js:76:89)
ReferenceError: imageUrl is not defined
    at D (/home/jay/Desktop/prompt/.next/server/pages/category/sub-categories/[subcategories]/promptDetails/[promptSlug].js:1:4355)
    at /home/jay/Desktop/prompt/.next/server/pages/category/sub-categories/[subcategories]/promptDetails/[promptSlug].js:1:4820
    at Wc (/home/jay/Desktop/prompt/node_modules/react-dom/cjs/react-dom-server.browser.production.min.js:68:44)
    at Zc (/home/jay/Desktop/prompt/node_modules/react-dom/cjs/react-dom-server.browser.production.min.js:70:253)
    at Z (/home/jay/Desktop/prompt/node_modules/react-dom/cjs/react-dom-server.browser.production.min.js:76:89)
    at Zc (/home/jay/Desktop/prompt/node_modules/react-dom/cjs/react-dom-server.browser.production.min.js:70:481)
    at Z (/home/jay/Desktop/prompt/node_modules/react-dom/cjs/react-dom-server.browser.production.min.js:76:89)
    at $c (/home/jay/Desktop/prompt/node_modules/react-dom/cjs/react-dom-server.browser.production.min.js:78:98)
    at Zc (/home/jay/Desktop/prompt/node_modules/react-dom/cjs/react-dom-server.browser.production.min.js:71:145)
    at Z (/home/jay/Desktop/prompt/node_modules/react-dom/cjs/react-dom-server.browser.production.min.js:76:89)

Error occurred prerendering page "/category/sub-categories/nature/promptDetails/stylish-garden-fashion-portrait". Read more: https://nextjs.org/docs/messages/prerender-error

ReferenceError: imageUrl is not defined
    at D (/home/jay/Desktop/prompt/.next/server/pages/category/sub-categories/[subcategories]/promptDetails/[promptSlug].js:1:4355)
    at /home/jay/Desktop/prompt/.next/server/pages/category/sub-categories/[subcategories]/promptDetails/[promptSlug].js:1:4820
    at Wc (/home/jay/Desktop/prompt/node_modules/react-dom/cjs/react-dom-server.browser.production.min.js:68:44)
    at Zc (/home/jay/Desktop/prompt/node_modules/react-dom/cjs/react-dom-server.browser.production.min.js:70:253)
    at Z (/home/jay/Desktop/prompt/node_modules/react-dom/cjs/react-dom-server.browser.production.min.js:76:89)
    at Zc (/home/jay/Desktop/prompt/node_modules/react-dom/cjs/react-dom-server.browser.production.min.js:70:481)
    at Z (/home/jay/Desktop/prompt/node_modules/react-dom/cjs/react-dom-server.browser.production.min.js:76:89)
    at $c (/home/jay/Desktop/prompt/node_modules/react-dom/cjs/react-dom-server.browser.production.min.js:78:98)
    at Zc (/home/jay/Desktop/prompt/node_modules/react-dom/cjs/react-dom-server.browser.production.min.js:71:145)
    at Z (/home/jay/Desktop/prompt/node_modules/react-dom/cjs/react-dom-server.browser.production.min.js:76:89)
[Build Time] Successfully fetched 46 prompts for category 11
ReferenceError: imageUrl is not defined
    at D (/home/jay/Desktop/prompt/.next/server/pages/category/sub-categories/[subcategories]/promptDetails/[promptSlug].js:1:4355)
    at /home/jay/Desktop/prompt/.next/server/pages/category/sub-categories/[subcategories]/promptDetails/[promptSlug].js:1:4820
    at Wc (/home/jay/Desktop/prompt/node_modules/react-dom/cjs/react-dom-server.browser.production.min.js:68:44)
    at Zc (/home/jay/Desktop/prompt/node_modules/react-dom/cjs/react-dom-server.browser.production.min.js:70:253)
    at Z (/home/jay/Desktop/prompt/node_modules/react-dom/cjs/react-dom-server.browser.production.min.js:76:89)
    at Zc (/home/jay/Desktop/prompt/node_modules/react-dom/cjs/react-dom-server.browser.production.min.js:70:481)
    at Z (/home/jay/Desktop/prompt/node_modules/react-dom/cjs/react-dom-server.browser.production.min.js:76:89)
    at $c (/home/jay/Desktop/prompt/node_modules/react-dom/cjs/react-dom-server.browser.production.min.js:78:98)
    at Zc (/home/jay/Desktop/prompt/node_modules/react-dom/cjs/react-dom-server.browser.production.min.js:71:145)
    at Z (/home/jay/Desktop/prompt/node_modules/react-dom/cjs/react-dom-server.browser.production.min.js:76:89)

Error occurred prerendering page "/category/sub-categories/outdoor/promptDetails/the-wicker-chair-lifestyle". Read more: https://nextjs.org/docs/messages/prerender-error

ReferenceError: imageUrl is not defined
    at D (/home/jay/Desktop/prompt/.next/server/pages/category/sub-categories/[subcategories]/promptDetails/[promptSlug].js:1:4355)
    at /home/jay/Desktop/prompt/.next/server/pages/category/sub-categories/[subcategories]/promptDetails/[promptSlug].js:1:4820
    at Wc (/home/jay/Desktop/prompt/node_modules/react-dom/cjs/react-dom-server.browser.production.min.js:68:44)
    at Zc (/home/jay/Desktop/prompt/node_modules/react-dom/cjs/react-dom-server.browser.production.min.js:70:253)
    at Z (/home/jay/Desktop/prompt/node_modules/react-dom/cjs/react-dom-server.browser.production.min.js:76:89)
    at Zc (/home/jay/Desktop/prompt/node_modules/react-dom/cjs/react-dom-server.browser.production.min.js:70:481)
    at Z (/home/jay/Desktop/prompt/node_modules/react-dom/cjs/react-dom-server.browser.production.min.js:76:89)
    at $c (/home/jay/Desktop/prompt/node_modules/react-dom/cjs/react-dom-server.browser.production.min.js:78:98)
    at Zc (/home/jay/Desktop/prompt/node_modules/react-dom/cjs/react-dom-server.browser.production.min.js:71:145)
    at Z (/home/jay/Desktop/prompt/node_modules/react-dom/cjs/react-dom-server.browser.production.min.js:76:89)
[Build Time] Successfully fetched 29 categories
[Build Time] Fetching prompts for category 10, subcategory none
[Build Time] Fetching all categories from: https://admin.promptland.in/api/get_categories
[Build Time] Successfully fetched 29 categories
[Build Time] Fetching prompts for category 11, subcategory none
[Build Time] Fetching all categories from: https://admin.promptland.in/api/get_categories
[Build Time] Successfully fetched 29 categories
[Build Time] Fetching prompts for category 11, subcategory none
[Build Time] Fetching all categories from: https://admin.promptland.in/api/get_categories
[Build Time] Successfully fetched 29 categories
[Build Time] Fetching prompts for category 11, subcategory none
[Build Time] Fetching all categories from: https://admin.promptland.in/api/get_categories
[Build Time] Successfully fetched 29 categories
[Build Time] Fetching prompts for category 11, subcategory none
[Build Time] Successfully fetched 33 prompts for category 10
ReferenceError: imageUrl is not defined
    at D (/home/jay/Desktop/prompt/.next/server/pages/category/sub-categories/[subcategories]/promptDetails/[promptSlug].js:1:4355)
    at /home/jay/Desktop/prompt/.next/server/pages/category/sub-categories/[subcategories]/promptDetails/[promptSlug].js:1:4820
    at Wc (/home/jay/Desktop/prompt/node_modules/react-dom/cjs/react-dom-server.browser.production.min.js:68:44)
    at Zc (/home/jay/Desktop/prompt/node_modules/react-dom/cjs/react-dom-server.browser.production.min.js:70:253)
    at Z (/home/jay/Desktop/prompt/node_modules/react-dom/cjs/react-dom-server.browser.production.min.js:76:89)
    at Zc (/home/jay/Desktop/prompt/node_modules/react-dom/cjs/react-dom-server.browser.production.min.js:70:481)
    at Z (/home/jay/Desktop/prompt/node_modules/react-dom/cjs/react-dom-server.browser.production.min.js:76:89)
    at $c (/home/jay/Desktop/prompt/node_modules/react-dom/cjs/react-dom-server.browser.production.min.js:78:98)
    at Zc (/home/jay/Desktop/prompt/node_modules/react-dom/cjs/react-dom-server.browser.production.min.js:71:145)
    at Z (/home/jay/Desktop/prompt/node_modules/react-dom/cjs/react-dom-server.browser.production.min.js:76:89)

Error occurred prerendering page "/category/sub-categories/nature/promptDetails/half-length-sakura-portrait". Read more: https://nextjs.org/docs/messages/prerender-error

ReferenceError: imageUrl is not defined
    at D (/home/jay/Desktop/prompt/.next/server/pages/category/sub-categories/[subcategories]/promptDetails/[promptSlug].js:1:4355)
    at /home/jay/Desktop/prompt/.next/server/pages/category/sub-categories/[subcategories]/promptDetails/[promptSlug].js:1:4820
    at Wc (/home/jay/Desktop/prompt/node_modules/react-dom/cjs/react-dom-server.browser.production.min.js:68:44)
    at Zc (/home/jay/Desktop/prompt/node_modules/react-dom/cjs/react-dom-server.browser.production.min.js:70:253)
    at Z (/home/jay/Desktop/prompt/node_modules/react-dom/cjs/react-dom-server.browser.production.min.js:76:89)
    at Zc (/home/jay/Desktop/prompt/node_modules/react-dom/cjs/react-dom-server.browser.production.min.js:70:481)
    at Z (/home/jay/Desktop/prompt/node_modules/react-dom/cjs/react-dom-server.browser.production.min.js:76:89)
    at $c (/home/jay/Desktop/prompt/node_modules/react-dom/cjs/react-dom-server.browser.production.min.js:78:98)
    at Zc (/home/jay/Desktop/prompt/node_modules/react-dom/cjs/react-dom-server.browser.production.min.js:71:145)
    at Z (/home/jay/Desktop/prompt/node_modules/react-dom/cjs/react-dom-server.browser.production.min.js:76:89)
[Build Time] Successfully fetched 33 prompts for category 10
ReferenceError: imageUrl is not defined
    at D (/home/jay/Desktop/prompt/.next/server/pages/category/sub-categories/[subcategories]/promptDetails/[promptSlug].js:1:4355)
    at /home/jay/Desktop/prompt/.next/server/pages/category/sub-categories/[subcategories]/promptDetails/[promptSlug].js:1:4820
    at Wc (/home/jay/Desktop/prompt/node_modules/react-dom/cjs/react-dom-server.browser.production.min.js:68:44)
    at Zc (/home/jay/Desktop/prompt/node_modules/react-dom/cjs/react-dom-server.browser.production.min.js:70:253)
    at Z (/home/jay/Desktop/prompt/node_modules/react-dom/cjs/react-dom-server.browser.production.min.js:76:89)
    at Zc (/home/jay/Desktop/prompt/node_modules/react-dom/cjs/react-dom-server.browser.production.min.js:70:481)
    at Z (/home/jay/Desktop/prompt/node_modules/react-dom/cjs/react-dom-server.browser.production.min.js:76:89)
    at $c (/home/jay/Desktop/prompt/node_modules/react-dom/cjs/react-dom-server.browser.production.min.js:78:98)
    at Zc (/home/jay/Desktop/prompt/node_modules/react-dom/cjs/react-dom-server.browser.production.min.js:71:145)
    at Z (/home/jay/Desktop/prompt/node_modules/react-dom/cjs/react-dom-server.browser.production.min.js:76:89)

Error occurred prerendering page "/category/sub-categories/nature/promptDetails/ultra-realistic-dslr-portrait-leaning-pose". Read more: https://nextjs.org/docs/messages/prerender-error

ReferenceError: imageUrl is not defined
    at D (/home/jay/Desktop/prompt/.next/server/pages/category/sub-categories/[subcategories]/promptDetails/[promptSlug].js:1:4355)
    at /home/jay/Desktop/prompt/.next/server/pages/category/sub-categories/[subcategories]/promptDetails/[promptSlug].js:1:4820
    at Wc (/home/jay/Desktop/prompt/node_modules/react-dom/cjs/react-dom-server.browser.production.min.js:68:44)
    at Zc (/home/jay/Desktop/prompt/node_modules/react-dom/cjs/react-dom-server.browser.production.min.js:70:253)
    at Z (/home/jay/Desktop/prompt/node_modules/react-dom/cjs/react-dom-server.browser.production.min.js:76:89)
    at Zc (/home/jay/Desktop/prompt/node_modules/react-dom/cjs/react-dom-server.browser.production.min.js:70:481)
    at Z (/home/jay/Desktop/prompt/node_modules/react-dom/cjs/react-dom-server.browser.production.min.js:76:89)
    at $c (/home/jay/Desktop/prompt/node_modules/react-dom/cjs/react-dom-server.browser.production.min.js:78:98)
    at Zc (/home/jay/Desktop/prompt/node_modules/react-dom/cjs/react-dom-server.browser.production.min.js:71:145)
    at Z (/home/jay/Desktop/prompt/node_modules/react-dom/cjs/react-dom-server.browser.production.min.js:76:89)
[Build Time] Successfully fetched 46 prompts for category 11
ReferenceError: imageUrl is not defined
    at D (/home/jay/Desktop/prompt/.next/server/pages/category/sub-categories/[subcategories]/promptDetails/[promptSlug].js:1:4355)
    at /home/jay/Desktop/prompt/.next/server/pages/category/sub-categories/[subcategories]/promptDetails/[promptSlug].js:1:4820
    at Wc (/home/jay/Desktop/prompt/node_modules/react-dom/cjs/react-dom-server.browser.production.min.js:68:44)
    at Zc (/home/jay/Desktop/prompt/node_modules/react-dom/cjs/react-dom-server.browser.production.min.js:70:253)
    at Z (/home/jay/Desktop/prompt/node_modules/react-dom/cjs/react-dom-server.browser.production.min.js:76:89)
    at Zc (/home/jay/Desktop/prompt/node_modules/react-dom/cjs/react-dom-server.browser.production.min.js:70:481)
    at Z (/home/jay/Desktop/prompt/node_modules/react-dom/cjs/react-dom-server.browser.production.min.js:76:89)
    at $c (/home/jay/Desktop/prompt/node_modules/react-dom/cjs/react-dom-server.browser.production.min.js:78:98)
    at Zc (/home/jay/Desktop/prompt/node_modules/react-dom/cjs/react-dom-server.browser.production.min.js:71:145)
    at Z (/home/jay/Desktop/prompt/node_modules/react-dom/cjs/react-dom-server.browser.production.min.js:76:89)

Error occurred prerendering page "/category/sub-categories/outdoor/promptDetails/neon-noir-profile". Read more: https://nextjs.org/docs/messages/prerender-error

ReferenceError: imageUrl is not defined
    at D (/home/jay/Desktop/prompt/.next/server/pages/category/sub-categories/[subcategories]/promptDetails/[promptSlug].js:1:4355)
    at /home/jay/Desktop/prompt/.next/server/pages/category/sub-categories/[subcategories]/promptDetails/[promptSlug].js:1:4820
    at Wc (/home/jay/Desktop/prompt/node_modules/react-dom/cjs/react-dom-server.browser.production.min.js:68:44)
    at Zc (/home/jay/Desktop/prompt/node_modules/react-dom/cjs/react-dom-server.browser.production.min.js:70:253)
    at Z (/home/jay/Desktop/prompt/node_modules/react-dom/cjs/react-dom-server.browser.production.min.js:76:89)
    at Zc (/home/jay/Desktop/prompt/node_modules/react-dom/cjs/react-dom-server.browser.production.min.js:70:481)
    at Z (/home/jay/Desktop/prompt/node_modules/react-dom/cjs/react-dom-server.browser.production.min.js:76:89)
    at $c (/home/jay/Desktop/prompt/node_modules/react-dom/cjs/react-dom-server.browser.production.min.js:78:98)
    at Zc (/home/jay/Desktop/prompt/node_modules/react-dom/cjs/react-dom-server.browser.production.min.js:71:145)
    at Z (/home/jay/Desktop/prompt/node_modules/react-dom/cjs/react-dom-server.browser.production.min.js:76:89)
   Generating static pages (504/673) 
[Build Time] Fetching all categories from: https://admin.promptland.in/api/get_categories
[Build Time] Successfully fetched 29 categories
[Build Time] Fetching prompts for category 11, subcategory none
[Build Time] Fetching all categories from: https://admin.promptland.in/api/get_categories
[Build Time] Successfully fetched 29 categories
[Build Time] Fetching prompts for category 11, subcategory none
[Build Time] Fetching all categories from: https://admin.promptland.in/api/get_categories
[Build Time] Successfully fetched 29 categories
[Build Time] Fetching prompts for category 11, subcategory none
[Build Time] Successfully fetched 46 prompts for category 11
ReferenceError: imageUrl is not defined
    at D (/home/jay/Desktop/prompt/.next/server/pages/category/sub-categories/[subcategories]/promptDetails/[promptSlug].js:1:4355)
    at /home/jay/Desktop/prompt/.next/server/pages/category/sub-categories/[subcategories]/promptDetails/[promptSlug].js:1:4820
    at Wc (/home/jay/Desktop/prompt/node_modules/react-dom/cjs/react-dom-server.browser.production.min.js:68:44)
    at Zc (/home/jay/Desktop/prompt/node_modules/react-dom/cjs/react-dom-server.browser.production.min.js:70:253)
    at Z (/home/jay/Desktop/prompt/node_modules/react-dom/cjs/react-dom-server.browser.production.min.js:76:89)
    at Zc (/home/jay/Desktop/prompt/node_modules/react-dom/cjs/react-dom-server.browser.production.min.js:70:481)
    at Z (/home/jay/Desktop/prompt/node_modules/react-dom/cjs/react-dom-server.browser.production.min.js:76:89)
    at $c (/home/jay/Desktop/prompt/node_modules/react-dom/cjs/react-dom-server.browser.production.min.js:78:98)
    at Zc (/home/jay/Desktop/prompt/node_modules/react-dom/cjs/react-dom-server.browser.production.min.js:71:145)
    at Z (/home/jay/Desktop/prompt/node_modules/react-dom/cjs/react-dom-server.browser.production.min.js:76:89)

Error occurred prerendering page "/category/sub-categories/outdoor/promptDetails/nighttime-glow-with-led-umbrella". Read more: https://nextjs.org/docs/messages/prerender-error

ReferenceError: imageUrl is not defined
    at D (/home/jay/Desktop/prompt/.next/server/pages/category/sub-categories/[subcategories]/promptDetails/[promptSlug].js:1:4355)
    at /home/jay/Desktop/prompt/.next/server/pages/category/sub-categories/[subcategories]/promptDetails/[promptSlug].js:1:4820
    at Wc (/home/jay/Desktop/prompt/node_modules/react-dom/cjs/react-dom-server.browser.production.min.js:68:44)
    at Zc (/home/jay/Desktop/prompt/node_modules/react-dom/cjs/react-dom-server.browser.production.min.js:70:253)
    at Z (/home/jay/Desktop/prompt/node_modules/react-dom/cjs/react-dom-server.browser.production.min.js:76:89)
    at Zc (/home/jay/Desktop/prompt/node_modules/react-dom/cjs/react-dom-server.browser.production.min.js:70:481)
    at Z (/home/jay/Desktop/prompt/node_modules/react-dom/cjs/react-dom-server.browser.production.min.js:76:89)
    at $c (/home/jay/Desktop/prompt/node_modules/react-dom/cjs/react-dom-server.browser.production.min.js:78:98)
    at Zc (/home/jay/Desktop/prompt/node_modules/react-dom/cjs/react-dom-server.browser.production.min.js:71:145)
    at Z (/home/jay/Desktop/prompt/node_modules/react-dom/cjs/react-dom-server.browser.production.min.js:76:89)
[Build Time] Successfully fetched 46 prompts for category 11
[Build Time] Successfully fetched 46 prompts for category 11
ReferenceError: imageUrl is not defined
    at D (/home/jay/Desktop/prompt/.next/server/pages/category/sub-categories/[subcategories]/promptDetails/[promptSlug].js:1:4355)
    at /home/jay/Desktop/prompt/.next/server/pages/category/sub-categories/[subcategories]/promptDetails/[promptSlug].js:1:4820
    at Wc (/home/jay/Desktop/prompt/node_modules/react-dom/cjs/react-dom-server.browser.production.min.js:68:44)
    at Zc (/home/jay/Desktop/prompt/node_modules/react-dom/cjs/react-dom-server.browser.production.min.js:70:253)
    at Z (/home/jay/Desktop/prompt/node_modules/react-dom/cjs/react-dom-server.browser.production.min.js:76:89)
    at Zc (/home/jay/Desktop/prompt/node_modules/react-dom/cjs/react-dom-server.browser.production.min.js:70:481)
    at Z (/home/jay/Desktop/prompt/node_modules/react-dom/cjs/react-dom-server.browser.production.min.js:76:89)
    at $c (/home/jay/Desktop/prompt/node_modules/react-dom/cjs/react-dom-server.browser.production.min.js:78:98)
    at Zc (/home/jay/Desktop/prompt/node_modules/react-dom/cjs/react-dom-server.browser.production.min.js:71:145)
    at Z (/home/jay/Desktop/prompt/node_modules/react-dom/cjs/react-dom-server.browser.production.min.js:76:89)

Error occurred prerendering page "/category/sub-categories/outdoor/promptDetails/joyful-bohemian-swing-portrait". Read more: https://nextjs.org/docs/messages/prerender-error

ReferenceError: imageUrl is not defined
    at D (/home/jay/Desktop/prompt/.next/server/pages/category/sub-categories/[subcategories]/promptDetails/[promptSlug].js:1:4355)
    at /home/jay/Desktop/prompt/.next/server/pages/category/sub-categories/[subcategories]/promptDetails/[promptSlug].js:1:4820
    at Wc (/home/jay/Desktop/prompt/node_modules/react-dom/cjs/react-dom-server.browser.production.min.js:68:44)
    at Zc (/home/jay/Desktop/prompt/node_modules/react-dom/cjs/react-dom-server.browser.production.min.js:70:253)
    at Z (/home/jay/Desktop/prompt/node_modules/react-dom/cjs/react-dom-server.browser.production.min.js:76:89)
    at Zc (/home/jay/Desktop/prompt/node_modules/react-dom/cjs/react-dom-server.browser.production.min.js:70:481)
    at Z (/home/jay/Desktop/prompt/node_modules/react-dom/cjs/react-dom-server.browser.production.min.js:76:89)
    at $c (/home/jay/Desktop/prompt/node_modules/react-dom/cjs/react-dom-server.browser.production.min.js:78:98)
    at Zc (/home/jay/Desktop/prompt/node_modules/react-dom/cjs/react-dom-server.browser.production.min.js:71:145)
    at Z (/home/jay/Desktop/prompt/node_modules/react-dom/cjs/react-dom-server.browser.production.min.js:76:89)
ReferenceError: imageUrl is not defined
    at D (/home/jay/Desktop/prompt/.next/server/pages/category/sub-categories/[subcategories]/promptDetails/[promptSlug].js:1:4355)
    at /home/jay/Desktop/prompt/.next/server/pages/category/sub-categories/[subcategories]/promptDetails/[promptSlug].js:1:4820
    at Wc (/home/jay/Desktop/prompt/node_modules/react-dom/cjs/react-dom-server.browser.production.min.js:68:44)
    at Zc (/home/jay/Desktop/prompt/node_modules/react-dom/cjs/react-dom-server.browser.production.min.js:70:253)
    at Z (/home/jay/Desktop/prompt/node_modules/react-dom/cjs/react-dom-server.browser.production.min.js:76:89)
    at Zc (/home/jay/Desktop/prompt/node_modules/react-dom/cjs/react-dom-server.browser.production.min.js:70:481)
    at Z (/home/jay/Desktop/prompt/node_modules/react-dom/cjs/react-dom-server.browser.production.min.js:76:89)
    at $c (/home/jay/Desktop/prompt/node_modules/react-dom/cjs/react-dom-server.browser.production.min.js:78:98)
    at Zc (/home/jay/Desktop/prompt/node_modules/react-dom/cjs/react-dom-server.browser.production.min.js:71:145)
    at Z (/home/jay/Desktop/prompt/node_modules/react-dom/cjs/react-dom-server.browser.production.min.js:76:89)

Error occurred prerendering page "/category/sub-categories/outdoor/promptDetails/urban-luxury-reflection". Read more: https://nextjs.org/docs/messages/prerender-error

ReferenceError: imageUrl is not defined
    at D (/home/jay/Desktop/prompt/.next/server/pages/category/sub-categories/[subcategories]/promptDetails/[promptSlug].js:1:4355)
    at /home/jay/Desktop/prompt/.next/server/pages/category/sub-categories/[subcategories]/promptDetails/[promptSlug].js:1:4820
    at Wc (/home/jay/Desktop/prompt/node_modules/react-dom/cjs/react-dom-server.browser.production.min.js:68:44)
    at Zc (/home/jay/Desktop/prompt/node_modules/react-dom/cjs/react-dom-server.browser.production.min.js:70:253)
    at Z (/home/jay/Desktop/prompt/node_modules/react-dom/cjs/react-dom-server.browser.production.min.js:76:89)
    at Zc (/home/jay/Desktop/prompt/node_modules/react-dom/cjs/react-dom-server.browser.production.min.js:70:481)
    at Z (/home/jay/Desktop/prompt/node_modules/react-dom/cjs/react-dom-server.browser.production.min.js:76:89)
    at $c (/home/jay/Desktop/prompt/node_modules/react-dom/cjs/react-dom-server.browser.production.min.js:78:98)
    at Zc (/home/jay/Desktop/prompt/node_modules/react-dom/cjs/react-dom-server.browser.production.min.js:71:145)
    at Z (/home/jay/Desktop/prompt/node_modules/react-dom/cjs/react-dom-server.browser.production.min.js:76:89)
[Build Time] Successfully fetched 46 prompts for category 11
ReferenceError: imageUrl is not defined
    at D (/home/jay/Desktop/prompt/.next/server/pages/category/sub-categories/[subcategories]/promptDetails/[promptSlug].js:1:4355)
    at /home/jay/Desktop/prompt/.next/server/pages/category/sub-categories/[subcategories]/promptDetails/[promptSlug].js:1:4820
    at Wc (/home/jay/Desktop/prompt/node_modules/react-dom/cjs/react-dom-server.browser.production.min.js:68:44)
    at Zc (/home/jay/Desktop/prompt/node_modules/react-dom/cjs/react-dom-server.browser.production.min.js:70:253)
    at Z (/home/jay/Desktop/prompt/node_modules/react-dom/cjs/react-dom-server.browser.production.min.js:76:89)
    at Zc (/home/jay/Desktop/prompt/node_modules/react-dom/cjs/react-dom-server.browser.production.min.js:70:481)
    at Z (/home/jay/Desktop/prompt/node_modules/react-dom/cjs/react-dom-server.browser.production.min.js:76:89)
    at $c (/home/jay/Desktop/prompt/node_modules/react-dom/cjs/react-dom-server.browser.production.min.js:78:98)
    at Zc (/home/jay/Desktop/prompt/node_modules/react-dom/cjs/react-dom-server.browser.production.min.js:71:145)
    at Z (/home/jay/Desktop/prompt/node_modules/react-dom/cjs/react-dom-server.browser.production.min.js:76:89)

Error occurred prerendering page "/category/sub-categories/outdoor/promptDetails/natural-beauty-close-up". Read more: https://nextjs.org/docs/messages/prerender-error

ReferenceError: imageUrl is not defined
    at D (/home/jay/Desktop/prompt/.next/server/pages/category/sub-categories/[subcategories]/promptDetails/[promptSlug].js:1:4355)
    at /home/jay/Desktop/prompt/.next/server/pages/category/sub-categories/[subcategories]/promptDetails/[promptSlug].js:1:4820
    at Wc (/home/jay/Desktop/prompt/node_modules/react-dom/cjs/react-dom-server.browser.production.min.js:68:44)
    at Zc (/home/jay/Desktop/prompt/node_modules/react-dom/cjs/react-dom-server.browser.production.min.js:70:253)
    at Z (/home/jay/Desktop/prompt/node_modules/react-dom/cjs/react-dom-server.browser.production.min.js:76:89)
    at Zc (/home/jay/Desktop/prompt/node_modules/react-dom/cjs/react-dom-server.browser.production.min.js:70:481)
    at Z (/home/jay/Desktop/prompt/node_modules/react-dom/cjs/react-dom-server.browser.production.min.js:76:89)
    at $c (/home/jay/Desktop/prompt/node_modules/react-dom/cjs/react-dom-server.browser.production.min.js:78:98)
    at Zc (/home/jay/Desktop/prompt/node_modules/react-dom/cjs/react-dom-server.browser.production.min.js:71:145)
    at Z (/home/jay/Desktop/prompt/node_modules/react-dom/cjs/react-dom-server.browser.production.min.js:76:89)
[Build Time] Fetching all categories from: https://admin.promptland.in/api/get_categories
[Build Time] Fetching all categories from: https://admin.promptland.in/api/get_categories
[Build Time] Fetching all categories from: https://admin.promptland.in/api/get_categories
[Build Time] Fetching all categories from: https://admin.promptland.in/api/get_categories
[Build Time] Successfully fetched 46 prompts for category 11
ReferenceError: imageUrl is not defined
    at D (/home/jay/Desktop/prompt/.next/server/pages/category/sub-categories/[subcategories]/promptDetails/[promptSlug].js:1:4355)
    at /home/jay/Desktop/prompt/.next/server/pages/category/sub-categories/[subcategories]/promptDetails/[promptSlug].js:1:4820
    at Wc (/home/jay/Desktop/prompt/node_modules/react-dom/cjs/react-dom-server.browser.production.min.js:68:44)
    at Zc (/home/jay/Desktop/prompt/node_modules/react-dom/cjs/react-dom-server.browser.production.min.js:70:253)
    at Z (/home/jay/Desktop/prompt/node_modules/react-dom/cjs/react-dom-server.browser.production.min.js:76:89)
    at Zc (/home/jay/Desktop/prompt/node_modules/react-dom/cjs/react-dom-server.browser.production.min.js:70:481)
    at Z (/home/jay/Desktop/prompt/node_modules/react-dom/cjs/react-dom-server.browser.production.min.js:76:89)
    at $c (/home/jay/Desktop/prompt/node_modules/react-dom/cjs/react-dom-server.browser.production.min.js:78:98)
    at Zc (/home/jay/Desktop/prompt/node_modules/react-dom/cjs/react-dom-server.browser.production.min.js:71:145)
    at Z (/home/jay/Desktop/prompt/node_modules/react-dom/cjs/react-dom-server.browser.production.min.js:76:89)

Error occurred prerendering page "/category/sub-categories/outdoor/promptDetails/ultra-realistic-caf-lifestyle-portrait". Read more: https://nextjs.org/docs/messages/prerender-error

ReferenceError: imageUrl is not defined
    at D (/home/jay/Desktop/prompt/.next/server/pages/category/sub-categories/[subcategories]/promptDetails/[promptSlug].js:1:4355)
    at /home/jay/Desktop/prompt/.next/server/pages/category/sub-categories/[subcategories]/promptDetails/[promptSlug].js:1:4820
    at Wc (/home/jay/Desktop/prompt/node_modules/react-dom/cjs/react-dom-server.browser.production.min.js:68:44)
    at Zc (/home/jay/Desktop/prompt/node_modules/react-dom/cjs/react-dom-server.browser.production.min.js:70:253)
    at Z (/home/jay/Desktop/prompt/node_modules/react-dom/cjs/react-dom-server.browser.production.min.js:76:89)
    at Zc (/home/jay/Desktop/prompt/node_modules/react-dom/cjs/react-dom-server.browser.production.min.js:70:481)
    at Z (/home/jay/Desktop/prompt/node_modules/react-dom/cjs/react-dom-server.browser.production.min.js:76:89)
    at $c (/home/jay/Desktop/prompt/node_modules/react-dom/cjs/react-dom-server.browser.production.min.js:78:98)
    at Zc (/home/jay/Desktop/prompt/node_modules/react-dom/cjs/react-dom-server.browser.production.min.js:71:145)
    at Z (/home/jay/Desktop/prompt/node_modules/react-dom/cjs/react-dom-server.browser.production.min.js:76:89)
[Build Time] Successfully fetched 29 categories
[Build Time] Fetching prompts for category 11, subcategory none
[Build Time] Fetching all categories from: https://admin.promptland.in/api/get_categories
[Build Time] Successfully fetched 46 prompts for category 11
ReferenceError: imageUrl is not defined
    at D (/home/jay/Desktop/prompt/.next/server/pages/category/sub-categories/[subcategories]/promptDetails/[promptSlug].js:1:4355)
    at /home/jay/Desktop/prompt/.next/server/pages/category/sub-categories/[subcategories]/promptDetails/[promptSlug].js:1:4820
    at Wc (/home/jay/Desktop/prompt/node_modules/react-dom/cjs/react-dom-server.browser.production.min.js:68:44)
    at Zc (/home/jay/Desktop/prompt/node_modules/react-dom/cjs/react-dom-server.browser.production.min.js:70:253)
    at Z (/home/jay/Desktop/prompt/node_modules/react-dom/cjs/react-dom-server.browser.production.min.js:76:89)
    at Zc (/home/jay/Desktop/prompt/node_modules/react-dom/cjs/react-dom-server.browser.production.min.js:70:481)
    at Z (/home/jay/Desktop/prompt/node_modules/react-dom/cjs/react-dom-server.browser.production.min.js:76:89)
    at $c (/home/jay/Desktop/prompt/node_modules/react-dom/cjs/react-dom-server.browser.production.min.js:78:98)
    at Zc (/home/jay/Desktop/prompt/node_modules/react-dom/cjs/react-dom-server.browser.production.min.js:71:145)
    at Z (/home/jay/Desktop/prompt/node_modules/react-dom/cjs/react-dom-server.browser.production.min.js:76:89)

Error occurred prerendering page "/category/sub-categories/outdoor/promptDetails/floral-butterfly-net-saree-portrait". Read more: https://nextjs.org/docs/messages/prerender-error

ReferenceError: imageUrl is not defined
    at D (/home/jay/Desktop/prompt/.next/server/pages/category/sub-categories/[subcategories]/promptDetails/[promptSlug].js:1:4355)
    at /home/jay/Desktop/prompt/.next/server/pages/category/sub-categories/[subcategories]/promptDetails/[promptSlug].js:1:4820
    at Wc (/home/jay/Desktop/prompt/node_modules/react-dom/cjs/react-dom-server.browser.production.min.js:68:44)
    at Zc (/home/jay/Desktop/prompt/node_modules/react-dom/cjs/react-dom-server.browser.production.min.js:70:253)
    at Z (/home/jay/Desktop/prompt/node_modules/react-dom/cjs/react-dom-server.browser.production.min.js:76:89)
    at Zc (/home/jay/Desktop/prompt/node_modules/react-dom/cjs/react-dom-server.browser.production.min.js:70:481)
    at Z (/home/jay/Desktop/prompt/node_modules/react-dom/cjs/react-dom-server.browser.production.min.js:76:89)
    at $c (/home/jay/Desktop/prompt/node_modules/react-dom/cjs/react-dom-server.browser.production.min.js:78:98)
    at Zc (/home/jay/Desktop/prompt/node_modules/react-dom/cjs/react-dom-server.browser.production.min.js:71:145)
    at Z (/home/jay/Desktop/prompt/node_modules/react-dom/cjs/react-dom-server.browser.production.min.js:76:89)
[Build Time] Successfully fetched 46 prompts for category 11
ReferenceError: imageUrl is not defined
    at D (/home/jay/Desktop/prompt/.next/server/pages/category/sub-categories/[subcategories]/promptDetails/[promptSlug].js:1:4355)
    at /home/jay/Desktop/prompt/.next/server/pages/category/sub-categories/[subcategories]/promptDetails/[promptSlug].js:1:4820
    at Wc (/home/jay/Desktop/prompt/node_modules/react-dom/cjs/react-dom-server.browser.production.min.js:68:44)
    at Zc (/home/jay/Desktop/prompt/node_modules/react-dom/cjs/react-dom-server.browser.production.min.js:70:253)
    at Z (/home/jay/Desktop/prompt/node_modules/react-dom/cjs/react-dom-server.browser.production.min.js:76:89)
    at Zc (/home/jay/Desktop/prompt/node_modules/react-dom/cjs/react-dom-server.browser.production.min.js:70:481)
    at Z (/home/jay/Desktop/prompt/node_modules/react-dom/cjs/react-dom-server.browser.production.min.js:76:89)
    at $c (/home/jay/Desktop/prompt/node_modules/react-dom/cjs/react-dom-server.browser.production.min.js:78:98)
    at Zc (/home/jay/Desktop/prompt/node_modules/react-dom/cjs/react-dom-server.browser.production.min.js:71:145)
    at Z (/home/jay/Desktop/prompt/node_modules/react-dom/cjs/react-dom-server.browser.production.min.js:76:89)

Error occurred prerendering page "/category/sub-categories/outdoor/promptDetails/cinematic-batman-inspired-portrait". Read more: https://nextjs.org/docs/messages/prerender-error

ReferenceError: imageUrl is not defined
    at D (/home/jay/Desktop/prompt/.next/server/pages/category/sub-categories/[subcategories]/promptDetails/[promptSlug].js:1:4355)
    at /home/jay/Desktop/prompt/.next/server/pages/category/sub-categories/[subcategories]/promptDetails/[promptSlug].js:1:4820
    at Wc (/home/jay/Desktop/prompt/node_modules/react-dom/cjs/react-dom-server.browser.production.min.js:68:44)
    at Zc (/home/jay/Desktop/prompt/node_modules/react-dom/cjs/react-dom-server.browser.production.min.js:70:253)
    at Z (/home/jay/Desktop/prompt/node_modules/react-dom/cjs/react-dom-server.browser.production.min.js:76:89)
    at Zc (/home/jay/Desktop/prompt/node_modules/react-dom/cjs/react-dom-server.browser.production.min.js:70:481)
    at Z (/home/jay/Desktop/prompt/node_modules/react-dom/cjs/react-dom-server.browser.production.min.js:76:89)
    at $c (/home/jay/Desktop/prompt/node_modules/react-dom/cjs/react-dom-server.browser.production.min.js:78:98)
    at Zc (/home/jay/Desktop/prompt/node_modules/react-dom/cjs/react-dom-server.browser.production.min.js:71:145)
    at Z (/home/jay/Desktop/prompt/node_modules/react-dom/cjs/react-dom-server.browser.production.min.js:76:89)
[Build Time] Fetching all categories from: https://admin.promptland.in/api/get_categories
[Build Time] Successfully fetched 29 categories
[Build Time] Fetching prompts for category 11, subcategory none
[Build Time] Fetching all categories from: https://admin.promptland.in/api/get_categories
[Build Time] Successfully fetched 29 categories
[Build Time] Fetching prompts for category 11, subcategory none
[Build Time] Successfully fetched 46 prompts for category 11
[Build Time] Successfully fetched 29 categories
[Build Time] Fetching prompts for category 11, subcategory none
[Build Time] Successfully fetched 46 prompts for category 11
[Build Time] Successfully fetched 29 categories
[Build Time] Fetching prompts for category 11, subcategory none
[Build Time] Successfully fetched 46 prompts for category 11
[Build Time] Successfully fetched 29 categories
[Build Time] Fetching prompts for category 11, subcategory none
[Build Time] Successfully fetched 46 prompts for category 11
[Build Time] Successfully fetched 29 categories
[Build Time] Fetching prompts for category 11, subcategory none
[Build Time] Successfully fetched 46 prompts for category 11
[Build Time] Successfully fetched 46 prompts for category 11
ReferenceError: imageUrl is not defined
    at D (/home/jay/Desktop/prompt/.next/server/pages/category/sub-categories/[subcategories]/promptDetails/[promptSlug].js:1:4355)
    at /home/jay/Desktop/prompt/.next/server/pages/category/sub-categories/[subcategories]/promptDetails/[promptSlug].js:1:4820
    at Wc (/home/jay/Desktop/prompt/node_modules/react-dom/cjs/react-dom-server.browser.production.min.js:68:44)
    at Zc (/home/jay/Desktop/prompt/node_modules/react-dom/cjs/react-dom-server.browser.production.min.js:70:253)
    at Z (/home/jay/Desktop/prompt/node_modules/react-dom/cjs/react-dom-server.browser.production.min.js:76:89)
    at Zc (/home/jay/Desktop/prompt/node_modules/react-dom/cjs/react-dom-server.browser.production.min.js:70:481)
    at Z (/home/jay/Desktop/prompt/node_modules/react-dom/cjs/react-dom-server.browser.production.min.js:76:89)
    at $c (/home/jay/Desktop/prompt/node_modules/react-dom/cjs/react-dom-server.browser.production.min.js:78:98)
    at Zc (/home/jay/Desktop/prompt/node_modules/react-dom/cjs/react-dom-server.browser.production.min.js:71:145)
    at Z (/home/jay/Desktop/prompt/node_modules/react-dom/cjs/react-dom-server.browser.production.min.js:76:89)

Error occurred prerendering page "/category/sub-categories/outdoor/promptDetails/rooftop-fashion-portrait-at-sunset". Read more: https://nextjs.org/docs/messages/prerender-error

ReferenceError: imageUrl is not defined
    at D (/home/jay/Desktop/prompt/.next/server/pages/category/sub-categories/[subcategories]/promptDetails/[promptSlug].js:1:4355)
    at /home/jay/Desktop/prompt/.next/server/pages/category/sub-categories/[subcategories]/promptDetails/[promptSlug].js:1:4820
    at Wc (/home/jay/Desktop/prompt/node_modules/react-dom/cjs/react-dom-server.browser.production.min.js:68:44)
    at Zc (/home/jay/Desktop/prompt/node_modules/react-dom/cjs/react-dom-server.browser.production.min.js:70:253)
    at Z (/home/jay/Desktop/prompt/node_modules/react-dom/cjs/react-dom-server.browser.production.min.js:76:89)
    at Zc (/home/jay/Desktop/prompt/node_modules/react-dom/cjs/react-dom-server.browser.production.min.js:70:481)
    at Z (/home/jay/Desktop/prompt/node_modules/react-dom/cjs/react-dom-server.browser.production.min.js:76:89)
    at $c (/home/jay/Desktop/prompt/node_modules/react-dom/cjs/react-dom-server.browser.production.min.js:78:98)
    at Zc (/home/jay/Desktop/prompt/node_modules/react-dom/cjs/react-dom-server.browser.production.min.js:71:145)
    at Z (/home/jay/Desktop/prompt/node_modules/react-dom/cjs/react-dom-server.browser.production.min.js:76:89)
ReferenceError: imageUrl is not defined
    at D (/home/jay/Desktop/prompt/.next/server/pages/category/sub-categories/[subcategories]/promptDetails/[promptSlug].js:1:4355)
    at /home/jay/Desktop/prompt/.next/server/pages/category/sub-categories/[subcategories]/promptDetails/[promptSlug].js:1:4820
    at Wc (/home/jay/Desktop/prompt/node_modules/react-dom/cjs/react-dom-server.browser.production.min.js:68:44)
    at Zc (/home/jay/Desktop/prompt/node_modules/react-dom/cjs/react-dom-server.browser.production.min.js:70:253)
    at Z (/home/jay/Desktop/prompt/node_modules/react-dom/cjs/react-dom-server.browser.production.min.js:76:89)
    at Zc (/home/jay/Desktop/prompt/node_modules/react-dom/cjs/react-dom-server.browser.production.min.js:70:481)
    at Z (/home/jay/Desktop/prompt/node_modules/react-dom/cjs/react-dom-server.browser.production.min.js:76:89)
    at $c (/home/jay/Desktop/prompt/node_modules/react-dom/cjs/react-dom-server.browser.production.min.js:78:98)
    at Zc (/home/jay/Desktop/prompt/node_modules/react-dom/cjs/react-dom-server.browser.production.min.js:71:145)
    at Z (/home/jay/Desktop/prompt/node_modules/react-dom/cjs/react-dom-server.browser.production.min.js:76:89)

Error occurred prerendering page "/category/sub-categories/outdoor/promptDetails/modern-indoor-travel-aesthetic". Read more: https://nextjs.org/docs/messages/prerender-error

ReferenceError: imageUrl is not defined
    at D (/home/jay/Desktop/prompt/.next/server/pages/category/sub-categories/[subcategories]/promptDetails/[promptSlug].js:1:4355)
    at /home/jay/Desktop/prompt/.next/server/pages/category/sub-categories/[subcategories]/promptDetails/[promptSlug].js:1:4820
    at Wc (/home/jay/Desktop/prompt/node_modules/react-dom/cjs/react-dom-server.browser.production.min.js:68:44)
    at Zc (/home/jay/Desktop/prompt/node_modules/react-dom/cjs/react-dom-server.browser.production.min.js:70:253)
    at Z (/home/jay/Desktop/prompt/node_modules/react-dom/cjs/react-dom-server.browser.production.min.js:76:89)
    at Zc (/home/jay/Desktop/prompt/node_modules/react-dom/cjs/react-dom-server.browser.production.min.js:70:481)
    at Z (/home/jay/Desktop/prompt/node_modules/react-dom/cjs/react-dom-server.browser.production.min.js:76:89)
    at $c (/home/jay/Desktop/prompt/node_modules/react-dom/cjs/react-dom-server.browser.production.min.js:78:98)
    at Zc (/home/jay/Desktop/prompt/node_modules/react-dom/cjs/react-dom-server.browser.production.min.js:71:145)
    at Z (/home/jay/Desktop/prompt/node_modules/react-dom/cjs/react-dom-server.browser.production.min.js:76:89)
ReferenceError: imageUrl is not defined
    at D (/home/jay/Desktop/prompt/.next/server/pages/category/sub-categories/[subcategories]/promptDetails/[promptSlug].js:1:4355)
    at /home/jay/Desktop/prompt/.next/server/pages/category/sub-categories/[subcategories]/promptDetails/[promptSlug].js:1:4820
    at Wc (/home/jay/Desktop/prompt/node_modules/react-dom/cjs/react-dom-server.browser.production.min.js:68:44)
    at Zc (/home/jay/Desktop/prompt/node_modules/react-dom/cjs/react-dom-server.browser.production.min.js:70:253)
    at Z (/home/jay/Desktop/prompt/node_modules/react-dom/cjs/react-dom-server.browser.production.min.js:76:89)
    at Zc (/home/jay/Desktop/prompt/node_modules/react-dom/cjs/react-dom-server.browser.production.min.js:70:481)
    at Z (/home/jay/Desktop/prompt/node_modules/react-dom/cjs/react-dom-server.browser.production.min.js:76:89)
    at $c (/home/jay/Desktop/prompt/node_modules/react-dom/cjs/react-dom-server.browser.production.min.js:78:98)
    at Zc (/home/jay/Desktop/prompt/node_modules/react-dom/cjs/react-dom-server.browser.production.min.js:71:145)
    at Z (/home/jay/Desktop/prompt/node_modules/react-dom/cjs/react-dom-server.browser.production.min.js:76:89)

Error occurred prerendering page "/category/sub-categories/outdoor/promptDetails/retro-hong-kong-balcony-portrait". Read more: https://nextjs.org/docs/messages/prerender-error

ReferenceError: imageUrl is not defined
    at D (/home/jay/Desktop/prompt/.next/server/pages/category/sub-categories/[subcategories]/promptDetails/[promptSlug].js:1:4355)
    at /home/jay/Desktop/prompt/.next/server/pages/category/sub-categories/[subcategories]/promptDetails/[promptSlug].js:1:4820
    at Wc (/home/jay/Desktop/prompt/node_modules/react-dom/cjs/react-dom-server.browser.production.min.js:68:44)
    at Zc (/home/jay/Desktop/prompt/node_modules/react-dom/cjs/react-dom-server.browser.production.min.js:70:253)
    at Z (/home/jay/Desktop/prompt/node_modules/react-dom/cjs/react-dom-server.browser.production.min.js:76:89)
    at Zc (/home/jay/Desktop/prompt/node_modules/react-dom/cjs/react-dom-server.browser.production.min.js:70:481)
    at Z (/home/jay/Desktop/prompt/node_modules/react-dom/cjs/react-dom-server.browser.production.min.js:76:89)
    at $c (/home/jay/Desktop/prompt/node_modules/react-dom/cjs/react-dom-server.browser.production.min.js:78:98)
    at Zc (/home/jay/Desktop/prompt/node_modules/react-dom/cjs/react-dom-server.browser.production.min.js:71:145)
    at Z (/home/jay/Desktop/prompt/node_modules/react-dom/cjs/react-dom-server.browser.production.min.js:76:89)
ReferenceError: imageUrl is not defined
    at D (/home/jay/Desktop/prompt/.next/server/pages/category/sub-categories/[subcategories]/promptDetails/[promptSlug].js:1:4355)
    at /home/jay/Desktop/prompt/.next/server/pages/category/sub-categories/[subcategories]/promptDetails/[promptSlug].js:1:4820
    at Wc (/home/jay/Desktop/prompt/node_modules/react-dom/cjs/react-dom-server.browser.production.min.js:68:44)
    at Zc (/home/jay/Desktop/prompt/node_modules/react-dom/cjs/react-dom-server.browser.production.min.js:70:253)
    at Z (/home/jay/Desktop/prompt/node_modules/react-dom/cjs/react-dom-server.browser.production.min.js:76:89)
    at Zc (/home/jay/Desktop/prompt/node_modules/react-dom/cjs/react-dom-server.browser.production.min.js:70:481)
    at Z (/home/jay/Desktop/prompt/node_modules/react-dom/cjs/react-dom-server.browser.production.min.js:76:89)
    at $c (/home/jay/Desktop/prompt/node_modules/react-dom/cjs/react-dom-server.browser.production.min.js:78:98)
    at Zc (/home/jay/Desktop/prompt/node_modules/react-dom/cjs/react-dom-server.browser.production.min.js:71:145)
    at Z (/home/jay/Desktop/prompt/node_modules/react-dom/cjs/react-dom-server.browser.production.min.js:76:89)

Error occurred prerendering page "/category/sub-categories/outdoor/promptDetails/iron-bridge-street-style-portrait". Read more: https://nextjs.org/docs/messages/prerender-error

ReferenceError: imageUrl is not defined
    at D (/home/jay/Desktop/prompt/.next/server/pages/category/sub-categories/[subcategories]/promptDetails/[promptSlug].js:1:4355)
    at /home/jay/Desktop/prompt/.next/server/pages/category/sub-categories/[subcategories]/promptDetails/[promptSlug].js:1:4820
    at Wc (/home/jay/Desktop/prompt/node_modules/react-dom/cjs/react-dom-server.browser.production.min.js:68:44)
    at Zc (/home/jay/Desktop/prompt/node_modules/react-dom/cjs/react-dom-server.browser.production.min.js:70:253)
    at Z (/home/jay/Desktop/prompt/node_modules/react-dom/cjs/react-dom-server.browser.production.min.js:76:89)
    at Zc (/home/jay/Desktop/prompt/node_modules/react-dom/cjs/react-dom-server.browser.production.min.js:70:481)
    at Z (/home/jay/Desktop/prompt/node_modules/react-dom/cjs/react-dom-server.browser.production.min.js:76:89)
    at $c (/home/jay/Desktop/prompt/node_modules/react-dom/cjs/react-dom-server.browser.production.min.js:78:98)
    at Zc (/home/jay/Desktop/prompt/node_modules/react-dom/cjs/react-dom-server.browser.production.min.js:71:145)
    at Z (/home/jay/Desktop/prompt/node_modules/react-dom/cjs/react-dom-server.browser.production.min.js:76:89)
ReferenceError: imageUrl is not defined
    at D (/home/jay/Desktop/prompt/.next/server/pages/category/sub-categories/[subcategories]/promptDetails/[promptSlug].js:1:4355)
    at /home/jay/Desktop/prompt/.next/server/pages/category/sub-categories/[subcategories]/promptDetails/[promptSlug].js:1:4820
    at Wc (/home/jay/Desktop/prompt/node_modules/react-dom/cjs/react-dom-server.browser.production.min.js:68:44)
    at Zc (/home/jay/Desktop/prompt/node_modules/react-dom/cjs/react-dom-server.browser.production.min.js:70:253)
    at Z (/home/jay/Desktop/prompt/node_modules/react-dom/cjs/react-dom-server.browser.production.min.js:76:89)
    at Zc (/home/jay/Desktop/prompt/node_modules/react-dom/cjs/react-dom-server.browser.production.min.js:70:481)
    at Z (/home/jay/Desktop/prompt/node_modules/react-dom/cjs/react-dom-server.browser.production.min.js:76:89)
    at $c (/home/jay/Desktop/prompt/node_modules/react-dom/cjs/react-dom-server.browser.production.min.js:78:98)
    at Zc (/home/jay/Desktop/prompt/node_modules/react-dom/cjs/react-dom-server.browser.production.min.js:71:145)
    at Z (/home/jay/Desktop/prompt/node_modules/react-dom/cjs/react-dom-server.browser.production.min.js:76:89)

Error occurred prerendering page "/category/sub-categories/outdoor/promptDetails/urban-mid-body-cinematic-portrait". Read more: https://nextjs.org/docs/messages/prerender-error

ReferenceError: imageUrl is not defined
    at D (/home/jay/Desktop/prompt/.next/server/pages/category/sub-categories/[subcategories]/promptDetails/[promptSlug].js:1:4355)
    at /home/jay/Desktop/prompt/.next/server/pages/category/sub-categories/[subcategories]/promptDetails/[promptSlug].js:1:4820
    at Wc (/home/jay/Desktop/prompt/node_modules/react-dom/cjs/react-dom-server.browser.production.min.js:68:44)
    at Zc (/home/jay/Desktop/prompt/node_modules/react-dom/cjs/react-dom-server.browser.production.min.js:70:253)
    at Z (/home/jay/Desktop/prompt/node_modules/react-dom/cjs/react-dom-server.browser.production.min.js:76:89)
    at Zc (/home/jay/Desktop/prompt/node_modules/react-dom/cjs/react-dom-server.browser.production.min.js:70:481)
    at Z (/home/jay/Desktop/prompt/node_modules/react-dom/cjs/react-dom-server.browser.production.min.js:76:89)
    at $c (/home/jay/Desktop/prompt/node_modules/react-dom/cjs/react-dom-server.browser.production.min.js:78:98)
    at Zc (/home/jay/Desktop/prompt/node_modules/react-dom/cjs/react-dom-server.browser.production.min.js:71:145)
    at Z (/home/jay/Desktop/prompt/node_modules/react-dom/cjs/react-dom-server.browser.production.min.js:76:89)
ReferenceError: imageUrl is not defined
    at D (/home/jay/Desktop/prompt/.next/server/pages/category/sub-categories/[subcategories]/promptDetails/[promptSlug].js:1:4355)
    at /home/jay/Desktop/prompt/.next/server/pages/category/sub-categories/[subcategories]/promptDetails/[promptSlug].js:1:4820
    at Wc (/home/jay/Desktop/prompt/node_modules/react-dom/cjs/react-dom-server.browser.production.min.js:68:44)
    at Zc (/home/jay/Desktop/prompt/node_modules/react-dom/cjs/react-dom-server.browser.production.min.js:70:253)
    at Z (/home/jay/Desktop/prompt/node_modules/react-dom/cjs/react-dom-server.browser.production.min.js:76:89)
    at Zc (/home/jay/Desktop/prompt/node_modules/react-dom/cjs/react-dom-server.browser.production.min.js:70:481)
    at Z (/home/jay/Desktop/prompt/node_modules/react-dom/cjs/react-dom-server.browser.production.min.js:76:89)
    at $c (/home/jay/Desktop/prompt/node_modules/react-dom/cjs/react-dom-server.browser.production.min.js:78:98)
    at Zc (/home/jay/Desktop/prompt/node_modules/react-dom/cjs/react-dom-server.browser.production.min.js:71:145)
    at Z (/home/jay/Desktop/prompt/node_modules/react-dom/cjs/react-dom-server.browser.production.min.js:76:89)

Error occurred prerendering page "/category/sub-categories/outdoor/promptDetails/noir-city-isolation-portrait". Read more: https://nextjs.org/docs/messages/prerender-error

ReferenceError: imageUrl is not defined
    at D (/home/jay/Desktop/prompt/.next/server/pages/category/sub-categories/[subcategories]/promptDetails/[promptSlug].js:1:4355)
    at /home/jay/Desktop/prompt/.next/server/pages/category/sub-categories/[subcategories]/promptDetails/[promptSlug].js:1:4820
    at Wc (/home/jay/Desktop/prompt/node_modules/react-dom/cjs/react-dom-server.browser.production.min.js:68:44)
    at Zc (/home/jay/Desktop/prompt/node_modules/react-dom/cjs/react-dom-server.browser.production.min.js:70:253)
    at Z (/home/jay/Desktop/prompt/node_modules/react-dom/cjs/react-dom-server.browser.production.min.js:76:89)
    at Zc (/home/jay/Desktop/prompt/node_modules/react-dom/cjs/react-dom-server.browser.production.min.js:70:481)
    at Z (/home/jay/Desktop/prompt/node_modules/react-dom/cjs/react-dom-server.browser.production.min.js:76:89)
    at $c (/home/jay/Desktop/prompt/node_modules/react-dom/cjs/react-dom-server.browser.production.min.js:78:98)
    at Zc (/home/jay/Desktop/prompt/node_modules/react-dom/cjs/react-dom-server.browser.production.min.js:71:145)
    at Z (/home/jay/Desktop/prompt/node_modules/react-dom/cjs/react-dom-server.browser.production.min.js:76:89)
[Build Time] Fetching all categories from: https://admin.promptland.in/api/get_categories
[Build Time] Successfully fetched 29 categories
[Build Time] Fetching prompts for category 11, subcategory none
[Build Time] Fetching all categories from: https://admin.promptland.in/api/get_categories
[Build Time] Successfully fetched 29 categories
[Build Time] Fetching prompts for category 11, subcategory none
[Build Time] Fetching all categories from: https://admin.promptland.in/api/get_categories
[Build Time] Successfully fetched 29 categories
[Build Time] Fetching prompts for category 11, subcategory none
[Build Time] Successfully fetched 46 prompts for category 11
ReferenceError: imageUrl is not defined
    at D (/home/jay/Desktop/prompt/.next/server/pages/category/sub-categories/[subcategories]/promptDetails/[promptSlug].js:1:4355)
    at /home/jay/Desktop/prompt/.next/server/pages/category/sub-categories/[subcategories]/promptDetails/[promptSlug].js:1:4820
    at Wc (/home/jay/Desktop/prompt/node_modules/react-dom/cjs/react-dom-server.browser.production.min.js:68:44)
    at Zc (/home/jay/Desktop/prompt/node_modules/react-dom/cjs/react-dom-server.browser.production.min.js:70:253)
    at Z (/home/jay/Desktop/prompt/node_modules/react-dom/cjs/react-dom-server.browser.production.min.js:76:89)
    at Zc (/home/jay/Desktop/prompt/node_modules/react-dom/cjs/react-dom-server.browser.production.min.js:70:481)
    at Z (/home/jay/Desktop/prompt/node_modules/react-dom/cjs/react-dom-server.browser.production.min.js:76:89)
    at $c (/home/jay/Desktop/prompt/node_modules/react-dom/cjs/react-dom-server.browser.production.min.js:78:98)
    at Zc (/home/jay/Desktop/prompt/node_modules/react-dom/cjs/react-dom-server.browser.production.min.js:71:145)
    at Z (/home/jay/Desktop/prompt/node_modules/react-dom/cjs/react-dom-server.browser.production.min.js:76:89)

Error occurred prerendering page "/category/sub-categories/outdoor/promptDetails/low-angle-urban-power-shot". Read more: https://nextjs.org/docs/messages/prerender-error

ReferenceError: imageUrl is not defined
    at D (/home/jay/Desktop/prompt/.next/server/pages/category/sub-categories/[subcategories]/promptDetails/[promptSlug].js:1:4355)
    at /home/jay/Desktop/prompt/.next/server/pages/category/sub-categories/[subcategories]/promptDetails/[promptSlug].js:1:4820
    at Wc (/home/jay/Desktop/prompt/node_modules/react-dom/cjs/react-dom-server.browser.production.min.js:68:44)
    at Zc (/home/jay/Desktop/prompt/node_modules/react-dom/cjs/react-dom-server.browser.production.min.js:70:253)
    at Z (/home/jay/Desktop/prompt/node_modules/react-dom/cjs/react-dom-server.browser.production.min.js:76:89)
    at Zc (/home/jay/Desktop/prompt/node_modules/react-dom/cjs/react-dom-server.browser.production.min.js:70:481)
    at Z (/home/jay/Desktop/prompt/node_modules/react-dom/cjs/react-dom-server.browser.production.min.js:76:89)
    at $c (/home/jay/Desktop/prompt/node_modules/react-dom/cjs/react-dom-server.browser.production.min.js:78:98)
    at Zc (/home/jay/Desktop/prompt/node_modules/react-dom/cjs/react-dom-server.browser.production.min.js:71:145)
    at Z (/home/jay/Desktop/prompt/node_modules/react-dom/cjs/react-dom-server.browser.production.min.js:76:89)
[Build Time] Fetching all categories from: https://admin.promptland.in/api/get_categories
[Build Time] Successfully fetched 29 categories
[Build Time] Fetching prompts for category 11, subcategory none
[Build Time] Fetching all categories from: https://admin.promptland.in/api/get_categories
[Build Time] Successfully fetched 29 categories
[Build Time] Fetching prompts for category 11, subcategory none
[Build Time] Fetching all categories from: https://admin.promptland.in/api/get_categories
[Build Time] Successfully fetched 29 categories
[Build Time] Fetching prompts for category 11, subcategory none
[Build Time] Fetching all categories from: https://admin.promptland.in/api/get_categories
[Build Time] Successfully fetched 29 categories
[Build Time] Fetching prompts for category 11, subcategory none
[Build Time] Successfully fetched 46 prompts for category 11
[Build Time] Successfully fetched 46 prompts for category 11
[Build Time] Successfully fetched 46 prompts for category 11
ReferenceError: imageUrl is not defined
    at D (/home/jay/Desktop/prompt/.next/server/pages/category/sub-categories/[subcategories]/promptDetails/[promptSlug].js:1:4355)
    at /home/jay/Desktop/prompt/.next/server/pages/category/sub-categories/[subcategories]/promptDetails/[promptSlug].js:1:4820
    at Wc (/home/jay/Desktop/prompt/node_modules/react-dom/cjs/react-dom-server.browser.production.min.js:68:44)
    at Zc (/home/jay/Desktop/prompt/node_modules/react-dom/cjs/react-dom-server.browser.production.min.js:70:253)
    at Z (/home/jay/Desktop/prompt/node_modules/react-dom/cjs/react-dom-server.browser.production.min.js:76:89)
    at Zc (/home/jay/Desktop/prompt/node_modules/react-dom/cjs/react-dom-server.browser.production.min.js:70:481)
    at Z (/home/jay/Desktop/prompt/node_modules/react-dom/cjs/react-dom-server.browser.production.min.js:76:89)
    at $c (/home/jay/Desktop/prompt/node_modules/react-dom/cjs/react-dom-server.browser.production.min.js:78:98)
    at Zc (/home/jay/Desktop/prompt/node_modules/react-dom/cjs/react-dom-server.browser.production.min.js:71:145)
    at Z (/home/jay/Desktop/prompt/node_modules/react-dom/cjs/react-dom-server.browser.production.min.js:76:89)

Error occurred prerendering page "/category/sub-categories/outdoor/promptDetails/standing-portrait-with-husky-modeling-pose". Read more: https://nextjs.org/docs/messages/prerender-error

ReferenceError: imageUrl is not defined
    at D (/home/jay/Desktop/prompt/.next/server/pages/category/sub-categories/[subcategories]/promptDetails/[promptSlug].js:1:4355)
    at /home/jay/Desktop/prompt/.next/server/pages/category/sub-categories/[subcategories]/promptDetails/[promptSlug].js:1:4820
    at Wc (/home/jay/Desktop/prompt/node_modules/react-dom/cjs/react-dom-server.browser.production.min.js:68:44)
    at Zc (/home/jay/Desktop/prompt/node_modules/react-dom/cjs/react-dom-server.browser.production.min.js:70:253)
    at Z (/home/jay/Desktop/prompt/node_modules/react-dom/cjs/react-dom-server.browser.production.min.js:76:89)
    at Zc (/home/jay/Desktop/prompt/node_modules/react-dom/cjs/react-dom-server.browser.production.min.js:70:481)
    at Z (/home/jay/Desktop/prompt/node_modules/react-dom/cjs/react-dom-server.browser.production.min.js:76:89)
    at $c (/home/jay/Desktop/prompt/node_modules/react-dom/cjs/react-dom-server.browser.production.min.js:78:98)
    at Zc (/home/jay/Desktop/prompt/node_modules/react-dom/cjs/react-dom-server.browser.production.min.js:71:145)
    at Z (/home/jay/Desktop/prompt/node_modules/react-dom/cjs/react-dom-server.browser.production.min.js:76:89)
ReferenceError: imageUrl is not defined
    at D (/home/jay/Desktop/prompt/.next/server/pages/category/sub-categories/[subcategories]/promptDetails/[promptSlug].js:1:4355)
    at /home/jay/Desktop/prompt/.next/server/pages/category/sub-categories/[subcategories]/promptDetails/[promptSlug].js:1:4820
    at Wc (/home/jay/Desktop/prompt/node_modules/react-dom/cjs/react-dom-server.browser.production.min.js:68:44)
    at Zc (/home/jay/Desktop/prompt/node_modules/react-dom/cjs/react-dom-server.browser.production.min.js:70:253)
    at Z (/home/jay/Desktop/prompt/node_modules/react-dom/cjs/react-dom-server.browser.production.min.js:76:89)
    at Zc (/home/jay/Desktop/prompt/node_modules/react-dom/cjs/react-dom-server.browser.production.min.js:70:481)
    at Z (/home/jay/Desktop/prompt/node_modules/react-dom/cjs/react-dom-server.browser.production.min.js:76:89)
    at $c (/home/jay/Desktop/prompt/node_modules/react-dom/cjs/react-dom-server.browser.production.min.js:78:98)
    at Zc (/home/jay/Desktop/prompt/node_modules/react-dom/cjs/react-dom-server.browser.production.min.js:71:145)
    at Z (/home/jay/Desktop/prompt/node_modules/react-dom/cjs/react-dom-server.browser.production.min.js:76:89)

Error occurred prerendering page "/category/sub-categories/outdoor/promptDetails/cinematic-ship-deck-portrait". Read more: https://nextjs.org/docs/messages/prerender-error

ReferenceError: imageUrl is not defined
    at D (/home/jay/Desktop/prompt/.next/server/pages/category/sub-categories/[subcategories]/promptDetails/[promptSlug].js:1:4355)
    at /home/jay/Desktop/prompt/.next/server/pages/category/sub-categories/[subcategories]/promptDetails/[promptSlug].js:1:4820
    at Wc (/home/jay/Desktop/prompt/node_modules/react-dom/cjs/react-dom-server.browser.production.min.js:68:44)
    at Zc (/home/jay/Desktop/prompt/node_modules/react-dom/cjs/react-dom-server.browser.production.min.js:70:253)
    at Z (/home/jay/Desktop/prompt/node_modules/react-dom/cjs/react-dom-server.browser.production.min.js:76:89)
    at Zc (/home/jay/Desktop/prompt/node_modules/react-dom/cjs/react-dom-server.browser.production.min.js:70:481)
    at Z (/home/jay/Desktop/prompt/node_modules/react-dom/cjs/react-dom-server.browser.production.min.js:76:89)
    at $c (/home/jay/Desktop/prompt/node_modules/react-dom/cjs/react-dom-server.browser.production.min.js:78:98)
    at Zc (/home/jay/Desktop/prompt/node_modules/react-dom/cjs/react-dom-server.browser.production.min.js:71:145)
    at Z (/home/jay/Desktop/prompt/node_modules/react-dom/cjs/react-dom-server.browser.production.min.js:76:89)
ReferenceError: imageUrl is not defined
    at D (/home/jay/Desktop/prompt/.next/server/pages/category/sub-categories/[subcategories]/promptDetails/[promptSlug].js:1:4355)
    at /home/jay/Desktop/prompt/.next/server/pages/category/sub-categories/[subcategories]/promptDetails/[promptSlug].js:1:4820
    at Wc (/home/jay/Desktop/prompt/node_modules/react-dom/cjs/react-dom-server.browser.production.min.js:68:44)
    at Zc (/home/jay/Desktop/prompt/node_modules/react-dom/cjs/react-dom-server.browser.production.min.js:70:253)
    at Z (/home/jay/Desktop/prompt/node_modules/react-dom/cjs/react-dom-server.browser.production.min.js:76:89)
    at Zc (/home/jay/Desktop/prompt/node_modules/react-dom/cjs/react-dom-server.browser.production.min.js:70:481)
    at Z (/home/jay/Desktop/prompt/node_modules/react-dom/cjs/react-dom-server.browser.production.min.js:76:89)
    at $c (/home/jay/Desktop/prompt/node_modules/react-dom/cjs/react-dom-server.browser.production.min.js:78:98)
    at Zc (/home/jay/Desktop/prompt/node_modules/react-dom/cjs/react-dom-server.browser.production.min.js:71:145)
    at Z (/home/jay/Desktop/prompt/node_modules/react-dom/cjs/react-dom-server.browser.production.min.js:76:89)

Error occurred prerendering page "/category/sub-categories/outdoor/promptDetails/rustic-european-editorial-portrait". Read more: https://nextjs.org/docs/messages/prerender-error

ReferenceError: imageUrl is not defined
    at D (/home/jay/Desktop/prompt/.next/server/pages/category/sub-categories/[subcategories]/promptDetails/[promptSlug].js:1:4355)
    at /home/jay/Desktop/prompt/.next/server/pages/category/sub-categories/[subcategories]/promptDetails/[promptSlug].js:1:4820
    at Wc (/home/jay/Desktop/prompt/node_modules/react-dom/cjs/react-dom-server.browser.production.min.js:68:44)
    at Zc (/home/jay/Desktop/prompt/node_modules/react-dom/cjs/react-dom-server.browser.production.min.js:70:253)
    at Z (/home/jay/Desktop/prompt/node_modules/react-dom/cjs/react-dom-server.browser.production.min.js:76:89)
    at Zc (/home/jay/Desktop/prompt/node_modules/react-dom/cjs/react-dom-server.browser.production.min.js:70:481)
    at Z (/home/jay/Desktop/prompt/node_modules/react-dom/cjs/react-dom-server.browser.production.min.js:76:89)
    at $c (/home/jay/Desktop/prompt/node_modules/react-dom/cjs/react-dom-server.browser.production.min.js:78:98)
    at Zc (/home/jay/Desktop/prompt/node_modules/react-dom/cjs/react-dom-server.browser.production.min.js:71:145)
    at Z (/home/jay/Desktop/prompt/node_modules/react-dom/cjs/react-dom-server.browser.production.min.js:76:89)
[Build Time] Fetching all categories from: https://admin.promptland.in/api/get_categories
[Build Time] Fetching all categories from: https://admin.promptland.in/api/get_categories
[Build Time] Fetching all categories from: https://admin.promptland.in/api/get_categories
[Build Time] Successfully fetched 29 categories
[Build Time] Fetching prompts for category 11, subcategory none
[Build Time] Successfully fetched 46 prompts for category 11
[Build Time] Successfully fetched 46 prompts for category 11
ReferenceError: imageUrl is not defined
    at D (/home/jay/Desktop/prompt/.next/server/pages/category/sub-categories/[subcategories]/promptDetails/[promptSlug].js:1:4355)
    at /home/jay/Desktop/prompt/.next/server/pages/category/sub-categories/[subcategories]/promptDetails/[promptSlug].js:1:4820
    at Wc (/home/jay/Desktop/prompt/node_modules/react-dom/cjs/react-dom-server.browser.production.min.js:68:44)
    at Zc (/home/jay/Desktop/prompt/node_modules/react-dom/cjs/react-dom-server.browser.production.min.js:70:253)
    at Z (/home/jay/Desktop/prompt/node_modules/react-dom/cjs/react-dom-server.browser.production.min.js:76:89)
    at Zc (/home/jay/Desktop/prompt/node_modules/react-dom/cjs/react-dom-server.browser.production.min.js:70:481)
    at Z (/home/jay/Desktop/prompt/node_modules/react-dom/cjs/react-dom-server.browser.production.min.js:76:89)
    at $c (/home/jay/Desktop/prompt/node_modules/react-dom/cjs/react-dom-server.browser.production.min.js:78:98)
    at Zc (/home/jay/Desktop/prompt/node_modules/react-dom/cjs/react-dom-server.browser.production.min.js:71:145)
    at Z (/home/jay/Desktop/prompt/node_modules/react-dom/cjs/react-dom-server.browser.production.min.js:76:89)

Error occurred prerendering page "/category/sub-categories/outdoor/promptDetails/high-fashion-editorial-portrait". Read more: https://nextjs.org/docs/messages/prerender-error

ReferenceError: imageUrl is not defined
    at D (/home/jay/Desktop/prompt/.next/server/pages/category/sub-categories/[subcategories]/promptDetails/[promptSlug].js:1:4355)
    at /home/jay/Desktop/prompt/.next/server/pages/category/sub-categories/[subcategories]/promptDetails/[promptSlug].js:1:4820
    at Wc (/home/jay/Desktop/prompt/node_modules/react-dom/cjs/react-dom-server.browser.production.min.js:68:44)
    at Zc (/home/jay/Desktop/prompt/node_modules/react-dom/cjs/react-dom-server.browser.production.min.js:70:253)
    at Z (/home/jay/Desktop/prompt/node_modules/react-dom/cjs/react-dom-server.browser.production.min.js:76:89)
    at Zc (/home/jay/Desktop/prompt/node_modules/react-dom/cjs/react-dom-server.browser.production.min.js:70:481)
    at Z (/home/jay/Desktop/prompt/node_modules/react-dom/cjs/react-dom-server.browser.production.min.js:76:89)
    at $c (/home/jay/Desktop/prompt/node_modules/react-dom/cjs/react-dom-server.browser.production.min.js:78:98)
    at Zc (/home/jay/Desktop/prompt/node_modules/react-dom/cjs/react-dom-server.browser.production.min.js:71:145)
    at Z (/home/jay/Desktop/prompt/node_modules/react-dom/cjs/react-dom-server.browser.production.min.js:76:89)
ReferenceError: imageUrl is not defined
    at D (/home/jay/Desktop/prompt/.next/server/pages/category/sub-categories/[subcategories]/promptDetails/[promptSlug].js:1:4355)
    at /home/jay/Desktop/prompt/.next/server/pages/category/sub-categories/[subcategories]/promptDetails/[promptSlug].js:1:4820
    at Wc (/home/jay/Desktop/prompt/node_modules/react-dom/cjs/react-dom-server.browser.production.min.js:68:44)
    at Zc (/home/jay/Desktop/prompt/node_modules/react-dom/cjs/react-dom-server.browser.production.min.js:70:253)
    at Z (/home/jay/Desktop/prompt/node_modules/react-dom/cjs/react-dom-server.browser.production.min.js:76:89)
    at Zc (/home/jay/Desktop/prompt/node_modules/react-dom/cjs/react-dom-server.browser.production.min.js:70:481)
    at Z (/home/jay/Desktop/prompt/node_modules/react-dom/cjs/react-dom-server.browser.production.min.js:76:89)
    at $c (/home/jay/Desktop/prompt/node_modules/react-dom/cjs/react-dom-server.browser.production.min.js:78:98)
    at Zc (/home/jay/Desktop/prompt/node_modules/react-dom/cjs/react-dom-server.browser.production.min.js:71:145)
    at Z (/home/jay/Desktop/prompt/node_modules/react-dom/cjs/react-dom-server.browser.production.min.js:76:89)

Error occurred prerendering page "/category/sub-categories/outdoor/promptDetails/editorial-street-fashion-scene". Read more: https://nextjs.org/docs/messages/prerender-error

ReferenceError: imageUrl is not defined
    at D (/home/jay/Desktop/prompt/.next/server/pages/category/sub-categories/[subcategories]/promptDetails/[promptSlug].js:1:4355)
    at /home/jay/Desktop/prompt/.next/server/pages/category/sub-categories/[subcategories]/promptDetails/[promptSlug].js:1:4820
    at Wc (/home/jay/Desktop/prompt/node_modules/react-dom/cjs/react-dom-server.browser.production.min.js:68:44)
    at Zc (/home/jay/Desktop/prompt/node_modules/react-dom/cjs/react-dom-server.browser.production.min.js:70:253)
    at Z (/home/jay/Desktop/prompt/node_modules/react-dom/cjs/react-dom-server.browser.production.min.js:76:89)
    at Zc (/home/jay/Desktop/prompt/node_modules/react-dom/cjs/react-dom-server.browser.production.min.js:70:481)
    at Z (/home/jay/Desktop/prompt/node_modules/react-dom/cjs/react-dom-server.browser.production.min.js:76:89)
    at $c (/home/jay/Desktop/prompt/node_modules/react-dom/cjs/react-dom-server.browser.production.min.js:78:98)
    at Zc (/home/jay/Desktop/prompt/node_modules/react-dom/cjs/react-dom-server.browser.production.min.js:71:145)
    at Z (/home/jay/Desktop/prompt/node_modules/react-dom/cjs/react-dom-server.browser.production.min.js:76:89)
[Build Time] Successfully fetched 46 prompts for category 11
ReferenceError: imageUrl is not defined
    at D (/home/jay/Desktop/prompt/.next/server/pages/category/sub-categories/[subcategories]/promptDetails/[promptSlug].js:1:4355)
    at /home/jay/Desktop/prompt/.next/server/pages/category/sub-categories/[subcategories]/promptDetails/[promptSlug].js:1:4820
    at Wc (/home/jay/Desktop/prompt/node_modules/react-dom/cjs/react-dom-server.browser.production.min.js:68:44)
    at Zc (/home/jay/Desktop/prompt/node_modules/react-dom/cjs/react-dom-server.browser.production.min.js:70:253)
    at Z (/home/jay/Desktop/prompt/node_modules/react-dom/cjs/react-dom-server.browser.production.min.js:76:89)
    at Zc (/home/jay/Desktop/prompt/node_modules/react-dom/cjs/react-dom-server.browser.production.min.js:70:481)
    at Z (/home/jay/Desktop/prompt/node_modules/react-dom/cjs/react-dom-server.browser.production.min.js:76:89)
    at $c (/home/jay/Desktop/prompt/node_modules/react-dom/cjs/react-dom-server.browser.production.min.js:78:98)
    at Zc (/home/jay/Desktop/prompt/node_modules/react-dom/cjs/react-dom-server.browser.production.min.js:71:145)
    at Z (/home/jay/Desktop/prompt/node_modules/react-dom/cjs/react-dom-server.browser.production.min.js:76:89)

Error occurred prerendering page "/category/sub-categories/outdoor/promptDetails/ultra-realistic-casual-stone-steps-portrait". Read more: https://nextjs.org/docs/messages/prerender-error

ReferenceError: imageUrl is not defined
    at D (/home/jay/Desktop/prompt/.next/server/pages/category/sub-categories/[subcategories]/promptDetails/[promptSlug].js:1:4355)
    at /home/jay/Desktop/prompt/.next/server/pages/category/sub-categories/[subcategories]/promptDetails/[promptSlug].js:1:4820
    at Wc (/home/jay/Desktop/prompt/node_modules/react-dom/cjs/react-dom-server.browser.production.min.js:68:44)
    at Zc (/home/jay/Desktop/prompt/node_modules/react-dom/cjs/react-dom-server.browser.production.min.js:70:253)
    at Z (/home/jay/Desktop/prompt/node_modules/react-dom/cjs/react-dom-server.browser.production.min.js:76:89)
    at Zc (/home/jay/Desktop/prompt/node_modules/react-dom/cjs/react-dom-server.browser.production.min.js:70:481)
    at Z (/home/jay/Desktop/prompt/node_modules/react-dom/cjs/react-dom-server.browser.production.min.js:76:89)
    at $c (/home/jay/Desktop/prompt/node_modules/react-dom/cjs/react-dom-server.browser.production.min.js:78:98)
    at Zc (/home/jay/Desktop/prompt/node_modules/react-dom/cjs/react-dom-server.browser.production.min.js:71:145)
    at Z (/home/jay/Desktop/prompt/node_modules/react-dom/cjs/react-dom-server.browser.production.min.js:76:89)
[Build Time] Successfully fetched 29 categories
[Build Time] Fetching prompts for category 11, subcategory none
[Build Time] Successfully fetched 46 prompts for category 11
[Build Time] Successfully fetched 29 categories
[Build Time] Fetching prompts for category 11, subcategory none
ReferenceError: imageUrl is not defined
    at D (/home/jay/Desktop/prompt/.next/server/pages/category/sub-categories/[subcategories]/promptDetails/[promptSlug].js:1:4355)
    at /home/jay/Desktop/prompt/.next/server/pages/category/sub-categories/[subcategories]/promptDetails/[promptSlug].js:1:4820
    at Wc (/home/jay/Desktop/prompt/node_modules/react-dom/cjs/react-dom-server.browser.production.min.js:68:44)
    at Zc (/home/jay/Desktop/prompt/node_modules/react-dom/cjs/react-dom-server.browser.production.min.js:70:253)
    at Z (/home/jay/Desktop/prompt/node_modules/react-dom/cjs/react-dom-server.browser.production.min.js:76:89)
    at Zc (/home/jay/Desktop/prompt/node_modules/react-dom/cjs/react-dom-server.browser.production.min.js:70:481)
    at Z (/home/jay/Desktop/prompt/node_modules/react-dom/cjs/react-dom-server.browser.production.min.js:76:89)
    at $c (/home/jay/Desktop/prompt/node_modules/react-dom/cjs/react-dom-server.browser.production.min.js:78:98)
    at Zc (/home/jay/Desktop/prompt/node_modules/react-dom/cjs/react-dom-server.browser.production.min.js:71:145)
    at Z (/home/jay/Desktop/prompt/node_modules/react-dom/cjs/react-dom-server.browser.production.min.js:76:89)

Error occurred prerendering page "/category/sub-categories/outdoor/promptDetails/european-caf-cinematic-portrait". Read more: https://nextjs.org/docs/messages/prerender-error

ReferenceError: imageUrl is not defined
    at D (/home/jay/Desktop/prompt/.next/server/pages/category/sub-categories/[subcategories]/promptDetails/[promptSlug].js:1:4355)
    at /home/jay/Desktop/prompt/.next/server/pages/category/sub-categories/[subcategories]/promptDetails/[promptSlug].js:1:4820
    at Wc (/home/jay/Desktop/prompt/node_modules/react-dom/cjs/react-dom-server.browser.production.min.js:68:44)
    at Zc (/home/jay/Desktop/prompt/node_modules/react-dom/cjs/react-dom-server.browser.production.min.js:70:253)
    at Z (/home/jay/Desktop/prompt/node_modules/react-dom/cjs/react-dom-server.browser.production.min.js:76:89)
    at Zc (/home/jay/Desktop/prompt/node_modules/react-dom/cjs/react-dom-server.browser.production.min.js:70:481)
    at Z (/home/jay/Desktop/prompt/node_modules/react-dom/cjs/react-dom-server.browser.production.min.js:76:89)
    at $c (/home/jay/Desktop/prompt/node_modules/react-dom/cjs/react-dom-server.browser.production.min.js:78:98)
    at Zc (/home/jay/Desktop/prompt/node_modules/react-dom/cjs/react-dom-server.browser.production.min.js:71:145)
    at Z (/home/jay/Desktop/prompt/node_modules/react-dom/cjs/react-dom-server.browser.production.min.js:76:89)
[Build Time] Fetching all categories from: https://admin.promptland.in/api/get_categories
[Build Time] Fetching all categories from: https://admin.promptland.in/api/get_categories
[Build Time] Fetching all categories from: https://admin.promptland.in/api/get_categories
[Build Time] Fetching all categories from: https://admin.promptland.in/api/get_categories
[Build Time] Successfully fetched 46 prompts for category 11
[Build Time] Successfully fetched 46 prompts for category 11
[Build Time] Successfully fetched 46 prompts for category 11
ReferenceError: imageUrl is not defined
    at D (/home/jay/Desktop/prompt/.next/server/pages/category/sub-categories/[subcategories]/promptDetails/[promptSlug].js:1:4355)
    at /home/jay/Desktop/prompt/.next/server/pages/category/sub-categories/[subcategories]/promptDetails/[promptSlug].js:1:4820
    at Wc (/home/jay/Desktop/prompt/node_modules/react-dom/cjs/react-dom-server.browser.production.min.js:68:44)
    at Zc (/home/jay/Desktop/prompt/node_modules/react-dom/cjs/react-dom-server.browser.production.min.js:70:253)
    at Z (/home/jay/Desktop/prompt/node_modules/react-dom/cjs/react-dom-server.browser.production.min.js:76:89)
    at Zc (/home/jay/Desktop/prompt/node_modules/react-dom/cjs/react-dom-server.browser.production.min.js:70:481)
    at Z (/home/jay/Desktop/prompt/node_modules/react-dom/cjs/react-dom-server.browser.production.min.js:76:89)
    at $c (/home/jay/Desktop/prompt/node_modules/react-dom/cjs/react-dom-server.browser.production.min.js:78:98)
    at Zc (/home/jay/Desktop/prompt/node_modules/react-dom/cjs/react-dom-server.browser.production.min.js:71:145)
    at Z (/home/jay/Desktop/prompt/node_modules/react-dom/cjs/react-dom-server.browser.production.min.js:76:89)

Error occurred prerendering page "/category/sub-categories/outdoor/promptDetails/caf-fashion-editorial-portrait". Read more: https://nextjs.org/docs/messages/prerender-error

ReferenceError: imageUrl is not defined
    at D (/home/jay/Desktop/prompt/.next/server/pages/category/sub-categories/[subcategories]/promptDetails/[promptSlug].js:1:4355)
    at /home/jay/Desktop/prompt/.next/server/pages/category/sub-categories/[subcategories]/promptDetails/[promptSlug].js:1:4820
    at Wc (/home/jay/Desktop/prompt/node_modules/react-dom/cjs/react-dom-server.browser.production.min.js:68:44)
    at Zc (/home/jay/Desktop/prompt/node_modules/react-dom/cjs/react-dom-server.browser.production.min.js:70:253)
    at Z (/home/jay/Desktop/prompt/node_modules/react-dom/cjs/react-dom-server.browser.production.min.js:76:89)
    at Zc (/home/jay/Desktop/prompt/node_modules/react-dom/cjs/react-dom-server.browser.production.min.js:70:481)
    at Z (/home/jay/Desktop/prompt/node_modules/react-dom/cjs/react-dom-server.browser.production.min.js:76:89)
    at $c (/home/jay/Desktop/prompt/node_modules/react-dom/cjs/react-dom-server.browser.production.min.js:78:98)
    at Zc (/home/jay/Desktop/prompt/node_modules/react-dom/cjs/react-dom-server.browser.production.min.js:71:145)
    at Z (/home/jay/Desktop/prompt/node_modules/react-dom/cjs/react-dom-server.browser.production.min.js:76:89)
ReferenceError: imageUrl is not defined
    at D (/home/jay/Desktop/prompt/.next/server/pages/category/sub-categories/[subcategories]/promptDetails/[promptSlug].js:1:4355)
    at /home/jay/Desktop/prompt/.next/server/pages/category/sub-categories/[subcategories]/promptDetails/[promptSlug].js:1:4820
    at Wc (/home/jay/Desktop/prompt/node_modules/react-dom/cjs/react-dom-server.browser.production.min.js:68:44)
    at Zc (/home/jay/Desktop/prompt/node_modules/react-dom/cjs/react-dom-server.browser.production.min.js:70:253)
    at Z (/home/jay/Desktop/prompt/node_modules/react-dom/cjs/react-dom-server.browser.production.min.js:76:89)
    at Zc (/home/jay/Desktop/prompt/node_modules/react-dom/cjs/react-dom-server.browser.production.min.js:70:481)
    at Z (/home/jay/Desktop/prompt/node_modules/react-dom/cjs/react-dom-server.browser.production.min.js:76:89)
    at $c (/home/jay/Desktop/prompt/node_modules/react-dom/cjs/react-dom-server.browser.production.min.js:78:98)
    at Zc (/home/jay/Desktop/prompt/node_modules/react-dom/cjs/react-dom-server.browser.production.min.js:71:145)
    at Z (/home/jay/Desktop/prompt/node_modules/react-dom/cjs/react-dom-server.browser.production.min.js:76:89)

Error occurred prerendering page "/category/sub-categories/outdoor/promptDetails/private-jet-luxury-portrait". Read more: https://nextjs.org/docs/messages/prerender-error

ReferenceError: imageUrl is not defined
    at D (/home/jay/Desktop/prompt/.next/server/pages/category/sub-categories/[subcategories]/promptDetails/[promptSlug].js:1:4355)
    at /home/jay/Desktop/prompt/.next/server/pages/category/sub-categories/[subcategories]/promptDetails/[promptSlug].js:1:4820
    at Wc (/home/jay/Desktop/prompt/node_modules/react-dom/cjs/react-dom-server.browser.production.min.js:68:44)
    at Zc (/home/jay/Desktop/prompt/node_modules/react-dom/cjs/react-dom-server.browser.production.min.js:70:253)
    at Z (/home/jay/Desktop/prompt/node_modules/react-dom/cjs/react-dom-server.browser.production.min.js:76:89)
    at Zc (/home/jay/Desktop/prompt/node_modules/react-dom/cjs/react-dom-server.browser.production.min.js:70:481)
    at Z (/home/jay/Desktop/prompt/node_modules/react-dom/cjs/react-dom-server.browser.production.min.js:76:89)
    at $c (/home/jay/Desktop/prompt/node_modules/react-dom/cjs/react-dom-server.browser.production.min.js:78:98)
    at Zc (/home/jay/Desktop/prompt/node_modules/react-dom/cjs/react-dom-server.browser.production.min.js:71:145)
    at Z (/home/jay/Desktop/prompt/node_modules/react-dom/cjs/react-dom-server.browser.production.min.js:76:89)
ReferenceError: imageUrl is not defined
    at D (/home/jay/Desktop/prompt/.next/server/pages/category/sub-categories/[subcategories]/promptDetails/[promptSlug].js:1:4355)
    at /home/jay/Desktop/prompt/.next/server/pages/category/sub-categories/[subcategories]/promptDetails/[promptSlug].js:1:4820
    at Wc (/home/jay/Desktop/prompt/node_modules/react-dom/cjs/react-dom-server.browser.production.min.js:68:44)
    at Zc (/home/jay/Desktop/prompt/node_modules/react-dom/cjs/react-dom-server.browser.production.min.js:70:253)
    at Z (/home/jay/Desktop/prompt/node_modules/react-dom/cjs/react-dom-server.browser.production.min.js:76:89)
    at Zc (/home/jay/Desktop/prompt/node_modules/react-dom/cjs/react-dom-server.browser.production.min.js:70:481)
    at Z (/home/jay/Desktop/prompt/node_modules/react-dom/cjs/react-dom-server.browser.production.min.js:76:89)
    at $c (/home/jay/Desktop/prompt/node_modules/react-dom/cjs/react-dom-server.browser.production.min.js:78:98)
    at Zc (/home/jay/Desktop/prompt/node_modules/react-dom/cjs/react-dom-server.browser.production.min.js:71:145)
    at Z (/home/jay/Desktop/prompt/node_modules/react-dom/cjs/react-dom-server.browser.production.min.js:76:89)

Error occurred prerendering page "/category/sub-categories/outdoor/promptDetails/urban-streetwear-portrait". Read more: https://nextjs.org/docs/messages/prerender-error

ReferenceError: imageUrl is not defined
    at D (/home/jay/Desktop/prompt/.next/server/pages/category/sub-categories/[subcategories]/promptDetails/[promptSlug].js:1:4355)
    at /home/jay/Desktop/prompt/.next/server/pages/category/sub-categories/[subcategories]/promptDetails/[promptSlug].js:1:4820
    at Wc (/home/jay/Desktop/prompt/node_modules/react-dom/cjs/react-dom-server.browser.production.min.js:68:44)
    at Zc (/home/jay/Desktop/prompt/node_modules/react-dom/cjs/react-dom-server.browser.production.min.js:70:253)
    at Z (/home/jay/Desktop/prompt/node_modules/react-dom/cjs/react-dom-server.browser.production.min.js:76:89)
    at Zc (/home/jay/Desktop/prompt/node_modules/react-dom/cjs/react-dom-server.browser.production.min.js:70:481)
    at Z (/home/jay/Desktop/prompt/node_modules/react-dom/cjs/react-dom-server.browser.production.min.js:76:89)
    at $c (/home/jay/Desktop/prompt/node_modules/react-dom/cjs/react-dom-server.browser.production.min.js:78:98)
    at Zc (/home/jay/Desktop/prompt/node_modules/react-dom/cjs/react-dom-server.browser.production.min.js:71:145)
    at Z (/home/jay/Desktop/prompt/node_modules/react-dom/cjs/react-dom-server.browser.production.min.js:76:89)
[Build Time] Successfully fetched 29 categories
[Build Time] Fetching prompts for category 11, subcategory none
[Build Time] Fetching all categories from: https://admin.promptland.in/api/get_categories
[Build Time] Fetching all categories from: https://admin.promptland.in/api/get_categories
[Build Time] Fetching all categories from: https://admin.promptland.in/api/get_categories
[Build Time] Successfully fetched 29 categories
[Build Time] Fetching prompts for category 11, subcategory none
[Build Time] Successfully fetched 29 categories
[Build Time] Fetching prompts for category 11, subcategory none
[Build Time] Successfully fetched 29 categories
[Build Time] Fetching prompts for category 11, subcategory none
[Build Time] Successfully fetched 29 categories
[Build Time] Fetching prompts for category 11, subcategory none
[Build Time] Successfully fetched 29 categories
[Build Time] Fetching prompts for category 11, subcategory none
[Build Time] Successfully fetched 29 categories
[Build Time] Fetching prompts for category 11, subcategory none
[Build Time] Successfully fetched 46 prompts for category 11
ReferenceError: imageUrl is not defined
    at D (/home/jay/Desktop/prompt/.next/server/pages/category/sub-categories/[subcategories]/promptDetails/[promptSlug].js:1:4355)
    at /home/jay/Desktop/prompt/.next/server/pages/category/sub-categories/[subcategories]/promptDetails/[promptSlug].js:1:4820
    at Wc (/home/jay/Desktop/prompt/node_modules/react-dom/cjs/react-dom-server.browser.production.min.js:68:44)
    at Zc (/home/jay/Desktop/prompt/node_modules/react-dom/cjs/react-dom-server.browser.production.min.js:70:253)
    at Z (/home/jay/Desktop/prompt/node_modules/react-dom/cjs/react-dom-server.browser.production.min.js:76:89)
    at Zc (/home/jay/Desktop/prompt/node_modules/react-dom/cjs/react-dom-server.browser.production.min.js:70:481)
    at Z (/home/jay/Desktop/prompt/node_modules/react-dom/cjs/react-dom-server.browser.production.min.js:76:89)
    at $c (/home/jay/Desktop/prompt/node_modules/react-dom/cjs/react-dom-server.browser.production.min.js:78:98)
    at Zc (/home/jay/Desktop/prompt/node_modules/react-dom/cjs/react-dom-server.browser.production.min.js:71:145)
    at Z (/home/jay/Desktop/prompt/node_modules/react-dom/cjs/react-dom-server.browser.production.min.js:76:89)

Error occurred prerendering page "/category/sub-categories/outdoor/promptDetails/traditional-textured-stone-wall-portrait". Read more: https://nextjs.org/docs/messages/prerender-error

ReferenceError: imageUrl is not defined
    at D (/home/jay/Desktop/prompt/.next/server/pages/category/sub-categories/[subcategories]/promptDetails/[promptSlug].js:1:4355)
    at /home/jay/Desktop/prompt/.next/server/pages/category/sub-categories/[subcategories]/promptDetails/[promptSlug].js:1:4820
    at Wc (/home/jay/Desktop/prompt/node_modules/react-dom/cjs/react-dom-server.browser.production.min.js:68:44)
    at Zc (/home/jay/Desktop/prompt/node_modules/react-dom/cjs/react-dom-server.browser.production.min.js:70:253)
    at Z (/home/jay/Desktop/prompt/node_modules/react-dom/cjs/react-dom-server.browser.production.min.js:76:89)
    at Zc (/home/jay/Desktop/prompt/node_modules/react-dom/cjs/react-dom-server.browser.production.min.js:70:481)
    at Z (/home/jay/Desktop/prompt/node_modules/react-dom/cjs/react-dom-server.browser.production.min.js:76:89)
    at $c (/home/jay/Desktop/prompt/node_modules/react-dom/cjs/react-dom-server.browser.production.min.js:78:98)
    at Zc (/home/jay/Desktop/prompt/node_modules/react-dom/cjs/react-dom-server.browser.production.min.js:71:145)
    at Z (/home/jay/Desktop/prompt/node_modules/react-dom/cjs/react-dom-server.browser.production.min.js:76:89)
[Build Time] Successfully fetched 46 prompts for category 11
ReferenceError: imageUrl is not defined
    at D (/home/jay/Desktop/prompt/.next/server/pages/category/sub-categories/[subcategories]/promptDetails/[promptSlug].js:1:4355)
    at /home/jay/Desktop/prompt/.next/server/pages/category/sub-categories/[subcategories]/promptDetails/[promptSlug].js:1:4820
    at Wc (/home/jay/Desktop/prompt/node_modules/react-dom/cjs/react-dom-server.browser.production.min.js:68:44)
    at Zc (/home/jay/Desktop/prompt/node_modules/react-dom/cjs/react-dom-server.browser.production.min.js:70:253)
    at Z (/home/jay/Desktop/prompt/node_modules/react-dom/cjs/react-dom-server.browser.production.min.js:76:89)
    at Zc (/home/jay/Desktop/prompt/node_modules/react-dom/cjs/react-dom-server.browser.production.min.js:70:481)
    at Z (/home/jay/Desktop/prompt/node_modules/react-dom/cjs/react-dom-server.browser.production.min.js:76:89)
    at $c (/home/jay/Desktop/prompt/node_modules/react-dom/cjs/react-dom-server.browser.production.min.js:78:98)
    at Zc (/home/jay/Desktop/prompt/node_modules/react-dom/cjs/react-dom-server.browser.production.min.js:71:145)
    at Z (/home/jay/Desktop/prompt/node_modules/react-dom/cjs/react-dom-server.browser.production.min.js:76:89)

Error occurred prerendering page "/category/sub-categories/outdoor/promptDetails/outdoor-caf-cinematic-lifestyle". Read more: https://nextjs.org/docs/messages/prerender-error

ReferenceError: imageUrl is not defined
    at D (/home/jay/Desktop/prompt/.next/server/pages/category/sub-categories/[subcategories]/promptDetails/[promptSlug].js:1:4355)
    at /home/jay/Desktop/prompt/.next/server/pages/category/sub-categories/[subcategories]/promptDetails/[promptSlug].js:1:4820
    at Wc (/home/jay/Desktop/prompt/node_modules/react-dom/cjs/react-dom-server.browser.production.min.js:68:44)
    at Zc (/home/jay/Desktop/prompt/node_modules/react-dom/cjs/react-dom-server.browser.production.min.js:70:253)
    at Z (/home/jay/Desktop/prompt/node_modules/react-dom/cjs/react-dom-server.browser.production.min.js:76:89)
    at Zc (/home/jay/Desktop/prompt/node_modules/react-dom/cjs/react-dom-server.browser.production.min.js:70:481)
    at Z (/home/jay/Desktop/prompt/node_modules/react-dom/cjs/react-dom-server.browser.production.min.js:76:89)
    at $c (/home/jay/Desktop/prompt/node_modules/react-dom/cjs/react-dom-server.browser.production.min.js:78:98)
    at Zc (/home/jay/Desktop/prompt/node_modules/react-dom/cjs/react-dom-server.browser.production.min.js:71:145)
    at Z (/home/jay/Desktop/prompt/node_modules/react-dom/cjs/react-dom-server.browser.production.min.js:76:89)
[Build Time] Fetching all categories from: https://admin.promptland.in/api/get_categories
[Build Time] Successfully fetched 29 categories
[Build Time] Fetching prompts for category 11, subcategory none
[Build Time] Successfully fetched 46 prompts for category 11
[Build Time] Successfully fetched 46 prompts for category 11
ReferenceError: imageUrl is not defined
    at D (/home/jay/Desktop/prompt/.next/server/pages/category/sub-categories/[subcategories]/promptDetails/[promptSlug].js:1:4355)
    at /home/jay/Desktop/prompt/.next/server/pages/category/sub-categories/[subcategories]/promptDetails/[promptSlug].js:1:4820
    at Wc (/home/jay/Desktop/prompt/node_modules/react-dom/cjs/react-dom-server.browser.production.min.js:68:44)
    at Zc (/home/jay/Desktop/prompt/node_modules/react-dom/cjs/react-dom-server.browser.production.min.js:70:253)
    at Z (/home/jay/Desktop/prompt/node_modules/react-dom/cjs/react-dom-server.browser.production.min.js:76:89)
    at Zc (/home/jay/Desktop/prompt/node_modules/react-dom/cjs/react-dom-server.browser.production.min.js:70:481)
    at Z (/home/jay/Desktop/prompt/node_modules/react-dom/cjs/react-dom-server.browser.production.min.js:76:89)
    at $c (/home/jay/Desktop/prompt/node_modules/react-dom/cjs/react-dom-server.browser.production.min.js:78:98)
    at Zc (/home/jay/Desktop/prompt/node_modules/react-dom/cjs/react-dom-server.browser.production.min.js:71:145)
    at Z (/home/jay/Desktop/prompt/node_modules/react-dom/cjs/react-dom-server.browser.production.min.js:76:89)

Error occurred prerendering page "/category/sub-categories/outdoor/promptDetails/outdoor-garden-casual-portrait". Read more: https://nextjs.org/docs/messages/prerender-error

ReferenceError: imageUrl is not defined
    at D (/home/jay/Desktop/prompt/.next/server/pages/category/sub-categories/[subcategories]/promptDetails/[promptSlug].js:1:4355)
    at /home/jay/Desktop/prompt/.next/server/pages/category/sub-categories/[subcategories]/promptDetails/[promptSlug].js:1:4820
    at Wc (/home/jay/Desktop/prompt/node_modules/react-dom/cjs/react-dom-server.browser.production.min.js:68:44)
    at Zc (/home/jay/Desktop/prompt/node_modules/react-dom/cjs/react-dom-server.browser.production.min.js:70:253)
    at Z (/home/jay/Desktop/prompt/node_modules/react-dom/cjs/react-dom-server.browser.production.min.js:76:89)
    at Zc (/home/jay/Desktop/prompt/node_modules/react-dom/cjs/react-dom-server.browser.production.min.js:70:481)
    at Z (/home/jay/Desktop/prompt/node_modules/react-dom/cjs/react-dom-server.browser.production.min.js:76:89)
    at $c (/home/jay/Desktop/prompt/node_modules/react-dom/cjs/react-dom-server.browser.production.min.js:78:98)
    at Zc (/home/jay/Desktop/prompt/node_modules/react-dom/cjs/react-dom-server.browser.production.min.js:71:145)
    at Z (/home/jay/Desktop/prompt/node_modules/react-dom/cjs/react-dom-server.browser.production.min.js:76:89)
ReferenceError: imageUrl is not defined
    at D (/home/jay/Desktop/prompt/.next/server/pages/category/sub-categories/[subcategories]/promptDetails/[promptSlug].js:1:4355)
    at /home/jay/Desktop/prompt/.next/server/pages/category/sub-categories/[subcategories]/promptDetails/[promptSlug].js:1:4820
    at Wc (/home/jay/Desktop/prompt/node_modules/react-dom/cjs/react-dom-server.browser.production.min.js:68:44)
    at Zc (/home/jay/Desktop/prompt/node_modules/react-dom/cjs/react-dom-server.browser.production.min.js:70:253)
    at Z (/home/jay/Desktop/prompt/node_modules/react-dom/cjs/react-dom-server.browser.production.min.js:76:89)
    at Zc (/home/jay/Desktop/prompt/node_modules/react-dom/cjs/react-dom-server.browser.production.min.js:70:481)
    at Z (/home/jay/Desktop/prompt/node_modules/react-dom/cjs/react-dom-server.browser.production.min.js:76:89)
    at $c (/home/jay/Desktop/prompt/node_modules/react-dom/cjs/react-dom-server.browser.production.min.js:78:98)
    at Zc (/home/jay/Desktop/prompt/node_modules/react-dom/cjs/react-dom-server.browser.production.min.js:71:145)
    at Z (/home/jay/Desktop/prompt/node_modules/react-dom/cjs/react-dom-server.browser.production.min.js:76:89)

Error occurred prerendering page "/category/sub-categories/outdoor/promptDetails/urban-metro-portrait". Read more: https://nextjs.org/docs/messages/prerender-error

ReferenceError: imageUrl is not defined
    at D (/home/jay/Desktop/prompt/.next/server/pages/category/sub-categories/[subcategories]/promptDetails/[promptSlug].js:1:4355)
    at /home/jay/Desktop/prompt/.next/server/pages/category/sub-categories/[subcategories]/promptDetails/[promptSlug].js:1:4820
    at Wc (/home/jay/Desktop/prompt/node_modules/react-dom/cjs/react-dom-server.browser.production.min.js:68:44)
    at Zc (/home/jay/Desktop/prompt/node_modules/react-dom/cjs/react-dom-server.browser.production.min.js:70:253)
    at Z (/home/jay/Desktop/prompt/node_modules/react-dom/cjs/react-dom-server.browser.production.min.js:76:89)
    at Zc (/home/jay/Desktop/prompt/node_modules/react-dom/cjs/react-dom-server.browser.production.min.js:70:481)
    at Z (/home/jay/Desktop/prompt/node_modules/react-dom/cjs/react-dom-server.browser.production.min.js:76:89)
    at $c (/home/jay/Desktop/prompt/node_modules/react-dom/cjs/react-dom-server.browser.production.min.js:78:98)
    at Zc (/home/jay/Desktop/prompt/node_modules/react-dom/cjs/react-dom-server.browser.production.min.js:71:145)
    at Z (/home/jay/Desktop/prompt/node_modules/react-dom/cjs/react-dom-server.browser.production.min.js:76:89)
[Build Time] Fetching all categories from: https://admin.promptland.in/api/get_categories
[Build Time] Successfully fetched 29 categories
[Build Time] Fetching prompts for category 11, subcategory none
[Build Time] Successfully fetched 46 prompts for category 11
[Build Time] Successfully fetched 46 prompts for category 11
[Build Time] Successfully fetched 46 prompts for category 11
ReferenceError: imageUrl is not defined
    at D (/home/jay/Desktop/prompt/.next/server/pages/category/sub-categories/[subcategories]/promptDetails/[promptSlug].js:1:4355)
    at /home/jay/Desktop/prompt/.next/server/pages/category/sub-categories/[subcategories]/promptDetails/[promptSlug].js:1:4820
    at Wc (/home/jay/Desktop/prompt/node_modules/react-dom/cjs/react-dom-server.browser.production.min.js:68:44)
    at Zc (/home/jay/Desktop/prompt/node_modules/react-dom/cjs/react-dom-server.browser.production.min.js:70:253)
    at Z (/home/jay/Desktop/prompt/node_modules/react-dom/cjs/react-dom-server.browser.production.min.js:76:89)
    at Zc (/home/jay/Desktop/prompt/node_modules/react-dom/cjs/react-dom-server.browser.production.min.js:70:481)
    at Z (/home/jay/Desktop/prompt/node_modules/react-dom/cjs/react-dom-server.browser.production.min.js:76:89)
    at $c (/home/jay/Desktop/prompt/node_modules/react-dom/cjs/react-dom-server.browser.production.min.js:78:98)
    at Zc (/home/jay/Desktop/prompt/node_modules/react-dom/cjs/react-dom-server.browser.production.min.js:71:145)
    at Z (/home/jay/Desktop/prompt/node_modules/react-dom/cjs/react-dom-server.browser.production.min.js:76:89)

Error occurred prerendering page "/category/sub-categories/outdoor/promptDetails/airport-runway-travel-portrait". Read more: https://nextjs.org/docs/messages/prerender-error

ReferenceError: imageUrl is not defined
    at D (/home/jay/Desktop/prompt/.next/server/pages/category/sub-categories/[subcategories]/promptDetails/[promptSlug].js:1:4355)
    at /home/jay/Desktop/prompt/.next/server/pages/category/sub-categories/[subcategories]/promptDetails/[promptSlug].js:1:4820
    at Wc (/home/jay/Desktop/prompt/node_modules/react-dom/cjs/react-dom-server.browser.production.min.js:68:44)
    at Zc (/home/jay/Desktop/prompt/node_modules/react-dom/cjs/react-dom-server.browser.production.min.js:70:253)
    at Z (/home/jay/Desktop/prompt/node_modules/react-dom/cjs/react-dom-server.browser.production.min.js:76:89)
    at Zc (/home/jay/Desktop/prompt/node_modules/react-dom/cjs/react-dom-server.browser.production.min.js:70:481)
    at Z (/home/jay/Desktop/prompt/node_modules/react-dom/cjs/react-dom-server.browser.production.min.js:76:89)
    at $c (/home/jay/Desktop/prompt/node_modules/react-dom/cjs/react-dom-server.browser.production.min.js:78:98)
    at Zc (/home/jay/Desktop/prompt/node_modules/react-dom/cjs/react-dom-server.browser.production.min.js:71:145)
    at Z (/home/jay/Desktop/prompt/node_modules/react-dom/cjs/react-dom-server.browser.production.min.js:76:89)
ReferenceError: imageUrl is not defined
    at D (/home/jay/Desktop/prompt/.next/server/pages/category/sub-categories/[subcategories]/promptDetails/[promptSlug].js:1:4355)
    at /home/jay/Desktop/prompt/.next/server/pages/category/sub-categories/[subcategories]/promptDetails/[promptSlug].js:1:4820
    at Wc (/home/jay/Desktop/prompt/node_modules/react-dom/cjs/react-dom-server.browser.production.min.js:68:44)
    at Zc (/home/jay/Desktop/prompt/node_modules/react-dom/cjs/react-dom-server.browser.production.min.js:70:253)
    at Z (/home/jay/Desktop/prompt/node_modules/react-dom/cjs/react-dom-server.browser.production.min.js:76:89)
    at Zc (/home/jay/Desktop/prompt/node_modules/react-dom/cjs/react-dom-server.browser.production.min.js:70:481)
    at Z (/home/jay/Desktop/prompt/node_modules/react-dom/cjs/react-dom-server.browser.production.min.js:76:89)
    at $c (/home/jay/Desktop/prompt/node_modules/react-dom/cjs/react-dom-server.browser.production.min.js:78:98)
    at Zc (/home/jay/Desktop/prompt/node_modules/react-dom/cjs/react-dom-server.browser.production.min.js:71:145)
    at Z (/home/jay/Desktop/prompt/node_modules/react-dom/cjs/react-dom-server.browser.production.min.js:76:89)

Error occurred prerendering page "/category/sub-categories/outdoor/promptDetails/golden-hour-rooftop-portrait". Read more: https://nextjs.org/docs/messages/prerender-error

ReferenceError: imageUrl is not defined
    at D (/home/jay/Desktop/prompt/.next/server/pages/category/sub-categories/[subcategories]/promptDetails/[promptSlug].js:1:4355)
    at /home/jay/Desktop/prompt/.next/server/pages/category/sub-categories/[subcategories]/promptDetails/[promptSlug].js:1:4820
    at Wc (/home/jay/Desktop/prompt/node_modules/react-dom/cjs/react-dom-server.browser.production.min.js:68:44)
    at Zc (/home/jay/Desktop/prompt/node_modules/react-dom/cjs/react-dom-server.browser.production.min.js:70:253)
    at Z (/home/jay/Desktop/prompt/node_modules/react-dom/cjs/react-dom-server.browser.production.min.js:76:89)
    at Zc (/home/jay/Desktop/prompt/node_modules/react-dom/cjs/react-dom-server.browser.production.min.js:70:481)
    at Z (/home/jay/Desktop/prompt/node_modules/react-dom/cjs/react-dom-server.browser.production.min.js:76:89)
    at $c (/home/jay/Desktop/prompt/node_modules/react-dom/cjs/react-dom-server.browser.production.min.js:78:98)
    at Zc (/home/jay/Desktop/prompt/node_modules/react-dom/cjs/react-dom-server.browser.production.min.js:71:145)
    at Z (/home/jay/Desktop/prompt/node_modules/react-dom/cjs/react-dom-server.browser.production.min.js:76:89)
[Build Time] Successfully fetched 46 prompts for category 11
ReferenceError: imageUrl is not defined
    at D (/home/jay/Desktop/prompt/.next/server/pages/category/sub-categories/[subcategories]/promptDetails/[promptSlug].js:1:4355)
    at /home/jay/Desktop/prompt/.next/server/pages/category/sub-categories/[subcategories]/promptDetails/[promptSlug].js:1:4820
    at Wc (/home/jay/Desktop/prompt/node_modules/react-dom/cjs/react-dom-server.browser.production.min.js:68:44)
    at Zc (/home/jay/Desktop/prompt/node_modules/react-dom/cjs/react-dom-server.browser.production.min.js:70:253)
    at Z (/home/jay/Desktop/prompt/node_modules/react-dom/cjs/react-dom-server.browser.production.min.js:76:89)
    at Zc (/home/jay/Desktop/prompt/node_modules/react-dom/cjs/react-dom-server.browser.production.min.js:70:481)
    at Z (/home/jay/Desktop/prompt/node_modules/react-dom/cjs/react-dom-server.browser.production.min.js:76:89)
    at $c (/home/jay/Desktop/prompt/node_modules/react-dom/cjs/react-dom-server.browser.production.min.js:78:98)
    at Zc (/home/jay/Desktop/prompt/node_modules/react-dom/cjs/react-dom-server.browser.production.min.js:71:145)
    at Z (/home/jay/Desktop/prompt/node_modules/react-dom/cjs/react-dom-server.browser.production.min.js:76:89)

Error occurred prerendering page "/category/sub-categories/outdoor/promptDetails/modern-black-outfit-editorial-portrait". Read more: https://nextjs.org/docs/messages/prerender-error

ReferenceError: imageUrl is not defined
    at D (/home/jay/Desktop/prompt/.next/server/pages/category/sub-categories/[subcategories]/promptDetails/[promptSlug].js:1:4355)
    at /home/jay/Desktop/prompt/.next/server/pages/category/sub-categories/[subcategories]/promptDetails/[promptSlug].js:1:4820
    at Wc (/home/jay/Desktop/prompt/node_modules/react-dom/cjs/react-dom-server.browser.production.min.js:68:44)
    at Zc (/home/jay/Desktop/prompt/node_modules/react-dom/cjs/react-dom-server.browser.production.min.js:70:253)
    at Z (/home/jay/Desktop/prompt/node_modules/react-dom/cjs/react-dom-server.browser.production.min.js:76:89)
    at Zc (/home/jay/Desktop/prompt/node_modules/react-dom/cjs/react-dom-server.browser.production.min.js:70:481)
    at Z (/home/jay/Desktop/prompt/node_modules/react-dom/cjs/react-dom-server.browser.production.min.js:76:89)
    at $c (/home/jay/Desktop/prompt/node_modules/react-dom/cjs/react-dom-server.browser.production.min.js:78:98)
    at Zc (/home/jay/Desktop/prompt/node_modules/react-dom/cjs/react-dom-server.browser.production.min.js:71:145)
    at Z (/home/jay/Desktop/prompt/node_modules/react-dom/cjs/react-dom-server.browser.production.min.js:76:89)
[Build Time] Fetching all categories from: https://admin.promptland.in/api/get_categories
[Build Time] Successfully fetched 29 categories
[Build Time] Fetching prompts for category 11, subcategory none
[Build Time] Successfully fetched 46 prompts for category 11
[Build Time] Fetching all categories from: https://admin.promptland.in/api/get_categories
[Build Time] Successfully fetched 29 categories
[Build Time] Fetching prompts for category 11, subcategory none
[Build Time] Successfully fetched 46 prompts for category 11
[Build Time] Successfully fetched 46 prompts for category 11
ReferenceError: imageUrl is not defined
    at D (/home/jay/Desktop/prompt/.next/server/pages/category/sub-categories/[subcategories]/promptDetails/[promptSlug].js:1:4355)
    at /home/jay/Desktop/prompt/.next/server/pages/category/sub-categories/[subcategories]/promptDetails/[promptSlug].js:1:4820
    at Wc (/home/jay/Desktop/prompt/node_modules/react-dom/cjs/react-dom-server.browser.production.min.js:68:44)
    at Zc (/home/jay/Desktop/prompt/node_modules/react-dom/cjs/react-dom-server.browser.production.min.js:70:253)
    at Z (/home/jay/Desktop/prompt/node_modules/react-dom/cjs/react-dom-server.browser.production.min.js:76:89)
    at Zc (/home/jay/Desktop/prompt/node_modules/react-dom/cjs/react-dom-server.browser.production.min.js:70:481)
    at Z (/home/jay/Desktop/prompt/node_modules/react-dom/cjs/react-dom-server.browser.production.min.js:76:89)
    at $c (/home/jay/Desktop/prompt/node_modules/react-dom/cjs/react-dom-server.browser.production.min.js:78:98)
    at Zc (/home/jay/Desktop/prompt/node_modules/react-dom/cjs/react-dom-server.browser.production.min.js:71:145)
    at Z (/home/jay/Desktop/prompt/node_modules/react-dom/cjs/react-dom-server.browser.production.min.js:76:89)

Error occurred prerendering page "/category/sub-categories/outdoor/promptDetails/railway-cinematic-portrait". Read more: https://nextjs.org/docs/messages/prerender-error

ReferenceError: imageUrl is not defined
    at D (/home/jay/Desktop/prompt/.next/server/pages/category/sub-categories/[subcategories]/promptDetails/[promptSlug].js:1:4355)
    at /home/jay/Desktop/prompt/.next/server/pages/category/sub-categories/[subcategories]/promptDetails/[promptSlug].js:1:4820
    at Wc (/home/jay/Desktop/prompt/node_modules/react-dom/cjs/react-dom-server.browser.production.min.js:68:44)
    at Zc (/home/jay/Desktop/prompt/node_modules/react-dom/cjs/react-dom-server.browser.production.min.js:70:253)
    at Z (/home/jay/Desktop/prompt/node_modules/react-dom/cjs/react-dom-server.browser.production.min.js:76:89)
    at Zc (/home/jay/Desktop/prompt/node_modules/react-dom/cjs/react-dom-server.browser.production.min.js:70:481)
    at Z (/home/jay/Desktop/prompt/node_modules/react-dom/cjs/react-dom-server.browser.production.min.js:76:89)
    at $c (/home/jay/Desktop/prompt/node_modules/react-dom/cjs/react-dom-server.browser.production.min.js:78:98)
    at Zc (/home/jay/Desktop/prompt/node_modules/react-dom/cjs/react-dom-server.browser.production.min.js:71:145)
    at Z (/home/jay/Desktop/prompt/node_modules/react-dom/cjs/react-dom-server.browser.production.min.js:76:89)
ReferenceError: imageUrl is not defined
    at D (/home/jay/Desktop/prompt/.next/server/pages/category/sub-categories/[subcategories]/promptDetails/[promptSlug].js:1:4355)
    at /home/jay/Desktop/prompt/.next/server/pages/category/sub-categories/[subcategories]/promptDetails/[promptSlug].js:1:4820
    at Wc (/home/jay/Desktop/prompt/node_modules/react-dom/cjs/react-dom-server.browser.production.min.js:68:44)
    at Zc (/home/jay/Desktop/prompt/node_modules/react-dom/cjs/react-dom-server.browser.production.min.js:70:253)
    at Z (/home/jay/Desktop/prompt/node_modules/react-dom/cjs/react-dom-server.browser.production.min.js:76:89)
    at Zc (/home/jay/Desktop/prompt/node_modules/react-dom/cjs/react-dom-server.browser.production.min.js:70:481)
    at Z (/home/jay/Desktop/prompt/node_modules/react-dom/cjs/react-dom-server.browser.production.min.js:76:89)
    at $c (/home/jay/Desktop/prompt/node_modules/react-dom/cjs/react-dom-server.browser.production.min.js:78:98)
    at Zc (/home/jay/Desktop/prompt/node_modules/react-dom/cjs/react-dom-server.browser.production.min.js:71:145)
    at Z (/home/jay/Desktop/prompt/node_modules/react-dom/cjs/react-dom-server.browser.production.min.js:76:89)

Error occurred prerendering page "/category/sub-categories/outdoor/promptDetails/gothic-editorial-rose-portrait". Read more: https://nextjs.org/docs/messages/prerender-error

ReferenceError: imageUrl is not defined
    at D (/home/jay/Desktop/prompt/.next/server/pages/category/sub-categories/[subcategories]/promptDetails/[promptSlug].js:1:4355)
    at /home/jay/Desktop/prompt/.next/server/pages/category/sub-categories/[subcategories]/promptDetails/[promptSlug].js:1:4820
    at Wc (/home/jay/Desktop/prompt/node_modules/react-dom/cjs/react-dom-server.browser.production.min.js:68:44)
    at Zc (/home/jay/Desktop/prompt/node_modules/react-dom/cjs/react-dom-server.browser.production.min.js:70:253)
    at Z (/home/jay/Desktop/prompt/node_modules/react-dom/cjs/react-dom-server.browser.production.min.js:76:89)
    at Zc (/home/jay/Desktop/prompt/node_modules/react-dom/cjs/react-dom-server.browser.production.min.js:70:481)
    at Z (/home/jay/Desktop/prompt/node_modules/react-dom/cjs/react-dom-server.browser.production.min.js:76:89)
    at $c (/home/jay/Desktop/prompt/node_modules/react-dom/cjs/react-dom-server.browser.production.min.js:78:98)
    at Zc (/home/jay/Desktop/prompt/node_modules/react-dom/cjs/react-dom-server.browser.production.min.js:71:145)
    at Z (/home/jay/Desktop/prompt/node_modules/react-dom/cjs/react-dom-server.browser.production.min.js:76:89)
[Build Time] Fetching all categories from: https://admin.promptland.in/api/get_categories
[Build Time] Fetching all categories from: https://admin.promptland.in/api/get_categories
[Build Time] Fetching all categories from: https://admin.promptland.in/api/get_categories
ReferenceError: imageUrl is not defined
    at D (/home/jay/Desktop/prompt/.next/server/pages/category/sub-categories/[subcategories]/promptDetails/[promptSlug].js:1:4355)
    at /home/jay/Desktop/prompt/.next/server/pages/category/sub-categories/[subcategories]/promptDetails/[promptSlug].js:1:4820
    at Wc (/home/jay/Desktop/prompt/node_modules/react-dom/cjs/react-dom-server.browser.production.min.js:68:44)
    at Zc (/home/jay/Desktop/prompt/node_modules/react-dom/cjs/react-dom-server.browser.production.min.js:70:253)
    at Z (/home/jay/Desktop/prompt/node_modules/react-dom/cjs/react-dom-server.browser.production.min.js:76:89)
    at Zc (/home/jay/Desktop/prompt/node_modules/react-dom/cjs/react-dom-server.browser.production.min.js:70:481)
    at Z (/home/jay/Desktop/prompt/node_modules/react-dom/cjs/react-dom-server.browser.production.min.js:76:89)
    at $c (/home/jay/Desktop/prompt/node_modules/react-dom/cjs/react-dom-server.browser.production.min.js:78:98)
    at Zc (/home/jay/Desktop/prompt/node_modules/react-dom/cjs/react-dom-server.browser.production.min.js:71:145)
    at Z (/home/jay/Desktop/prompt/node_modules/react-dom/cjs/react-dom-server.browser.production.min.js:76:89)

Error occurred prerendering page "/category/sub-categories/outdoor/promptDetails/vip-helicopter-arrival-scene". Read more: https://nextjs.org/docs/messages/prerender-error

ReferenceError: imageUrl is not defined
    at D (/home/jay/Desktop/prompt/.next/server/pages/category/sub-categories/[subcategories]/promptDetails/[promptSlug].js:1:4355)
    at /home/jay/Desktop/prompt/.next/server/pages/category/sub-categories/[subcategories]/promptDetails/[promptSlug].js:1:4820
    at Wc (/home/jay/Desktop/prompt/node_modules/react-dom/cjs/react-dom-server.browser.production.min.js:68:44)
    at Zc (/home/jay/Desktop/prompt/node_modules/react-dom/cjs/react-dom-server.browser.production.min.js:70:253)
    at Z (/home/jay/Desktop/prompt/node_modules/react-dom/cjs/react-dom-server.browser.production.min.js:76:89)
    at Zc (/home/jay/Desktop/prompt/node_modules/react-dom/cjs/react-dom-server.browser.production.min.js:70:481)
    at Z (/home/jay/Desktop/prompt/node_modules/react-dom/cjs/react-dom-server.browser.production.min.js:76:89)
    at $c (/home/jay/Desktop/prompt/node_modules/react-dom/cjs/react-dom-server.browser.production.min.js:78:98)
    at Zc (/home/jay/Desktop/prompt/node_modules/react-dom/cjs/react-dom-server.browser.production.min.js:71:145)
    at Z (/home/jay/Desktop/prompt/node_modules/react-dom/cjs/react-dom-server.browser.production.min.js:76:89)
ReferenceError: imageUrl is not defined
    at D (/home/jay/Desktop/prompt/.next/server/pages/category/sub-categories/[subcategories]/promptDetails/[promptSlug].js:1:4355)
    at /home/jay/Desktop/prompt/.next/server/pages/category/sub-categories/[subcategories]/promptDetails/[promptSlug].js:1:4820
    at Wc (/home/jay/Desktop/prompt/node_modules/react-dom/cjs/react-dom-server.browser.production.min.js:68:44)
    at Zc (/home/jay/Desktop/prompt/node_modules/react-dom/cjs/react-dom-server.browser.production.min.js:70:253)
    at Z (/home/jay/Desktop/prompt/node_modules/react-dom/cjs/react-dom-server.browser.production.min.js:76:89)
    at Zc (/home/jay/Desktop/prompt/node_modules/react-dom/cjs/react-dom-server.browser.production.min.js:70:481)
    at Z (/home/jay/Desktop/prompt/node_modules/react-dom/cjs/react-dom-server.browser.production.min.js:76:89)
    at $c (/home/jay/Desktop/prompt/node_modules/react-dom/cjs/react-dom-server.browser.production.min.js:78:98)
    at Zc (/home/jay/Desktop/prompt/node_modules/react-dom/cjs/react-dom-server.browser.production.min.js:71:145)
    at Z (/home/jay/Desktop/prompt/node_modules/react-dom/cjs/react-dom-server.browser.production.min.js:76:89)

Error occurred prerendering page "/category/sub-categories/outdoor/promptDetails/urban-graffiti-street-portrait". Read more: https://nextjs.org/docs/messages/prerender-error

ReferenceError: imageUrl is not defined
    at D (/home/jay/Desktop/prompt/.next/server/pages/category/sub-categories/[subcategories]/promptDetails/[promptSlug].js:1:4355)
    at /home/jay/Desktop/prompt/.next/server/pages/category/sub-categories/[subcategories]/promptDetails/[promptSlug].js:1:4820
    at Wc (/home/jay/Desktop/prompt/node_modules/react-dom/cjs/react-dom-server.browser.production.min.js:68:44)
    at Zc (/home/jay/Desktop/prompt/node_modules/react-dom/cjs/react-dom-server.browser.production.min.js:70:253)
    at Z (/home/jay/Desktop/prompt/node_modules/react-dom/cjs/react-dom-server.browser.production.min.js:76:89)
    at Zc (/home/jay/Desktop/prompt/node_modules/react-dom/cjs/react-dom-server.browser.production.min.js:70:481)
    at Z (/home/jay/Desktop/prompt/node_modules/react-dom/cjs/react-dom-server.browser.production.min.js:76:89)
    at $c (/home/jay/Desktop/prompt/node_modules/react-dom/cjs/react-dom-server.browser.production.min.js:78:98)
    at Zc (/home/jay/Desktop/prompt/node_modules/react-dom/cjs/react-dom-server.browser.production.min.js:71:145)
    at Z (/home/jay/Desktop/prompt/node_modules/react-dom/cjs/react-dom-server.browser.production.min.js:76:89)
[Build Time] Fetching all categories from: https://admin.promptland.in/api/get_categories
[Build Time] Fetching all categories from: https://admin.promptland.in/api/get_categories
[Build Time] Fetching all categories from: https://admin.promptland.in/api/get_categories
[Build Time] Fetching all categories from: https://admin.promptland.in/api/get_categories
[Build Time] Successfully fetched 29 categories
[Build Time] Fetching prompts for category 11, subcategory none
[Build Time] Successfully fetched 29 categories
[Build Time] Fetching prompts for category 11, subcategory none
[Build Time] Successfully fetched 29 categories
[Build Time] Fetching prompts for category 11, subcategory none
[Build Time] Successfully fetched 29 categories
[Build Time] Fetching prompts for category 11, subcategory none
[Build Time] Successfully fetched 29 categories
[Build Time] Fetching prompts for category 11, subcategory none
[Build Time] Successfully fetched 29 categories
[Build Time] Fetching prompts for category 11, subcategory none
[Build Time] Successfully fetched 29 categories
[Build Time] Fetching prompts for category 11, subcategory none
[Build Time] Successfully fetched 46 prompts for category 11
[Build Time] Successfully fetched 46 prompts for category 11
ReferenceError: imageUrl is not defined
    at D (/home/jay/Desktop/prompt/.next/server/pages/category/sub-categories/[subcategories]/promptDetails/[promptSlug].js:1:4355)
    at /home/jay/Desktop/prompt/.next/server/pages/category/sub-categories/[subcategories]/promptDetails/[promptSlug].js:1:4820
    at Wc (/home/jay/Desktop/prompt/node_modules/react-dom/cjs/react-dom-server.browser.production.min.js:68:44)
    at Zc (/home/jay/Desktop/prompt/node_modules/react-dom/cjs/react-dom-server.browser.production.min.js:70:253)
    at Z (/home/jay/Desktop/prompt/node_modules/react-dom/cjs/react-dom-server.browser.production.min.js:76:89)
    at Zc (/home/jay/Desktop/prompt/node_modules/react-dom/cjs/react-dom-server.browser.production.min.js:70:481)
    at Z (/home/jay/Desktop/prompt/node_modules/react-dom/cjs/react-dom-server.browser.production.min.js:76:89)
    at $c (/home/jay/Desktop/prompt/node_modules/react-dom/cjs/react-dom-server.browser.production.min.js:78:98)
    at Zc (/home/jay/Desktop/prompt/node_modules/react-dom/cjs/react-dom-server.browser.production.min.js:71:145)
    at Z (/home/jay/Desktop/prompt/node_modules/react-dom/cjs/react-dom-server.browser.production.min.js:76:89)

Error occurred prerendering page "/category/sub-categories/outdoor/promptDetails/brutalist-architecture-fashion-portrait". Read more: https://nextjs.org/docs/messages/prerender-error

ReferenceError: imageUrl is not defined
    at D (/home/jay/Desktop/prompt/.next/server/pages/category/sub-categories/[subcategories]/promptDetails/[promptSlug].js:1:4355)
    at /home/jay/Desktop/prompt/.next/server/pages/category/sub-categories/[subcategories]/promptDetails/[promptSlug].js:1:4820
    at Wc (/home/jay/Desktop/prompt/node_modules/react-dom/cjs/react-dom-server.browser.production.min.js:68:44)
    at Zc (/home/jay/Desktop/prompt/node_modules/react-dom/cjs/react-dom-server.browser.production.min.js:70:253)
    at Z (/home/jay/Desktop/prompt/node_modules/react-dom/cjs/react-dom-server.browser.production.min.js:76:89)
    at Zc (/home/jay/Desktop/prompt/node_modules/react-dom/cjs/react-dom-server.browser.production.min.js:70:481)
    at Z (/home/jay/Desktop/prompt/node_modules/react-dom/cjs/react-dom-server.browser.production.min.js:76:89)
    at $c (/home/jay/Desktop/prompt/node_modules/react-dom/cjs/react-dom-server.browser.production.min.js:78:98)
    at Zc (/home/jay/Desktop/prompt/node_modules/react-dom/cjs/react-dom-server.browser.production.min.js:71:145)
    at Z (/home/jay/Desktop/prompt/node_modules/react-dom/cjs/react-dom-server.browser.production.min.js:76:89)
ReferenceError: imageUrl is not defined
    at D (/home/jay/Desktop/prompt/.next/server/pages/category/sub-categories/[subcategories]/promptDetails/[promptSlug].js:1:4355)
    at /home/jay/Desktop/prompt/.next/server/pages/category/sub-categories/[subcategories]/promptDetails/[promptSlug].js:1:4820
    at Wc (/home/jay/Desktop/prompt/node_modules/react-dom/cjs/react-dom-server.browser.production.min.js:68:44)
    at Zc (/home/jay/Desktop/prompt/node_modules/react-dom/cjs/react-dom-server.browser.production.min.js:70:253)
    at Z (/home/jay/Desktop/prompt/node_modules/react-dom/cjs/react-dom-server.browser.production.min.js:76:89)
    at Zc (/home/jay/Desktop/prompt/node_modules/react-dom/cjs/react-dom-server.browser.production.min.js:70:481)
    at Z (/home/jay/Desktop/prompt/node_modules/react-dom/cjs/react-dom-server.browser.production.min.js:76:89)
    at $c (/home/jay/Desktop/prompt/node_modules/react-dom/cjs/react-dom-server.browser.production.min.js:78:98)
    at Zc (/home/jay/Desktop/prompt/node_modules/react-dom/cjs/react-dom-server.browser.production.min.js:71:145)
    at Z (/home/jay/Desktop/prompt/node_modules/react-dom/cjs/react-dom-server.browser.production.min.js:76:89)

Error occurred prerendering page "/category/sub-categories/outdoor/promptDetails/luxury-marina-walk-portrait". Read more: https://nextjs.org/docs/messages/prerender-error

ReferenceError: imageUrl is not defined
    at D (/home/jay/Desktop/prompt/.next/server/pages/category/sub-categories/[subcategories]/promptDetails/[promptSlug].js:1:4355)
    at /home/jay/Desktop/prompt/.next/server/pages/category/sub-categories/[subcategories]/promptDetails/[promptSlug].js:1:4820
    at Wc (/home/jay/Desktop/prompt/node_modules/react-dom/cjs/react-dom-server.browser.production.min.js:68:44)
    at Zc (/home/jay/Desktop/prompt/node_modules/react-dom/cjs/react-dom-server.browser.production.min.js:70:253)
    at Z (/home/jay/Desktop/prompt/node_modules/react-dom/cjs/react-dom-server.browser.production.min.js:76:89)
    at Zc (/home/jay/Desktop/prompt/node_modules/react-dom/cjs/react-dom-server.browser.production.min.js:70:481)
    at Z (/home/jay/Desktop/prompt/node_modules/react-dom/cjs/react-dom-server.browser.production.min.js:76:89)
    at $c (/home/jay/Desktop/prompt/node_modules/react-dom/cjs/react-dom-server.browser.production.min.js:78:98)
    at Zc (/home/jay/Desktop/prompt/node_modules/react-dom/cjs/react-dom-server.browser.production.min.js:71:145)
    at Z (/home/jay/Desktop/prompt/node_modules/react-dom/cjs/react-dom-server.browser.production.min.js:76:89)
[Build Time] Successfully fetched 46 prompts for category 11
ReferenceError: imageUrl is not defined
    at D (/home/jay/Desktop/prompt/.next/server/pages/category/sub-categories/[subcategories]/promptDetails/[promptSlug].js:1:4355)
    at /home/jay/Desktop/prompt/.next/server/pages/category/sub-categories/[subcategories]/promptDetails/[promptSlug].js:1:4820
    at Wc (/home/jay/Desktop/prompt/node_modules/react-dom/cjs/react-dom-server.browser.production.min.js:68:44)
    at Zc (/home/jay/Desktop/prompt/node_modules/react-dom/cjs/react-dom-server.browser.production.min.js:70:253)
    at Z (/home/jay/Desktop/prompt/node_modules/react-dom/cjs/react-dom-server.browser.production.min.js:76:89)
    at Zc (/home/jay/Desktop/prompt/node_modules/react-dom/cjs/react-dom-server.browser.production.min.js:70:481)
    at Z (/home/jay/Desktop/prompt/node_modules/react-dom/cjs/react-dom-server.browser.production.min.js:76:89)
    at $c (/home/jay/Desktop/prompt/node_modules/react-dom/cjs/react-dom-server.browser.production.min.js:78:98)
    at Zc (/home/jay/Desktop/prompt/node_modules/react-dom/cjs/react-dom-server.browser.production.min.js:71:145)
    at Z (/home/jay/Desktop/prompt/node_modules/react-dom/cjs/react-dom-server.browser.production.min.js:76:89)

Error occurred prerendering page "/category/sub-categories/outdoor/promptDetails/dual-portrait-sunglasses-fashion-poster". Read more: https://nextjs.org/docs/messages/prerender-error

ReferenceError: imageUrl is not defined
    at D (/home/jay/Desktop/prompt/.next/server/pages/category/sub-categories/[subcategories]/promptDetails/[promptSlug].js:1:4355)
    at /home/jay/Desktop/prompt/.next/server/pages/category/sub-categories/[subcategories]/promptDetails/[promptSlug].js:1:4820
    at Wc (/home/jay/Desktop/prompt/node_modules/react-dom/cjs/react-dom-server.browser.production.min.js:68:44)
    at Zc (/home/jay/Desktop/prompt/node_modules/react-dom/cjs/react-dom-server.browser.production.min.js:70:253)
    at Z (/home/jay/Desktop/prompt/node_modules/react-dom/cjs/react-dom-server.browser.production.min.js:76:89)
    at Zc (/home/jay/Desktop/prompt/node_modules/react-dom/cjs/react-dom-server.browser.production.min.js:70:481)
    at Z (/home/jay/Desktop/prompt/node_modules/react-dom/cjs/react-dom-server.browser.production.min.js:76:89)
    at $c (/home/jay/Desktop/prompt/node_modules/react-dom/cjs/react-dom-server.browser.production.min.js:78:98)
    at Zc (/home/jay/Desktop/prompt/node_modules/react-dom/cjs/react-dom-server.browser.production.min.js:71:145)
    at Z (/home/jay/Desktop/prompt/node_modules/react-dom/cjs/react-dom-server.browser.production.min.js:76:89)
[Build Time] Fetching all categories from: https://admin.promptland.in/api/get_categories
[Build Time] Fetching all categories from: https://admin.promptland.in/api/get_categories
[Build Time] Fetching all categories from: https://admin.promptland.in/api/get_categories
[Build Time] Successfully fetched 46 prompts for category 11
ReferenceError: imageUrl is not defined
    at D (/home/jay/Desktop/prompt/.next/server/pages/category/sub-categories/[subcategories]/promptDetails/[promptSlug].js:1:4355)
    at /home/jay/Desktop/prompt/.next/server/pages/category/sub-categories/[subcategories]/promptDetails/[promptSlug].js:1:4820
    at Wc (/home/jay/Desktop/prompt/node_modules/react-dom/cjs/react-dom-server.browser.production.min.js:68:44)
    at Zc (/home/jay/Desktop/prompt/node_modules/react-dom/cjs/react-dom-server.browser.production.min.js:70:253)
    at Z (/home/jay/Desktop/prompt/node_modules/react-dom/cjs/react-dom-server.browser.production.min.js:76:89)
    at Zc (/home/jay/Desktop/prompt/node_modules/react-dom/cjs/react-dom-server.browser.production.min.js:70:481)
    at Z (/home/jay/Desktop/prompt/node_modules/react-dom/cjs/react-dom-server.browser.production.min.js:76:89)
    at $c (/home/jay/Desktop/prompt/node_modules/react-dom/cjs/react-dom-server.browser.production.min.js:78:98)
    at Zc (/home/jay/Desktop/prompt/node_modules/react-dom/cjs/react-dom-server.browser.production.min.js:71:145)
    at Z (/home/jay/Desktop/prompt/node_modules/react-dom/cjs/react-dom-server.browser.production.min.js:76:89)

Error occurred prerendering page "/category/sub-categories/outdoor/promptDetails/desert-adventure-fashion-poster". Read more: https://nextjs.org/docs/messages/prerender-error

ReferenceError: imageUrl is not defined
    at D (/home/jay/Desktop/prompt/.next/server/pages/category/sub-categories/[subcategories]/promptDetails/[promptSlug].js:1:4355)
    at /home/jay/Desktop/prompt/.next/server/pages/category/sub-categories/[subcategories]/promptDetails/[promptSlug].js:1:4820
    at Wc (/home/jay/Desktop/prompt/node_modules/react-dom/cjs/react-dom-server.browser.production.min.js:68:44)
    at Zc (/home/jay/Desktop/prompt/node_modules/react-dom/cjs/react-dom-server.browser.production.min.js:70:253)
    at Z (/home/jay/Desktop/prompt/node_modules/react-dom/cjs/react-dom-server.browser.production.min.js:76:89)
    at Zc (/home/jay/Desktop/prompt/node_modules/react-dom/cjs/react-dom-server.browser.production.min.js:70:481)
    at Z (/home/jay/Desktop/prompt/node_modules/react-dom/cjs/react-dom-server.browser.production.min.js:76:89)
    at $c (/home/jay/Desktop/prompt/node_modules/react-dom/cjs/react-dom-server.browser.production.min.js:78:98)
    at Zc (/home/jay/Desktop/prompt/node_modules/react-dom/cjs/react-dom-server.browser.production.min.js:71:145)
    at Z (/home/jay/Desktop/prompt/node_modules/react-dom/cjs/react-dom-server.browser.production.min.js:76:89)
[Build Time] Successfully fetched 46 prompts for category 11
[Build Time] Successfully fetched 46 prompts for category 11
[Build Time] Successfully fetched 46 prompts for category 11
ReferenceError: imageUrl is not defined
    at D (/home/jay/Desktop/prompt/.next/server/pages/category/sub-categories/[subcategories]/promptDetails/[promptSlug].js:1:4355)
    at /home/jay/Desktop/prompt/.next/server/pages/category/sub-categories/[subcategories]/promptDetails/[promptSlug].js:1:4820
    at Wc (/home/jay/Desktop/prompt/node_modules/react-dom/cjs/react-dom-server.browser.production.min.js:68:44)
    at Zc (/home/jay/Desktop/prompt/node_modules/react-dom/cjs/react-dom-server.browser.production.min.js:70:253)
    at Z (/home/jay/Desktop/prompt/node_modules/react-dom/cjs/react-dom-server.browser.production.min.js:76:89)
    at Zc (/home/jay/Desktop/prompt/node_modules/react-dom/cjs/react-dom-server.browser.production.min.js:70:481)
    at Z (/home/jay/Desktop/prompt/node_modules/react-dom/cjs/react-dom-server.browser.production.min.js:76:89)
    at $c (/home/jay/Desktop/prompt/node_modules/react-dom/cjs/react-dom-server.browser.production.min.js:78:98)
    at Zc (/home/jay/Desktop/prompt/node_modules/react-dom/cjs/react-dom-server.browser.production.min.js:71:145)
    at Z (/home/jay/Desktop/prompt/node_modules/react-dom/cjs/react-dom-server.browser.production.min.js:76:89)

Error occurred prerendering page "/category/sub-categories/outdoor/promptDetails/rustic-window-cinematic-portrait". Read more: https://nextjs.org/docs/messages/prerender-error

ReferenceError: imageUrl is not defined
    at D (/home/jay/Desktop/prompt/.next/server/pages/category/sub-categories/[subcategories]/promptDetails/[promptSlug].js:1:4355)
    at /home/jay/Desktop/prompt/.next/server/pages/category/sub-categories/[subcategories]/promptDetails/[promptSlug].js:1:4820
    at Wc (/home/jay/Desktop/prompt/node_modules/react-dom/cjs/react-dom-server.browser.production.min.js:68:44)
    at Zc (/home/jay/Desktop/prompt/node_modules/react-dom/cjs/react-dom-server.browser.production.min.js:70:253)
    at Z (/home/jay/Desktop/prompt/node_modules/react-dom/cjs/react-dom-server.browser.production.min.js:76:89)
    at Zc (/home/jay/Desktop/prompt/node_modules/react-dom/cjs/react-dom-server.browser.production.min.js:70:481)
    at Z (/home/jay/Desktop/prompt/node_modules/react-dom/cjs/react-dom-server.browser.production.min.js:76:89)
    at $c (/home/jay/Desktop/prompt/node_modules/react-dom/cjs/react-dom-server.browser.production.min.js:78:98)
    at Zc (/home/jay/Desktop/prompt/node_modules/react-dom/cjs/react-dom-server.browser.production.min.js:71:145)
    at Z (/home/jay/Desktop/prompt/node_modules/react-dom/cjs/react-dom-server.browser.production.min.js:76:89)
ReferenceError: imageUrl is not defined
    at D (/home/jay/Desktop/prompt/.next/server/pages/category/sub-categories/[subcategories]/promptDetails/[promptSlug].js:1:4355)
    at /home/jay/Desktop/prompt/.next/server/pages/category/sub-categories/[subcategories]/promptDetails/[promptSlug].js:1:4820
    at Wc (/home/jay/Desktop/prompt/node_modules/react-dom/cjs/react-dom-server.browser.production.min.js:68:44)
    at Zc (/home/jay/Desktop/prompt/node_modules/react-dom/cjs/react-dom-server.browser.production.min.js:70:253)
    at Z (/home/jay/Desktop/prompt/node_modules/react-dom/cjs/react-dom-server.browser.production.min.js:76:89)
    at Zc (/home/jay/Desktop/prompt/node_modules/react-dom/cjs/react-dom-server.browser.production.min.js:70:481)
    at Z (/home/jay/Desktop/prompt/node_modules/react-dom/cjs/react-dom-server.browser.production.min.js:76:89)
    at $c (/home/jay/Desktop/prompt/node_modules/react-dom/cjs/react-dom-server.browser.production.min.js:78:98)
    at Zc (/home/jay/Desktop/prompt/node_modules/react-dom/cjs/react-dom-server.browser.production.min.js:71:145)
    at Z (/home/jay/Desktop/prompt/node_modules/react-dom/cjs/react-dom-server.browser.production.min.js:76:89)

Error occurred prerendering page "/category/sub-categories/outdoor/promptDetails/golden-hour-street-poster". Read more: https://nextjs.org/docs/messages/prerender-error

ReferenceError: imageUrl is not defined
    at D (/home/jay/Desktop/prompt/.next/server/pages/category/sub-categories/[subcategories]/promptDetails/[promptSlug].js:1:4355)
    at /home/jay/Desktop/prompt/.next/server/pages/category/sub-categories/[subcategories]/promptDetails/[promptSlug].js:1:4820
    at Wc (/home/jay/Desktop/prompt/node_modules/react-dom/cjs/react-dom-server.browser.production.min.js:68:44)
    at Zc (/home/jay/Desktop/prompt/node_modules/react-dom/cjs/react-dom-server.browser.production.min.js:70:253)
    at Z (/home/jay/Desktop/prompt/node_modules/react-dom/cjs/react-dom-server.browser.production.min.js:76:89)
    at Zc (/home/jay/Desktop/prompt/node_modules/react-dom/cjs/react-dom-server.browser.production.min.js:70:481)
    at Z (/home/jay/Desktop/prompt/node_modules/react-dom/cjs/react-dom-server.browser.production.min.js:76:89)
    at $c (/home/jay/Desktop/prompt/node_modules/react-dom/cjs/react-dom-server.browser.production.min.js:78:98)
    at Zc (/home/jay/Desktop/prompt/node_modules/react-dom/cjs/react-dom-server.browser.production.min.js:71:145)
    at Z (/home/jay/Desktop/prompt/node_modules/react-dom/cjs/react-dom-server.browser.production.min.js:76:89)
ReferenceError: imageUrl is not defined
    at D (/home/jay/Desktop/prompt/.next/server/pages/category/sub-categories/[subcategories]/promptDetails/[promptSlug].js:1:4355)
    at /home/jay/Desktop/prompt/.next/server/pages/category/sub-categories/[subcategories]/promptDetails/[promptSlug].js:1:4820
    at Wc (/home/jay/Desktop/prompt/node_modules/react-dom/cjs/react-dom-server.browser.production.min.js:68:44)
    at Zc (/home/jay/Desktop/prompt/node_modules/react-dom/cjs/react-dom-server.browser.production.min.js:70:253)
    at Z (/home/jay/Desktop/prompt/node_modules/react-dom/cjs/react-dom-server.browser.production.min.js:76:89)
    at Zc (/home/jay/Desktop/prompt/node_modules/react-dom/cjs/react-dom-server.browser.production.min.js:70:481)
    at Z (/home/jay/Desktop/prompt/node_modules/react-dom/cjs/react-dom-server.browser.production.min.js:76:89)
    at $c (/home/jay/Desktop/prompt/node_modules/react-dom/cjs/react-dom-server.browser.production.min.js:78:98)
    at Zc (/home/jay/Desktop/prompt/node_modules/react-dom/cjs/react-dom-server.browser.production.min.js:71:145)
    at Z (/home/jay/Desktop/prompt/node_modules/react-dom/cjs/react-dom-server.browser.production.min.js:76:89)

Error occurred prerendering page "/category/sub-categories/outdoor/promptDetails/airport-cinematic-portrait". Read more: https://nextjs.org/docs/messages/prerender-error

ReferenceError: imageUrl is not defined
    at D (/home/jay/Desktop/prompt/.next/server/pages/category/sub-categories/[subcategories]/promptDetails/[promptSlug].js:1:4355)
    at /home/jay/Desktop/prompt/.next/server/pages/category/sub-categories/[subcategories]/promptDetails/[promptSlug].js:1:4820
    at Wc (/home/jay/Desktop/prompt/node_modules/react-dom/cjs/react-dom-server.browser.production.min.js:68:44)
    at Zc (/home/jay/Desktop/prompt/node_modules/react-dom/cjs/react-dom-server.browser.production.min.js:70:253)
    at Z (/home/jay/Desktop/prompt/node_modules/react-dom/cjs/react-dom-server.browser.production.min.js:76:89)
    at Zc (/home/jay/Desktop/prompt/node_modules/react-dom/cjs/react-dom-server.browser.production.min.js:70:481)
    at Z (/home/jay/Desktop/prompt/node_modules/react-dom/cjs/react-dom-server.browser.production.min.js:76:89)
    at $c (/home/jay/Desktop/prompt/node_modules/react-dom/cjs/react-dom-server.browser.production.min.js:78:98)
    at Zc (/home/jay/Desktop/prompt/node_modules/react-dom/cjs/react-dom-server.browser.production.min.js:71:145)
    at Z (/home/jay/Desktop/prompt/node_modules/react-dom/cjs/react-dom-server.browser.production.min.js:76:89)
[Build Time] Fetching all categories from: https://admin.promptland.in/api/get_categories
[Build Time] Successfully fetched 29 categories
[Build Time] Fetching prompts for category 6, subcategory none
[Build Time] Successfully fetched 29 categories
[Build Time] Fetching prompts for category 11, subcategory none
[Build Time] Successfully fetched 29 categories
[Build Time] Fetching prompts for category 6, subcategory none
[Build Time] Fetching all categories from: https://admin.promptland.in/api/get_categories
[Build Time] Fetching all categories from: https://admin.promptland.in/api/get_categories
[Build Time] Fetching all categories from: https://admin.promptland.in/api/get_categories
[Build Time] Successfully fetched 29 categories
[Build Time] Fetching prompts for category 6, subcategory none
[Build Time] Successfully fetched 36 prompts for category 6
[Build Time] Successfully fetched 29 categories
[Build Time] Fetching prompts for category 6, subcategory none
[Build Time] Successfully fetched 29 categories
[Build Time] Fetching prompts for category 6, subcategory none
[Build Time] Successfully fetched 29 categories
[Build Time] Fetching prompts for category 6, subcategory none
[Build Time] Successfully fetched 46 prompts for category 11
[Build Time] Successfully fetched 36 prompts for category 6
ReferenceError: imageUrl is not defined
    at D (/home/jay/Desktop/prompt/.next/server/pages/category/sub-categories/[subcategories]/promptDetails/[promptSlug].js:1:4355)
    at /home/jay/Desktop/prompt/.next/server/pages/category/sub-categories/[subcategories]/promptDetails/[promptSlug].js:1:4820
    at Wc (/home/jay/Desktop/prompt/node_modules/react-dom/cjs/react-dom-server.browser.production.min.js:68:44)
    at Zc (/home/jay/Desktop/prompt/node_modules/react-dom/cjs/react-dom-server.browser.production.min.js:70:253)
    at Z (/home/jay/Desktop/prompt/node_modules/react-dom/cjs/react-dom-server.browser.production.min.js:76:89)
    at Zc (/home/jay/Desktop/prompt/node_modules/react-dom/cjs/react-dom-server.browser.production.min.js:70:481)
    at Z (/home/jay/Desktop/prompt/node_modules/react-dom/cjs/react-dom-server.browser.production.min.js:76:89)
    at $c (/home/jay/Desktop/prompt/node_modules/react-dom/cjs/react-dom-server.browser.production.min.js:78:98)
    at Zc (/home/jay/Desktop/prompt/node_modules/react-dom/cjs/react-dom-server.browser.production.min.js:71:145)
    at Z (/home/jay/Desktop/prompt/node_modules/react-dom/cjs/react-dom-server.browser.production.min.js:76:89)

Error occurred prerendering page "/category/sub-categories/outdoor/promptDetails/dark-suit-with-wolf-portrait". Read more: https://nextjs.org/docs/messages/prerender-error

ReferenceError: imageUrl is not defined
    at D (/home/jay/Desktop/prompt/.next/server/pages/category/sub-categories/[subcategories]/promptDetails/[promptSlug].js:1:4355)
    at /home/jay/Desktop/prompt/.next/server/pages/category/sub-categories/[subcategories]/promptDetails/[promptSlug].js:1:4820
    at Wc (/home/jay/Desktop/prompt/node_modules/react-dom/cjs/react-dom-server.browser.production.min.js:68:44)
    at Zc (/home/jay/Desktop/prompt/node_modules/react-dom/cjs/react-dom-server.browser.production.min.js:70:253)
    at Z (/home/jay/Desktop/prompt/node_modules/react-dom/cjs/react-dom-server.browser.production.min.js:76:89)
    at Zc (/home/jay/Desktop/prompt/node_modules/react-dom/cjs/react-dom-server.browser.production.min.js:70:481)
    at Z (/home/jay/Desktop/prompt/node_modules/react-dom/cjs/react-dom-server.browser.production.min.js:76:89)
    at $c (/home/jay/Desktop/prompt/node_modules/react-dom/cjs/react-dom-server.browser.production.min.js:78:98)
    at Zc (/home/jay/Desktop/prompt/node_modules/react-dom/cjs/react-dom-server.browser.production.min.js:71:145)
    at Z (/home/jay/Desktop/prompt/node_modules/react-dom/cjs/react-dom-server.browser.production.min.js:76:89)
ReferenceError: imageUrl is not defined
    at D (/home/jay/Desktop/prompt/.next/server/pages/category/sub-categories/[subcategories]/promptDetails/[promptSlug].js:1:4355)
    at /home/jay/Desktop/prompt/.next/server/pages/category/sub-categories/[subcategories]/promptDetails/[promptSlug].js:1:4820
    at Wc (/home/jay/Desktop/prompt/node_modules/react-dom/cjs/react-dom-server.browser.production.min.js:68:44)
    at Zc (/home/jay/Desktop/prompt/node_modules/react-dom/cjs/react-dom-server.browser.production.min.js:70:253)
    at Z (/home/jay/Desktop/prompt/node_modules/react-dom/cjs/react-dom-server.browser.production.min.js:76:89)
    at Zc (/home/jay/Desktop/prompt/node_modules/react-dom/cjs/react-dom-server.browser.production.min.js:70:481)
    at Z (/home/jay/Desktop/prompt/node_modules/react-dom/cjs/react-dom-server.browser.production.min.js:76:89)
    at $c (/home/jay/Desktop/prompt/node_modules/react-dom/cjs/react-dom-server.browser.production.min.js:78:98)
    at Zc (/home/jay/Desktop/prompt/node_modules/react-dom/cjs/react-dom-server.browser.production.min.js:71:145)
    at Z (/home/jay/Desktop/prompt/node_modules/react-dom/cjs/react-dom-server.browser.production.min.js:76:89)

Error occurred prerendering page "/category/sub-categories/birthday/promptDetails/opulent-golden-ballroom-luxury-milestone-celebration". Read more: https://nextjs.org/docs/messages/prerender-error

ReferenceError: imageUrl is not defined
    at D (/home/jay/Desktop/prompt/.next/server/pages/category/sub-categories/[subcategories]/promptDetails/[promptSlug].js:1:4355)
    at /home/jay/Desktop/prompt/.next/server/pages/category/sub-categories/[subcategories]/promptDetails/[promptSlug].js:1:4820
    at Wc (/home/jay/Desktop/prompt/node_modules/react-dom/cjs/react-dom-server.browser.production.min.js:68:44)
    at Zc (/home/jay/Desktop/prompt/node_modules/react-dom/cjs/react-dom-server.browser.production.min.js:70:253)
    at Z (/home/jay/Desktop/prompt/node_modules/react-dom/cjs/react-dom-server.browser.production.min.js:76:89)
    at Zc (/home/jay/Desktop/prompt/node_modules/react-dom/cjs/react-dom-server.browser.production.min.js:70:481)
    at Z (/home/jay/Desktop/prompt/node_modules/react-dom/cjs/react-dom-server.browser.production.min.js:76:89)
    at $c (/home/jay/Desktop/prompt/node_modules/react-dom/cjs/react-dom-server.browser.production.min.js:78:98)
    at Zc (/home/jay/Desktop/prompt/node_modules/react-dom/cjs/react-dom-server.browser.production.min.js:71:145)
    at Z (/home/jay/Desktop/prompt/node_modules/react-dom/cjs/react-dom-server.browser.production.min.js:76:89)
[Build Time] Successfully fetched 36 prompts for category 6
ReferenceError: imageUrl is not defined
    at D (/home/jay/Desktop/prompt/.next/server/pages/category/sub-categories/[subcategories]/promptDetails/[promptSlug].js:1:4355)
    at /home/jay/Desktop/prompt/.next/server/pages/category/sub-categories/[subcategories]/promptDetails/[promptSlug].js:1:4820
    at Wc (/home/jay/Desktop/prompt/node_modules/react-dom/cjs/react-dom-server.browser.production.min.js:68:44)
    at Zc (/home/jay/Desktop/prompt/node_modules/react-dom/cjs/react-dom-server.browser.production.min.js:70:253)
    at Z (/home/jay/Desktop/prompt/node_modules/react-dom/cjs/react-dom-server.browser.production.min.js:76:89)
    at Zc (/home/jay/Desktop/prompt/node_modules/react-dom/cjs/react-dom-server.browser.production.min.js:70:481)
    at Z (/home/jay/Desktop/prompt/node_modules/react-dom/cjs/react-dom-server.browser.production.min.js:76:89)
    at $c (/home/jay/Desktop/prompt/node_modules/react-dom/cjs/react-dom-server.browser.production.min.js:78:98)
    at Zc (/home/jay/Desktop/prompt/node_modules/react-dom/cjs/react-dom-server.browser.production.min.js:71:145)
    at Z (/home/jay/Desktop/prompt/node_modules/react-dom/cjs/react-dom-server.browser.production.min.js:76:89)

Error occurred prerendering page "/category/sub-categories/birthday/promptDetails/pastel-dream-garden-soft-whimsical-birthday-celebration". Read more: https://nextjs.org/docs/messages/prerender-error

ReferenceError: imageUrl is not defined
    at D (/home/jay/Desktop/prompt/.next/server/pages/category/sub-categories/[subcategories]/promptDetails/[promptSlug].js:1:4355)
    at /home/jay/Desktop/prompt/.next/server/pages/category/sub-categories/[subcategories]/promptDetails/[promptSlug].js:1:4820
    at Wc (/home/jay/Desktop/prompt/node_modules/react-dom/cjs/react-dom-server.browser.production.min.js:68:44)
    at Zc (/home/jay/Desktop/prompt/node_modules/react-dom/cjs/react-dom-server.browser.production.min.js:70:253)
    at Z (/home/jay/Desktop/prompt/node_modules/react-dom/cjs/react-dom-server.browser.production.min.js:76:89)
    at Zc (/home/jay/Desktop/prompt/node_modules/react-dom/cjs/react-dom-server.browser.production.min.js:70:481)
    at Z (/home/jay/Desktop/prompt/node_modules/react-dom/cjs/react-dom-server.browser.production.min.js:76:89)
    at $c (/home/jay/Desktop/prompt/node_modules/react-dom/cjs/react-dom-server.browser.production.min.js:78:98)
    at Zc (/home/jay/Desktop/prompt/node_modules/react-dom/cjs/react-dom-server.browser.production.min.js:71:145)
    at Z (/home/jay/Desktop/prompt/node_modules/react-dom/cjs/react-dom-server.browser.production.min.js:76:89)
ReferenceError: imageUrl is not defined
    at D (/home/jay/Desktop/prompt/.next/server/pages/category/sub-categories/[subcategories]/promptDetails/[promptSlug].js:1:4355)
    at /home/jay/Desktop/prompt/.next/server/pages/category/sub-categories/[subcategories]/promptDetails/[promptSlug].js:1:4820
    at Wc (/home/jay/Desktop/prompt/node_modules/react-dom/cjs/react-dom-server.browser.production.min.js:68:44)
    at Zc (/home/jay/Desktop/prompt/node_modules/react-dom/cjs/react-dom-server.browser.production.min.js:70:253)
    at Z (/home/jay/Desktop/prompt/node_modules/react-dom/cjs/react-dom-server.browser.production.min.js:76:89)
    at Zc (/home/jay/Desktop/prompt/node_modules/react-dom/cjs/react-dom-server.browser.production.min.js:70:481)
    at Z (/home/jay/Desktop/prompt/node_modules/react-dom/cjs/react-dom-server.browser.production.min.js:76:89)
    at $c (/home/jay/Desktop/prompt/node_modules/react-dom/cjs/react-dom-server.browser.production.min.js:78:98)
    at Zc (/home/jay/Desktop/prompt/node_modules/react-dom/cjs/react-dom-server.browser.production.min.js:71:145)
    at Z (/home/jay/Desktop/prompt/node_modules/react-dom/cjs/react-dom-server.browser.production.min.js:76:89)

Error occurred prerendering page "/category/sub-categories/birthday/promptDetails/artistic-watercolor-whimsical-painted-celebration". Read more: https://nextjs.org/docs/messages/prerender-error

ReferenceError: imageUrl is not defined
    at D (/home/jay/Desktop/prompt/.next/server/pages/category/sub-categories/[subcategories]/promptDetails/[promptSlug].js:1:4355)
    at /home/jay/Desktop/prompt/.next/server/pages/category/sub-categories/[subcategories]/promptDetails/[promptSlug].js:1:4820
    at Wc (/home/jay/Desktop/prompt/node_modules/react-dom/cjs/react-dom-server.browser.production.min.js:68:44)
    at Zc (/home/jay/Desktop/prompt/node_modules/react-dom/cjs/react-dom-server.browser.production.min.js:70:253)
    at Z (/home/jay/Desktop/prompt/node_modules/react-dom/cjs/react-dom-server.browser.production.min.js:76:89)
    at Zc (/home/jay/Desktop/prompt/node_modules/react-dom/cjs/react-dom-server.browser.production.min.js:70:481)
    at Z (/home/jay/Desktop/prompt/node_modules/react-dom/cjs/react-dom-server.browser.production.min.js:76:89)
    at $c (/home/jay/Desktop/prompt/node_modules/react-dom/cjs/react-dom-server.browser.production.min.js:78:98)
    at Zc (/home/jay/Desktop/prompt/node_modules/react-dom/cjs/react-dom-server.browser.production.min.js:71:145)
    at Z (/home/jay/Desktop/prompt/node_modules/react-dom/cjs/react-dom-server.browser.production.min.js:76:89)
[Build Time] Successfully fetched 36 prompts for category 6
[Build Time] Successfully fetched 36 prompts for category 6
[Build Time] Successfully fetched 36 prompts for category 6
ReferenceError: imageUrl is not defined
    at D (/home/jay/Desktop/prompt/.next/server/pages/category/sub-categories/[subcategories]/promptDetails/[promptSlug].js:1:4355)
    at /home/jay/Desktop/prompt/.next/server/pages/category/sub-categories/[subcategories]/promptDetails/[promptSlug].js:1:4820
    at Wc (/home/jay/Desktop/prompt/node_modules/react-dom/cjs/react-dom-server.browser.production.min.js:68:44)
    at Zc (/home/jay/Desktop/prompt/node_modules/react-dom/cjs/react-dom-server.browser.production.min.js:70:253)
    at Z (/home/jay/Desktop/prompt/node_modules/react-dom/cjs/react-dom-server.browser.production.min.js:76:89)
    at Zc (/home/jay/Desktop/prompt/node_modules/react-dom/cjs/react-dom-server.browser.production.min.js:70:481)
    at Z (/home/jay/Desktop/prompt/node_modules/react-dom/cjs/react-dom-server.browser.production.min.js:76:89)
    at $c (/home/jay/Desktop/prompt/node_modules/react-dom/cjs/react-dom-server.browser.production.min.js:78:98)
    at Zc (/home/jay/Desktop/prompt/node_modules/react-dom/cjs/react-dom-server.browser.production.min.js:71:145)
    at Z (/home/jay/Desktop/prompt/node_modules/react-dom/cjs/react-dom-server.browser.production.min.js:76:89)

Error occurred prerendering page "/category/sub-categories/birthday/promptDetails/cyberpunk-holographic-futuristic-digital-avatar". Read more: https://nextjs.org/docs/messages/prerender-error

ReferenceError: imageUrl is not defined
    at D (/home/jay/Desktop/prompt/.next/server/pages/category/sub-categories/[subcategories]/promptDetails/[promptSlug].js:1:4355)
    at /home/jay/Desktop/prompt/.next/server/pages/category/sub-categories/[subcategories]/promptDetails/[promptSlug].js:1:4820
    at Wc (/home/jay/Desktop/prompt/node_modules/react-dom/cjs/react-dom-server.browser.production.min.js:68:44)
    at Zc (/home/jay/Desktop/prompt/node_modules/react-dom/cjs/react-dom-server.browser.production.min.js:70:253)
    at Z (/home/jay/Desktop/prompt/node_modules/react-dom/cjs/react-dom-server.browser.production.min.js:76:89)
    at Zc (/home/jay/Desktop/prompt/node_modules/react-dom/cjs/react-dom-server.browser.production.min.js:70:481)
    at Z (/home/jay/Desktop/prompt/node_modules/react-dom/cjs/react-dom-server.browser.production.min.js:76:89)
    at $c (/home/jay/Desktop/prompt/node_modules/react-dom/cjs/react-dom-server.browser.production.min.js:78:98)
    at Zc (/home/jay/Desktop/prompt/node_modules/react-dom/cjs/react-dom-server.browser.production.min.js:71:145)
    at Z (/home/jay/Desktop/prompt/node_modules/react-dom/cjs/react-dom-server.browser.production.min.js:76:89)
ReferenceError: imageUrl is not defined
    at D (/home/jay/Desktop/prompt/.next/server/pages/category/sub-categories/[subcategories]/promptDetails/[promptSlug].js:1:4355)
    at /home/jay/Desktop/prompt/.next/server/pages/category/sub-categories/[subcategories]/promptDetails/[promptSlug].js:1:4820
    at Wc (/home/jay/Desktop/prompt/node_modules/react-dom/cjs/react-dom-server.browser.production.min.js:68:44)
    at Zc (/home/jay/Desktop/prompt/node_modules/react-dom/cjs/react-dom-server.browser.production.min.js:70:253)
    at Z (/home/jay/Desktop/prompt/node_modules/react-dom/cjs/react-dom-server.browser.production.min.js:76:89)
    at Zc (/home/jay/Desktop/prompt/node_modules/react-dom/cjs/react-dom-server.browser.production.min.js:70:481)
    at Z (/home/jay/Desktop/prompt/node_modules/react-dom/cjs/react-dom-server.browser.production.min.js:76:89)
    at $c (/home/jay/Desktop/prompt/node_modules/react-dom/cjs/react-dom-server.browser.production.min.js:78:98)
    at Zc (/home/jay/Desktop/prompt/node_modules/react-dom/cjs/react-dom-server.browser.production.min.js:71:145)
    at Z (/home/jay/Desktop/prompt/node_modules/react-dom/cjs/react-dom-server.browser.production.min.js:76:89)

Error occurred prerendering page "/category/sub-categories/birthday/promptDetails/vintage-film-noir-retro-classic-celebration". Read more: https://nextjs.org/docs/messages/prerender-error

ReferenceError: imageUrl is not defined
    at D (/home/jay/Desktop/prompt/.next/server/pages/category/sub-categories/[subcategories]/promptDetails/[promptSlug].js:1:4355)
    at /home/jay/Desktop/prompt/.next/server/pages/category/sub-categories/[subcategories]/promptDetails/[promptSlug].js:1:4820
    at Wc (/home/jay/Desktop/prompt/node_modules/react-dom/cjs/react-dom-server.browser.production.min.js:68:44)
    at Zc (/home/jay/Desktop/prompt/node_modules/react-dom/cjs/react-dom-server.browser.production.min.js:70:253)
    at Z (/home/jay/Desktop/prompt/node_modules/react-dom/cjs/react-dom-server.browser.production.min.js:76:89)
    at Zc (/home/jay/Desktop/prompt/node_modules/react-dom/cjs/react-dom-server.browser.production.min.js:70:481)
    at Z (/home/jay/Desktop/prompt/node_modules/react-dom/cjs/react-dom-server.browser.production.min.js:76:89)
    at $c (/home/jay/Desktop/prompt/node_modules/react-dom/cjs/react-dom-server.browser.production.min.js:78:98)
    at Zc (/home/jay/Desktop/prompt/node_modules/react-dom/cjs/react-dom-server.browser.production.min.js:71:145)
    at Z (/home/jay/Desktop/prompt/node_modules/react-dom/cjs/react-dom-server.browser.production.min.js:76:89)
ReferenceError: imageUrl is not defined
    at D (/home/jay/Desktop/prompt/.next/server/pages/category/sub-categories/[subcategories]/promptDetails/[promptSlug].js:1:4355)
    at /home/jay/Desktop/prompt/.next/server/pages/category/sub-categories/[subcategories]/promptDetails/[promptSlug].js:1:4820
    at Wc (/home/jay/Desktop/prompt/node_modules/react-dom/cjs/react-dom-server.browser.production.min.js:68:44)
    at Zc (/home/jay/Desktop/prompt/node_modules/react-dom/cjs/react-dom-server.browser.production.min.js:70:253)
    at Z (/home/jay/Desktop/prompt/node_modules/react-dom/cjs/react-dom-server.browser.production.min.js:76:89)
    at Zc (/home/jay/Desktop/prompt/node_modules/react-dom/cjs/react-dom-server.browser.production.min.js:70:481)
    at Z (/home/jay/Desktop/prompt/node_modules/react-dom/cjs/react-dom-server.browser.production.min.js:76:89)
    at $c (/home/jay/Desktop/prompt/node_modules/react-dom/cjs/react-dom-server.browser.production.min.js:78:98)
    at Zc (/home/jay/Desktop/prompt/node_modules/react-dom/cjs/react-dom-server.browser.production.min.js:71:145)
    at Z (/home/jay/Desktop/prompt/node_modules/react-dom/cjs/react-dom-server.browser.production.min.js:76:89)

Error occurred prerendering page "/category/sub-categories/birthday/promptDetails/sophisticated-monochromatic-black-and-white-aesthetic". Read more: https://nextjs.org/docs/messages/prerender-error

ReferenceError: imageUrl is not defined
    at D (/home/jay/Desktop/prompt/.next/server/pages/category/sub-categories/[subcategories]/promptDetails/[promptSlug].js:1:4355)
    at /home/jay/Desktop/prompt/.next/server/pages/category/sub-categories/[subcategories]/promptDetails/[promptSlug].js:1:4820
    at Wc (/home/jay/Desktop/prompt/node_modules/react-dom/cjs/react-dom-server.browser.production.min.js:68:44)
    at Zc (/home/jay/Desktop/prompt/node_modules/react-dom/cjs/react-dom-server.browser.production.min.js:70:253)
    at Z (/home/jay/Desktop/prompt/node_modules/react-dom/cjs/react-dom-server.browser.production.min.js:76:89)
    at Zc (/home/jay/Desktop/prompt/node_modules/react-dom/cjs/react-dom-server.browser.production.min.js:70:481)
    at Z (/home/jay/Desktop/prompt/node_modules/react-dom/cjs/react-dom-server.browser.production.min.js:76:89)
    at $c (/home/jay/Desktop/prompt/node_modules/react-dom/cjs/react-dom-server.browser.production.min.js:78:98)
    at Zc (/home/jay/Desktop/prompt/node_modules/react-dom/cjs/react-dom-server.browser.production.min.js:71:145)
    at Z (/home/jay/Desktop/prompt/node_modules/react-dom/cjs/react-dom-server.browser.production.min.js:76:89)
[Build Time] Fetching all categories from: https://admin.promptland.in/api/get_categories
[Build Time] Successfully fetched 29 categories
[Build Time] Fetching prompts for category 6, subcategory none
[Build Time] Fetching all categories from: https://admin.promptland.in/api/get_categories
[Build Time] Successfully fetched 29 categories
[Build Time] Fetching prompts for category 6, subcategory none
[Build Time] Fetching all categories from: https://admin.promptland.in/api/get_categories
[Build Time] Successfully fetched 29 categories
[Build Time] Fetching prompts for category 6, subcategory none
[Build Time] Fetching all categories from: https://admin.promptland.in/api/get_categories
[Build Time] Successfully fetched 29 categories
[Build Time] Fetching prompts for category 6, subcategory none
[Build Time] Fetching all categories from: https://admin.promptland.in/api/get_categories
[Build Time] Fetching all categories from: https://admin.promptland.in/api/get_categories
[Build Time] Fetching all categories from: https://admin.promptland.in/api/get_categories
[Build Time] Successfully fetched 29 categories
[Build Time] Fetching prompts for category 6, subcategory none
[Build Time] Successfully fetched 29 categories
[Build Time] Fetching prompts for category 6, subcategory none
[Build Time] Successfully fetched 29 categories
[Build Time] Fetching prompts for category 6, subcategory none
[Build Time] Successfully fetched 36 prompts for category 6
ReferenceError: imageUrl is not defined
    at D (/home/jay/Desktop/prompt/.next/server/pages/category/sub-categories/[subcategories]/promptDetails/[promptSlug].js:1:4355)
    at /home/jay/Desktop/prompt/.next/server/pages/category/sub-categories/[subcategories]/promptDetails/[promptSlug].js:1:4820
    at Wc (/home/jay/Desktop/prompt/node_modules/react-dom/cjs/react-dom-server.browser.production.min.js:68:44)
    at Zc (/home/jay/Desktop/prompt/node_modules/react-dom/cjs/react-dom-server.browser.production.min.js:70:253)
    at Z (/home/jay/Desktop/prompt/node_modules/react-dom/cjs/react-dom-server.browser.production.min.js:76:89)
    at Zc (/home/jay/Desktop/prompt/node_modules/react-dom/cjs/react-dom-server.browser.production.min.js:70:481)
    at Z (/home/jay/Desktop/prompt/node_modules/react-dom/cjs/react-dom-server.browser.production.min.js:76:89)
    at $c (/home/jay/Desktop/prompt/node_modules/react-dom/cjs/react-dom-server.browser.production.min.js:78:98)
    at Zc (/home/jay/Desktop/prompt/node_modules/react-dom/cjs/react-dom-server.browser.production.min.js:71:145)
    at Z (/home/jay/Desktop/prompt/node_modules/react-dom/cjs/react-dom-server.browser.production.min.js:76:89)

Error occurred prerendering page "/category/sub-categories/birthday/promptDetails/moody-red-29th-profile". Read more: https://nextjs.org/docs/messages/prerender-error

ReferenceError: imageUrl is not defined
    at D (/home/jay/Desktop/prompt/.next/server/pages/category/sub-categories/[subcategories]/promptDetails/[promptSlug].js:1:4355)
    at /home/jay/Desktop/prompt/.next/server/pages/category/sub-categories/[subcategories]/promptDetails/[promptSlug].js:1:4820
    at Wc (/home/jay/Desktop/prompt/node_modules/react-dom/cjs/react-dom-server.browser.production.min.js:68:44)
    at Zc (/home/jay/Desktop/prompt/node_modules/react-dom/cjs/react-dom-server.browser.production.min.js:70:253)
    at Z (/home/jay/Desktop/prompt/node_modules/react-dom/cjs/react-dom-server.browser.production.min.js:76:89)
    at Zc (/home/jay/Desktop/prompt/node_modules/react-dom/cjs/react-dom-server.browser.production.min.js:70:481)
    at Z (/home/jay/Desktop/prompt/node_modules/react-dom/cjs/react-dom-server.browser.production.min.js:76:89)
    at $c (/home/jay/Desktop/prompt/node_modules/react-dom/cjs/react-dom-server.browser.production.min.js:78:98)
    at Zc (/home/jay/Desktop/prompt/node_modules/react-dom/cjs/react-dom-server.browser.production.min.js:71:145)
    at Z (/home/jay/Desktop/prompt/node_modules/react-dom/cjs/react-dom-server.browser.production.min.js:76:89)
[Build Time] Successfully fetched 36 prompts for category 6
ReferenceError: imageUrl is not defined
    at D (/home/jay/Desktop/prompt/.next/server/pages/category/sub-categories/[subcategories]/promptDetails/[promptSlug].js:1:4355)
    at /home/jay/Desktop/prompt/.next/server/pages/category/sub-categories/[subcategories]/promptDetails/[promptSlug].js:1:4820
    at Wc (/home/jay/Desktop/prompt/node_modules/react-dom/cjs/react-dom-server.browser.production.min.js:68:44)
    at Zc (/home/jay/Desktop/prompt/node_modules/react-dom/cjs/react-dom-server.browser.production.min.js:70:253)
    at Z (/home/jay/Desktop/prompt/node_modules/react-dom/cjs/react-dom-server.browser.production.min.js:76:89)
    at Zc (/home/jay/Desktop/prompt/node_modules/react-dom/cjs/react-dom-server.browser.production.min.js:70:481)
    at Z (/home/jay/Desktop/prompt/node_modules/react-dom/cjs/react-dom-server.browser.production.min.js:76:89)
    at $c (/home/jay/Desktop/prompt/node_modules/react-dom/cjs/react-dom-server.browser.production.min.js:78:98)
    at Zc (/home/jay/Desktop/prompt/node_modules/react-dom/cjs/react-dom-server.browser.production.min.js:71:145)
    at Z (/home/jay/Desktop/prompt/node_modules/react-dom/cjs/react-dom-server.browser.production.min.js:76:89)

Error occurred prerendering page "/category/sub-categories/birthday/promptDetails/dramatic-spotlight-birthday". Read more: https://nextjs.org/docs/messages/prerender-error

ReferenceError: imageUrl is not defined
    at D (/home/jay/Desktop/prompt/.next/server/pages/category/sub-categories/[subcategories]/promptDetails/[promptSlug].js:1:4355)
    at /home/jay/Desktop/prompt/.next/server/pages/category/sub-categories/[subcategories]/promptDetails/[promptSlug].js:1:4820
    at Wc (/home/jay/Desktop/prompt/node_modules/react-dom/cjs/react-dom-server.browser.production.min.js:68:44)
    at Zc (/home/jay/Desktop/prompt/node_modules/react-dom/cjs/react-dom-server.browser.production.min.js:70:253)
    at Z (/home/jay/Desktop/prompt/node_modules/react-dom/cjs/react-dom-server.browser.production.min.js:76:89)
    at Zc (/home/jay/Desktop/prompt/node_modules/react-dom/cjs/react-dom-server.browser.production.min.js:70:481)
    at Z (/home/jay/Desktop/prompt/node_modules/react-dom/cjs/react-dom-server.browser.production.min.js:76:89)
    at $c (/home/jay/Desktop/prompt/node_modules/react-dom/cjs/react-dom-server.browser.production.min.js:78:98)
    at Zc (/home/jay/Desktop/prompt/node_modules/react-dom/cjs/react-dom-server.browser.production.min.js:71:145)
    at Z (/home/jay/Desktop/prompt/node_modules/react-dom/cjs/react-dom-server.browser.production.min.js:76:89)
[Build Time] Fetching all categories from: https://admin.promptland.in/api/get_categories
[Build Time] Successfully fetched 36 prompts for category 6
ReferenceError: imageUrl is not defined
    at D (/home/jay/Desktop/prompt/.next/server/pages/category/sub-categories/[subcategories]/promptDetails/[promptSlug].js:1:4355)
    at /home/jay/Desktop/prompt/.next/server/pages/category/sub-categories/[subcategories]/promptDetails/[promptSlug].js:1:4820
    at Wc (/home/jay/Desktop/prompt/node_modules/react-dom/cjs/react-dom-server.browser.production.min.js:68:44)
    at Zc (/home/jay/Desktop/prompt/node_modules/react-dom/cjs/react-dom-server.browser.production.min.js:70:253)
    at Z (/home/jay/Desktop/prompt/node_modules/react-dom/cjs/react-dom-server.browser.production.min.js:76:89)
    at Zc (/home/jay/Desktop/prompt/node_modules/react-dom/cjs/react-dom-server.browser.production.min.js:70:481)
    at Z (/home/jay/Desktop/prompt/node_modules/react-dom/cjs/react-dom-server.browser.production.min.js:76:89)
    at $c (/home/jay/Desktop/prompt/node_modules/react-dom/cjs/react-dom-server.browser.production.min.js:78:98)
    at Zc (/home/jay/Desktop/prompt/node_modules/react-dom/cjs/react-dom-server.browser.production.min.js:71:145)
    at Z (/home/jay/Desktop/prompt/node_modules/react-dom/cjs/react-dom-server.browser.production.min.js:76:89)

Error occurred prerendering page "/category/sub-categories/birthday/promptDetails/monochrome-birthday-cool-age-adjustable". Read more: https://nextjs.org/docs/messages/prerender-error

ReferenceError: imageUrl is not defined
    at D (/home/jay/Desktop/prompt/.next/server/pages/category/sub-categories/[subcategories]/promptDetails/[promptSlug].js:1:4355)
    at /home/jay/Desktop/prompt/.next/server/pages/category/sub-categories/[subcategories]/promptDetails/[promptSlug].js:1:4820
    at Wc (/home/jay/Desktop/prompt/node_modules/react-dom/cjs/react-dom-server.browser.production.min.js:68:44)
    at Zc (/home/jay/Desktop/prompt/node_modules/react-dom/cjs/react-dom-server.browser.production.min.js:70:253)
    at Z (/home/jay/Desktop/prompt/node_modules/react-dom/cjs/react-dom-server.browser.production.min.js:76:89)
    at Zc (/home/jay/Desktop/prompt/node_modules/react-dom/cjs/react-dom-server.browser.production.min.js:70:481)
    at Z (/home/jay/Desktop/prompt/node_modules/react-dom/cjs/react-dom-server.browser.production.min.js:76:89)
    at $c (/home/jay/Desktop/prompt/node_modules/react-dom/cjs/react-dom-server.browser.production.min.js:78:98)
    at Zc (/home/jay/Desktop/prompt/node_modules/react-dom/cjs/react-dom-server.browser.production.min.js:71:145)
    at Z (/home/jay/Desktop/prompt/node_modules/react-dom/cjs/react-dom-server.browser.production.min.js:76:89)
[Build Time] Successfully fetched 36 prompts for category 6
ReferenceError: imageUrl is not defined
    at D (/home/jay/Desktop/prompt/.next/server/pages/category/sub-categories/[subcategories]/promptDetails/[promptSlug].js:1:4355)
    at /home/jay/Desktop/prompt/.next/server/pages/category/sub-categories/[subcategories]/promptDetails/[promptSlug].js:1:4820
    at Wc (/home/jay/Desktop/prompt/node_modules/react-dom/cjs/react-dom-server.browser.production.min.js:68:44)
    at Zc (/home/jay/Desktop/prompt/node_modules/react-dom/cjs/react-dom-server.browser.production.min.js:70:253)
    at Z (/home/jay/Desktop/prompt/node_modules/react-dom/cjs/react-dom-server.browser.production.min.js:76:89)
    at Zc (/home/jay/Desktop/prompt/node_modules/react-dom/cjs/react-dom-server.browser.production.min.js:70:481)
    at Z (/home/jay/Desktop/prompt/node_modules/react-dom/cjs/react-dom-server.browser.production.min.js:76:89)
    at $c (/home/jay/Desktop/prompt/node_modules/react-dom/cjs/react-dom-server.browser.production.min.js:78:98)
    at Zc (/home/jay/Desktop/prompt/node_modules/react-dom/cjs/react-dom-server.browser.production.min.js:71:145)
    at Z (/home/jay/Desktop/prompt/node_modules/react-dom/cjs/react-dom-server.browser.production.min.js:76:89)

Error occurred prerendering page "/category/sub-categories/birthday/promptDetails/glamour-flash-birthday". Read more: https://nextjs.org/docs/messages/prerender-error

ReferenceError: imageUrl is not defined
    at D (/home/jay/Desktop/prompt/.next/server/pages/category/sub-categories/[subcategories]/promptDetails/[promptSlug].js:1:4355)
    at /home/jay/Desktop/prompt/.next/server/pages/category/sub-categories/[subcategories]/promptDetails/[promptSlug].js:1:4820
    at Wc (/home/jay/Desktop/prompt/node_modules/react-dom/cjs/react-dom-server.browser.production.min.js:68:44)
    at Zc (/home/jay/Desktop/prompt/node_modules/react-dom/cjs/react-dom-server.browser.production.min.js:70:253)
    at Z (/home/jay/Desktop/prompt/node_modules/react-dom/cjs/react-dom-server.browser.production.min.js:76:89)
    at Zc (/home/jay/Desktop/prompt/node_modules/react-dom/cjs/react-dom-server.browser.production.min.js:70:481)
    at Z (/home/jay/Desktop/prompt/node_modules/react-dom/cjs/react-dom-server.browser.production.min.js:76:89)
    at $c (/home/jay/Desktop/prompt/node_modules/react-dom/cjs/react-dom-server.browser.production.min.js:78:98)
    at Zc (/home/jay/Desktop/prompt/node_modules/react-dom/cjs/react-dom-server.browser.production.min.js:71:145)
    at Z (/home/jay/Desktop/prompt/node_modules/react-dom/cjs/react-dom-server.browser.production.min.js:76:89)
[Build Time] Fetching all categories from: https://admin.promptland.in/api/get_categories
[Build Time] Fetching all categories from: https://admin.promptland.in/api/get_categories
[Build Time] Fetching all categories from: https://admin.promptland.in/api/get_categories
[Build Time] Successfully fetched 36 prompts for category 6
ReferenceError: imageUrl is not defined
    at D (/home/jay/Desktop/prompt/.next/server/pages/category/sub-categories/[subcategories]/promptDetails/[promptSlug].js:1:4355)
    at /home/jay/Desktop/prompt/.next/server/pages/category/sub-categories/[subcategories]/promptDetails/[promptSlug].js:1:4820
    at Wc (/home/jay/Desktop/prompt/node_modules/react-dom/cjs/react-dom-server.browser.production.min.js:68:44)
    at Zc (/home/jay/Desktop/prompt/node_modules/react-dom/cjs/react-dom-server.browser.production.min.js:70:253)
    at Z (/home/jay/Desktop/prompt/node_modules/react-dom/cjs/react-dom-server.browser.production.min.js:76:89)
    at Zc (/home/jay/Desktop/prompt/node_modules/react-dom/cjs/react-dom-server.browser.production.min.js:70:481)
    at Z (/home/jay/Desktop/prompt/node_modules/react-dom/cjs/react-dom-server.browser.production.min.js:76:89)
    at $c (/home/jay/Desktop/prompt/node_modules/react-dom/cjs/react-dom-server.browser.production.min.js:78:98)
    at Zc (/home/jay/Desktop/prompt/node_modules/react-dom/cjs/react-dom-server.browser.production.min.js:71:145)
    at Z (/home/jay/Desktop/prompt/node_modules/react-dom/cjs/react-dom-server.browser.production.min.js:76:89)

Error occurred prerendering page "/category/sub-categories/birthday/promptDetails/golden-balloon-garden-birthday". Read more: https://nextjs.org/docs/messages/prerender-error

ReferenceError: imageUrl is not defined
    at D (/home/jay/Desktop/prompt/.next/server/pages/category/sub-categories/[subcategories]/promptDetails/[promptSlug].js:1:4355)
    at /home/jay/Desktop/prompt/.next/server/pages/category/sub-categories/[subcategories]/promptDetails/[promptSlug].js:1:4820
    at Wc (/home/jay/Desktop/prompt/node_modules/react-dom/cjs/react-dom-server.browser.production.min.js:68:44)
    at Zc (/home/jay/Desktop/prompt/node_modules/react-dom/cjs/react-dom-server.browser.production.min.js:70:253)
    at Z (/home/jay/Desktop/prompt/node_modules/react-dom/cjs/react-dom-server.browser.production.min.js:76:89)
    at Zc (/home/jay/Desktop/prompt/node_modules/react-dom/cjs/react-dom-server.browser.production.min.js:70:481)
    at Z (/home/jay/Desktop/prompt/node_modules/react-dom/cjs/react-dom-server.browser.production.min.js:76:89)
    at $c (/home/jay/Desktop/prompt/node_modules/react-dom/cjs/react-dom-server.browser.production.min.js:78:98)
    at Zc (/home/jay/Desktop/prompt/node_modules/react-dom/cjs/react-dom-server.browser.production.min.js:71:145)
    at Z (/home/jay/Desktop/prompt/node_modules/react-dom/cjs/react-dom-server.browser.production.min.js:76:89)
[Build Time] Successfully fetched 36 prompts for category 6
[Build Time] Successfully fetched 36 prompts for category 6
ReferenceError: imageUrl is not defined
    at D (/home/jay/Desktop/prompt/.next/server/pages/category/sub-categories/[subcategories]/promptDetails/[promptSlug].js:1:4355)
    at /home/jay/Desktop/prompt/.next/server/pages/category/sub-categories/[subcategories]/promptDetails/[promptSlug].js:1:4820
    at Wc (/home/jay/Desktop/prompt/node_modules/react-dom/cjs/react-dom-server.browser.production.min.js:68:44)
    at Zc (/home/jay/Desktop/prompt/node_modules/react-dom/cjs/react-dom-server.browser.production.min.js:70:253)
    at Z (/home/jay/Desktop/prompt/node_modules/react-dom/cjs/react-dom-server.browser.production.min.js:76:89)
    at Zc (/home/jay/Desktop/prompt/node_modules/react-dom/cjs/react-dom-server.browser.production.min.js:70:481)
    at Z (/home/jay/Desktop/prompt/node_modules/react-dom/cjs/react-dom-server.browser.production.min.js:76:89)
    at $c (/home/jay/Desktop/prompt/node_modules/react-dom/cjs/react-dom-server.browser.production.min.js:78:98)
    at Zc (/home/jay/Desktop/prompt/node_modules/react-dom/cjs/react-dom-server.browser.production.min.js:71:145)
    at Z (/home/jay/Desktop/prompt/node_modules/react-dom/cjs/react-dom-server.browser.production.min.js:76:89)

Error occurred prerendering page "/category/sub-categories/birthday/promptDetails/the-ultimate-29th-birthday-studio-portrait". Read more: https://nextjs.org/docs/messages/prerender-error

ReferenceError: imageUrl is not defined
    at D (/home/jay/Desktop/prompt/.next/server/pages/category/sub-categories/[subcategories]/promptDetails/[promptSlug].js:1:4355)
    at /home/jay/Desktop/prompt/.next/server/pages/category/sub-categories/[subcategories]/promptDetails/[promptSlug].js:1:4820
    at Wc (/home/jay/Desktop/prompt/node_modules/react-dom/cjs/react-dom-server.browser.production.min.js:68:44)
    at Zc (/home/jay/Desktop/prompt/node_modules/react-dom/cjs/react-dom-server.browser.production.min.js:70:253)
    at Z (/home/jay/Desktop/prompt/node_modules/react-dom/cjs/react-dom-server.browser.production.min.js:76:89)
    at Zc (/home/jay/Desktop/prompt/node_modules/react-dom/cjs/react-dom-server.browser.production.min.js:70:481)
    at Z (/home/jay/Desktop/prompt/node_modules/react-dom/cjs/react-dom-server.browser.production.min.js:76:89)
    at $c (/home/jay/Desktop/prompt/node_modules/react-dom/cjs/react-dom-server.browser.production.min.js:78:98)
    at Zc (/home/jay/Desktop/prompt/node_modules/react-dom/cjs/react-dom-server.browser.production.min.js:71:145)
    at Z (/home/jay/Desktop/prompt/node_modules/react-dom/cjs/react-dom-server.browser.production.min.js:76:89)
ReferenceError: imageUrl is not defined
    at D (/home/jay/Desktop/prompt/.next/server/pages/category/sub-categories/[subcategories]/promptDetails/[promptSlug].js:1:4355)
    at /home/jay/Desktop/prompt/.next/server/pages/category/sub-categories/[subcategories]/promptDetails/[promptSlug].js:1:4820
    at Wc (/home/jay/Desktop/prompt/node_modules/react-dom/cjs/react-dom-server.browser.production.min.js:68:44)
    at Zc (/home/jay/Desktop/prompt/node_modules/react-dom/cjs/react-dom-server.browser.production.min.js:70:253)
    at Z (/home/jay/Desktop/prompt/node_modules/react-dom/cjs/react-dom-server.browser.production.min.js:76:89)
    at Zc (/home/jay/Desktop/prompt/node_modules/react-dom/cjs/react-dom-server.browser.production.min.js:70:481)
    at Z (/home/jay/Desktop/prompt/node_modules/react-dom/cjs/react-dom-server.browser.production.min.js:76:89)
    at $c (/home/jay/Desktop/prompt/node_modules/react-dom/cjs/react-dom-server.browser.production.min.js:78:98)
    at Zc (/home/jay/Desktop/prompt/node_modules/react-dom/cjs/react-dom-server.browser.production.min.js:71:145)
    at Z (/home/jay/Desktop/prompt/node_modules/react-dom/cjs/react-dom-server.browser.production.min.js:76:89)

Error occurred prerendering page "/category/sub-categories/birthday/promptDetails/fairy-queen-throne-fantasy". Read more: https://nextjs.org/docs/messages/prerender-error

ReferenceError: imageUrl is not defined
    at D (/home/jay/Desktop/prompt/.next/server/pages/category/sub-categories/[subcategories]/promptDetails/[promptSlug].js:1:4355)
    at /home/jay/Desktop/prompt/.next/server/pages/category/sub-categories/[subcategories]/promptDetails/[promptSlug].js:1:4820
    at Wc (/home/jay/Desktop/prompt/node_modules/react-dom/cjs/react-dom-server.browser.production.min.js:68:44)
    at Zc (/home/jay/Desktop/prompt/node_modules/react-dom/cjs/react-dom-server.browser.production.min.js:70:253)
    at Z (/home/jay/Desktop/prompt/node_modules/react-dom/cjs/react-dom-server.browser.production.min.js:76:89)
    at Zc (/home/jay/Desktop/prompt/node_modules/react-dom/cjs/react-dom-server.browser.production.min.js:70:481)
    at Z (/home/jay/Desktop/prompt/node_modules/react-dom/cjs/react-dom-server.browser.production.min.js:76:89)
    at $c (/home/jay/Desktop/prompt/node_modules/react-dom/cjs/react-dom-server.browser.production.min.js:78:98)
    at Zc (/home/jay/Desktop/prompt/node_modules/react-dom/cjs/react-dom-server.browser.production.min.js:71:145)
    at Z (/home/jay/Desktop/prompt/node_modules/react-dom/cjs/react-dom-server.browser.production.min.js:76:89)
[Build Time] Successfully fetched 29 categories
[Build Time] Fetching prompts for category 6, subcategory none
[Build Time] Fetching all categories from: https://admin.promptland.in/api/get_categories
[Build Time] Fetching all categories from: https://admin.promptland.in/api/get_categories
[Build Time] Fetching all categories from: https://admin.promptland.in/api/get_categories
[Build Time] Successfully fetched 29 categories
[Build Time] Fetching prompts for category 6, subcategory none
[Build Time] Successfully fetched 36 prompts for category 6
[Build Time] Successfully fetched 29 categories
[Build Time] Fetching prompts for category 6, subcategory none
[Build Time] Successfully fetched 36 prompts for category 6
[Build Time] Successfully fetched 29 categories
[Build Time] Fetching prompts for category 6, subcategory none
[Build Time] Successfully fetched 29 categories
[Build Time] Fetching prompts for category 6, subcategory none
[Build Time] Successfully fetched 29 categories
[Build Time] Fetching prompts for category 6, subcategory none
[Build Time] Successfully fetched 29 categories
[Build Time] Fetching prompts for category 6, subcategory none
[Build Time] Successfully fetched 36 prompts for category 6
ReferenceError: imageUrl is not defined
    at D (/home/jay/Desktop/prompt/.next/server/pages/category/sub-categories/[subcategories]/promptDetails/[promptSlug].js:1:4355)
    at /home/jay/Desktop/prompt/.next/server/pages/category/sub-categories/[subcategories]/promptDetails/[promptSlug].js:1:4820
    at Wc (/home/jay/Desktop/prompt/node_modules/react-dom/cjs/react-dom-server.browser.production.min.js:68:44)
    at Zc (/home/jay/Desktop/prompt/node_modules/react-dom/cjs/react-dom-server.browser.production.min.js:70:253)
    at Z (/home/jay/Desktop/prompt/node_modules/react-dom/cjs/react-dom-server.browser.production.min.js:76:89)
    at Zc (/home/jay/Desktop/prompt/node_modules/react-dom/cjs/react-dom-server.browser.production.min.js:70:481)
    at Z (/home/jay/Desktop/prompt/node_modules/react-dom/cjs/react-dom-server.browser.production.min.js:76:89)
    at $c (/home/jay/Desktop/prompt/node_modules/react-dom/cjs/react-dom-server.browser.production.min.js:78:98)
    at Zc (/home/jay/Desktop/prompt/node_modules/react-dom/cjs/react-dom-server.browser.production.min.js:71:145)
    at Z (/home/jay/Desktop/prompt/node_modules/react-dom/cjs/react-dom-server.browser.production.min.js:76:89)

Error occurred prerendering page "/category/sub-categories/birthday/promptDetails/purple-neon-birthday-glam". Read more: https://nextjs.org/docs/messages/prerender-error

ReferenceError: imageUrl is not defined
    at D (/home/jay/Desktop/prompt/.next/server/pages/category/sub-categories/[subcategories]/promptDetails/[promptSlug].js:1:4355)
    at /home/jay/Desktop/prompt/.next/server/pages/category/sub-categories/[subcategories]/promptDetails/[promptSlug].js:1:4820
    at Wc (/home/jay/Desktop/prompt/node_modules/react-dom/cjs/react-dom-server.browser.production.min.js:68:44)
    at Zc (/home/jay/Desktop/prompt/node_modules/react-dom/cjs/react-dom-server.browser.production.min.js:70:253)
    at Z (/home/jay/Desktop/prompt/node_modules/react-dom/cjs/react-dom-server.browser.production.min.js:76:89)
    at Zc (/home/jay/Desktop/prompt/node_modules/react-dom/cjs/react-dom-server.browser.production.min.js:70:481)
    at Z (/home/jay/Desktop/prompt/node_modules/react-dom/cjs/react-dom-server.browser.production.min.js:76:89)
    at $c (/home/jay/Desktop/prompt/node_modules/react-dom/cjs/react-dom-server.browser.production.min.js:78:98)
    at Zc (/home/jay/Desktop/prompt/node_modules/react-dom/cjs/react-dom-server.browser.production.min.js:71:145)
    at Z (/home/jay/Desktop/prompt/node_modules/react-dom/cjs/react-dom-server.browser.production.min.js:76:89)
ReferenceError: imageUrl is not defined
    at D (/home/jay/Desktop/prompt/.next/server/pages/category/sub-categories/[subcategories]/promptDetails/[promptSlug].js:1:4355)
    at /home/jay/Desktop/prompt/.next/server/pages/category/sub-categories/[subcategories]/promptDetails/[promptSlug].js:1:4820
    at Wc (/home/jay/Desktop/prompt/node_modules/react-dom/cjs/react-dom-server.browser.production.min.js:68:44)
    at Zc (/home/jay/Desktop/prompt/node_modules/react-dom/cjs/react-dom-server.browser.production.min.js:70:253)
    at Z (/home/jay/Desktop/prompt/node_modules/react-dom/cjs/react-dom-server.browser.production.min.js:76:89)
    at Zc (/home/jay/Desktop/prompt/node_modules/react-dom/cjs/react-dom-server.browser.production.min.js:70:481)
    at Z (/home/jay/Desktop/prompt/node_modules/react-dom/cjs/react-dom-server.browser.production.min.js:76:89)
    at $c (/home/jay/Desktop/prompt/node_modules/react-dom/cjs/react-dom-server.browser.production.min.js:78:98)
    at Zc (/home/jay/Desktop/prompt/node_modules/react-dom/cjs/react-dom-server.browser.production.min.js:71:145)
    at Z (/home/jay/Desktop/prompt/node_modules/react-dom/cjs/react-dom-server.browser.production.min.js:76:89)

Error occurred prerendering page "/category/sub-categories/birthday/promptDetails/messy-birthday-table-close-up". Read more: https://nextjs.org/docs/messages/prerender-error

ReferenceError: imageUrl is not defined
    at D (/home/jay/Desktop/prompt/.next/server/pages/category/sub-categories/[subcategories]/promptDetails/[promptSlug].js:1:4355)
    at /home/jay/Desktop/prompt/.next/server/pages/category/sub-categories/[subcategories]/promptDetails/[promptSlug].js:1:4820
    at Wc (/home/jay/Desktop/prompt/node_modules/react-dom/cjs/react-dom-server.browser.production.min.js:68:44)
    at Zc (/home/jay/Desktop/prompt/node_modules/react-dom/cjs/react-dom-server.browser.production.min.js:70:253)
    at Z (/home/jay/Desktop/prompt/node_modules/react-dom/cjs/react-dom-server.browser.production.min.js:76:89)
    at Zc (/home/jay/Desktop/prompt/node_modules/react-dom/cjs/react-dom-server.browser.production.min.js:70:481)
    at Z (/home/jay/Desktop/prompt/node_modules/react-dom/cjs/react-dom-server.browser.production.min.js:76:89)
    at $c (/home/jay/Desktop/prompt/node_modules/react-dom/cjs/react-dom-server.browser.production.min.js:78:98)
    at Zc (/home/jay/Desktop/prompt/node_modules/react-dom/cjs/react-dom-server.browser.production.min.js:71:145)
    at Z (/home/jay/Desktop/prompt/node_modules/react-dom/cjs/react-dom-server.browser.production.min.js:76:89)
ReferenceError: imageUrl is not defined
    at D (/home/jay/Desktop/prompt/.next/server/pages/category/sub-categories/[subcategories]/promptDetails/[promptSlug].js:1:4355)
    at /home/jay/Desktop/prompt/.next/server/pages/category/sub-categories/[subcategories]/promptDetails/[promptSlug].js:1:4820
    at Wc (/home/jay/Desktop/prompt/node_modules/react-dom/cjs/react-dom-server.browser.production.min.js:68:44)
    at Zc (/home/jay/Desktop/prompt/node_modules/react-dom/cjs/react-dom-server.browser.production.min.js:70:253)
    at Z (/home/jay/Desktop/prompt/node_modules/react-dom/cjs/react-dom-server.browser.production.min.js:76:89)
    at Zc (/home/jay/Desktop/prompt/node_modules/react-dom/cjs/react-dom-server.browser.production.min.js:70:481)
    at Z (/home/jay/Desktop/prompt/node_modules/react-dom/cjs/react-dom-server.browser.production.min.js:76:89)
    at $c (/home/jay/Desktop/prompt/node_modules/react-dom/cjs/react-dom-server.browser.production.min.js:78:98)
    at Zc (/home/jay/Desktop/prompt/node_modules/react-dom/cjs/react-dom-server.browser.production.min.js:71:145)
    at Z (/home/jay/Desktop/prompt/node_modules/react-dom/cjs/react-dom-server.browser.production.min.js:76:89)

Error occurred prerendering page "/category/sub-categories/birthday/promptDetails/luxurious-birthday-close-up-scene". Read more: https://nextjs.org/docs/messages/prerender-error

ReferenceError: imageUrl is not defined
    at D (/home/jay/Desktop/prompt/.next/server/pages/category/sub-categories/[subcategories]/promptDetails/[promptSlug].js:1:4355)
    at /home/jay/Desktop/prompt/.next/server/pages/category/sub-categories/[subcategories]/promptDetails/[promptSlug].js:1:4820
    at Wc (/home/jay/Desktop/prompt/node_modules/react-dom/cjs/react-dom-server.browser.production.min.js:68:44)
    at Zc (/home/jay/Desktop/prompt/node_modules/react-dom/cjs/react-dom-server.browser.production.min.js:70:253)
    at Z (/home/jay/Desktop/prompt/node_modules/react-dom/cjs/react-dom-server.browser.production.min.js:76:89)
    at Zc (/home/jay/Desktop/prompt/node_modules/react-dom/cjs/react-dom-server.browser.production.min.js:70:481)
    at Z (/home/jay/Desktop/prompt/node_modules/react-dom/cjs/react-dom-server.browser.production.min.js:76:89)
    at $c (/home/jay/Desktop/prompt/node_modules/react-dom/cjs/react-dom-server.browser.production.min.js:78:98)
    at Zc (/home/jay/Desktop/prompt/node_modules/react-dom/cjs/react-dom-server.browser.production.min.js:71:145)
    at Z (/home/jay/Desktop/prompt/node_modules/react-dom/cjs/react-dom-server.browser.production.min.js:76:89)
[Build Time] Fetching all categories from: https://admin.promptland.in/api/get_categories
[Build Time] Successfully fetched 36 prompts for category 6
[Build Time] Fetching all categories from: https://admin.promptland.in/api/get_categories
ReferenceError: imageUrl is not defined
    at D (/home/jay/Desktop/prompt/.next/server/pages/category/sub-categories/[subcategories]/promptDetails/[promptSlug].js:1:4355)
    at /home/jay/Desktop/prompt/.next/server/pages/category/sub-categories/[subcategories]/promptDetails/[promptSlug].js:1:4820
    at Wc (/home/jay/Desktop/prompt/node_modules/react-dom/cjs/react-dom-server.browser.production.min.js:68:44)
    at Zc (/home/jay/Desktop/prompt/node_modules/react-dom/cjs/react-dom-server.browser.production.min.js:70:253)
    at Z (/home/jay/Desktop/prompt/node_modules/react-dom/cjs/react-dom-server.browser.production.min.js:76:89)
    at Zc (/home/jay/Desktop/prompt/node_modules/react-dom/cjs/react-dom-server.browser.production.min.js:70:481)
    at Z (/home/jay/Desktop/prompt/node_modules/react-dom/cjs/react-dom-server.browser.production.min.js:76:89)
    at $c (/home/jay/Desktop/prompt/node_modules/react-dom/cjs/react-dom-server.browser.production.min.js:78:98)
    at Zc (/home/jay/Desktop/prompt/node_modules/react-dom/cjs/react-dom-server.browser.production.min.js:71:145)
    at Z (/home/jay/Desktop/prompt/node_modules/react-dom/cjs/react-dom-server.browser.production.min.js:76:89)

Error occurred prerendering page "/category/sub-categories/birthday/promptDetails/elegant-party-celebration-description". Read more: https://nextjs.org/docs/messages/prerender-error

ReferenceError: imageUrl is not defined
    at D (/home/jay/Desktop/prompt/.next/server/pages/category/sub-categories/[subcategories]/promptDetails/[promptSlug].js:1:4355)
    at /home/jay/Desktop/prompt/.next/server/pages/category/sub-categories/[subcategories]/promptDetails/[promptSlug].js:1:4820
    at Wc (/home/jay/Desktop/prompt/node_modules/react-dom/cjs/react-dom-server.browser.production.min.js:68:44)
    at Zc (/home/jay/Desktop/prompt/node_modules/react-dom/cjs/react-dom-server.browser.production.min.js:70:253)
    at Z (/home/jay/Desktop/prompt/node_modules/react-dom/cjs/react-dom-server.browser.production.min.js:76:89)
    at Zc (/home/jay/Desktop/prompt/node_modules/react-dom/cjs/react-dom-server.browser.production.min.js:70:481)
    at Z (/home/jay/Desktop/prompt/node_modules/react-dom/cjs/react-dom-server.browser.production.min.js:76:89)
    at $c (/home/jay/Desktop/prompt/node_modules/react-dom/cjs/react-dom-server.browser.production.min.js:78:98)
    at Zc (/home/jay/Desktop/prompt/node_modules/react-dom/cjs/react-dom-server.browser.production.min.js:71:145)
    at Z (/home/jay/Desktop/prompt/node_modules/react-dom/cjs/react-dom-server.browser.production.min.js:76:89)
[Build Time] Successfully fetched 36 prompts for category 6
[Build Time] Successfully fetched 36 prompts for category 6
ReferenceError: imageUrl is not defined
    at D (/home/jay/Desktop/prompt/.next/server/pages/category/sub-categories/[subcategories]/promptDetails/[promptSlug].js:1:4355)
    at /home/jay/Desktop/prompt/.next/server/pages/category/sub-categories/[subcategories]/promptDetails/[promptSlug].js:1:4820
    at Wc (/home/jay/Desktop/prompt/node_modules/react-dom/cjs/react-dom-server.browser.production.min.js:68:44)
    at Zc (/home/jay/Desktop/prompt/node_modules/react-dom/cjs/react-dom-server.browser.production.min.js:70:253)
    at Z (/home/jay/Desktop/prompt/node_modules/react-dom/cjs/react-dom-server.browser.production.min.js:76:89)
    at Zc (/home/jay/Desktop/prompt/node_modules/react-dom/cjs/react-dom-server.browser.production.min.js:70:481)
    at Z (/home/jay/Desktop/prompt/node_modules/react-dom/cjs/react-dom-server.browser.production.min.js:76:89)
    at $c (/home/jay/Desktop/prompt/node_modules/react-dom/cjs/react-dom-server.browser.production.min.js:78:98)
    at Zc (/home/jay/Desktop/prompt/node_modules/react-dom/cjs/react-dom-server.browser.production.min.js:71:145)
    at Z (/home/jay/Desktop/prompt/node_modules/react-dom/cjs/react-dom-server.browser.production.min.js:76:89)

Error occurred prerendering page "/category/sub-categories/birthday/promptDetails/birthday-poster-collage-design". Read more: https://nextjs.org/docs/messages/prerender-error

ReferenceError: imageUrl is not defined
    at D (/home/jay/Desktop/prompt/.next/server/pages/category/sub-categories/[subcategories]/promptDetails/[promptSlug].js:1:4355)
    at /home/jay/Desktop/prompt/.next/server/pages/category/sub-categories/[subcategories]/promptDetails/[promptSlug].js:1:4820
    at Wc (/home/jay/Desktop/prompt/node_modules/react-dom/cjs/react-dom-server.browser.production.min.js:68:44)
    at Zc (/home/jay/Desktop/prompt/node_modules/react-dom/cjs/react-dom-server.browser.production.min.js:70:253)
    at Z (/home/jay/Desktop/prompt/node_modules/react-dom/cjs/react-dom-server.browser.production.min.js:76:89)
    at Zc (/home/jay/Desktop/prompt/node_modules/react-dom/cjs/react-dom-server.browser.production.min.js:70:481)
    at Z (/home/jay/Desktop/prompt/node_modules/react-dom/cjs/react-dom-server.browser.production.min.js:76:89)
    at $c (/home/jay/Desktop/prompt/node_modules/react-dom/cjs/react-dom-server.browser.production.min.js:78:98)
    at Zc (/home/jay/Desktop/prompt/node_modules/react-dom/cjs/react-dom-server.browser.production.min.js:71:145)
    at Z (/home/jay/Desktop/prompt/node_modules/react-dom/cjs/react-dom-server.browser.production.min.js:76:89)
ReferenceError: imageUrl is not defined
    at D (/home/jay/Desktop/prompt/.next/server/pages/category/sub-categories/[subcategories]/promptDetails/[promptSlug].js:1:4355)
    at /home/jay/Desktop/prompt/.next/server/pages/category/sub-categories/[subcategories]/promptDetails/[promptSlug].js:1:4820
    at Wc (/home/jay/Desktop/prompt/node_modules/react-dom/cjs/react-dom-server.browser.production.min.js:68:44)
    at Zc (/home/jay/Desktop/prompt/node_modules/react-dom/cjs/react-dom-server.browser.production.min.js:70:253)
    at Z (/home/jay/Desktop/prompt/node_modules/react-dom/cjs/react-dom-server.browser.production.min.js:76:89)
    at Zc (/home/jay/Desktop/prompt/node_modules/react-dom/cjs/react-dom-server.browser.production.min.js:70:481)
    at Z (/home/jay/Desktop/prompt/node_modules/react-dom/cjs/react-dom-server.browser.production.min.js:76:89)
    at $c (/home/jay/Desktop/prompt/node_modules/react-dom/cjs/react-dom-server.browser.production.min.js:78:98)
    at Zc (/home/jay/Desktop/prompt/node_modules/react-dom/cjs/react-dom-server.browser.production.min.js:71:145)
    at Z (/home/jay/Desktop/prompt/node_modules/react-dom/cjs/react-dom-server.browser.production.min.js:76:89)

Error occurred prerendering page "/category/sub-categories/birthday/promptDetails/cinematic-birthday-portrait-prompt". Read more: https://nextjs.org/docs/messages/prerender-error

ReferenceError: imageUrl is not defined
    at D (/home/jay/Desktop/prompt/.next/server/pages/category/sub-categories/[subcategories]/promptDetails/[promptSlug].js:1:4355)
    at /home/jay/Desktop/prompt/.next/server/pages/category/sub-categories/[subcategories]/promptDetails/[promptSlug].js:1:4820
    at Wc (/home/jay/Desktop/prompt/node_modules/react-dom/cjs/react-dom-server.browser.production.min.js:68:44)
    at Zc (/home/jay/Desktop/prompt/node_modules/react-dom/cjs/react-dom-server.browser.production.min.js:70:253)
    at Z (/home/jay/Desktop/prompt/node_modules/react-dom/cjs/react-dom-server.browser.production.min.js:76:89)
    at Zc (/home/jay/Desktop/prompt/node_modules/react-dom/cjs/react-dom-server.browser.production.min.js:70:481)
    at Z (/home/jay/Desktop/prompt/node_modules/react-dom/cjs/react-dom-server.browser.production.min.js:76:89)
    at $c (/home/jay/Desktop/prompt/node_modules/react-dom/cjs/react-dom-server.browser.production.min.js:78:98)
    at Zc (/home/jay/Desktop/prompt/node_modules/react-dom/cjs/react-dom-server.browser.production.min.js:71:145)
    at Z (/home/jay/Desktop/prompt/node_modules/react-dom/cjs/react-dom-server.browser.production.min.js:76:89)
[Build Time] Fetching all categories from: https://admin.promptland.in/api/get_categories
[Build Time] Successfully fetched 36 prompts for category 6
ReferenceError: imageUrl is not defined
    at D (/home/jay/Desktop/prompt/.next/server/pages/category/sub-categories/[subcategories]/promptDetails/[promptSlug].js:1:4355)
    at /home/jay/Desktop/prompt/.next/server/pages/category/sub-categories/[subcategories]/promptDetails/[promptSlug].js:1:4820
    at Wc (/home/jay/Desktop/prompt/node_modules/react-dom/cjs/react-dom-server.browser.production.min.js:68:44)
    at Zc (/home/jay/Desktop/prompt/node_modules/react-dom/cjs/react-dom-server.browser.production.min.js:70:253)
    at Z (/home/jay/Desktop/prompt/node_modules/react-dom/cjs/react-dom-server.browser.production.min.js:76:89)
    at Zc (/home/jay/Desktop/prompt/node_modules/react-dom/cjs/react-dom-server.browser.production.min.js:70:481)
    at Z (/home/jay/Desktop/prompt/node_modules/react-dom/cjs/react-dom-server.browser.production.min.js:76:89)
    at $c (/home/jay/Desktop/prompt/node_modules/react-dom/cjs/react-dom-server.browser.production.min.js:78:98)
    at Zc (/home/jay/Desktop/prompt/node_modules/react-dom/cjs/react-dom-server.browser.production.min.js:71:145)
    at Z (/home/jay/Desktop/prompt/node_modules/react-dom/cjs/react-dom-server.browser.production.min.js:76:89)

Error occurred prerendering page "/category/sub-categories/birthday/promptDetails/ultra-realistic-outdoor-birthday-photo". Read more: https://nextjs.org/docs/messages/prerender-error

ReferenceError: imageUrl is not defined
    at D (/home/jay/Desktop/prompt/.next/server/pages/category/sub-categories/[subcategories]/promptDetails/[promptSlug].js:1:4355)
    at /home/jay/Desktop/prompt/.next/server/pages/category/sub-categories/[subcategories]/promptDetails/[promptSlug].js:1:4820
    at Wc (/home/jay/Desktop/prompt/node_modules/react-dom/cjs/react-dom-server.browser.production.min.js:68:44)
    at Zc (/home/jay/Desktop/prompt/node_modules/react-dom/cjs/react-dom-server.browser.production.min.js:70:253)
    at Z (/home/jay/Desktop/prompt/node_modules/react-dom/cjs/react-dom-server.browser.production.min.js:76:89)
    at Zc (/home/jay/Desktop/prompt/node_modules/react-dom/cjs/react-dom-server.browser.production.min.js:70:481)
    at Z (/home/jay/Desktop/prompt/node_modules/react-dom/cjs/react-dom-server.browser.production.min.js:76:89)
    at $c (/home/jay/Desktop/prompt/node_modules/react-dom/cjs/react-dom-server.browser.production.min.js:78:98)
    at Zc (/home/jay/Desktop/prompt/node_modules/react-dom/cjs/react-dom-server.browser.production.min.js:71:145)
    at Z (/home/jay/Desktop/prompt/node_modules/react-dom/cjs/react-dom-server.browser.production.min.js:76:89)
[Build Time] Fetching all categories from: https://admin.promptland.in/api/get_categories
[Build Time] Fetching all categories from: https://admin.promptland.in/api/get_categories
[Build Time] Fetching all categories from: https://admin.promptland.in/api/get_categories
[Build Time] Fetching all categories from: https://admin.promptland.in/api/get_categories
[Build Time] Successfully fetched 29 categories
[Build Time] Fetching prompts for category 6, subcategory none
[Build Time] Successfully fetched 29 categories
[Build Time] Fetching prompts for category 6, subcategory none
[Build Time] Successfully fetched 29 categories
[Build Time] Fetching prompts for category 6, subcategory none
[Build Time] Successfully fetched 29 categories
[Build Time] Fetching prompts for category 6, subcategory none
[Build Time] Successfully fetched 29 categories
[Build Time] Fetching prompts for category 6, subcategory none
[Build Time] Successfully fetched 29 categories
[Build Time] Fetching prompts for category 6, subcategory none
[Build Time] Successfully fetched 29 categories
[Build Time] Fetching prompts for category 6, subcategory none
[Build Time] Successfully fetched 36 prompts for category 6
ReferenceError: imageUrl is not defined
    at D (/home/jay/Desktop/prompt/.next/server/pages/category/sub-categories/[subcategories]/promptDetails/[promptSlug].js:1:4355)
    at /home/jay/Desktop/prompt/.next/server/pages/category/sub-categories/[subcategories]/promptDetails/[promptSlug].js:1:4820
    at Wc (/home/jay/Desktop/prompt/node_modules/react-dom/cjs/react-dom-server.browser.production.min.js:68:44)
    at Zc (/home/jay/Desktop/prompt/node_modules/react-dom/cjs/react-dom-server.browser.production.min.js:70:253)
    at Z (/home/jay/Desktop/prompt/node_modules/react-dom/cjs/react-dom-server.browser.production.min.js:76:89)
    at Zc (/home/jay/Desktop/prompt/node_modules/react-dom/cjs/react-dom-server.browser.production.min.js:70:481)
    at Z (/home/jay/Desktop/prompt/node_modules/react-dom/cjs/react-dom-server.browser.production.min.js:76:89)
    at $c (/home/jay/Desktop/prompt/node_modules/react-dom/cjs/react-dom-server.browser.production.min.js:78:98)
    at Zc (/home/jay/Desktop/prompt/node_modules/react-dom/cjs/react-dom-server.browser.production.min.js:71:145)
    at Z (/home/jay/Desktop/prompt/node_modules/react-dom/cjs/react-dom-server.browser.production.min.js:76:89)

Error occurred prerendering page "/category/sub-categories/birthday/promptDetails/birthday-collage-portrait-circular-halo". Read more: https://nextjs.org/docs/messages/prerender-error

ReferenceError: imageUrl is not defined
    at D (/home/jay/Desktop/prompt/.next/server/pages/category/sub-categories/[subcategories]/promptDetails/[promptSlug].js:1:4355)
    at /home/jay/Desktop/prompt/.next/server/pages/category/sub-categories/[subcategories]/promptDetails/[promptSlug].js:1:4820
    at Wc (/home/jay/Desktop/prompt/node_modules/react-dom/cjs/react-dom-server.browser.production.min.js:68:44)
    at Zc (/home/jay/Desktop/prompt/node_modules/react-dom/cjs/react-dom-server.browser.production.min.js:70:253)
    at Z (/home/jay/Desktop/prompt/node_modules/react-dom/cjs/react-dom-server.browser.production.min.js:76:89)
    at Zc (/home/jay/Desktop/prompt/node_modules/react-dom/cjs/react-dom-server.browser.production.min.js:70:481)
    at Z (/home/jay/Desktop/prompt/node_modules/react-dom/cjs/react-dom-server.browser.production.min.js:76:89)
    at $c (/home/jay/Desktop/prompt/node_modules/react-dom/cjs/react-dom-server.browser.production.min.js:78:98)
    at Zc (/home/jay/Desktop/prompt/node_modules/react-dom/cjs/react-dom-server.browser.production.min.js:71:145)
    at Z (/home/jay/Desktop/prompt/node_modules/react-dom/cjs/react-dom-server.browser.production.min.js:76:89)
[Build Time] Fetching all categories from: https://admin.promptland.in/api/get_categories
[Build Time] Successfully fetched 36 prompts for category 6
ReferenceError: imageUrl is not defined
    at D (/home/jay/Desktop/prompt/.next/server/pages/category/sub-categories/[subcategories]/promptDetails/[promptSlug].js:1:4355)
    at /home/jay/Desktop/prompt/.next/server/pages/category/sub-categories/[subcategories]/promptDetails/[promptSlug].js:1:4820
    at Wc (/home/jay/Desktop/prompt/node_modules/react-dom/cjs/react-dom-server.browser.production.min.js:68:44)
    at Zc (/home/jay/Desktop/prompt/node_modules/react-dom/cjs/react-dom-server.browser.production.min.js:70:253)
    at Z (/home/jay/Desktop/prompt/node_modules/react-dom/cjs/react-dom-server.browser.production.min.js:76:89)
    at Zc (/home/jay/Desktop/prompt/node_modules/react-dom/cjs/react-dom-server.browser.production.min.js:70:481)
    at Z (/home/jay/Desktop/prompt/node_modules/react-dom/cjs/react-dom-server.browser.production.min.js:76:89)
    at $c (/home/jay/Desktop/prompt/node_modules/react-dom/cjs/react-dom-server.browser.production.min.js:78:98)
    at Zc (/home/jay/Desktop/prompt/node_modules/react-dom/cjs/react-dom-server.browser.production.min.js:71:145)
    at Z (/home/jay/Desktop/prompt/node_modules/react-dom/cjs/react-dom-server.browser.production.min.js:76:89)

Error occurred prerendering page "/category/sub-categories/birthday/promptDetails/birthday-fashion-campaign-poster-version-1". Read more: https://nextjs.org/docs/messages/prerender-error

ReferenceError: imageUrl is not defined
    at D (/home/jay/Desktop/prompt/.next/server/pages/category/sub-categories/[subcategories]/promptDetails/[promptSlug].js:1:4355)
    at /home/jay/Desktop/prompt/.next/server/pages/category/sub-categories/[subcategories]/promptDetails/[promptSlug].js:1:4820
    at Wc (/home/jay/Desktop/prompt/node_modules/react-dom/cjs/react-dom-server.browser.production.min.js:68:44)
    at Zc (/home/jay/Desktop/prompt/node_modules/react-dom/cjs/react-dom-server.browser.production.min.js:70:253)
    at Z (/home/jay/Desktop/prompt/node_modules/react-dom/cjs/react-dom-server.browser.production.min.js:76:89)
    at Zc (/home/jay/Desktop/prompt/node_modules/react-dom/cjs/react-dom-server.browser.production.min.js:70:481)
    at Z (/home/jay/Desktop/prompt/node_modules/react-dom/cjs/react-dom-server.browser.production.min.js:76:89)
    at $c (/home/jay/Desktop/prompt/node_modules/react-dom/cjs/react-dom-server.browser.production.min.js:78:98)
    at Zc (/home/jay/Desktop/prompt/node_modules/react-dom/cjs/react-dom-server.browser.production.min.js:71:145)
    at Z (/home/jay/Desktop/prompt/node_modules/react-dom/cjs/react-dom-server.browser.production.min.js:76:89)
[Build Time] Fetching all categories from: https://admin.promptland.in/api/get_categories
[Build Time] Successfully fetched 36 prompts for category 6
[Build Time] Successfully fetched 36 prompts for category 6
[Build Time] Successfully fetched 36 prompts for category 6
ReferenceError: imageUrl is not defined
    at D (/home/jay/Desktop/prompt/.next/server/pages/category/sub-categories/[subcategories]/promptDetails/[promptSlug].js:1:4355)
    at /home/jay/Desktop/prompt/.next/server/pages/category/sub-categories/[subcategories]/promptDetails/[promptSlug].js:1:4820
    at Wc (/home/jay/Desktop/prompt/node_modules/react-dom/cjs/react-dom-server.browser.production.min.js:68:44)
    at Zc (/home/jay/Desktop/prompt/node_modules/react-dom/cjs/react-dom-server.browser.production.min.js:70:253)
    at Z (/home/jay/Desktop/prompt/node_modules/react-dom/cjs/react-dom-server.browser.production.min.js:76:89)
    at Zc (/home/jay/Desktop/prompt/node_modules/react-dom/cjs/react-dom-server.browser.production.min.js:70:481)
    at Z (/home/jay/Desktop/prompt/node_modules/react-dom/cjs/react-dom-server.browser.production.min.js:76:89)
    at $c (/home/jay/Desktop/prompt/node_modules/react-dom/cjs/react-dom-server.browser.production.min.js:78:98)
    at Zc (/home/jay/Desktop/prompt/node_modules/react-dom/cjs/react-dom-server.browser.production.min.js:71:145)
    at Z (/home/jay/Desktop/prompt/node_modules/react-dom/cjs/react-dom-server.browser.production.min.js:76:89)

Error occurred prerendering page "/category/sub-categories/birthday/promptDetails/split-personality-birthday-fashion-poster". Read more: https://nextjs.org/docs/messages/prerender-error

ReferenceError: imageUrl is not defined
    at D (/home/jay/Desktop/prompt/.next/server/pages/category/sub-categories/[subcategories]/promptDetails/[promptSlug].js:1:4355)
    at /home/jay/Desktop/prompt/.next/server/pages/category/sub-categories/[subcategories]/promptDetails/[promptSlug].js:1:4820
    at Wc (/home/jay/Desktop/prompt/node_modules/react-dom/cjs/react-dom-server.browser.production.min.js:68:44)
    at Zc (/home/jay/Desktop/prompt/node_modules/react-dom/cjs/react-dom-server.browser.production.min.js:70:253)
    at Z (/home/jay/Desktop/prompt/node_modules/react-dom/cjs/react-dom-server.browser.production.min.js:76:89)
    at Zc (/home/jay/Desktop/prompt/node_modules/react-dom/cjs/react-dom-server.browser.production.min.js:70:481)
    at Z (/home/jay/Desktop/prompt/node_modules/react-dom/cjs/react-dom-server.browser.production.min.js:76:89)
    at $c (/home/jay/Desktop/prompt/node_modules/react-dom/cjs/react-dom-server.browser.production.min.js:78:98)
    at Zc (/home/jay/Desktop/prompt/node_modules/react-dom/cjs/react-dom-server.browser.production.min.js:71:145)
    at Z (/home/jay/Desktop/prompt/node_modules/react-dom/cjs/react-dom-server.browser.production.min.js:76:89)
[Build Time] Successfully fetched 36 prompts for category 6
ReferenceError: imageUrl is not defined
    at D (/home/jay/Desktop/prompt/.next/server/pages/category/sub-categories/[subcategories]/promptDetails/[promptSlug].js:1:4355)
    at /home/jay/Desktop/prompt/.next/server/pages/category/sub-categories/[subcategories]/promptDetails/[promptSlug].js:1:4820
    at Wc (/home/jay/Desktop/prompt/node_modules/react-dom/cjs/react-dom-server.browser.production.min.js:68:44)
    at Zc (/home/jay/Desktop/prompt/node_modules/react-dom/cjs/react-dom-server.browser.production.min.js:70:253)
    at Z (/home/jay/Desktop/prompt/node_modules/react-dom/cjs/react-dom-server.browser.production.min.js:76:89)
    at Zc (/home/jay/Desktop/prompt/node_modules/react-dom/cjs/react-dom-server.browser.production.min.js:70:481)
    at Z (/home/jay/Desktop/prompt/node_modules/react-dom/cjs/react-dom-server.browser.production.min.js:76:89)
    at $c (/home/jay/Desktop/prompt/node_modules/react-dom/cjs/react-dom-server.browser.production.min.js:78:98)
    at Zc (/home/jay/Desktop/prompt/node_modules/react-dom/cjs/react-dom-server.browser.production.min.js:71:145)
    at Z (/home/jay/Desktop/prompt/node_modules/react-dom/cjs/react-dom-server.browser.production.min.js:76:89)

Error occurred prerendering page "/category/sub-categories/birthday/promptDetails/birthday-fashion-campaign-poster-version-2". Read more: https://nextjs.org/docs/messages/prerender-error

ReferenceError: imageUrl is not defined
    at D (/home/jay/Desktop/prompt/.next/server/pages/category/sub-categories/[subcategories]/promptDetails/[promptSlug].js:1:4355)
    at /home/jay/Desktop/prompt/.next/server/pages/category/sub-categories/[subcategories]/promptDetails/[promptSlug].js:1:4820
    at Wc (/home/jay/Desktop/prompt/node_modules/react-dom/cjs/react-dom-server.browser.production.min.js:68:44)
    at Zc (/home/jay/Desktop/prompt/node_modules/react-dom/cjs/react-dom-server.browser.production.min.js:70:253)
    at Z (/home/jay/Desktop/prompt/node_modules/react-dom/cjs/react-dom-server.browser.production.min.js:76:89)
    at Zc (/home/jay/Desktop/prompt/node_modules/react-dom/cjs/react-dom-server.browser.production.min.js:70:481)
    at Z (/home/jay/Desktop/prompt/node_modules/react-dom/cjs/react-dom-server.browser.production.min.js:76:89)
    at $c (/home/jay/Desktop/prompt/node_modules/react-dom/cjs/react-dom-server.browser.production.min.js:78:98)
    at Zc (/home/jay/Desktop/prompt/node_modules/react-dom/cjs/react-dom-server.browser.production.min.js:71:145)
    at Z (/home/jay/Desktop/prompt/node_modules/react-dom/cjs/react-dom-server.browser.production.min.js:76:89)
ReferenceError: imageUrl is not defined
    at D (/home/jay/Desktop/prompt/.next/server/pages/category/sub-categories/[subcategories]/promptDetails/[promptSlug].js:1:4355)
    at /home/jay/Desktop/prompt/.next/server/pages/category/sub-categories/[subcategories]/promptDetails/[promptSlug].js:1:4820
    at Wc (/home/jay/Desktop/prompt/node_modules/react-dom/cjs/react-dom-server.browser.production.min.js:68:44)
    at Zc (/home/jay/Desktop/prompt/node_modules/react-dom/cjs/react-dom-server.browser.production.min.js:70:253)
    at Z (/home/jay/Desktop/prompt/node_modules/react-dom/cjs/react-dom-server.browser.production.min.js:76:89)
    at Zc (/home/jay/Desktop/prompt/node_modules/react-dom/cjs/react-dom-server.browser.production.min.js:70:481)
    at Z (/home/jay/Desktop/prompt/node_modules/react-dom/cjs/react-dom-server.browser.production.min.js:76:89)
    at $c (/home/jay/Desktop/prompt/node_modules/react-dom/cjs/react-dom-server.browser.production.min.js:78:98)
    at Zc (/home/jay/Desktop/prompt/node_modules/react-dom/cjs/react-dom-server.browser.production.min.js:71:145)
    at Z (/home/jay/Desktop/prompt/node_modules/react-dom/cjs/react-dom-server.browser.production.min.js:76:89)

Error occurred prerendering page "/category/sub-categories/birthday/promptDetails/birthday-collage-portrait-polaroid-style". Read more: https://nextjs.org/docs/messages/prerender-error

ReferenceError: imageUrl is not defined
    at D (/home/jay/Desktop/prompt/.next/server/pages/category/sub-categories/[subcategories]/promptDetails/[promptSlug].js:1:4355)
    at /home/jay/Desktop/prompt/.next/server/pages/category/sub-categories/[subcategories]/promptDetails/[promptSlug].js:1:4820
    at Wc (/home/jay/Desktop/prompt/node_modules/react-dom/cjs/react-dom-server.browser.production.min.js:68:44)
    at Zc (/home/jay/Desktop/prompt/node_modules/react-dom/cjs/react-dom-server.browser.production.min.js:70:253)
    at Z (/home/jay/Desktop/prompt/node_modules/react-dom/cjs/react-dom-server.browser.production.min.js:76:89)
    at Zc (/home/jay/Desktop/prompt/node_modules/react-dom/cjs/react-dom-server.browser.production.min.js:70:481)
    at Z (/home/jay/Desktop/prompt/node_modules/react-dom/cjs/react-dom-server.browser.production.min.js:76:89)
    at $c (/home/jay/Desktop/prompt/node_modules/react-dom/cjs/react-dom-server.browser.production.min.js:78:98)
    at Zc (/home/jay/Desktop/prompt/node_modules/react-dom/cjs/react-dom-server.browser.production.min.js:71:145)
    at Z (/home/jay/Desktop/prompt/node_modules/react-dom/cjs/react-dom-server.browser.production.min.js:76:89)
ReferenceError: imageUrl is not defined
    at D (/home/jay/Desktop/prompt/.next/server/pages/category/sub-categories/[subcategories]/promptDetails/[promptSlug].js:1:4355)
    at /home/jay/Desktop/prompt/.next/server/pages/category/sub-categories/[subcategories]/promptDetails/[promptSlug].js:1:4820
    at Wc (/home/jay/Desktop/prompt/node_modules/react-dom/cjs/react-dom-server.browser.production.min.js:68:44)
    at Zc (/home/jay/Desktop/prompt/node_modules/react-dom/cjs/react-dom-server.browser.production.min.js:70:253)
    at Z (/home/jay/Desktop/prompt/node_modules/react-dom/cjs/react-dom-server.browser.production.min.js:76:89)
    at Zc (/home/jay/Desktop/prompt/node_modules/react-dom/cjs/react-dom-server.browser.production.min.js:70:481)
    at Z (/home/jay/Desktop/prompt/node_modules/react-dom/cjs/react-dom-server.browser.production.min.js:76:89)
    at $c (/home/jay/Desktop/prompt/node_modules/react-dom/cjs/react-dom-server.browser.production.min.js:78:98)
    at Zc (/home/jay/Desktop/prompt/node_modules/react-dom/cjs/react-dom-server.browser.production.min.js:71:145)
    at Z (/home/jay/Desktop/prompt/node_modules/react-dom/cjs/react-dom-server.browser.production.min.js:76:89)

Error occurred prerendering page "/category/sub-categories/birthday/promptDetails/confident-birthday-fashion-poster". Read more: https://nextjs.org/docs/messages/prerender-error

ReferenceError: imageUrl is not defined
    at D (/home/jay/Desktop/prompt/.next/server/pages/category/sub-categories/[subcategories]/promptDetails/[promptSlug].js:1:4355)
    at /home/jay/Desktop/prompt/.next/server/pages/category/sub-categories/[subcategories]/promptDetails/[promptSlug].js:1:4820
    at Wc (/home/jay/Desktop/prompt/node_modules/react-dom/cjs/react-dom-server.browser.production.min.js:68:44)
    at Zc (/home/jay/Desktop/prompt/node_modules/react-dom/cjs/react-dom-server.browser.production.min.js:70:253)
    at Z (/home/jay/Desktop/prompt/node_modules/react-dom/cjs/react-dom-server.browser.production.min.js:76:89)
    at Zc (/home/jay/Desktop/prompt/node_modules/react-dom/cjs/react-dom-server.browser.production.min.js:70:481)
    at Z (/home/jay/Desktop/prompt/node_modules/react-dom/cjs/react-dom-server.browser.production.min.js:76:89)
    at $c (/home/jay/Desktop/prompt/node_modules/react-dom/cjs/react-dom-server.browser.production.min.js:78:98)
    at Zc (/home/jay/Desktop/prompt/node_modules/react-dom/cjs/react-dom-server.browser.production.min.js:71:145)
    at Z (/home/jay/Desktop/prompt/node_modules/react-dom/cjs/react-dom-server.browser.production.min.js:76:89)
[Build Time] Successfully fetched 36 prompts for category 6
ReferenceError: imageUrl is not defined
    at D (/home/jay/Desktop/prompt/.next/server/pages/category/sub-categories/[subcategories]/promptDetails/[promptSlug].js:1:4355)
    at /home/jay/Desktop/prompt/.next/server/pages/category/sub-categories/[subcategories]/promptDetails/[promptSlug].js:1:4820
    at Wc (/home/jay/Desktop/prompt/node_modules/react-dom/cjs/react-dom-server.browser.production.min.js:68:44)
    at Zc (/home/jay/Desktop/prompt/node_modules/react-dom/cjs/react-dom-server.browser.production.min.js:70:253)
    at Z (/home/jay/Desktop/prompt/node_modules/react-dom/cjs/react-dom-server.browser.production.min.js:76:89)
    at Zc (/home/jay/Desktop/prompt/node_modules/react-dom/cjs/react-dom-server.browser.production.min.js:70:481)
    at Z (/home/jay/Desktop/prompt/node_modules/react-dom/cjs/react-dom-server.browser.production.min.js:76:89)
    at $c (/home/jay/Desktop/prompt/node_modules/react-dom/cjs/react-dom-server.browser.production.min.js:78:98)
    at Zc (/home/jay/Desktop/prompt/node_modules/react-dom/cjs/react-dom-server.browser.production.min.js:71:145)
    at Z (/home/jay/Desktop/prompt/node_modules/react-dom/cjs/react-dom-server.browser.production.min.js:76:89)

Error occurred prerendering page "/category/sub-categories/birthday/promptDetails/relaxed-pose-birthday-poster". Read more: https://nextjs.org/docs/messages/prerender-error

ReferenceError: imageUrl is not defined
    at D (/home/jay/Desktop/prompt/.next/server/pages/category/sub-categories/[subcategories]/promptDetails/[promptSlug].js:1:4355)
    at /home/jay/Desktop/prompt/.next/server/pages/category/sub-categories/[subcategories]/promptDetails/[promptSlug].js:1:4820
    at Wc (/home/jay/Desktop/prompt/node_modules/react-dom/cjs/react-dom-server.browser.production.min.js:68:44)
    at Zc (/home/jay/Desktop/prompt/node_modules/react-dom/cjs/react-dom-server.browser.production.min.js:70:253)
    at Z (/home/jay/Desktop/prompt/node_modules/react-dom/cjs/react-dom-server.browser.production.min.js:76:89)
    at Zc (/home/jay/Desktop/prompt/node_modules/react-dom/cjs/react-dom-server.browser.production.min.js:70:481)
    at Z (/home/jay/Desktop/prompt/node_modules/react-dom/cjs/react-dom-server.browser.production.min.js:76:89)
    at $c (/home/jay/Desktop/prompt/node_modules/react-dom/cjs/react-dom-server.browser.production.min.js:78:98)
    at Zc (/home/jay/Desktop/prompt/node_modules/react-dom/cjs/react-dom-server.browser.production.min.js:71:145)
    at Z (/home/jay/Desktop/prompt/node_modules/react-dom/cjs/react-dom-server.browser.production.min.js:76:89)
[Build Time] Fetching all categories from: https://admin.promptland.in/api/get_categories
[Build Time] Fetching all categories from: https://admin.promptland.in/api/get_categories
[Build Time] Fetching all categories from: https://admin.promptland.in/api/get_categories
[Build Time] Fetching all categories from: https://admin.promptland.in/api/get_categories
[Build Time] Fetching all categories from: https://admin.promptland.in/api/get_categories
[Build Time] Successfully fetched 29 categories
[Build Time] Fetching prompts for category 6, subcategory none
[Build Time] Successfully fetched 29 categories
[Build Time] Fetching prompts for category 6, subcategory none
[Build Time] Successfully fetched 29 categories
[Build Time] Fetching prompts for category 6, subcategory none
[Build Time] Successfully fetched 29 categories
[Build Time] Fetching prompts for category 6, subcategory none
[Build Time] Successfully fetched 29 categories
[Build Time] Fetching prompts for category 6, subcategory none
[Build Time] Successfully fetched 29 categories
[Build Time] Fetching prompts for category 6, subcategory none
[Build Time] Successfully fetched 29 categories
[Build Time] Fetching prompts for category 6, subcategory none
[Build Time] Successfully fetched 36 prompts for category 6
[Build Time] Successfully fetched 36 prompts for category 6
ReferenceError: imageUrl is not defined
    at D (/home/jay/Desktop/prompt/.next/server/pages/category/sub-categories/[subcategories]/promptDetails/[promptSlug].js:1:4355)
    at /home/jay/Desktop/prompt/.next/server/pages/category/sub-categories/[subcategories]/promptDetails/[promptSlug].js:1:4820
    at Wc (/home/jay/Desktop/prompt/node_modules/react-dom/cjs/react-dom-server.browser.production.min.js:68:44)
    at Zc (/home/jay/Desktop/prompt/node_modules/react-dom/cjs/react-dom-server.browser.production.min.js:70:253)
    at Z (/home/jay/Desktop/prompt/node_modules/react-dom/cjs/react-dom-server.browser.production.min.js:76:89)
    at Zc (/home/jay/Desktop/prompt/node_modules/react-dom/cjs/react-dom-server.browser.production.min.js:70:481)
    at Z (/home/jay/Desktop/prompt/node_modules/react-dom/cjs/react-dom-server.browser.production.min.js:76:89)
    at $c (/home/jay/Desktop/prompt/node_modules/react-dom/cjs/react-dom-server.browser.production.min.js:78:98)
    at Zc (/home/jay/Desktop/prompt/node_modules/react-dom/cjs/react-dom-server.browser.production.min.js:71:145)
    at Z (/home/jay/Desktop/prompt/node_modules/react-dom/cjs/react-dom-server.browser.production.min.js:76:89)

Error occurred prerendering page "/category/sub-categories/birthday/promptDetails/king-chair-birthday-portrait". Read more: https://nextjs.org/docs/messages/prerender-error

ReferenceError: imageUrl is not defined
    at D (/home/jay/Desktop/prompt/.next/server/pages/category/sub-categories/[subcategories]/promptDetails/[promptSlug].js:1:4355)
    at /home/jay/Desktop/prompt/.next/server/pages/category/sub-categories/[subcategories]/promptDetails/[promptSlug].js:1:4820
    at Wc (/home/jay/Desktop/prompt/node_modules/react-dom/cjs/react-dom-server.browser.production.min.js:68:44)
    at Zc (/home/jay/Desktop/prompt/node_modules/react-dom/cjs/react-dom-server.browser.production.min.js:70:253)
    at Z (/home/jay/Desktop/prompt/node_modules/react-dom/cjs/react-dom-server.browser.production.min.js:76:89)
    at Zc (/home/jay/Desktop/prompt/node_modules/react-dom/cjs/react-dom-server.browser.production.min.js:70:481)
    at Z (/home/jay/Desktop/prompt/node_modules/react-dom/cjs/react-dom-server.browser.production.min.js:76:89)
    at $c (/home/jay/Desktop/prompt/node_modules/react-dom/cjs/react-dom-server.browser.production.min.js:78:98)
    at Zc (/home/jay/Desktop/prompt/node_modules/react-dom/cjs/react-dom-server.browser.production.min.js:71:145)
    at Z (/home/jay/Desktop/prompt/node_modules/react-dom/cjs/react-dom-server.browser.production.min.js:76:89)
ReferenceError: imageUrl is not defined
    at D (/home/jay/Desktop/prompt/.next/server/pages/category/sub-categories/[subcategories]/promptDetails/[promptSlug].js:1:4355)
    at /home/jay/Desktop/prompt/.next/server/pages/category/sub-categories/[subcategories]/promptDetails/[promptSlug].js:1:4820
    at Wc (/home/jay/Desktop/prompt/node_modules/react-dom/cjs/react-dom-server.browser.production.min.js:68:44)
    at Zc (/home/jay/Desktop/prompt/node_modules/react-dom/cjs/react-dom-server.browser.production.min.js:70:253)
    at Z (/home/jay/Desktop/prompt/node_modules/react-dom/cjs/react-dom-server.browser.production.min.js:76:89)
    at Zc (/home/jay/Desktop/prompt/node_modules/react-dom/cjs/react-dom-server.browser.production.min.js:70:481)
    at Z (/home/jay/Desktop/prompt/node_modules/react-dom/cjs/react-dom-server.browser.production.min.js:76:89)
    at $c (/home/jay/Desktop/prompt/node_modules/react-dom/cjs/react-dom-server.browser.production.min.js:78:98)
    at Zc (/home/jay/Desktop/prompt/node_modules/react-dom/cjs/react-dom-server.browser.production.min.js:71:145)
    at Z (/home/jay/Desktop/prompt/node_modules/react-dom/cjs/react-dom-server.browser.production.min.js:76:89)

Error occurred prerendering page "/category/sub-categories/birthday/promptDetails/studio-birthday-cake-portrait". Read more: https://nextjs.org/docs/messages/prerender-error

ReferenceError: imageUrl is not defined
    at D (/home/jay/Desktop/prompt/.next/server/pages/category/sub-categories/[subcategories]/promptDetails/[promptSlug].js:1:4355)
    at /home/jay/Desktop/prompt/.next/server/pages/category/sub-categories/[subcategories]/promptDetails/[promptSlug].js:1:4820
    at Wc (/home/jay/Desktop/prompt/node_modules/react-dom/cjs/react-dom-server.browser.production.min.js:68:44)
    at Zc (/home/jay/Desktop/prompt/node_modules/react-dom/cjs/react-dom-server.browser.production.min.js:70:253)
    at Z (/home/jay/Desktop/prompt/node_modules/react-dom/cjs/react-dom-server.browser.production.min.js:76:89)
    at Zc (/home/jay/Desktop/prompt/node_modules/react-dom/cjs/react-dom-server.browser.production.min.js:70:481)
    at Z (/home/jay/Desktop/prompt/node_modules/react-dom/cjs/react-dom-server.browser.production.min.js:76:89)
    at $c (/home/jay/Desktop/prompt/node_modules/react-dom/cjs/react-dom-server.browser.production.min.js:78:98)
    at Zc (/home/jay/Desktop/prompt/node_modules/react-dom/cjs/react-dom-server.browser.production.min.js:71:145)
    at Z (/home/jay/Desktop/prompt/node_modules/react-dom/cjs/react-dom-server.browser.production.min.js:76:89)
[Build Time] Fetching all categories from: https://admin.promptland.in/api/get_categories
[Build Time] Fetching all categories from: https://admin.promptland.in/api/get_categories
[Build Time] Successfully fetched 36 prompts for category 6
ReferenceError: imageUrl is not defined
    at D (/home/jay/Desktop/prompt/.next/server/pages/category/sub-categories/[subcategories]/promptDetails/[promptSlug].js:1:4355)
    at /home/jay/Desktop/prompt/.next/server/pages/category/sub-categories/[subcategories]/promptDetails/[promptSlug].js:1:4820
    at Wc (/home/jay/Desktop/prompt/node_modules/react-dom/cjs/react-dom-server.browser.production.min.js:68:44)
    at Zc (/home/jay/Desktop/prompt/node_modules/react-dom/cjs/react-dom-server.browser.production.min.js:70:253)
    at Z (/home/jay/Desktop/prompt/node_modules/react-dom/cjs/react-dom-server.browser.production.min.js:76:89)
    at Zc (/home/jay/Desktop/prompt/node_modules/react-dom/cjs/react-dom-server.browser.production.min.js:70:481)
    at Z (/home/jay/Desktop/prompt/node_modules/react-dom/cjs/react-dom-server.browser.production.min.js:76:89)
    at $c (/home/jay/Desktop/prompt/node_modules/react-dom/cjs/react-dom-server.browser.production.min.js:78:98)
    at Zc (/home/jay/Desktop/prompt/node_modules/react-dom/cjs/react-dom-server.browser.production.min.js:71:145)
    at Z (/home/jay/Desktop/prompt/node_modules/react-dom/cjs/react-dom-server.browser.production.min.js:76:89)

Error occurred prerendering page "/category/sub-categories/birthday/promptDetails/elegant-birthday-graphic-portrait". Read more: https://nextjs.org/docs/messages/prerender-error

ReferenceError: imageUrl is not defined
    at D (/home/jay/Desktop/prompt/.next/server/pages/category/sub-categories/[subcategories]/promptDetails/[promptSlug].js:1:4355)
    at /home/jay/Desktop/prompt/.next/server/pages/category/sub-categories/[subcategories]/promptDetails/[promptSlug].js:1:4820
    at Wc (/home/jay/Desktop/prompt/node_modules/react-dom/cjs/react-dom-server.browser.production.min.js:68:44)
    at Zc (/home/jay/Desktop/prompt/node_modules/react-dom/cjs/react-dom-server.browser.production.min.js:70:253)
    at Z (/home/jay/Desktop/prompt/node_modules/react-dom/cjs/react-dom-server.browser.production.min.js:76:89)
    at Zc (/home/jay/Desktop/prompt/node_modules/react-dom/cjs/react-dom-server.browser.production.min.js:70:481)
    at Z (/home/jay/Desktop/prompt/node_modules/react-dom/cjs/react-dom-server.browser.production.min.js:76:89)
    at $c (/home/jay/Desktop/prompt/node_modules/react-dom/cjs/react-dom-server.browser.production.min.js:78:98)
    at Zc (/home/jay/Desktop/prompt/node_modules/react-dom/cjs/react-dom-server.browser.production.min.js:71:145)
    at Z (/home/jay/Desktop/prompt/node_modules/react-dom/cjs/react-dom-server.browser.production.min.js:76:89)
[Build Time] Fetching all categories from: https://admin.promptland.in/api/get_categories
[Build Time] Successfully fetched 29 categories
[Build Time] Fetching prompts for category 36, subcategory none
[Build Time] Successfully fetched 1 prompts for category 36
[Build Time] Successfully fetched 29 categories
[Build Time] Fetching prompts for category 6, subcategory none
[Build Time] Successfully fetched 36 prompts for category 6
[Build Time] Successfully fetched 36 prompts for category 6
[Build Time] Successfully fetched 36 prompts for category 6
ReferenceError: imageUrl is not defined
    at D (/home/jay/Desktop/prompt/.next/server/pages/category/sub-categories/[subcategories]/promptDetails/[promptSlug].js:1:4355)
    at /home/jay/Desktop/prompt/.next/server/pages/category/sub-categories/[subcategories]/promptDetails/[promptSlug].js:1:4820
    at Wc (/home/jay/Desktop/prompt/node_modules/react-dom/cjs/react-dom-server.browser.production.min.js:68:44)
    at Zc (/home/jay/Desktop/prompt/node_modules/react-dom/cjs/react-dom-server.browser.production.min.js:70:253)
    at Z (/home/jay/Desktop/prompt/node_modules/react-dom/cjs/react-dom-server.browser.production.min.js:76:89)
    at Zc (/home/jay/Desktop/prompt/node_modules/react-dom/cjs/react-dom-server.browser.production.min.js:70:481)
    at Z (/home/jay/Desktop/prompt/node_modules/react-dom/cjs/react-dom-server.browser.production.min.js:76:89)
    at $c (/home/jay/Desktop/prompt/node_modules/react-dom/cjs/react-dom-server.browser.production.min.js:78:98)
    at Zc (/home/jay/Desktop/prompt/node_modules/react-dom/cjs/react-dom-server.browser.production.min.js:71:145)
    at Z (/home/jay/Desktop/prompt/node_modules/react-dom/cjs/react-dom-server.browser.production.min.js:76:89)

Error occurred prerendering page "/category/sub-categories/birthday/promptDetails/realistic-birthday-cake-portrait". Read more: https://nextjs.org/docs/messages/prerender-error

ReferenceError: imageUrl is not defined
    at D (/home/jay/Desktop/prompt/.next/server/pages/category/sub-categories/[subcategories]/promptDetails/[promptSlug].js:1:4355)
    at /home/jay/Desktop/prompt/.next/server/pages/category/sub-categories/[subcategories]/promptDetails/[promptSlug].js:1:4820
    at Wc (/home/jay/Desktop/prompt/node_modules/react-dom/cjs/react-dom-server.browser.production.min.js:68:44)
    at Zc (/home/jay/Desktop/prompt/node_modules/react-dom/cjs/react-dom-server.browser.production.min.js:70:253)
    at Z (/home/jay/Desktop/prompt/node_modules/react-dom/cjs/react-dom-server.browser.production.min.js:76:89)
    at Zc (/home/jay/Desktop/prompt/node_modules/react-dom/cjs/react-dom-server.browser.production.min.js:70:481)
    at Z (/home/jay/Desktop/prompt/node_modules/react-dom/cjs/react-dom-server.browser.production.min.js:76:89)
    at $c (/home/jay/Desktop/prompt/node_modules/react-dom/cjs/react-dom-server.browser.production.min.js:78:98)
    at Zc (/home/jay/Desktop/prompt/node_modules/react-dom/cjs/react-dom-server.browser.production.min.js:71:145)
    at Z (/home/jay/Desktop/prompt/node_modules/react-dom/cjs/react-dom-server.browser.production.min.js:76:89)
[Build Time] Successfully fetched 36 prompts for category 6
ReferenceError: imageUrl is not defined
    at D (/home/jay/Desktop/prompt/.next/server/pages/category/sub-categories/[subcategories]/promptDetails/[promptSlug].js:1:4355)
    at /home/jay/Desktop/prompt/.next/server/pages/category/sub-categories/[subcategories]/promptDetails/[promptSlug].js:1:4820
    at Wc (/home/jay/Desktop/prompt/node_modules/react-dom/cjs/react-dom-server.browser.production.min.js:68:44)
    at Zc (/home/jay/Desktop/prompt/node_modules/react-dom/cjs/react-dom-server.browser.production.min.js:70:253)
    at Z (/home/jay/Desktop/prompt/node_modules/react-dom/cjs/react-dom-server.browser.production.min.js:76:89)
    at Zc (/home/jay/Desktop/prompt/node_modules/react-dom/cjs/react-dom-server.browser.production.min.js:70:481)
    at Z (/home/jay/Desktop/prompt/node_modules/react-dom/cjs/react-dom-server.browser.production.min.js:76:89)
    at $c (/home/jay/Desktop/prompt/node_modules/react-dom/cjs/react-dom-server.browser.production.min.js:78:98)
    at Zc (/home/jay/Desktop/prompt/node_modules/react-dom/cjs/react-dom-server.browser.production.min.js:71:145)
    at Z (/home/jay/Desktop/prompt/node_modules/react-dom/cjs/react-dom-server.browser.production.min.js:76:89)

Error occurred prerendering page "/category/sub-categories/birthday/promptDetails/birthday-graphic-portrait-facing-right". Read more: https://nextjs.org/docs/messages/prerender-error

ReferenceError: imageUrl is not defined
    at D (/home/jay/Desktop/prompt/.next/server/pages/category/sub-categories/[subcategories]/promptDetails/[promptSlug].js:1:4355)
    at /home/jay/Desktop/prompt/.next/server/pages/category/sub-categories/[subcategories]/promptDetails/[promptSlug].js:1:4820
    at Wc (/home/jay/Desktop/prompt/node_modules/react-dom/cjs/react-dom-server.browser.production.min.js:68:44)
    at Zc (/home/jay/Desktop/prompt/node_modules/react-dom/cjs/react-dom-server.browser.production.min.js:70:253)
    at Z (/home/jay/Desktop/prompt/node_modules/react-dom/cjs/react-dom-server.browser.production.min.js:76:89)
    at Zc (/home/jay/Desktop/prompt/node_modules/react-dom/cjs/react-dom-server.browser.production.min.js:70:481)
    at Z (/home/jay/Desktop/prompt/node_modules/react-dom/cjs/react-dom-server.browser.production.min.js:76:89)
    at $c (/home/jay/Desktop/prompt/node_modules/react-dom/cjs/react-dom-server.browser.production.min.js:78:98)
    at Zc (/home/jay/Desktop/prompt/node_modules/react-dom/cjs/react-dom-server.browser.production.min.js:71:145)
    at Z (/home/jay/Desktop/prompt/node_modules/react-dom/cjs/react-dom-server.browser.production.min.js:76:89)
ReferenceError: imageUrl is not defined
    at D (/home/jay/Desktop/prompt/.next/server/pages/category/sub-categories/[subcategories]/promptDetails/[promptSlug].js:1:4355)
    at /home/jay/Desktop/prompt/.next/server/pages/category/sub-categories/[subcategories]/promptDetails/[promptSlug].js:1:4820
    at Wc (/home/jay/Desktop/prompt/node_modules/react-dom/cjs/react-dom-server.browser.production.min.js:68:44)
    at Zc (/home/jay/Desktop/prompt/node_modules/react-dom/cjs/react-dom-server.browser.production.min.js:70:253)
    at Z (/home/jay/Desktop/prompt/node_modules/react-dom/cjs/react-dom-server.browser.production.min.js:76:89)
    at Zc (/home/jay/Desktop/prompt/node_modules/react-dom/cjs/react-dom-server.browser.production.min.js:70:481)
    at Z (/home/jay/Desktop/prompt/node_modules/react-dom/cjs/react-dom-server.browser.production.min.js:76:89)
    at $c (/home/jay/Desktop/prompt/node_modules/react-dom/cjs/react-dom-server.browser.production.min.js:78:98)
    at Zc (/home/jay/Desktop/prompt/node_modules/react-dom/cjs/react-dom-server.browser.production.min.js:71:145)
    at Z (/home/jay/Desktop/prompt/node_modules/react-dom/cjs/react-dom-server.browser.production.min.js:76:89)

Error occurred prerendering page "/category/sub-categories/birthday/promptDetails/high-fashion-birthday-studio-portrait". Read more: https://nextjs.org/docs/messages/prerender-error

ReferenceError: imageUrl is not defined
    at D (/home/jay/Desktop/prompt/.next/server/pages/category/sub-categories/[subcategories]/promptDetails/[promptSlug].js:1:4355)
    at /home/jay/Desktop/prompt/.next/server/pages/category/sub-categories/[subcategories]/promptDetails/[promptSlug].js:1:4820
    at Wc (/home/jay/Desktop/prompt/node_modules/react-dom/cjs/react-dom-server.browser.production.min.js:68:44)
    at Zc (/home/jay/Desktop/prompt/node_modules/react-dom/cjs/react-dom-server.browser.production.min.js:70:253)
    at Z (/home/jay/Desktop/prompt/node_modules/react-dom/cjs/react-dom-server.browser.production.min.js:76:89)
    at Zc (/home/jay/Desktop/prompt/node_modules/react-dom/cjs/react-dom-server.browser.production.min.js:70:481)
    at Z (/home/jay/Desktop/prompt/node_modules/react-dom/cjs/react-dom-server.browser.production.min.js:76:89)
    at $c (/home/jay/Desktop/prompt/node_modules/react-dom/cjs/react-dom-server.browser.production.min.js:78:98)
    at Zc (/home/jay/Desktop/prompt/node_modules/react-dom/cjs/react-dom-server.browser.production.min.js:71:145)
    at Z (/home/jay/Desktop/prompt/node_modules/react-dom/cjs/react-dom-server.browser.production.min.js:76:89)
[Build Time] Successfully fetched 36 prompts for category 6
ReferenceError: imageUrl is not defined
    at D (/home/jay/Desktop/prompt/.next/server/pages/category/sub-categories/[subcategories]/promptDetails/[promptSlug].js:1:4355)
    at /home/jay/Desktop/prompt/.next/server/pages/category/sub-categories/[subcategories]/promptDetails/[promptSlug].js:1:4820
    at Wc (/home/jay/Desktop/prompt/node_modules/react-dom/cjs/react-dom-server.browser.production.min.js:68:44)
    at Zc (/home/jay/Desktop/prompt/node_modules/react-dom/cjs/react-dom-server.browser.production.min.js:70:253)
    at Z (/home/jay/Desktop/prompt/node_modules/react-dom/cjs/react-dom-server.browser.production.min.js:76:89)
    at Zc (/home/jay/Desktop/prompt/node_modules/react-dom/cjs/react-dom-server.browser.production.min.js:70:481)
    at Z (/home/jay/Desktop/prompt/node_modules/react-dom/cjs/react-dom-server.browser.production.min.js:76:89)
    at $c (/home/jay/Desktop/prompt/node_modules/react-dom/cjs/react-dom-server.browser.production.min.js:78:98)
    at Zc (/home/jay/Desktop/prompt/node_modules/react-dom/cjs/react-dom-server.browser.production.min.js:71:145)
    at Z (/home/jay/Desktop/prompt/node_modules/react-dom/cjs/react-dom-server.browser.production.min.js:76:89)

Error occurred prerendering page "/category/sub-categories/birthday/promptDetails/birthday-poster-with-crossed-arms". Read more: https://nextjs.org/docs/messages/prerender-error

ReferenceError: imageUrl is not defined
    at D (/home/jay/Desktop/prompt/.next/server/pages/category/sub-categories/[subcategories]/promptDetails/[promptSlug].js:1:4355)
    at /home/jay/Desktop/prompt/.next/server/pages/category/sub-categories/[subcategories]/promptDetails/[promptSlug].js:1:4820
    at Wc (/home/jay/Desktop/prompt/node_modules/react-dom/cjs/react-dom-server.browser.production.min.js:68:44)
    at Zc (/home/jay/Desktop/prompt/node_modules/react-dom/cjs/react-dom-server.browser.production.min.js:70:253)
    at Z (/home/jay/Desktop/prompt/node_modules/react-dom/cjs/react-dom-server.browser.production.min.js:76:89)
    at Zc (/home/jay/Desktop/prompt/node_modules/react-dom/cjs/react-dom-server.browser.production.min.js:70:481)
    at Z (/home/jay/Desktop/prompt/node_modules/react-dom/cjs/react-dom-server.browser.production.min.js:76:89)
    at $c (/home/jay/Desktop/prompt/node_modules/react-dom/cjs/react-dom-server.browser.production.min.js:78:98)
    at Zc (/home/jay/Desktop/prompt/node_modules/react-dom/cjs/react-dom-server.browser.production.min.js:71:145)
    at Z (/home/jay/Desktop/prompt/node_modules/react-dom/cjs/react-dom-server.browser.production.min.js:76:89)
ReferenceError: imageUrl is not defined
    at D (/home/jay/Desktop/prompt/.next/server/pages/category/sub-categories/[subcategories]/promptDetails/[promptSlug].js:1:4355)
    at /home/jay/Desktop/prompt/.next/server/pages/category/sub-categories/[subcategories]/promptDetails/[promptSlug].js:1:4820
    at Wc (/home/jay/Desktop/prompt/node_modules/react-dom/cjs/react-dom-server.browser.production.min.js:68:44)
    at Zc (/home/jay/Desktop/prompt/node_modules/react-dom/cjs/react-dom-server.browser.production.min.js:70:253)
    at Z (/home/jay/Desktop/prompt/node_modules/react-dom/cjs/react-dom-server.browser.production.min.js:76:89)
    at Zc (/home/jay/Desktop/prompt/node_modules/react-dom/cjs/react-dom-server.browser.production.min.js:70:481)
    at Z (/home/jay/Desktop/prompt/node_modules/react-dom/cjs/react-dom-server.browser.production.min.js:76:89)
    at $c (/home/jay/Desktop/prompt/node_modules/react-dom/cjs/react-dom-server.browser.production.min.js:78:98)
    at Zc (/home/jay/Desktop/prompt/node_modules/react-dom/cjs/react-dom-server.browser.production.min.js:71:145)
    at Z (/home/jay/Desktop/prompt/node_modules/react-dom/cjs/react-dom-server.browser.production.min.js:76:89)

Error occurred prerendering page "/category/sub-categories/birthday/promptDetails/cinematic-birthday-celebration-scene". Read more: https://nextjs.org/docs/messages/prerender-error

ReferenceError: imageUrl is not defined
    at D (/home/jay/Desktop/prompt/.next/server/pages/category/sub-categories/[subcategories]/promptDetails/[promptSlug].js:1:4355)
    at /home/jay/Desktop/prompt/.next/server/pages/category/sub-categories/[subcategories]/promptDetails/[promptSlug].js:1:4820
    at Wc (/home/jay/Desktop/prompt/node_modules/react-dom/cjs/react-dom-server.browser.production.min.js:68:44)
    at Zc (/home/jay/Desktop/prompt/node_modules/react-dom/cjs/react-dom-server.browser.production.min.js:70:253)
    at Z (/home/jay/Desktop/prompt/node_modules/react-dom/cjs/react-dom-server.browser.production.min.js:76:89)
    at Zc (/home/jay/Desktop/prompt/node_modules/react-dom/cjs/react-dom-server.browser.production.min.js:70:481)
    at Z (/home/jay/Desktop/prompt/node_modules/react-dom/cjs/react-dom-server.browser.production.min.js:76:89)
    at $c (/home/jay/Desktop/prompt/node_modules/react-dom/cjs/react-dom-server.browser.production.min.js:78:98)
    at Zc (/home/jay/Desktop/prompt/node_modules/react-dom/cjs/react-dom-server.browser.production.min.js:71:145)
    at Z (/home/jay/Desktop/prompt/node_modules/react-dom/cjs/react-dom-server.browser.production.min.js:76:89)
[Build Time] Successfully fetched 29 categories
[Build Time] Fetching prompts for category 6, subcategory none
[Build Time] Successfully fetched 36 prompts for category 6
ReferenceError: imageUrl is not defined
    at D (/home/jay/Desktop/prompt/.next/server/pages/category/sub-categories/[subcategories]/promptDetails/[promptSlug].js:1:4355)
    at /home/jay/Desktop/prompt/.next/server/pages/category/sub-categories/[subcategories]/promptDetails/[promptSlug].js:1:4820
    at Wc (/home/jay/Desktop/prompt/node_modules/react-dom/cjs/react-dom-server.browser.production.min.js:68:44)
    at Zc (/home/jay/Desktop/prompt/node_modules/react-dom/cjs/react-dom-server.browser.production.min.js:70:253)
    at Z (/home/jay/Desktop/prompt/node_modules/react-dom/cjs/react-dom-server.browser.production.min.js:76:89)
    at Zc (/home/jay/Desktop/prompt/node_modules/react-dom/cjs/react-dom-server.browser.production.min.js:70:481)
    at Z (/home/jay/Desktop/prompt/node_modules/react-dom/cjs/react-dom-server.browser.production.min.js:76:89)
    at $c (/home/jay/Desktop/prompt/node_modules/react-dom/cjs/react-dom-server.browser.production.min.js:78:98)
    at Zc (/home/jay/Desktop/prompt/node_modules/react-dom/cjs/react-dom-server.browser.production.min.js:71:145)
    at Z (/home/jay/Desktop/prompt/node_modules/react-dom/cjs/react-dom-server.browser.production.min.js:76:89)

Error occurred prerendering page "/category/sub-categories/ipl-fever/promptDetails/joyful-celebration-with-your-team-just-select-your-team". Read more: https://nextjs.org/docs/messages/prerender-error

ReferenceError: imageUrl is not defined
    at D (/home/jay/Desktop/prompt/.next/server/pages/category/sub-categories/[subcategories]/promptDetails/[promptSlug].js:1:4355)
    at /home/jay/Desktop/prompt/.next/server/pages/category/sub-categories/[subcategories]/promptDetails/[promptSlug].js:1:4820
    at Wc (/home/jay/Desktop/prompt/node_modules/react-dom/cjs/react-dom-server.browser.production.min.js:68:44)
    at Zc (/home/jay/Desktop/prompt/node_modules/react-dom/cjs/react-dom-server.browser.production.min.js:70:253)
    at Z (/home/jay/Desktop/prompt/node_modules/react-dom/cjs/react-dom-server.browser.production.min.js:76:89)
    at Zc (/home/jay/Desktop/prompt/node_modules/react-dom/cjs/react-dom-server.browser.production.min.js:70:481)
    at Z (/home/jay/Desktop/prompt/node_modules/react-dom/cjs/react-dom-server.browser.production.min.js:76:89)
    at $c (/home/jay/Desktop/prompt/node_modules/react-dom/cjs/react-dom-server.browser.production.min.js:78:98)
    at Zc (/home/jay/Desktop/prompt/node_modules/react-dom/cjs/react-dom-server.browser.production.min.js:71:145)
    at Z (/home/jay/Desktop/prompt/node_modules/react-dom/cjs/react-dom-server.browser.production.min.js:76:89)
ReferenceError: imageUrl is not defined
    at D (/home/jay/Desktop/prompt/.next/server/pages/category/sub-categories/[subcategories]/promptDetails/[promptSlug].js:1:4355)
    at /home/jay/Desktop/prompt/.next/server/pages/category/sub-categories/[subcategories]/promptDetails/[promptSlug].js:1:4820
    at Wc (/home/jay/Desktop/prompt/node_modules/react-dom/cjs/react-dom-server.browser.production.min.js:68:44)
    at Zc (/home/jay/Desktop/prompt/node_modules/react-dom/cjs/react-dom-server.browser.production.min.js:70:253)
    at Z (/home/jay/Desktop/prompt/node_modules/react-dom/cjs/react-dom-server.browser.production.min.js:76:89)
    at Zc (/home/jay/Desktop/prompt/node_modules/react-dom/cjs/react-dom-server.browser.production.min.js:70:481)
    at Z (/home/jay/Desktop/prompt/node_modules/react-dom/cjs/react-dom-server.browser.production.min.js:76:89)
    at $c (/home/jay/Desktop/prompt/node_modules/react-dom/cjs/react-dom-server.browser.production.min.js:78:98)
    at Zc (/home/jay/Desktop/prompt/node_modules/react-dom/cjs/react-dom-server.browser.production.min.js:71:145)
    at Z (/home/jay/Desktop/prompt/node_modules/react-dom/cjs/react-dom-server.browser.production.min.js:76:89)

Error occurred prerendering page "/category/sub-categories/birthday/promptDetails/luxury-velvet-birthday-portrait". Read more: https://nextjs.org/docs/messages/prerender-error

ReferenceError: imageUrl is not defined
    at D (/home/jay/Desktop/prompt/.next/server/pages/category/sub-categories/[subcategories]/promptDetails/[promptSlug].js:1:4355)
    at /home/jay/Desktop/prompt/.next/server/pages/category/sub-categories/[subcategories]/promptDetails/[promptSlug].js:1:4820
    at Wc (/home/jay/Desktop/prompt/node_modules/react-dom/cjs/react-dom-server.browser.production.min.js:68:44)
    at Zc (/home/jay/Desktop/prompt/node_modules/react-dom/cjs/react-dom-server.browser.production.min.js:70:253)
    at Z (/home/jay/Desktop/prompt/node_modules/react-dom/cjs/react-dom-server.browser.production.min.js:76:89)
    at Zc (/home/jay/Desktop/prompt/node_modules/react-dom/cjs/react-dom-server.browser.production.min.js:70:481)
    at Z (/home/jay/Desktop/prompt/node_modules/react-dom/cjs/react-dom-server.browser.production.min.js:76:89)
    at $c (/home/jay/Desktop/prompt/node_modules/react-dom/cjs/react-dom-server.browser.production.min.js:78:98)
    at Zc (/home/jay/Desktop/prompt/node_modules/react-dom/cjs/react-dom-server.browser.production.min.js:71:145)
    at Z (/home/jay/Desktop/prompt/node_modules/react-dom/cjs/react-dom-server.browser.production.min.js:76:89)
[Build Time] Fetching all categories from: https://admin.promptland.in/api/get_categories
[Build Time] Fetching all categories from: https://admin.promptland.in/api/get_categories
[Build Time] Fetching all categories from: https://admin.promptland.in/api/get_categories
[Build Time] Fetching all categories from: https://admin.promptland.in/api/get_categories
[Build Time] Fetching all categories from: https://admin.promptland.in/api/get_categories
[Build Time] Fetching all categories from: https://admin.promptland.in/api/get_categories
[Build Time] Fetching all categories from: https://admin.promptland.in/api/get_categories
[Build Time] Successfully fetched 29 categories
[Build Time] Fetching prompts for category 12, subcategory none
[Build Time] Successfully fetched 29 categories
[Build Time] Fetching prompts for category 12, subcategory none
[Build Time] Successfully fetched 29 categories
[Build Time] Fetching prompts for category 12, subcategory none
[Build Time] Successfully fetched 29 categories
[Build Time] Fetching prompts for category 12, subcategory none
[Build Time] Successfully fetched 29 categories
[Build Time] Fetching prompts for category 12, subcategory none
[Build Time] Successfully fetched 29 categories
[Build Time] Fetching prompts for category 12, subcategory none
[Build Time] Successfully fetched 29 categories
[Build Time] Fetching prompts for category 12, subcategory none
[Build Time] Successfully fetched 28 prompts for category 12
[Build Time] Successfully fetched 28 prompts for category 12
[Build Time] Successfully fetched 28 prompts for category 12
[Build Time] Successfully fetched 28 prompts for category 12
[Build Time] Successfully fetched 28 prompts for category 12
ReferenceError: imageUrl is not defined
    at D (/home/jay/Desktop/prompt/.next/server/pages/category/sub-categories/[subcategories]/promptDetails/[promptSlug].js:1:4355)
    at /home/jay/Desktop/prompt/.next/server/pages/category/sub-categories/[subcategories]/promptDetails/[promptSlug].js:1:4820
    at Wc (/home/jay/Desktop/prompt/node_modules/react-dom/cjs/react-dom-server.browser.production.min.js:68:44)
    at Zc (/home/jay/Desktop/prompt/node_modules/react-dom/cjs/react-dom-server.browser.production.min.js:70:253)
    at Z (/home/jay/Desktop/prompt/node_modules/react-dom/cjs/react-dom-server.browser.production.min.js:76:89)
    at Zc (/home/jay/Desktop/prompt/node_modules/react-dom/cjs/react-dom-server.browser.production.min.js:70:481)
    at Z (/home/jay/Desktop/prompt/node_modules/react-dom/cjs/react-dom-server.browser.production.min.js:76:89)
    at $c (/home/jay/Desktop/prompt/node_modules/react-dom/cjs/react-dom-server.browser.production.min.js:78:98)
    at Zc (/home/jay/Desktop/prompt/node_modules/react-dom/cjs/react-dom-server.browser.production.min.js:71:145)
    at Z (/home/jay/Desktop/prompt/node_modules/react-dom/cjs/react-dom-server.browser.production.min.js:76:89)

Error occurred prerendering page "/category/sub-categories/art/promptDetails/monochrome-graffiti-doodles". Read more: https://nextjs.org/docs/messages/prerender-error

ReferenceError: imageUrl is not defined
    at D (/home/jay/Desktop/prompt/.next/server/pages/category/sub-categories/[subcategories]/promptDetails/[promptSlug].js:1:4355)
    at /home/jay/Desktop/prompt/.next/server/pages/category/sub-categories/[subcategories]/promptDetails/[promptSlug].js:1:4820
    at Wc (/home/jay/Desktop/prompt/node_modules/react-dom/cjs/react-dom-server.browser.production.min.js:68:44)
    at Zc (/home/jay/Desktop/prompt/node_modules/react-dom/cjs/react-dom-server.browser.production.min.js:70:253)
    at Z (/home/jay/Desktop/prompt/node_modules/react-dom/cjs/react-dom-server.browser.production.min.js:76:89)
    at Zc (/home/jay/Desktop/prompt/node_modules/react-dom/cjs/react-dom-server.browser.production.min.js:70:481)
    at Z (/home/jay/Desktop/prompt/node_modules/react-dom/cjs/react-dom-server.browser.production.min.js:76:89)
    at $c (/home/jay/Desktop/prompt/node_modules/react-dom/cjs/react-dom-server.browser.production.min.js:78:98)
    at Zc (/home/jay/Desktop/prompt/node_modules/react-dom/cjs/react-dom-server.browser.production.min.js:71:145)
    at Z (/home/jay/Desktop/prompt/node_modules/react-dom/cjs/react-dom-server.browser.production.min.js:76:89)
ReferenceError: imageUrl is not defined
    at D (/home/jay/Desktop/prompt/.next/server/pages/category/sub-categories/[subcategories]/promptDetails/[promptSlug].js:1:4355)
    at /home/jay/Desktop/prompt/.next/server/pages/category/sub-categories/[subcategories]/promptDetails/[promptSlug].js:1:4820
    at Wc (/home/jay/Desktop/prompt/node_modules/react-dom/cjs/react-dom-server.browser.production.min.js:68:44)
    at Zc (/home/jay/Desktop/prompt/node_modules/react-dom/cjs/react-dom-server.browser.production.min.js:70:253)
    at Z (/home/jay/Desktop/prompt/node_modules/react-dom/cjs/react-dom-server.browser.production.min.js:76:89)
    at Zc (/home/jay/Desktop/prompt/node_modules/react-dom/cjs/react-dom-server.browser.production.min.js:70:481)
    at Z (/home/jay/Desktop/prompt/node_modules/react-dom/cjs/react-dom-server.browser.production.min.js:76:89)
    at $c (/home/jay/Desktop/prompt/node_modules/react-dom/cjs/react-dom-server.browser.production.min.js:78:98)
    at Zc (/home/jay/Desktop/prompt/node_modules/react-dom/cjs/react-dom-server.browser.production.min.js:71:145)
    at Z (/home/jay/Desktop/prompt/node_modules/react-dom/cjs/react-dom-server.browser.production.min.js:76:89)

Error occurred prerendering page "/category/sub-categories/art/promptDetails/man-observing-his-own-portrait". Read more: https://nextjs.org/docs/messages/prerender-error

ReferenceError: imageUrl is not defined
    at D (/home/jay/Desktop/prompt/.next/server/pages/category/sub-categories/[subcategories]/promptDetails/[promptSlug].js:1:4355)
    at /home/jay/Desktop/prompt/.next/server/pages/category/sub-categories/[subcategories]/promptDetails/[promptSlug].js:1:4820
    at Wc (/home/jay/Desktop/prompt/node_modules/react-dom/cjs/react-dom-server.browser.production.min.js:68:44)
    at Zc (/home/jay/Desktop/prompt/node_modules/react-dom/cjs/react-dom-server.browser.production.min.js:70:253)
    at Z (/home/jay/Desktop/prompt/node_modules/react-dom/cjs/react-dom-server.browser.production.min.js:76:89)
    at Zc (/home/jay/Desktop/prompt/node_modules/react-dom/cjs/react-dom-server.browser.production.min.js:70:481)
    at Z (/home/jay/Desktop/prompt/node_modules/react-dom/cjs/react-dom-server.browser.production.min.js:76:89)
    at $c (/home/jay/Desktop/prompt/node_modules/react-dom/cjs/react-dom-server.browser.production.min.js:78:98)
    at Zc (/home/jay/Desktop/prompt/node_modules/react-dom/cjs/react-dom-server.browser.production.min.js:71:145)
    at Z (/home/jay/Desktop/prompt/node_modules/react-dom/cjs/react-dom-server.browser.production.min.js:76:89)
ReferenceError: imageUrl is not defined
    at D (/home/jay/Desktop/prompt/.next/server/pages/category/sub-categories/[subcategories]/promptDetails/[promptSlug].js:1:4355)
    at /home/jay/Desktop/prompt/.next/server/pages/category/sub-categories/[subcategories]/promptDetails/[promptSlug].js:1:4820
    at Wc (/home/jay/Desktop/prompt/node_modules/react-dom/cjs/react-dom-server.browser.production.min.js:68:44)
    at Zc (/home/jay/Desktop/prompt/node_modules/react-dom/cjs/react-dom-server.browser.production.min.js:70:253)
    at Z (/home/jay/Desktop/prompt/node_modules/react-dom/cjs/react-dom-server.browser.production.min.js:76:89)
    at Zc (/home/jay/Desktop/prompt/node_modules/react-dom/cjs/react-dom-server.browser.production.min.js:70:481)
    at Z (/home/jay/Desktop/prompt/node_modules/react-dom/cjs/react-dom-server.browser.production.min.js:76:89)
    at $c (/home/jay/Desktop/prompt/node_modules/react-dom/cjs/react-dom-server.browser.production.min.js:78:98)
    at Zc (/home/jay/Desktop/prompt/node_modules/react-dom/cjs/react-dom-server.browser.production.min.js:71:145)
    at Z (/home/jay/Desktop/prompt/node_modules/react-dom/cjs/react-dom-server.browser.production.min.js:76:89)

Error occurred prerendering page "/category/sub-categories/art/promptDetails/the-bohemian-artists-loft". Read more: https://nextjs.org/docs/messages/prerender-error

ReferenceError: imageUrl is not defined
    at D (/home/jay/Desktop/prompt/.next/server/pages/category/sub-categories/[subcategories]/promptDetails/[promptSlug].js:1:4355)
    at /home/jay/Desktop/prompt/.next/server/pages/category/sub-categories/[subcategories]/promptDetails/[promptSlug].js:1:4820
    at Wc (/home/jay/Desktop/prompt/node_modules/react-dom/cjs/react-dom-server.browser.production.min.js:68:44)
    at Zc (/home/jay/Desktop/prompt/node_modules/react-dom/cjs/react-dom-server.browser.production.min.js:70:253)
    at Z (/home/jay/Desktop/prompt/node_modules/react-dom/cjs/react-dom-server.browser.production.min.js:76:89)
    at Zc (/home/jay/Desktop/prompt/node_modules/react-dom/cjs/react-dom-server.browser.production.min.js:70:481)
    at Z (/home/jay/Desktop/prompt/node_modules/react-dom/cjs/react-dom-server.browser.production.min.js:76:89)
    at $c (/home/jay/Desktop/prompt/node_modules/react-dom/cjs/react-dom-server.browser.production.min.js:78:98)
    at Zc (/home/jay/Desktop/prompt/node_modules/react-dom/cjs/react-dom-server.browser.production.min.js:71:145)
    at Z (/home/jay/Desktop/prompt/node_modules/react-dom/cjs/react-dom-server.browser.production.min.js:76:89)
ReferenceError: imageUrl is not defined
    at D (/home/jay/Desktop/prompt/.next/server/pages/category/sub-categories/[subcategories]/promptDetails/[promptSlug].js:1:4355)
    at /home/jay/Desktop/prompt/.next/server/pages/category/sub-categories/[subcategories]/promptDetails/[promptSlug].js:1:4820
    at Wc (/home/jay/Desktop/prompt/node_modules/react-dom/cjs/react-dom-server.browser.production.min.js:68:44)
    at Zc (/home/jay/Desktop/prompt/node_modules/react-dom/cjs/react-dom-server.browser.production.min.js:70:253)
    at Z (/home/jay/Desktop/prompt/node_modules/react-dom/cjs/react-dom-server.browser.production.min.js:76:89)
    at Zc (/home/jay/Desktop/prompt/node_modules/react-dom/cjs/react-dom-server.browser.production.min.js:70:481)
    at Z (/home/jay/Desktop/prompt/node_modules/react-dom/cjs/react-dom-server.browser.production.min.js:76:89)
    at $c (/home/jay/Desktop/prompt/node_modules/react-dom/cjs/react-dom-server.browser.production.min.js:78:98)
    at Zc (/home/jay/Desktop/prompt/node_modules/react-dom/cjs/react-dom-server.browser.production.min.js:71:145)
    at Z (/home/jay/Desktop/prompt/node_modules/react-dom/cjs/react-dom-server.browser.production.min.js:76:89)

Error occurred prerendering page "/category/sub-categories/art/promptDetails/hand-drawn-notebook-portrait-prompt". Read more: https://nextjs.org/docs/messages/prerender-error

ReferenceError: imageUrl is not defined
    at D (/home/jay/Desktop/prompt/.next/server/pages/category/sub-categories/[subcategories]/promptDetails/[promptSlug].js:1:4355)
    at /home/jay/Desktop/prompt/.next/server/pages/category/sub-categories/[subcategories]/promptDetails/[promptSlug].js:1:4820
    at Wc (/home/jay/Desktop/prompt/node_modules/react-dom/cjs/react-dom-server.browser.production.min.js:68:44)
    at Zc (/home/jay/Desktop/prompt/node_modules/react-dom/cjs/react-dom-server.browser.production.min.js:70:253)
    at Z (/home/jay/Desktop/prompt/node_modules/react-dom/cjs/react-dom-server.browser.production.min.js:76:89)
    at Zc (/home/jay/Desktop/prompt/node_modules/react-dom/cjs/react-dom-server.browser.production.min.js:70:481)
    at Z (/home/jay/Desktop/prompt/node_modules/react-dom/cjs/react-dom-server.browser.production.min.js:76:89)
    at $c (/home/jay/Desktop/prompt/node_modules/react-dom/cjs/react-dom-server.browser.production.min.js:78:98)
    at Zc (/home/jay/Desktop/prompt/node_modules/react-dom/cjs/react-dom-server.browser.production.min.js:71:145)
    at Z (/home/jay/Desktop/prompt/node_modules/react-dom/cjs/react-dom-server.browser.production.min.js:76:89)
ReferenceError: imageUrl is not defined
    at D (/home/jay/Desktop/prompt/.next/server/pages/category/sub-categories/[subcategories]/promptDetails/[promptSlug].js:1:4355)
    at /home/jay/Desktop/prompt/.next/server/pages/category/sub-categories/[subcategories]/promptDetails/[promptSlug].js:1:4820
    at Wc (/home/jay/Desktop/prompt/node_modules/react-dom/cjs/react-dom-server.browser.production.min.js:68:44)
    at Zc (/home/jay/Desktop/prompt/node_modules/react-dom/cjs/react-dom-server.browser.production.min.js:70:253)
    at Z (/home/jay/Desktop/prompt/node_modules/react-dom/cjs/react-dom-server.browser.production.min.js:76:89)
    at Zc (/home/jay/Desktop/prompt/node_modules/react-dom/cjs/react-dom-server.browser.production.min.js:70:481)
    at Z (/home/jay/Desktop/prompt/node_modules/react-dom/cjs/react-dom-server.browser.production.min.js:76:89)
    at $c (/home/jay/Desktop/prompt/node_modules/react-dom/cjs/react-dom-server.browser.production.min.js:78:98)
    at Zc (/home/jay/Desktop/prompt/node_modules/react-dom/cjs/react-dom-server.browser.production.min.js:71:145)
    at Z (/home/jay/Desktop/prompt/node_modules/react-dom/cjs/react-dom-server.browser.production.min.js:76:89)

Error occurred prerendering page "/category/sub-categories/art/promptDetails/the-ethereal-forest-nymph-mystical-nature-portrait". Read more: https://nextjs.org/docs/messages/prerender-error

ReferenceError: imageUrl is not defined
    at D (/home/jay/Desktop/prompt/.next/server/pages/category/sub-categories/[subcategories]/promptDetails/[promptSlug].js:1:4355)
    at /home/jay/Desktop/prompt/.next/server/pages/category/sub-categories/[subcategories]/promptDetails/[promptSlug].js:1:4820
    at Wc (/home/jay/Desktop/prompt/node_modules/react-dom/cjs/react-dom-server.browser.production.min.js:68:44)
    at Zc (/home/jay/Desktop/prompt/node_modules/react-dom/cjs/react-dom-server.browser.production.min.js:70:253)
    at Z (/home/jay/Desktop/prompt/node_modules/react-dom/cjs/react-dom-server.browser.production.min.js:76:89)
    at Zc (/home/jay/Desktop/prompt/node_modules/react-dom/cjs/react-dom-server.browser.production.min.js:70:481)
    at Z (/home/jay/Desktop/prompt/node_modules/react-dom/cjs/react-dom-server.browser.production.min.js:76:89)
    at $c (/home/jay/Desktop/prompt/node_modules/react-dom/cjs/react-dom-server.browser.production.min.js:78:98)
    at Zc (/home/jay/Desktop/prompt/node_modules/react-dom/cjs/react-dom-server.browser.production.min.js:71:145)
    at Z (/home/jay/Desktop/prompt/node_modules/react-dom/cjs/react-dom-server.browser.production.min.js:76:89)
[Build Time] Successfully fetched 28 prompts for category 12
[Build Time] Successfully fetched 28 prompts for category 12
ReferenceError: imageUrl is not defined
    at D (/home/jay/Desktop/prompt/.next/server/pages/category/sub-categories/[subcategories]/promptDetails/[promptSlug].js:1:4355)
    at /home/jay/Desktop/prompt/.next/server/pages/category/sub-categories/[subcategories]/promptDetails/[promptSlug].js:1:4820
    at Wc (/home/jay/Desktop/prompt/node_modules/react-dom/cjs/react-dom-server.browser.production.min.js:68:44)
    at Zc (/home/jay/Desktop/prompt/node_modules/react-dom/cjs/react-dom-server.browser.production.min.js:70:253)
    at Z (/home/jay/Desktop/prompt/node_modules/react-dom/cjs/react-dom-server.browser.production.min.js:76:89)
    at Zc (/home/jay/Desktop/prompt/node_modules/react-dom/cjs/react-dom-server.browser.production.min.js:70:481)
    at Z (/home/jay/Desktop/prompt/node_modules/react-dom/cjs/react-dom-server.browser.production.min.js:76:89)
    at $c (/home/jay/Desktop/prompt/node_modules/react-dom/cjs/react-dom-server.browser.production.min.js:78:98)
    at Zc (/home/jay/Desktop/prompt/node_modules/react-dom/cjs/react-dom-server.browser.production.min.js:71:145)
    at Z (/home/jay/Desktop/prompt/node_modules/react-dom/cjs/react-dom-server.browser.production.min.js:76:89)

Error occurred prerendering page "/category/sub-categories/art/promptDetails/the-ashes-of-emotion". Read more: https://nextjs.org/docs/messages/prerender-error

ReferenceError: imageUrl is not defined
    at D (/home/jay/Desktop/prompt/.next/server/pages/category/sub-categories/[subcategories]/promptDetails/[promptSlug].js:1:4355)
    at /home/jay/Desktop/prompt/.next/server/pages/category/sub-categories/[subcategories]/promptDetails/[promptSlug].js:1:4820
    at Wc (/home/jay/Desktop/prompt/node_modules/react-dom/cjs/react-dom-server.browser.production.min.js:68:44)
    at Zc (/home/jay/Desktop/prompt/node_modules/react-dom/cjs/react-dom-server.browser.production.min.js:70:253)
    at Z (/home/jay/Desktop/prompt/node_modules/react-dom/cjs/react-dom-server.browser.production.min.js:76:89)
    at Zc (/home/jay/Desktop/prompt/node_modules/react-dom/cjs/react-dom-server.browser.production.min.js:70:481)
    at Z (/home/jay/Desktop/prompt/node_modules/react-dom/cjs/react-dom-server.browser.production.min.js:76:89)
    at $c (/home/jay/Desktop/prompt/node_modules/react-dom/cjs/react-dom-server.browser.production.min.js:78:98)
    at Zc (/home/jay/Desktop/prompt/node_modules/react-dom/cjs/react-dom-server.browser.production.min.js:71:145)
    at Z (/home/jay/Desktop/prompt/node_modules/react-dom/cjs/react-dom-server.browser.production.min.js:76:89)
ReferenceError: imageUrl is not defined
    at D (/home/jay/Desktop/prompt/.next/server/pages/category/sub-categories/[subcategories]/promptDetails/[promptSlug].js:1:4355)
    at /home/jay/Desktop/prompt/.next/server/pages/category/sub-categories/[subcategories]/promptDetails/[promptSlug].js:1:4820
    at Wc (/home/jay/Desktop/prompt/node_modules/react-dom/cjs/react-dom-server.browser.production.min.js:68:44)
    at Zc (/home/jay/Desktop/prompt/node_modules/react-dom/cjs/react-dom-server.browser.production.min.js:70:253)
    at Z (/home/jay/Desktop/prompt/node_modules/react-dom/cjs/react-dom-server.browser.production.min.js:76:89)
    at Zc (/home/jay/Desktop/prompt/node_modules/react-dom/cjs/react-dom-server.browser.production.min.js:70:481)
    at Z (/home/jay/Desktop/prompt/node_modules/react-dom/cjs/react-dom-server.browser.production.min.js:76:89)
    at $c (/home/jay/Desktop/prompt/node_modules/react-dom/cjs/react-dom-server.browser.production.min.js:78:98)
    at Zc (/home/jay/Desktop/prompt/node_modules/react-dom/cjs/react-dom-server.browser.production.min.js:71:145)
    at Z (/home/jay/Desktop/prompt/node_modules/react-dom/cjs/react-dom-server.browser.production.min.js:76:89)

Error occurred prerendering page "/category/sub-categories/art/promptDetails/apocalyptic-double-exposure". Read more: https://nextjs.org/docs/messages/prerender-error

ReferenceError: imageUrl is not defined
    at D (/home/jay/Desktop/prompt/.next/server/pages/category/sub-categories/[subcategories]/promptDetails/[promptSlug].js:1:4355)
    at /home/jay/Desktop/prompt/.next/server/pages/category/sub-categories/[subcategories]/promptDetails/[promptSlug].js:1:4820
    at Wc (/home/jay/Desktop/prompt/node_modules/react-dom/cjs/react-dom-server.browser.production.min.js:68:44)
    at Zc (/home/jay/Desktop/prompt/node_modules/react-dom/cjs/react-dom-server.browser.production.min.js:70:253)
    at Z (/home/jay/Desktop/prompt/node_modules/react-dom/cjs/react-dom-server.browser.production.min.js:76:89)
    at Zc (/home/jay/Desktop/prompt/node_modules/react-dom/cjs/react-dom-server.browser.production.min.js:70:481)
    at Z (/home/jay/Desktop/prompt/node_modules/react-dom/cjs/react-dom-server.browser.production.min.js:76:89)
    at $c (/home/jay/Desktop/prompt/node_modules/react-dom/cjs/react-dom-server.browser.production.min.js:78:98)
    at Zc (/home/jay/Desktop/prompt/node_modules/react-dom/cjs/react-dom-server.browser.production.min.js:71:145)
    at Z (/home/jay/Desktop/prompt/node_modules/react-dom/cjs/react-dom-server.browser.production.min.js:76:89)
[Build Time] Fetching all categories from: https://admin.promptland.in/api/get_categories
[Build Time] Fetching all categories from: https://admin.promptland.in/api/get_categories
[Build Time] Fetching all categories from: https://admin.promptland.in/api/get_categories
[Build Time] Fetching all categories from: https://admin.promptland.in/api/get_categories
[Build Time] Fetching all categories from: https://admin.promptland.in/api/get_categories
[Build Time] Fetching all categories from: https://admin.promptland.in/api/get_categories
[Build Time] Fetching all categories from: https://admin.promptland.in/api/get_categories
[Build Time] Successfully fetched 29 categories
[Build Time] Fetching prompts for category 12, subcategory none
[Build Time] Successfully fetched 29 categories
[Build Time] Fetching prompts for category 12, subcategory none
[Build Time] Successfully fetched 29 categories
[Build Time] Fetching prompts for category 12, subcategory none
[Build Time] Successfully fetched 29 categories
[Build Time] Fetching prompts for category 12, subcategory none
[Build Time] Successfully fetched 29 categories
[Build Time] Fetching prompts for category 12, subcategory none
[Build Time] Successfully fetched 29 categories
[Build Time] Fetching prompts for category 12, subcategory none
[Build Time] Successfully fetched 29 categories
[Build Time] Fetching prompts for category 12, subcategory none
[Build Time] Successfully fetched 28 prompts for category 12
[Build Time] Successfully fetched 28 prompts for category 12
[Build Time] Successfully fetched 28 prompts for category 12
[Build Time] Successfully fetched 28 prompts for category 12
[Build Time] Successfully fetched 28 prompts for category 12
ReferenceError: imageUrl is not defined
    at D (/home/jay/Desktop/prompt/.next/server/pages/category/sub-categories/[subcategories]/promptDetails/[promptSlug].js:1:4355)
    at /home/jay/Desktop/prompt/.next/server/pages/category/sub-categories/[subcategories]/promptDetails/[promptSlug].js:1:4820
    at Wc (/home/jay/Desktop/prompt/node_modules/react-dom/cjs/react-dom-server.browser.production.min.js:68:44)
    at Zc (/home/jay/Desktop/prompt/node_modules/react-dom/cjs/react-dom-server.browser.production.min.js:70:253)
    at Z (/home/jay/Desktop/prompt/node_modules/react-dom/cjs/react-dom-server.browser.production.min.js:76:89)
    at Zc (/home/jay/Desktop/prompt/node_modules/react-dom/cjs/react-dom-server.browser.production.min.js:70:481)
    at Z (/home/jay/Desktop/prompt/node_modules/react-dom/cjs/react-dom-server.browser.production.min.js:76:89)
    at $c (/home/jay/Desktop/prompt/node_modules/react-dom/cjs/react-dom-server.browser.production.min.js:78:98)
    at Zc (/home/jay/Desktop/prompt/node_modules/react-dom/cjs/react-dom-server.browser.production.min.js:71:145)
    at Z (/home/jay/Desktop/prompt/node_modules/react-dom/cjs/react-dom-server.browser.production.min.js:76:89)

Error occurred prerendering page "/category/sub-categories/art/promptDetails/ink-sketch-style-portrait-prompt". Read more: https://nextjs.org/docs/messages/prerender-error

ReferenceError: imageUrl is not defined
    at D (/home/jay/Desktop/prompt/.next/server/pages/category/sub-categories/[subcategories]/promptDetails/[promptSlug].js:1:4355)
    at /home/jay/Desktop/prompt/.next/server/pages/category/sub-categories/[subcategories]/promptDetails/[promptSlug].js:1:4820
    at Wc (/home/jay/Desktop/prompt/node_modules/react-dom/cjs/react-dom-server.browser.production.min.js:68:44)
    at Zc (/home/jay/Desktop/prompt/node_modules/react-dom/cjs/react-dom-server.browser.production.min.js:70:253)
    at Z (/home/jay/Desktop/prompt/node_modules/react-dom/cjs/react-dom-server.browser.production.min.js:76:89)
    at Zc (/home/jay/Desktop/prompt/node_modules/react-dom/cjs/react-dom-server.browser.production.min.js:70:481)
    at Z (/home/jay/Desktop/prompt/node_modules/react-dom/cjs/react-dom-server.browser.production.min.js:76:89)
    at $c (/home/jay/Desktop/prompt/node_modules/react-dom/cjs/react-dom-server.browser.production.min.js:78:98)
    at Zc (/home/jay/Desktop/prompt/node_modules/react-dom/cjs/react-dom-server.browser.production.min.js:71:145)
    at Z (/home/jay/Desktop/prompt/node_modules/react-dom/cjs/react-dom-server.browser.production.min.js:76:89)
ReferenceError: imageUrl is not defined
    at D (/home/jay/Desktop/prompt/.next/server/pages/category/sub-categories/[subcategories]/promptDetails/[promptSlug].js:1:4355)
    at /home/jay/Desktop/prompt/.next/server/pages/category/sub-categories/[subcategories]/promptDetails/[promptSlug].js:1:4820
    at Wc (/home/jay/Desktop/prompt/node_modules/react-dom/cjs/react-dom-server.browser.production.min.js:68:44)
    at Zc (/home/jay/Desktop/prompt/node_modules/react-dom/cjs/react-dom-server.browser.production.min.js:70:253)
    at Z (/home/jay/Desktop/prompt/node_modules/react-dom/cjs/react-dom-server.browser.production.min.js:76:89)
    at Zc (/home/jay/Desktop/prompt/node_modules/react-dom/cjs/react-dom-server.browser.production.min.js:70:481)
    at Z (/home/jay/Desktop/prompt/node_modules/react-dom/cjs/react-dom-server.browser.production.min.js:76:89)
    at $c (/home/jay/Desktop/prompt/node_modules/react-dom/cjs/react-dom-server.browser.production.min.js:78:98)
    at Zc (/home/jay/Desktop/prompt/node_modules/react-dom/cjs/react-dom-server.browser.production.min.js:71:145)
    at Z (/home/jay/Desktop/prompt/node_modules/react-dom/cjs/react-dom-server.browser.production.min.js:76:89)

Error occurred prerendering page "/category/sub-categories/art/promptDetails/red-and-yellow-pen-illustration-prompt". Read more: https://nextjs.org/docs/messages/prerender-error

ReferenceError: imageUrl is not defined
    at D (/home/jay/Desktop/prompt/.next/server/pages/category/sub-categories/[subcategories]/promptDetails/[promptSlug].js:1:4355)
    at /home/jay/Desktop/prompt/.next/server/pages/category/sub-categories/[subcategories]/promptDetails/[promptSlug].js:1:4820
    at Wc (/home/jay/Desktop/prompt/node_modules/react-dom/cjs/react-dom-server.browser.production.min.js:68:44)
    at Zc (/home/jay/Desktop/prompt/node_modules/react-dom/cjs/react-dom-server.browser.production.min.js:70:253)
    at Z (/home/jay/Desktop/prompt/node_modules/react-dom/cjs/react-dom-server.browser.production.min.js:76:89)
    at Zc (/home/jay/Desktop/prompt/node_modules/react-dom/cjs/react-dom-server.browser.production.min.js:70:481)
    at Z (/home/jay/Desktop/prompt/node_modules/react-dom/cjs/react-dom-server.browser.production.min.js:76:89)
    at $c (/home/jay/Desktop/prompt/node_modules/react-dom/cjs/react-dom-server.browser.production.min.js:78:98)
    at Zc (/home/jay/Desktop/prompt/node_modules/react-dom/cjs/react-dom-server.browser.production.min.js:71:145)
    at Z (/home/jay/Desktop/prompt/node_modules/react-dom/cjs/react-dom-server.browser.production.min.js:76:89)
ReferenceError: imageUrl is not defined
    at D (/home/jay/Desktop/prompt/.next/server/pages/category/sub-categories/[subcategories]/promptDetails/[promptSlug].js:1:4355)
    at /home/jay/Desktop/prompt/.next/server/pages/category/sub-categories/[subcategories]/promptDetails/[promptSlug].js:1:4820
    at Wc (/home/jay/Desktop/prompt/node_modules/react-dom/cjs/react-dom-server.browser.production.min.js:68:44)
    at Zc (/home/jay/Desktop/prompt/node_modules/react-dom/cjs/react-dom-server.browser.production.min.js:70:253)
    at Z (/home/jay/Desktop/prompt/node_modules/react-dom/cjs/react-dom-server.browser.production.min.js:76:89)
    at Zc (/home/jay/Desktop/prompt/node_modules/react-dom/cjs/react-dom-server.browser.production.min.js:70:481)
    at Z (/home/jay/Desktop/prompt/node_modules/react-dom/cjs/react-dom-server.browser.production.min.js:76:89)
    at $c (/home/jay/Desktop/prompt/node_modules/react-dom/cjs/react-dom-server.browser.production.min.js:78:98)
    at Zc (/home/jay/Desktop/prompt/node_modules/react-dom/cjs/react-dom-server.browser.production.min.js:71:145)
    at Z (/home/jay/Desktop/prompt/node_modules/react-dom/cjs/react-dom-server.browser.production.min.js:76:89)

Error occurred prerendering page "/category/sub-categories/art/promptDetails/mixed-media-brainstorm-portrait". Read more: https://nextjs.org/docs/messages/prerender-error

ReferenceError: imageUrl is not defined
    at D (/home/jay/Desktop/prompt/.next/server/pages/category/sub-categories/[subcategories]/promptDetails/[promptSlug].js:1:4355)
    at /home/jay/Desktop/prompt/.next/server/pages/category/sub-categories/[subcategories]/promptDetails/[promptSlug].js:1:4820
    at Wc (/home/jay/Desktop/prompt/node_modules/react-dom/cjs/react-dom-server.browser.production.min.js:68:44)
    at Zc (/home/jay/Desktop/prompt/node_modules/react-dom/cjs/react-dom-server.browser.production.min.js:70:253)
    at Z (/home/jay/Desktop/prompt/node_modules/react-dom/cjs/react-dom-server.browser.production.min.js:76:89)
    at Zc (/home/jay/Desktop/prompt/node_modules/react-dom/cjs/react-dom-server.browser.production.min.js:70:481)
    at Z (/home/jay/Desktop/prompt/node_modules/react-dom/cjs/react-dom-server.browser.production.min.js:76:89)
    at $c (/home/jay/Desktop/prompt/node_modules/react-dom/cjs/react-dom-server.browser.production.min.js:78:98)
    at Zc (/home/jay/Desktop/prompt/node_modules/react-dom/cjs/react-dom-server.browser.production.min.js:71:145)
    at Z (/home/jay/Desktop/prompt/node_modules/react-dom/cjs/react-dom-server.browser.production.min.js:76:89)
ReferenceError: imageUrl is not defined
    at D (/home/jay/Desktop/prompt/.next/server/pages/category/sub-categories/[subcategories]/promptDetails/[promptSlug].js:1:4355)
    at /home/jay/Desktop/prompt/.next/server/pages/category/sub-categories/[subcategories]/promptDetails/[promptSlug].js:1:4820
    at Wc (/home/jay/Desktop/prompt/node_modules/react-dom/cjs/react-dom-server.browser.production.min.js:68:44)
    at Zc (/home/jay/Desktop/prompt/node_modules/react-dom/cjs/react-dom-server.browser.production.min.js:70:253)
    at Z (/home/jay/Desktop/prompt/node_modules/react-dom/cjs/react-dom-server.browser.production.min.js:76:89)
    at Zc (/home/jay/Desktop/prompt/node_modules/react-dom/cjs/react-dom-server.browser.production.min.js:70:481)
    at Z (/home/jay/Desktop/prompt/node_modules/react-dom/cjs/react-dom-server.browser.production.min.js:76:89)
    at $c (/home/jay/Desktop/prompt/node_modules/react-dom/cjs/react-dom-server.browser.production.min.js:78:98)
    at Zc (/home/jay/Desktop/prompt/node_modules/react-dom/cjs/react-dom-server.browser.production.min.js:71:145)
    at Z (/home/jay/Desktop/prompt/node_modules/react-dom/cjs/react-dom-server.browser.production.min.js:76:89)

Error occurred prerendering page "/category/sub-categories/art/promptDetails/ethereal-floral-portrait-variant". Read more: https://nextjs.org/docs/messages/prerender-error

ReferenceError: imageUrl is not defined
    at D (/home/jay/Desktop/prompt/.next/server/pages/category/sub-categories/[subcategories]/promptDetails/[promptSlug].js:1:4355)
    at /home/jay/Desktop/prompt/.next/server/pages/category/sub-categories/[subcategories]/promptDetails/[promptSlug].js:1:4820
    at Wc (/home/jay/Desktop/prompt/node_modules/react-dom/cjs/react-dom-server.browser.production.min.js:68:44)
    at Zc (/home/jay/Desktop/prompt/node_modules/react-dom/cjs/react-dom-server.browser.production.min.js:70:253)
    at Z (/home/jay/Desktop/prompt/node_modules/react-dom/cjs/react-dom-server.browser.production.min.js:76:89)
    at Zc (/home/jay/Desktop/prompt/node_modules/react-dom/cjs/react-dom-server.browser.production.min.js:70:481)
    at Z (/home/jay/Desktop/prompt/node_modules/react-dom/cjs/react-dom-server.browser.production.min.js:76:89)
    at $c (/home/jay/Desktop/prompt/node_modules/react-dom/cjs/react-dom-server.browser.production.min.js:78:98)
    at Zc (/home/jay/Desktop/prompt/node_modules/react-dom/cjs/react-dom-server.browser.production.min.js:71:145)
    at Z (/home/jay/Desktop/prompt/node_modules/react-dom/cjs/react-dom-server.browser.production.min.js:76:89)
ReferenceError: imageUrl is not defined
    at D (/home/jay/Desktop/prompt/.next/server/pages/category/sub-categories/[subcategories]/promptDetails/[promptSlug].js:1:4355)
    at /home/jay/Desktop/prompt/.next/server/pages/category/sub-categories/[subcategories]/promptDetails/[promptSlug].js:1:4820
    at Wc (/home/jay/Desktop/prompt/node_modules/react-dom/cjs/react-dom-server.browser.production.min.js:68:44)
    at Zc (/home/jay/Desktop/prompt/node_modules/react-dom/cjs/react-dom-server.browser.production.min.js:70:253)
    at Z (/home/jay/Desktop/prompt/node_modules/react-dom/cjs/react-dom-server.browser.production.min.js:76:89)
    at Zc (/home/jay/Desktop/prompt/node_modules/react-dom/cjs/react-dom-server.browser.production.min.js:70:481)
    at Z (/home/jay/Desktop/prompt/node_modules/react-dom/cjs/react-dom-server.browser.production.min.js:76:89)
    at $c (/home/jay/Desktop/prompt/node_modules/react-dom/cjs/react-dom-server.browser.production.min.js:78:98)
    at Zc (/home/jay/Desktop/prompt/node_modules/react-dom/cjs/react-dom-server.browser.production.min.js:71:145)
    at Z (/home/jay/Desktop/prompt/node_modules/react-dom/cjs/react-dom-server.browser.production.min.js:76:89)

Error occurred prerendering page "/category/sub-categories/art/promptDetails/thoughtful-doodle-portrait-prompt". Read more: https://nextjs.org/docs/messages/prerender-error

ReferenceError: imageUrl is not defined
    at D (/home/jay/Desktop/prompt/.next/server/pages/category/sub-categories/[subcategories]/promptDetails/[promptSlug].js:1:4355)
    at /home/jay/Desktop/prompt/.next/server/pages/category/sub-categories/[subcategories]/promptDetails/[promptSlug].js:1:4820
    at Wc (/home/jay/Desktop/prompt/node_modules/react-dom/cjs/react-dom-server.browser.production.min.js:68:44)
    at Zc (/home/jay/Desktop/prompt/node_modules/react-dom/cjs/react-dom-server.browser.production.min.js:70:253)
    at Z (/home/jay/Desktop/prompt/node_modules/react-dom/cjs/react-dom-server.browser.production.min.js:76:89)
    at Zc (/home/jay/Desktop/prompt/node_modules/react-dom/cjs/react-dom-server.browser.production.min.js:70:481)
    at Z (/home/jay/Desktop/prompt/node_modules/react-dom/cjs/react-dom-server.browser.production.min.js:76:89)
    at $c (/home/jay/Desktop/prompt/node_modules/react-dom/cjs/react-dom-server.browser.production.min.js:78:98)
    at Zc (/home/jay/Desktop/prompt/node_modules/react-dom/cjs/react-dom-server.browser.production.min.js:71:145)
    at Z (/home/jay/Desktop/prompt/node_modules/react-dom/cjs/react-dom-server.browser.production.min.js:76:89)
[Build Time] Successfully fetched 28 prompts for category 12
[Build Time] Successfully fetched 28 prompts for category 12
ReferenceError: imageUrl is not defined
    at D (/home/jay/Desktop/prompt/.next/server/pages/category/sub-categories/[subcategories]/promptDetails/[promptSlug].js:1:4355)
    at /home/jay/Desktop/prompt/.next/server/pages/category/sub-categories/[subcategories]/promptDetails/[promptSlug].js:1:4820
    at Wc (/home/jay/Desktop/prompt/node_modules/react-dom/cjs/react-dom-server.browser.production.min.js:68:44)
    at Zc (/home/jay/Desktop/prompt/node_modules/react-dom/cjs/react-dom-server.browser.production.min.js:70:253)
    at Z (/home/jay/Desktop/prompt/node_modules/react-dom/cjs/react-dom-server.browser.production.min.js:76:89)
    at Zc (/home/jay/Desktop/prompt/node_modules/react-dom/cjs/react-dom-server.browser.production.min.js:70:481)
    at Z (/home/jay/Desktop/prompt/node_modules/react-dom/cjs/react-dom-server.browser.production.min.js:76:89)
    at $c (/home/jay/Desktop/prompt/node_modules/react-dom/cjs/react-dom-server.browser.production.min.js:78:98)
    at Zc (/home/jay/Desktop/prompt/node_modules/react-dom/cjs/react-dom-server.browser.production.min.js:71:145)
    at Z (/home/jay/Desktop/prompt/node_modules/react-dom/cjs/react-dom-server.browser.production.min.js:76:89)

Error occurred prerendering page "/category/sub-categories/art/promptDetails/monochrome-ink-illustration". Read more: https://nextjs.org/docs/messages/prerender-error

ReferenceError: imageUrl is not defined
    at D (/home/jay/Desktop/prompt/.next/server/pages/category/sub-categories/[subcategories]/promptDetails/[promptSlug].js:1:4355)
    at /home/jay/Desktop/prompt/.next/server/pages/category/sub-categories/[subcategories]/promptDetails/[promptSlug].js:1:4820
    at Wc (/home/jay/Desktop/prompt/node_modules/react-dom/cjs/react-dom-server.browser.production.min.js:68:44)
    at Zc (/home/jay/Desktop/prompt/node_modules/react-dom/cjs/react-dom-server.browser.production.min.js:70:253)
    at Z (/home/jay/Desktop/prompt/node_modules/react-dom/cjs/react-dom-server.browser.production.min.js:76:89)
    at Zc (/home/jay/Desktop/prompt/node_modules/react-dom/cjs/react-dom-server.browser.production.min.js:70:481)
    at Z (/home/jay/Desktop/prompt/node_modules/react-dom/cjs/react-dom-server.browser.production.min.js:76:89)
    at $c (/home/jay/Desktop/prompt/node_modules/react-dom/cjs/react-dom-server.browser.production.min.js:78:98)
    at Zc (/home/jay/Desktop/prompt/node_modules/react-dom/cjs/react-dom-server.browser.production.min.js:71:145)
    at Z (/home/jay/Desktop/prompt/node_modules/react-dom/cjs/react-dom-server.browser.production.min.js:76:89)
ReferenceError: imageUrl is not defined
    at D (/home/jay/Desktop/prompt/.next/server/pages/category/sub-categories/[subcategories]/promptDetails/[promptSlug].js:1:4355)
    at /home/jay/Desktop/prompt/.next/server/pages/category/sub-categories/[subcategories]/promptDetails/[promptSlug].js:1:4820
    at Wc (/home/jay/Desktop/prompt/node_modules/react-dom/cjs/react-dom-server.browser.production.min.js:68:44)
    at Zc (/home/jay/Desktop/prompt/node_modules/react-dom/cjs/react-dom-server.browser.production.min.js:70:253)
    at Z (/home/jay/Desktop/prompt/node_modules/react-dom/cjs/react-dom-server.browser.production.min.js:76:89)
    at Zc (/home/jay/Desktop/prompt/node_modules/react-dom/cjs/react-dom-server.browser.production.min.js:70:481)
    at Z (/home/jay/Desktop/prompt/node_modules/react-dom/cjs/react-dom-server.browser.production.min.js:76:89)
    at $c (/home/jay/Desktop/prompt/node_modules/react-dom/cjs/react-dom-server.browser.production.min.js:78:98)
    at Zc (/home/jay/Desktop/prompt/node_modules/react-dom/cjs/react-dom-server.browser.production.min.js:71:145)
    at Z (/home/jay/Desktop/prompt/node_modules/react-dom/cjs/react-dom-server.browser.production.min.js:76:89)

Error occurred prerendering page "/category/sub-categories/art/promptDetails/floral-ethereal-portrait-prompt". Read more: https://nextjs.org/docs/messages/prerender-error

ReferenceError: imageUrl is not defined
    at D (/home/jay/Desktop/prompt/.next/server/pages/category/sub-categories/[subcategories]/promptDetails/[promptSlug].js:1:4355)
    at /home/jay/Desktop/prompt/.next/server/pages/category/sub-categories/[subcategories]/promptDetails/[promptSlug].js:1:4820
    at Wc (/home/jay/Desktop/prompt/node_modules/react-dom/cjs/react-dom-server.browser.production.min.js:68:44)
    at Zc (/home/jay/Desktop/prompt/node_modules/react-dom/cjs/react-dom-server.browser.production.min.js:70:253)
    at Z (/home/jay/Desktop/prompt/node_modules/react-dom/cjs/react-dom-server.browser.production.min.js:76:89)
    at Zc (/home/jay/Desktop/prompt/node_modules/react-dom/cjs/react-dom-server.browser.production.min.js:70:481)
    at Z (/home/jay/Desktop/prompt/node_modules/react-dom/cjs/react-dom-server.browser.production.min.js:76:89)
    at $c (/home/jay/Desktop/prompt/node_modules/react-dom/cjs/react-dom-server.browser.production.min.js:78:98)
    at Zc (/home/jay/Desktop/prompt/node_modules/react-dom/cjs/react-dom-server.browser.production.min.js:71:145)
    at Z (/home/jay/Desktop/prompt/node_modules/react-dom/cjs/react-dom-server.browser.production.min.js:76:89)
[Build Time] Fetching all categories from: https://admin.promptland.in/api/get_categories
[Build Time] Fetching all categories from: https://admin.promptland.in/api/get_categories
[Build Time] Fetching all categories from: https://admin.promptland.in/api/get_categories
[Build Time] Fetching all categories from: https://admin.promptland.in/api/get_categories
[Build Time] Fetching all categories from: https://admin.promptland.in/api/get_categories
[Build Time] Fetching all categories from: https://admin.promptland.in/api/get_categories
[Build Time] Fetching all categories from: https://admin.promptland.in/api/get_categories
[Build Time] Successfully fetched 29 categories
[Build Time] Fetching prompts for category 12, subcategory none
[Build Time] Successfully fetched 29 categories
[Build Time] Fetching prompts for category 12, subcategory none
[Build Time] Successfully fetched 29 categories
[Build Time] Fetching prompts for category 12, subcategory none
[Build Time] Successfully fetched 29 categories
[Build Time] Fetching prompts for category 12, subcategory none
[Build Time] Successfully fetched 29 categories
[Build Time] Fetching prompts for category 12, subcategory none
[Build Time] Successfully fetched 29 categories
[Build Time] Fetching prompts for category 12, subcategory none
[Build Time] Successfully fetched 29 categories
[Build Time] Fetching prompts for category 12, subcategory none
[Build Time] Successfully fetched 28 prompts for category 12
[Build Time] Successfully fetched 28 prompts for category 12
ReferenceError: imageUrl is not defined
    at D (/home/jay/Desktop/prompt/.next/server/pages/category/sub-categories/[subcategories]/promptDetails/[promptSlug].js:1:4355)
    at /home/jay/Desktop/prompt/.next/server/pages/category/sub-categories/[subcategories]/promptDetails/[promptSlug].js:1:4820
    at Wc (/home/jay/Desktop/prompt/node_modules/react-dom/cjs/react-dom-server.browser.production.min.js:68:44)
    at Zc (/home/jay/Desktop/prompt/node_modules/react-dom/cjs/react-dom-server.browser.production.min.js:70:253)
    at Z (/home/jay/Desktop/prompt/node_modules/react-dom/cjs/react-dom-server.browser.production.min.js:76:89)
    at Zc (/home/jay/Desktop/prompt/node_modules/react-dom/cjs/react-dom-server.browser.production.min.js:70:481)
    at Z (/home/jay/Desktop/prompt/node_modules/react-dom/cjs/react-dom-server.browser.production.min.js:76:89)
    at $c (/home/jay/Desktop/prompt/node_modules/react-dom/cjs/react-dom-server.browser.production.min.js:78:98)
    at Zc (/home/jay/Desktop/prompt/node_modules/react-dom/cjs/react-dom-server.browser.production.min.js:71:145)
    at Z (/home/jay/Desktop/prompt/node_modules/react-dom/cjs/react-dom-server.browser.production.min.js:76:89)

Error occurred prerendering page "/category/sub-categories/art/promptDetails/monochrome-ink-illustration-portrait". Read more: https://nextjs.org/docs/messages/prerender-error

ReferenceError: imageUrl is not defined
    at D (/home/jay/Desktop/prompt/.next/server/pages/category/sub-categories/[subcategories]/promptDetails/[promptSlug].js:1:4355)
    at /home/jay/Desktop/prompt/.next/server/pages/category/sub-categories/[subcategories]/promptDetails/[promptSlug].js:1:4820
    at Wc (/home/jay/Desktop/prompt/node_modules/react-dom/cjs/react-dom-server.browser.production.min.js:68:44)
    at Zc (/home/jay/Desktop/prompt/node_modules/react-dom/cjs/react-dom-server.browser.production.min.js:70:253)
    at Z (/home/jay/Desktop/prompt/node_modules/react-dom/cjs/react-dom-server.browser.production.min.js:76:89)
    at Zc (/home/jay/Desktop/prompt/node_modules/react-dom/cjs/react-dom-server.browser.production.min.js:70:481)
    at Z (/home/jay/Desktop/prompt/node_modules/react-dom/cjs/react-dom-server.browser.production.min.js:76:89)
    at $c (/home/jay/Desktop/prompt/node_modules/react-dom/cjs/react-dom-server.browser.production.min.js:78:98)
    at Zc (/home/jay/Desktop/prompt/node_modules/react-dom/cjs/react-dom-server.browser.production.min.js:71:145)
    at Z (/home/jay/Desktop/prompt/node_modules/react-dom/cjs/react-dom-server.browser.production.min.js:76:89)
ReferenceError: imageUrl is not defined
    at D (/home/jay/Desktop/prompt/.next/server/pages/category/sub-categories/[subcategories]/promptDetails/[promptSlug].js:1:4355)
    at /home/jay/Desktop/prompt/.next/server/pages/category/sub-categories/[subcategories]/promptDetails/[promptSlug].js:1:4820
    at Wc (/home/jay/Desktop/prompt/node_modules/react-dom/cjs/react-dom-server.browser.production.min.js:68:44)
    at Zc (/home/jay/Desktop/prompt/node_modules/react-dom/cjs/react-dom-server.browser.production.min.js:70:253)
    at Z (/home/jay/Desktop/prompt/node_modules/react-dom/cjs/react-dom-server.browser.production.min.js:76:89)
    at Zc (/home/jay/Desktop/prompt/node_modules/react-dom/cjs/react-dom-server.browser.production.min.js:70:481)
    at Z (/home/jay/Desktop/prompt/node_modules/react-dom/cjs/react-dom-server.browser.production.min.js:76:89)
    at $c (/home/jay/Desktop/prompt/node_modules/react-dom/cjs/react-dom-server.browser.production.min.js:78:98)
    at Zc (/home/jay/Desktop/prompt/node_modules/react-dom/cjs/react-dom-server.browser.production.min.js:71:145)
    at Z (/home/jay/Desktop/prompt/node_modules/react-dom/cjs/react-dom-server.browser.production.min.js:76:89)

Error occurred prerendering page "/category/sub-categories/art/promptDetails/abstract-oil-painting-portrait". Read more: https://nextjs.org/docs/messages/prerender-error

ReferenceError: imageUrl is not defined
    at D (/home/jay/Desktop/prompt/.next/server/pages/category/sub-categories/[subcategories]/promptDetails/[promptSlug].js:1:4355)
    at /home/jay/Desktop/prompt/.next/server/pages/category/sub-categories/[subcategories]/promptDetails/[promptSlug].js:1:4820
    at Wc (/home/jay/Desktop/prompt/node_modules/react-dom/cjs/react-dom-server.browser.production.min.js:68:44)
    at Zc (/home/jay/Desktop/prompt/node_modules/react-dom/cjs/react-dom-server.browser.production.min.js:70:253)
    at Z (/home/jay/Desktop/prompt/node_modules/react-dom/cjs/react-dom-server.browser.production.min.js:76:89)
    at Zc (/home/jay/Desktop/prompt/node_modules/react-dom/cjs/react-dom-server.browser.production.min.js:70:481)
    at Z (/home/jay/Desktop/prompt/node_modules/react-dom/cjs/react-dom-server.browser.production.min.js:76:89)
    at $c (/home/jay/Desktop/prompt/node_modules/react-dom/cjs/react-dom-server.browser.production.min.js:78:98)
    at Zc (/home/jay/Desktop/prompt/node_modules/react-dom/cjs/react-dom-server.browser.production.min.js:71:145)
    at Z (/home/jay/Desktop/prompt/node_modules/react-dom/cjs/react-dom-server.browser.production.min.js:76:89)
[Build Time] Successfully fetched 28 prompts for category 12
[Build Time] Successfully fetched 28 prompts for category 12
ReferenceError: imageUrl is not defined
    at D (/home/jay/Desktop/prompt/.next/server/pages/category/sub-categories/[subcategories]/promptDetails/[promptSlug].js:1:4355)
    at /home/jay/Desktop/prompt/.next/server/pages/category/sub-categories/[subcategories]/promptDetails/[promptSlug].js:1:4820
    at Wc (/home/jay/Desktop/prompt/node_modules/react-dom/cjs/react-dom-server.browser.production.min.js:68:44)
    at Zc (/home/jay/Desktop/prompt/node_modules/react-dom/cjs/react-dom-server.browser.production.min.js:70:253)
    at Z (/home/jay/Desktop/prompt/node_modules/react-dom/cjs/react-dom-server.browser.production.min.js:76:89)
    at Zc (/home/jay/Desktop/prompt/node_modules/react-dom/cjs/react-dom-server.browser.production.min.js:70:481)
    at Z (/home/jay/Desktop/prompt/node_modules/react-dom/cjs/react-dom-server.browser.production.min.js:76:89)
    at $c (/home/jay/Desktop/prompt/node_modules/react-dom/cjs/react-dom-server.browser.production.min.js:78:98)
    at Zc (/home/jay/Desktop/prompt/node_modules/react-dom/cjs/react-dom-server.browser.production.min.js:71:145)
    at Z (/home/jay/Desktop/prompt/node_modules/react-dom/cjs/react-dom-server.browser.production.min.js:76:89)

Error occurred prerendering page "/category/sub-categories/art/promptDetails/scrapbook-character-study". Read more: https://nextjs.org/docs/messages/prerender-error

ReferenceError: imageUrl is not defined
    at D (/home/jay/Desktop/prompt/.next/server/pages/category/sub-categories/[subcategories]/promptDetails/[promptSlug].js:1:4355)
    at /home/jay/Desktop/prompt/.next/server/pages/category/sub-categories/[subcategories]/promptDetails/[promptSlug].js:1:4820
    at Wc (/home/jay/Desktop/prompt/node_modules/react-dom/cjs/react-dom-server.browser.production.min.js:68:44)
    at Zc (/home/jay/Desktop/prompt/node_modules/react-dom/cjs/react-dom-server.browser.production.min.js:70:253)
    at Z (/home/jay/Desktop/prompt/node_modules/react-dom/cjs/react-dom-server.browser.production.min.js:76:89)
    at Zc (/home/jay/Desktop/prompt/node_modules/react-dom/cjs/react-dom-server.browser.production.min.js:70:481)
    at Z (/home/jay/Desktop/prompt/node_modules/react-dom/cjs/react-dom-server.browser.production.min.js:76:89)
    at $c (/home/jay/Desktop/prompt/node_modules/react-dom/cjs/react-dom-server.browser.production.min.js:78:98)
    at Zc (/home/jay/Desktop/prompt/node_modules/react-dom/cjs/react-dom-server.browser.production.min.js:71:145)
    at Z (/home/jay/Desktop/prompt/node_modules/react-dom/cjs/react-dom-server.browser.production.min.js:76:89)
ReferenceError: imageUrl is not defined
    at D (/home/jay/Desktop/prompt/.next/server/pages/category/sub-categories/[subcategories]/promptDetails/[promptSlug].js:1:4355)
    at /home/jay/Desktop/prompt/.next/server/pages/category/sub-categories/[subcategories]/promptDetails/[promptSlug].js:1:4820
    at Wc (/home/jay/Desktop/prompt/node_modules/react-dom/cjs/react-dom-server.browser.production.min.js:68:44)
    at Zc (/home/jay/Desktop/prompt/node_modules/react-dom/cjs/react-dom-server.browser.production.min.js:70:253)
    at Z (/home/jay/Desktop/prompt/node_modules/react-dom/cjs/react-dom-server.browser.production.min.js:76:89)
    at Zc (/home/jay/Desktop/prompt/node_modules/react-dom/cjs/react-dom-server.browser.production.min.js:70:481)
    at Z (/home/jay/Desktop/prompt/node_modules/react-dom/cjs/react-dom-server.browser.production.min.js:76:89)
    at $c (/home/jay/Desktop/prompt/node_modules/react-dom/cjs/react-dom-server.browser.production.min.js:78:98)
    at Zc (/home/jay/Desktop/prompt/node_modules/react-dom/cjs/react-dom-server.browser.production.min.js:71:145)
    at Z (/home/jay/Desktop/prompt/node_modules/react-dom/cjs/react-dom-server.browser.production.min.js:76:89)

Error occurred prerendering page "/category/sub-categories/art/promptDetails/hand-drawn-sketch-description". Read more: https://nextjs.org/docs/messages/prerender-error

ReferenceError: imageUrl is not defined
    at D (/home/jay/Desktop/prompt/.next/server/pages/category/sub-categories/[subcategories]/promptDetails/[promptSlug].js:1:4355)
    at /home/jay/Desktop/prompt/.next/server/pages/category/sub-categories/[subcategories]/promptDetails/[promptSlug].js:1:4820
    at Wc (/home/jay/Desktop/prompt/node_modules/react-dom/cjs/react-dom-server.browser.production.min.js:68:44)
    at Zc (/home/jay/Desktop/prompt/node_modules/react-dom/cjs/react-dom-server.browser.production.min.js:70:253)
    at Z (/home/jay/Desktop/prompt/node_modules/react-dom/cjs/react-dom-server.browser.production.min.js:76:89)
    at Zc (/home/jay/Desktop/prompt/node_modules/react-dom/cjs/react-dom-server.browser.production.min.js:70:481)
    at Z (/home/jay/Desktop/prompt/node_modules/react-dom/cjs/react-dom-server.browser.production.min.js:76:89)
    at $c (/home/jay/Desktop/prompt/node_modules/react-dom/cjs/react-dom-server.browser.production.min.js:78:98)
    at Zc (/home/jay/Desktop/prompt/node_modules/react-dom/cjs/react-dom-server.browser.production.min.js:71:145)
    at Z (/home/jay/Desktop/prompt/node_modules/react-dom/cjs/react-dom-server.browser.production.min.js:76:89)
[Build Time] Successfully fetched 28 prompts for category 12
[Build Time] Successfully fetched 28 prompts for category 12
ReferenceError: imageUrl is not defined
    at D (/home/jay/Desktop/prompt/.next/server/pages/category/sub-categories/[subcategories]/promptDetails/[promptSlug].js:1:4355)
    at /home/jay/Desktop/prompt/.next/server/pages/category/sub-categories/[subcategories]/promptDetails/[promptSlug].js:1:4820
    at Wc (/home/jay/Desktop/prompt/node_modules/react-dom/cjs/react-dom-server.browser.production.min.js:68:44)
    at Zc (/home/jay/Desktop/prompt/node_modules/react-dom/cjs/react-dom-server.browser.production.min.js:70:253)
    at Z (/home/jay/Desktop/prompt/node_modules/react-dom/cjs/react-dom-server.browser.production.min.js:76:89)
    at Zc (/home/jay/Desktop/prompt/node_modules/react-dom/cjs/react-dom-server.browser.production.min.js:70:481)
    at Z (/home/jay/Desktop/prompt/node_modules/react-dom/cjs/react-dom-server.browser.production.min.js:76:89)
    at $c (/home/jay/Desktop/prompt/node_modules/react-dom/cjs/react-dom-server.browser.production.min.js:78:98)
    at Zc (/home/jay/Desktop/prompt/node_modules/react-dom/cjs/react-dom-server.browser.production.min.js:71:145)
    at Z (/home/jay/Desktop/prompt/node_modules/react-dom/cjs/react-dom-server.browser.production.min.js:76:89)

Error occurred prerendering page "/category/sub-categories/art/promptDetails/dramatic-stylized-yellow-portrait". Read more: https://nextjs.org/docs/messages/prerender-error

ReferenceError: imageUrl is not defined
    at D (/home/jay/Desktop/prompt/.next/server/pages/category/sub-categories/[subcategories]/promptDetails/[promptSlug].js:1:4355)
    at /home/jay/Desktop/prompt/.next/server/pages/category/sub-categories/[subcategories]/promptDetails/[promptSlug].js:1:4820
    at Wc (/home/jay/Desktop/prompt/node_modules/react-dom/cjs/react-dom-server.browser.production.min.js:68:44)
    at Zc (/home/jay/Desktop/prompt/node_modules/react-dom/cjs/react-dom-server.browser.production.min.js:70:253)
    at Z (/home/jay/Desktop/prompt/node_modules/react-dom/cjs/react-dom-server.browser.production.min.js:76:89)
    at Zc (/home/jay/Desktop/prompt/node_modules/react-dom/cjs/react-dom-server.browser.production.min.js:70:481)
    at Z (/home/jay/Desktop/prompt/node_modules/react-dom/cjs/react-dom-server.browser.production.min.js:76:89)
    at $c (/home/jay/Desktop/prompt/node_modules/react-dom/cjs/react-dom-server.browser.production.min.js:78:98)
    at Zc (/home/jay/Desktop/prompt/node_modules/react-dom/cjs/react-dom-server.browser.production.min.js:71:145)
    at Z (/home/jay/Desktop/prompt/node_modules/react-dom/cjs/react-dom-server.browser.production.min.js:76:89)
ReferenceError: imageUrl is not defined
    at D (/home/jay/Desktop/prompt/.next/server/pages/category/sub-categories/[subcategories]/promptDetails/[promptSlug].js:1:4355)
    at /home/jay/Desktop/prompt/.next/server/pages/category/sub-categories/[subcategories]/promptDetails/[promptSlug].js:1:4820
    at Wc (/home/jay/Desktop/prompt/node_modules/react-dom/cjs/react-dom-server.browser.production.min.js:68:44)
    at Zc (/home/jay/Desktop/prompt/node_modules/react-dom/cjs/react-dom-server.browser.production.min.js:70:253)
    at Z (/home/jay/Desktop/prompt/node_modules/react-dom/cjs/react-dom-server.browser.production.min.js:76:89)
    at Zc (/home/jay/Desktop/prompt/node_modules/react-dom/cjs/react-dom-server.browser.production.min.js:70:481)
    at Z (/home/jay/Desktop/prompt/node_modules/react-dom/cjs/react-dom-server.browser.production.min.js:76:89)
    at $c (/home/jay/Desktop/prompt/node_modules/react-dom/cjs/react-dom-server.browser.production.min.js:78:98)
    at Zc (/home/jay/Desktop/prompt/node_modules/react-dom/cjs/react-dom-server.browser.production.min.js:71:145)
    at Z (/home/jay/Desktop/prompt/node_modules/react-dom/cjs/react-dom-server.browser.production.min.js:76:89)

Error occurred prerendering page "/category/sub-categories/art/promptDetails/watercolor-workspace-top-down-view". Read more: https://nextjs.org/docs/messages/prerender-error

ReferenceError: imageUrl is not defined
    at D (/home/jay/Desktop/prompt/.next/server/pages/category/sub-categories/[subcategories]/promptDetails/[promptSlug].js:1:4355)
    at /home/jay/Desktop/prompt/.next/server/pages/category/sub-categories/[subcategories]/promptDetails/[promptSlug].js:1:4820
    at Wc (/home/jay/Desktop/prompt/node_modules/react-dom/cjs/react-dom-server.browser.production.min.js:68:44)
    at Zc (/home/jay/Desktop/prompt/node_modules/react-dom/cjs/react-dom-server.browser.production.min.js:70:253)
    at Z (/home/jay/Desktop/prompt/node_modules/react-dom/cjs/react-dom-server.browser.production.min.js:76:89)
    at Zc (/home/jay/Desktop/prompt/node_modules/react-dom/cjs/react-dom-server.browser.production.min.js:70:481)
    at Z (/home/jay/Desktop/prompt/node_modules/react-dom/cjs/react-dom-server.browser.production.min.js:76:89)
    at $c (/home/jay/Desktop/prompt/node_modules/react-dom/cjs/react-dom-server.browser.production.min.js:78:98)
    at Zc (/home/jay/Desktop/prompt/node_modules/react-dom/cjs/react-dom-server.browser.production.min.js:71:145)
    at Z (/home/jay/Desktop/prompt/node_modules/react-dom/cjs/react-dom-server.browser.production.min.js:76:89)
[Build Time] Successfully fetched 28 prompts for category 12
ReferenceError: imageUrl is not defined
    at D (/home/jay/Desktop/prompt/.next/server/pages/category/sub-categories/[subcategories]/promptDetails/[promptSlug].js:1:4355)
    at /home/jay/Desktop/prompt/.next/server/pages/category/sub-categories/[subcategories]/promptDetails/[promptSlug].js:1:4820
    at Wc (/home/jay/Desktop/prompt/node_modules/react-dom/cjs/react-dom-server.browser.production.min.js:68:44)
    at Zc (/home/jay/Desktop/prompt/node_modules/react-dom/cjs/react-dom-server.browser.production.min.js:70:253)
    at Z (/home/jay/Desktop/prompt/node_modules/react-dom/cjs/react-dom-server.browser.production.min.js:76:89)
    at Zc (/home/jay/Desktop/prompt/node_modules/react-dom/cjs/react-dom-server.browser.production.min.js:70:481)
    at Z (/home/jay/Desktop/prompt/node_modules/react-dom/cjs/react-dom-server.browser.production.min.js:76:89)
    at $c (/home/jay/Desktop/prompt/node_modules/react-dom/cjs/react-dom-server.browser.production.min.js:78:98)
    at Zc (/home/jay/Desktop/prompt/node_modules/react-dom/cjs/react-dom-server.browser.production.min.js:71:145)
    at Z (/home/jay/Desktop/prompt/node_modules/react-dom/cjs/react-dom-server.browser.production.min.js:76:89)

Error occurred prerendering page "/category/sub-categories/art/promptDetails/pastel-expressionist-portrait". Read more: https://nextjs.org/docs/messages/prerender-error

ReferenceError: imageUrl is not defined
    at D (/home/jay/Desktop/prompt/.next/server/pages/category/sub-categories/[subcategories]/promptDetails/[promptSlug].js:1:4355)
    at /home/jay/Desktop/prompt/.next/server/pages/category/sub-categories/[subcategories]/promptDetails/[promptSlug].js:1:4820
    at Wc (/home/jay/Desktop/prompt/node_modules/react-dom/cjs/react-dom-server.browser.production.min.js:68:44)
    at Zc (/home/jay/Desktop/prompt/node_modules/react-dom/cjs/react-dom-server.browser.production.min.js:70:253)
    at Z (/home/jay/Desktop/prompt/node_modules/react-dom/cjs/react-dom-server.browser.production.min.js:76:89)
    at Zc (/home/jay/Desktop/prompt/node_modules/react-dom/cjs/react-dom-server.browser.production.min.js:70:481)
    at Z (/home/jay/Desktop/prompt/node_modules/react-dom/cjs/react-dom-server.browser.production.min.js:76:89)
    at $c (/home/jay/Desktop/prompt/node_modules/react-dom/cjs/react-dom-server.browser.production.min.js:78:98)
    at Zc (/home/jay/Desktop/prompt/node_modules/react-dom/cjs/react-dom-server.browser.production.min.js:71:145)
    at Z (/home/jay/Desktop/prompt/node_modules/react-dom/cjs/react-dom-server.browser.production.min.js:76:89)
[Build Time] Fetching all categories from: https://admin.promptland.in/api/get_categories
[Build Time] Successfully fetched 29 categories
[Build Time] Fetching prompts for category 12, subcategory none
[Build Time] Successfully fetched 28 prompts for category 12
[Build Time] Fetching all categories from: https://admin.promptland.in/api/get_categories
[Build Time] Successfully fetched 29 categories
[Build Time] Fetching prompts for category 12, subcategory none
[Build Time] Successfully fetched 28 prompts for category 12
[Build Time] Fetching all categories from: https://admin.promptland.in/api/get_categories
[Build Time] Successfully fetched 29 categories
[Build Time] Fetching prompts for category 12, subcategory none
[Build Time] Successfully fetched 28 prompts for category 12
[Build Time] Fetching all categories from: https://admin.promptland.in/api/get_categories
[Build Time] Successfully fetched 29 categories
[Build Time] Fetching prompts for category 12, subcategory none
[Build Time] Successfully fetched 28 prompts for category 12
[Build Time] Fetching all categories from: https://admin.promptland.in/api/get_categories
[Build Time] Successfully fetched 29 categories
[Build Time] Fetching prompts for category 12, subcategory none
[Build Time] Successfully fetched 28 prompts for category 12
[Build Time] Fetching all categories from: https://admin.promptland.in/api/get_categories
[Build Time] Successfully fetched 29 categories
[Build Time] Fetching prompts for category 12, subcategory none
[Build Time] Successfully fetched 28 prompts for category 12
[Build Time] Fetching all categories from: https://admin.promptland.in/api/get_categories
[Build Time] Successfully fetched 29 categories
[Build Time] Fetching prompts for category 12, subcategory none
[Build Time] Successfully fetched 28 prompts for category 12
ReferenceError: imageUrl is not defined
    at D (/home/jay/Desktop/prompt/.next/server/pages/category/sub-categories/[subcategories]/promptDetails/[promptSlug].js:1:4355)
    at /home/jay/Desktop/prompt/.next/server/pages/category/sub-categories/[subcategories]/promptDetails/[promptSlug].js:1:4820
    at Wc (/home/jay/Desktop/prompt/node_modules/react-dom/cjs/react-dom-server.browser.production.min.js:68:44)
    at Zc (/home/jay/Desktop/prompt/node_modules/react-dom/cjs/react-dom-server.browser.production.min.js:70:253)
    at Z (/home/jay/Desktop/prompt/node_modules/react-dom/cjs/react-dom-server.browser.production.min.js:76:89)
    at Zc (/home/jay/Desktop/prompt/node_modules/react-dom/cjs/react-dom-server.browser.production.min.js:70:481)
    at Z (/home/jay/Desktop/prompt/node_modules/react-dom/cjs/react-dom-server.browser.production.min.js:76:89)
    at $c (/home/jay/Desktop/prompt/node_modules/react-dom/cjs/react-dom-server.browser.production.min.js:78:98)
    at Zc (/home/jay/Desktop/prompt/node_modules/react-dom/cjs/react-dom-server.browser.production.min.js:71:145)
    at Z (/home/jay/Desktop/prompt/node_modules/react-dom/cjs/react-dom-server.browser.production.min.js:76:89)

Error occurred prerendering page "/category/sub-categories/art/promptDetails/watercolor-portrait-illustration-prompt". Read more: https://nextjs.org/docs/messages/prerender-error

ReferenceError: imageUrl is not defined
    at D (/home/jay/Desktop/prompt/.next/server/pages/category/sub-categories/[subcategories]/promptDetails/[promptSlug].js:1:4355)
    at /home/jay/Desktop/prompt/.next/server/pages/category/sub-categories/[subcategories]/promptDetails/[promptSlug].js:1:4820
    at Wc (/home/jay/Desktop/prompt/node_modules/react-dom/cjs/react-dom-server.browser.production.min.js:68:44)
    at Zc (/home/jay/Desktop/prompt/node_modules/react-dom/cjs/react-dom-server.browser.production.min.js:70:253)
    at Z (/home/jay/Desktop/prompt/node_modules/react-dom/cjs/react-dom-server.browser.production.min.js:76:89)
    at Zc (/home/jay/Desktop/prompt/node_modules/react-dom/cjs/react-dom-server.browser.production.min.js:70:481)
    at Z (/home/jay/Desktop/prompt/node_modules/react-dom/cjs/react-dom-server.browser.production.min.js:76:89)
    at $c (/home/jay/Desktop/prompt/node_modules/react-dom/cjs/react-dom-server.browser.production.min.js:78:98)
    at Zc (/home/jay/Desktop/prompt/node_modules/react-dom/cjs/react-dom-server.browser.production.min.js:71:145)
    at Z (/home/jay/Desktop/prompt/node_modules/react-dom/cjs/react-dom-server.browser.production.min.js:76:89)
ReferenceError: imageUrl is not defined
    at D (/home/jay/Desktop/prompt/.next/server/pages/category/sub-categories/[subcategories]/promptDetails/[promptSlug].js:1:4355)
    at /home/jay/Desktop/prompt/.next/server/pages/category/sub-categories/[subcategories]/promptDetails/[promptSlug].js:1:4820
    at Wc (/home/jay/Desktop/prompt/node_modules/react-dom/cjs/react-dom-server.browser.production.min.js:68:44)
    at Zc (/home/jay/Desktop/prompt/node_modules/react-dom/cjs/react-dom-server.browser.production.min.js:70:253)
    at Z (/home/jay/Desktop/prompt/node_modules/react-dom/cjs/react-dom-server.browser.production.min.js:76:89)
    at Zc (/home/jay/Desktop/prompt/node_modules/react-dom/cjs/react-dom-server.browser.production.min.js:70:481)
    at Z (/home/jay/Desktop/prompt/node_modules/react-dom/cjs/react-dom-server.browser.production.min.js:76:89)
    at $c (/home/jay/Desktop/prompt/node_modules/react-dom/cjs/react-dom-server.browser.production.min.js:78:98)
    at Zc (/home/jay/Desktop/prompt/node_modules/react-dom/cjs/react-dom-server.browser.production.min.js:71:145)
    at Z (/home/jay/Desktop/prompt/node_modules/react-dom/cjs/react-dom-server.browser.production.min.js:76:89)

Error occurred prerendering page "/category/sub-categories/art/promptDetails/classical-impressionist-oil-portrait". Read more: https://nextjs.org/docs/messages/prerender-error

ReferenceError: imageUrl is not defined
    at D (/home/jay/Desktop/prompt/.next/server/pages/category/sub-categories/[subcategories]/promptDetails/[promptSlug].js:1:4355)
    at /home/jay/Desktop/prompt/.next/server/pages/category/sub-categories/[subcategories]/promptDetails/[promptSlug].js:1:4820
    at Wc (/home/jay/Desktop/prompt/node_modules/react-dom/cjs/react-dom-server.browser.production.min.js:68:44)
    at Zc (/home/jay/Desktop/prompt/node_modules/react-dom/cjs/react-dom-server.browser.production.min.js:70:253)
    at Z (/home/jay/Desktop/prompt/node_modules/react-dom/cjs/react-dom-server.browser.production.min.js:76:89)
    at Zc (/home/jay/Desktop/prompt/node_modules/react-dom/cjs/react-dom-server.browser.production.min.js:70:481)
    at Z (/home/jay/Desktop/prompt/node_modules/react-dom/cjs/react-dom-server.browser.production.min.js:76:89)
    at $c (/home/jay/Desktop/prompt/node_modules/react-dom/cjs/react-dom-server.browser.production.min.js:78:98)
    at Zc (/home/jay/Desktop/prompt/node_modules/react-dom/cjs/react-dom-server.browser.production.min.js:71:145)
    at Z (/home/jay/Desktop/prompt/node_modules/react-dom/cjs/react-dom-server.browser.production.min.js:76:89)
ReferenceError: imageUrl is not defined
    at D (/home/jay/Desktop/prompt/.next/server/pages/category/sub-categories/[subcategories]/promptDetails/[promptSlug].js:1:4355)
    at /home/jay/Desktop/prompt/.next/server/pages/category/sub-categories/[subcategories]/promptDetails/[promptSlug].js:1:4820
    at Wc (/home/jay/Desktop/prompt/node_modules/react-dom/cjs/react-dom-server.browser.production.min.js:68:44)
    at Zc (/home/jay/Desktop/prompt/node_modules/react-dom/cjs/react-dom-server.browser.production.min.js:70:253)
    at Z (/home/jay/Desktop/prompt/node_modules/react-dom/cjs/react-dom-server.browser.production.min.js:76:89)
    at Zc (/home/jay/Desktop/prompt/node_modules/react-dom/cjs/react-dom-server.browser.production.min.js:70:481)
    at Z (/home/jay/Desktop/prompt/node_modules/react-dom/cjs/react-dom-server.browser.production.min.js:76:89)
    at $c (/home/jay/Desktop/prompt/node_modules/react-dom/cjs/react-dom-server.browser.production.min.js:78:98)
    at Zc (/home/jay/Desktop/prompt/node_modules/react-dom/cjs/react-dom-server.browser.production.min.js:71:145)
    at Z (/home/jay/Desktop/prompt/node_modules/react-dom/cjs/react-dom-server.browser.production.min.js:76:89)

Error occurred prerendering page "/category/sub-categories/art/promptDetails/watercolor-anime-portrait-style". Read more: https://nextjs.org/docs/messages/prerender-error

ReferenceError: imageUrl is not defined
    at D (/home/jay/Desktop/prompt/.next/server/pages/category/sub-categories/[subcategories]/promptDetails/[promptSlug].js:1:4355)
    at /home/jay/Desktop/prompt/.next/server/pages/category/sub-categories/[subcategories]/promptDetails/[promptSlug].js:1:4820
    at Wc (/home/jay/Desktop/prompt/node_modules/react-dom/cjs/react-dom-server.browser.production.min.js:68:44)
    at Zc (/home/jay/Desktop/prompt/node_modules/react-dom/cjs/react-dom-server.browser.production.min.js:70:253)
    at Z (/home/jay/Desktop/prompt/node_modules/react-dom/cjs/react-dom-server.browser.production.min.js:76:89)
    at Zc (/home/jay/Desktop/prompt/node_modules/react-dom/cjs/react-dom-server.browser.production.min.js:70:481)
    at Z (/home/jay/Desktop/prompt/node_modules/react-dom/cjs/react-dom-server.browser.production.min.js:76:89)
    at $c (/home/jay/Desktop/prompt/node_modules/react-dom/cjs/react-dom-server.browser.production.min.js:78:98)
    at Zc (/home/jay/Desktop/prompt/node_modules/react-dom/cjs/react-dom-server.browser.production.min.js:71:145)
    at Z (/home/jay/Desktop/prompt/node_modules/react-dom/cjs/react-dom-server.browser.production.min.js:76:89)
ReferenceError: imageUrl is not defined
    at D (/home/jay/Desktop/prompt/.next/server/pages/category/sub-categories/[subcategories]/promptDetails/[promptSlug].js:1:4355)
    at /home/jay/Desktop/prompt/.next/server/pages/category/sub-categories/[subcategories]/promptDetails/[promptSlug].js:1:4820
    at Wc (/home/jay/Desktop/prompt/node_modules/react-dom/cjs/react-dom-server.browser.production.min.js:68:44)
    at Zc (/home/jay/Desktop/prompt/node_modules/react-dom/cjs/react-dom-server.browser.production.min.js:70:253)
    at Z (/home/jay/Desktop/prompt/node_modules/react-dom/cjs/react-dom-server.browser.production.min.js:76:89)
    at Zc (/home/jay/Desktop/prompt/node_modules/react-dom/cjs/react-dom-server.browser.production.min.js:70:481)
    at Z (/home/jay/Desktop/prompt/node_modules/react-dom/cjs/react-dom-server.browser.production.min.js:76:89)
    at $c (/home/jay/Desktop/prompt/node_modules/react-dom/cjs/react-dom-server.browser.production.min.js:78:98)
    at Zc (/home/jay/Desktop/prompt/node_modules/react-dom/cjs/react-dom-server.browser.production.min.js:71:145)
    at Z (/home/jay/Desktop/prompt/node_modules/react-dom/cjs/react-dom-server.browser.production.min.js:76:89)

Error occurred prerendering page "/category/sub-categories/art/promptDetails/vintage-pen-sketch-portrait". Read more: https://nextjs.org/docs/messages/prerender-error

ReferenceError: imageUrl is not defined
    at D (/home/jay/Desktop/prompt/.next/server/pages/category/sub-categories/[subcategories]/promptDetails/[promptSlug].js:1:4355)
    at /home/jay/Desktop/prompt/.next/server/pages/category/sub-categories/[subcategories]/promptDetails/[promptSlug].js:1:4820
    at Wc (/home/jay/Desktop/prompt/node_modules/react-dom/cjs/react-dom-server.browser.production.min.js:68:44)
    at Zc (/home/jay/Desktop/prompt/node_modules/react-dom/cjs/react-dom-server.browser.production.min.js:70:253)
    at Z (/home/jay/Desktop/prompt/node_modules/react-dom/cjs/react-dom-server.browser.production.min.js:76:89)
    at Zc (/home/jay/Desktop/prompt/node_modules/react-dom/cjs/react-dom-server.browser.production.min.js:70:481)
    at Z (/home/jay/Desktop/prompt/node_modules/react-dom/cjs/react-dom-server.browser.production.min.js:76:89)
    at $c (/home/jay/Desktop/prompt/node_modules/react-dom/cjs/react-dom-server.browser.production.min.js:78:98)
    at Zc (/home/jay/Desktop/prompt/node_modules/react-dom/cjs/react-dom-server.browser.production.min.js:71:145)
    at Z (/home/jay/Desktop/prompt/node_modules/react-dom/cjs/react-dom-server.browser.production.min.js:76:89)
ReferenceError: imageUrl is not defined
    at D (/home/jay/Desktop/prompt/.next/server/pages/category/sub-categories/[subcategories]/promptDetails/[promptSlug].js:1:4355)
    at /home/jay/Desktop/prompt/.next/server/pages/category/sub-categories/[subcategories]/promptDetails/[promptSlug].js:1:4820
    at Wc (/home/jay/Desktop/prompt/node_modules/react-dom/cjs/react-dom-server.browser.production.min.js:68:44)
    at Zc (/home/jay/Desktop/prompt/node_modules/react-dom/cjs/react-dom-server.browser.production.min.js:70:253)
    at Z (/home/jay/Desktop/prompt/node_modules/react-dom/cjs/react-dom-server.browser.production.min.js:76:89)
    at Zc (/home/jay/Desktop/prompt/node_modules/react-dom/cjs/react-dom-server.browser.production.min.js:70:481)
    at Z (/home/jay/Desktop/prompt/node_modules/react-dom/cjs/react-dom-server.browser.production.min.js:76:89)
    at $c (/home/jay/Desktop/prompt/node_modules/react-dom/cjs/react-dom-server.browser.production.min.js:78:98)
    at Zc (/home/jay/Desktop/prompt/node_modules/react-dom/cjs/react-dom-server.browser.production.min.js:71:145)
    at Z (/home/jay/Desktop/prompt/node_modules/react-dom/cjs/react-dom-server.browser.production.min.js:76:89)

Error occurred prerendering page "/category/sub-categories/art/promptDetails/indoor-artist-painting-portrait". Read more: https://nextjs.org/docs/messages/prerender-error

ReferenceError: imageUrl is not defined
    at D (/home/jay/Desktop/prompt/.next/server/pages/category/sub-categories/[subcategories]/promptDetails/[promptSlug].js:1:4355)
    at /home/jay/Desktop/prompt/.next/server/pages/category/sub-categories/[subcategories]/promptDetails/[promptSlug].js:1:4820
    at Wc (/home/jay/Desktop/prompt/node_modules/react-dom/cjs/react-dom-server.browser.production.min.js:68:44)
    at Zc (/home/jay/Desktop/prompt/node_modules/react-dom/cjs/react-dom-server.browser.production.min.js:70:253)
    at Z (/home/jay/Desktop/prompt/node_modules/react-dom/cjs/react-dom-server.browser.production.min.js:76:89)
    at Zc (/home/jay/Desktop/prompt/node_modules/react-dom/cjs/react-dom-server.browser.production.min.js:70:481)
    at Z (/home/jay/Desktop/prompt/node_modules/react-dom/cjs/react-dom-server.browser.production.min.js:76:89)
    at $c (/home/jay/Desktop/prompt/node_modules/react-dom/cjs/react-dom-server.browser.production.min.js:78:98)
    at Zc (/home/jay/Desktop/prompt/node_modules/react-dom/cjs/react-dom-server.browser.production.min.js:71:145)
    at Z (/home/jay/Desktop/prompt/node_modules/react-dom/cjs/react-dom-server.browser.production.min.js:76:89)
ReferenceError: imageUrl is not defined
    at D (/home/jay/Desktop/prompt/.next/server/pages/category/sub-categories/[subcategories]/promptDetails/[promptSlug].js:1:4355)
    at /home/jay/Desktop/prompt/.next/server/pages/category/sub-categories/[subcategories]/promptDetails/[promptSlug].js:1:4820
    at Wc (/home/jay/Desktop/prompt/node_modules/react-dom/cjs/react-dom-server.browser.production.min.js:68:44)
    at Zc (/home/jay/Desktop/prompt/node_modules/react-dom/cjs/react-dom-server.browser.production.min.js:70:253)
    at Z (/home/jay/Desktop/prompt/node_modules/react-dom/cjs/react-dom-server.browser.production.min.js:76:89)
    at Zc (/home/jay/Desktop/prompt/node_modules/react-dom/cjs/react-dom-server.browser.production.min.js:70:481)
    at Z (/home/jay/Desktop/prompt/node_modules/react-dom/cjs/react-dom-server.browser.production.min.js:76:89)
    at $c (/home/jay/Desktop/prompt/node_modules/react-dom/cjs/react-dom-server.browser.production.min.js:78:98)
    at Zc (/home/jay/Desktop/prompt/node_modules/react-dom/cjs/react-dom-server.browser.production.min.js:71:145)
    at Z (/home/jay/Desktop/prompt/node_modules/react-dom/cjs/react-dom-server.browser.production.min.js:76:89)

Error occurred prerendering page "/category/sub-categories/art/promptDetails/cute-cartoon-character-transformation". Read more: https://nextjs.org/docs/messages/prerender-error

ReferenceError: imageUrl is not defined
    at D (/home/jay/Desktop/prompt/.next/server/pages/category/sub-categories/[subcategories]/promptDetails/[promptSlug].js:1:4355)
    at /home/jay/Desktop/prompt/.next/server/pages/category/sub-categories/[subcategories]/promptDetails/[promptSlug].js:1:4820
    at Wc (/home/jay/Desktop/prompt/node_modules/react-dom/cjs/react-dom-server.browser.production.min.js:68:44)
    at Zc (/home/jay/Desktop/prompt/node_modules/react-dom/cjs/react-dom-server.browser.production.min.js:70:253)
    at Z (/home/jay/Desktop/prompt/node_modules/react-dom/cjs/react-dom-server.browser.production.min.js:76:89)
    at Zc (/home/jay/Desktop/prompt/node_modules/react-dom/cjs/react-dom-server.browser.production.min.js:70:481)
    at Z (/home/jay/Desktop/prompt/node_modules/react-dom/cjs/react-dom-server.browser.production.min.js:76:89)
    at $c (/home/jay/Desktop/prompt/node_modules/react-dom/cjs/react-dom-server.browser.production.min.js:78:98)
    at Zc (/home/jay/Desktop/prompt/node_modules/react-dom/cjs/react-dom-server.browser.production.min.js:71:145)
    at Z (/home/jay/Desktop/prompt/node_modules/react-dom/cjs/react-dom-server.browser.production.min.js:76:89)
ReferenceError: imageUrl is not defined
    at D (/home/jay/Desktop/prompt/.next/server/pages/category/sub-categories/[subcategories]/promptDetails/[promptSlug].js:1:4355)
    at /home/jay/Desktop/prompt/.next/server/pages/category/sub-categories/[subcategories]/promptDetails/[promptSlug].js:1:4820
    at Wc (/home/jay/Desktop/prompt/node_modules/react-dom/cjs/react-dom-server.browser.production.min.js:68:44)
    at Zc (/home/jay/Desktop/prompt/node_modules/react-dom/cjs/react-dom-server.browser.production.min.js:70:253)
    at Z (/home/jay/Desktop/prompt/node_modules/react-dom/cjs/react-dom-server.browser.production.min.js:76:89)
    at Zc (/home/jay/Desktop/prompt/node_modules/react-dom/cjs/react-dom-server.browser.production.min.js:70:481)
    at Z (/home/jay/Desktop/prompt/node_modules/react-dom/cjs/react-dom-server.browser.production.min.js:76:89)
    at $c (/home/jay/Desktop/prompt/node_modules/react-dom/cjs/react-dom-server.browser.production.min.js:78:98)
    at Zc (/home/jay/Desktop/prompt/node_modules/react-dom/cjs/react-dom-server.browser.production.min.js:71:145)
    at Z (/home/jay/Desktop/prompt/node_modules/react-dom/cjs/react-dom-server.browser.production.min.js:76:89)

Error occurred prerendering page "/category/sub-categories/art/promptDetails/cute-cartoon-woman-transformation". Read more: https://nextjs.org/docs/messages/prerender-error

ReferenceError: imageUrl is not defined
    at D (/home/jay/Desktop/prompt/.next/server/pages/category/sub-categories/[subcategories]/promptDetails/[promptSlug].js:1:4355)
    at /home/jay/Desktop/prompt/.next/server/pages/category/sub-categories/[subcategories]/promptDetails/[promptSlug].js:1:4820
    at Wc (/home/jay/Desktop/prompt/node_modules/react-dom/cjs/react-dom-server.browser.production.min.js:68:44)
    at Zc (/home/jay/Desktop/prompt/node_modules/react-dom/cjs/react-dom-server.browser.production.min.js:70:253)
    at Z (/home/jay/Desktop/prompt/node_modules/react-dom/cjs/react-dom-server.browser.production.min.js:76:89)
    at Zc (/home/jay/Desktop/prompt/node_modules/react-dom/cjs/react-dom-server.browser.production.min.js:70:481)
    at Z (/home/jay/Desktop/prompt/node_modules/react-dom/cjs/react-dom-server.browser.production.min.js:76:89)
    at $c (/home/jay/Desktop/prompt/node_modules/react-dom/cjs/react-dom-server.browser.production.min.js:78:98)
    at Zc (/home/jay/Desktop/prompt/node_modules/react-dom/cjs/react-dom-server.browser.production.min.js:71:145)
    at Z (/home/jay/Desktop/prompt/node_modules/react-dom/cjs/react-dom-server.browser.production.min.js:76:89)
[Build Time] Fetching all categories from: https://admin.promptland.in/api/get_categories
[Build Time] Fetching all categories from: https://admin.promptland.in/api/get_categories
[Build Time] Fetching all categories from: https://admin.promptland.in/api/get_categories
[Build Time] Fetching all categories from: https://admin.promptland.in/api/get_categories
[Build Time] Fetching all categories from: https://admin.promptland.in/api/get_categories
[Build Time] Fetching all categories from: https://admin.promptland.in/api/get_categories
[Build Time] Fetching all categories from: https://admin.promptland.in/api/get_categories
[Build Time] Successfully fetched 29 categories
[Build Time] Fetching prompts for category 13, subcategory none
[Build Time] Successfully fetched 29 categories
[Build Time] Fetching prompts for category 13, subcategory none
[Build Time] Successfully fetched 29 categories
[Build Time] Fetching prompts for category 13, subcategory none
[Build Time] Successfully fetched 29 categories
[Build Time] Fetching prompts for category 13, subcategory none
[Build Time] Successfully fetched 29 categories
[Build Time] Fetching prompts for category 13, subcategory none
[Build Time] Successfully fetched 29 categories
[Build Time] Fetching prompts for category 13, subcategory none
[Build Time] Successfully fetched 29 categories
[Build Time] Fetching prompts for category 13, subcategory none
[Build Time] Successfully fetched 7 prompts for category 13
[Build Time] Successfully fetched 7 prompts for category 13
[Build Time] Successfully fetched 7 prompts for category 13
ReferenceError: imageUrl is not defined
    at D (/home/jay/Desktop/prompt/.next/server/pages/category/sub-categories/[subcategories]/promptDetails/[promptSlug].js:1:4355)
    at /home/jay/Desktop/prompt/.next/server/pages/category/sub-categories/[subcategories]/promptDetails/[promptSlug].js:1:4820
    at Wc (/home/jay/Desktop/prompt/node_modules/react-dom/cjs/react-dom-server.browser.production.min.js:68:44)
    at Zc (/home/jay/Desktop/prompt/node_modules/react-dom/cjs/react-dom-server.browser.production.min.js:70:253)
    at Z (/home/jay/Desktop/prompt/node_modules/react-dom/cjs/react-dom-server.browser.production.min.js:76:89)
    at Zc (/home/jay/Desktop/prompt/node_modules/react-dom/cjs/react-dom-server.browser.production.min.js:70:481)
    at Z (/home/jay/Desktop/prompt/node_modules/react-dom/cjs/react-dom-server.browser.production.min.js:76:89)
    at $c (/home/jay/Desktop/prompt/node_modules/react-dom/cjs/react-dom-server.browser.production.min.js:78:98)
    at Zc (/home/jay/Desktop/prompt/node_modules/react-dom/cjs/react-dom-server.browser.production.min.js:71:145)
    at Z (/home/jay/Desktop/prompt/node_modules/react-dom/cjs/react-dom-server.browser.production.min.js:76:89)

Error occurred prerendering page "/category/sub-categories/horse/promptDetails/the-galloping-gentleman". Read more: https://nextjs.org/docs/messages/prerender-error

ReferenceError: imageUrl is not defined
    at D (/home/jay/Desktop/prompt/.next/server/pages/category/sub-categories/[subcategories]/promptDetails/[promptSlug].js:1:4355)
    at /home/jay/Desktop/prompt/.next/server/pages/category/sub-categories/[subcategories]/promptDetails/[promptSlug].js:1:4820
    at Wc (/home/jay/Desktop/prompt/node_modules/react-dom/cjs/react-dom-server.browser.production.min.js:68:44)
    at Zc (/home/jay/Desktop/prompt/node_modules/react-dom/cjs/react-dom-server.browser.production.min.js:70:253)
    at Z (/home/jay/Desktop/prompt/node_modules/react-dom/cjs/react-dom-server.browser.production.min.js:76:89)
    at Zc (/home/jay/Desktop/prompt/node_modules/react-dom/cjs/react-dom-server.browser.production.min.js:70:481)
    at Z (/home/jay/Desktop/prompt/node_modules/react-dom/cjs/react-dom-server.browser.production.min.js:76:89)
    at $c (/home/jay/Desktop/prompt/node_modules/react-dom/cjs/react-dom-server.browser.production.min.js:78:98)
    at Zc (/home/jay/Desktop/prompt/node_modules/react-dom/cjs/react-dom-server.browser.production.min.js:71:145)
    at Z (/home/jay/Desktop/prompt/node_modules/react-dom/cjs/react-dom-server.browser.production.min.js:76:89)
ReferenceError: imageUrl is not defined
    at D (/home/jay/Desktop/prompt/.next/server/pages/category/sub-categories/[subcategories]/promptDetails/[promptSlug].js:1:4355)
    at /home/jay/Desktop/prompt/.next/server/pages/category/sub-categories/[subcategories]/promptDetails/[promptSlug].js:1:4820
    at Wc (/home/jay/Desktop/prompt/node_modules/react-dom/cjs/react-dom-server.browser.production.min.js:68:44)
    at Zc (/home/jay/Desktop/prompt/node_modules/react-dom/cjs/react-dom-server.browser.production.min.js:70:253)
    at Z (/home/jay/Desktop/prompt/node_modules/react-dom/cjs/react-dom-server.browser.production.min.js:76:89)
    at Zc (/home/jay/Desktop/prompt/node_modules/react-dom/cjs/react-dom-server.browser.production.min.js:70:481)
    at Z (/home/jay/Desktop/prompt/node_modules/react-dom/cjs/react-dom-server.browser.production.min.js:76:89)
    at $c (/home/jay/Desktop/prompt/node_modules/react-dom/cjs/react-dom-server.browser.production.min.js:78:98)
    at Zc (/home/jay/Desktop/prompt/node_modules/react-dom/cjs/react-dom-server.browser.production.min.js:71:145)
    at Z (/home/jay/Desktop/prompt/node_modules/react-dom/cjs/react-dom-server.browser.production.min.js:76:89)

Error occurred prerendering page "/category/sub-categories/horse/promptDetails/dramatic-outdoor-fashion-portrait-with-horse". Read more: https://nextjs.org/docs/messages/prerender-error

ReferenceError: imageUrl is not defined
    at D (/home/jay/Desktop/prompt/.next/server/pages/category/sub-categories/[subcategories]/promptDetails/[promptSlug].js:1:4355)
    at /home/jay/Desktop/prompt/.next/server/pages/category/sub-categories/[subcategories]/promptDetails/[promptSlug].js:1:4820
    at Wc (/home/jay/Desktop/prompt/node_modules/react-dom/cjs/react-dom-server.browser.production.min.js:68:44)
    at Zc (/home/jay/Desktop/prompt/node_modules/react-dom/cjs/react-dom-server.browser.production.min.js:70:253)
    at Z (/home/jay/Desktop/prompt/node_modules/react-dom/cjs/react-dom-server.browser.production.min.js:76:89)
    at Zc (/home/jay/Desktop/prompt/node_modules/react-dom/cjs/react-dom-server.browser.production.min.js:70:481)
    at Z (/home/jay/Desktop/prompt/node_modules/react-dom/cjs/react-dom-server.browser.production.min.js:76:89)
    at $c (/home/jay/Desktop/prompt/node_modules/react-dom/cjs/react-dom-server.browser.production.min.js:78:98)
    at Zc (/home/jay/Desktop/prompt/node_modules/react-dom/cjs/react-dom-server.browser.production.min.js:71:145)
    at Z (/home/jay/Desktop/prompt/node_modules/react-dom/cjs/react-dom-server.browser.production.min.js:76:89)
[Build Time] Successfully fetched 7 prompts for category 13
ReferenceError: imageUrl is not defined
    at D (/home/jay/Desktop/prompt/.next/server/pages/category/sub-categories/[subcategories]/promptDetails/[promptSlug].js:1:4355)
    at /home/jay/Desktop/prompt/.next/server/pages/category/sub-categories/[subcategories]/promptDetails/[promptSlug].js:1:4820
    at Wc (/home/jay/Desktop/prompt/node_modules/react-dom/cjs/react-dom-server.browser.production.min.js:68:44)
    at Zc (/home/jay/Desktop/prompt/node_modules/react-dom/cjs/react-dom-server.browser.production.min.js:70:253)
    at Z (/home/jay/Desktop/prompt/node_modules/react-dom/cjs/react-dom-server.browser.production.min.js:76:89)
    at Zc (/home/jay/Desktop/prompt/node_modules/react-dom/cjs/react-dom-server.browser.production.min.js:70:481)
    at Z (/home/jay/Desktop/prompt/node_modules/react-dom/cjs/react-dom-server.browser.production.min.js:76:89)
    at $c (/home/jay/Desktop/prompt/node_modules/react-dom/cjs/react-dom-server.browser.production.min.js:78:98)
    at Zc (/home/jay/Desktop/prompt/node_modules/react-dom/cjs/react-dom-server.browser.production.min.js:71:145)
    at Z (/home/jay/Desktop/prompt/node_modules/react-dom/cjs/react-dom-server.browser.production.min.js:76:89)

Error occurred prerendering page "/category/sub-categories/horse/promptDetails/unicorn-fashion-editorial". Read more: https://nextjs.org/docs/messages/prerender-error

ReferenceError: imageUrl is not defined
    at D (/home/jay/Desktop/prompt/.next/server/pages/category/sub-categories/[subcategories]/promptDetails/[promptSlug].js:1:4355)
    at /home/jay/Desktop/prompt/.next/server/pages/category/sub-categories/[subcategories]/promptDetails/[promptSlug].js:1:4820
    at Wc (/home/jay/Desktop/prompt/node_modules/react-dom/cjs/react-dom-server.browser.production.min.js:68:44)
    at Zc (/home/jay/Desktop/prompt/node_modules/react-dom/cjs/react-dom-server.browser.production.min.js:70:253)
    at Z (/home/jay/Desktop/prompt/node_modules/react-dom/cjs/react-dom-server.browser.production.min.js:76:89)
    at Zc (/home/jay/Desktop/prompt/node_modules/react-dom/cjs/react-dom-server.browser.production.min.js:70:481)
    at Z (/home/jay/Desktop/prompt/node_modules/react-dom/cjs/react-dom-server.browser.production.min.js:76:89)
    at $c (/home/jay/Desktop/prompt/node_modules/react-dom/cjs/react-dom-server.browser.production.min.js:78:98)
    at Zc (/home/jay/Desktop/prompt/node_modules/react-dom/cjs/react-dom-server.browser.production.min.js:71:145)
    at Z (/home/jay/Desktop/prompt/node_modules/react-dom/cjs/react-dom-server.browser.production.min.js:76:89)
ReferenceError: imageUrl is not defined
    at D (/home/jay/Desktop/prompt/.next/server/pages/category/sub-categories/[subcategories]/promptDetails/[promptSlug].js:1:4355)
    at /home/jay/Desktop/prompt/.next/server/pages/category/sub-categories/[subcategories]/promptDetails/[promptSlug].js:1:4820
    at Wc (/home/jay/Desktop/prompt/node_modules/react-dom/cjs/react-dom-server.browser.production.min.js:68:44)
    at Zc (/home/jay/Desktop/prompt/node_modules/react-dom/cjs/react-dom-server.browser.production.min.js:70:253)
    at Z (/home/jay/Desktop/prompt/node_modules/react-dom/cjs/react-dom-server.browser.production.min.js:76:89)
    at Zc (/home/jay/Desktop/prompt/node_modules/react-dom/cjs/react-dom-server.browser.production.min.js:70:481)
    at Z (/home/jay/Desktop/prompt/node_modules/react-dom/cjs/react-dom-server.browser.production.min.js:76:89)
    at $c (/home/jay/Desktop/prompt/node_modules/react-dom/cjs/react-dom-server.browser.production.min.js:78:98)
    at Zc (/home/jay/Desktop/prompt/node_modules/react-dom/cjs/react-dom-server.browser.production.min.js:71:145)
    at Z (/home/jay/Desktop/prompt/node_modules/react-dom/cjs/react-dom-server.browser.production.min.js:76:89)

Error occurred prerendering page "/category/sub-categories/horse/promptDetails/high-speed-horse-riding-cinematic-portrait". Read more: https://nextjs.org/docs/messages/prerender-error

ReferenceError: imageUrl is not defined
    at D (/home/jay/Desktop/prompt/.next/server/pages/category/sub-categories/[subcategories]/promptDetails/[promptSlug].js:1:4355)
    at /home/jay/Desktop/prompt/.next/server/pages/category/sub-categories/[subcategories]/promptDetails/[promptSlug].js:1:4820
    at Wc (/home/jay/Desktop/prompt/node_modules/react-dom/cjs/react-dom-server.browser.production.min.js:68:44)
    at Zc (/home/jay/Desktop/prompt/node_modules/react-dom/cjs/react-dom-server.browser.production.min.js:70:253)
    at Z (/home/jay/Desktop/prompt/node_modules/react-dom/cjs/react-dom-server.browser.production.min.js:76:89)
    at Zc (/home/jay/Desktop/prompt/node_modules/react-dom/cjs/react-dom-server.browser.production.min.js:70:481)
    at Z (/home/jay/Desktop/prompt/node_modules/react-dom/cjs/react-dom-server.browser.production.min.js:76:89)
    at $c (/home/jay/Desktop/prompt/node_modules/react-dom/cjs/react-dom-server.browser.production.min.js:78:98)
    at Zc (/home/jay/Desktop/prompt/node_modules/react-dom/cjs/react-dom-server.browser.production.min.js:71:145)
    at Z (/home/jay/Desktop/prompt/node_modules/react-dom/cjs/react-dom-server.browser.production.min.js:76:89)
[Build Time] Fetching all categories from: https://admin.promptland.in/api/get_categories
[Build Time] Fetching all categories from: https://admin.promptland.in/api/get_categories
[Build Time] Fetching all categories from: https://admin.promptland.in/api/get_categories
[Build Time] Fetching all categories from: https://admin.promptland.in/api/get_categories
[Build Time] Successfully fetched 7 prompts for category 13
ReferenceError: imageUrl is not defined
    at D (/home/jay/Desktop/prompt/.next/server/pages/category/sub-categories/[subcategories]/promptDetails/[promptSlug].js:1:4355)
    at /home/jay/Desktop/prompt/.next/server/pages/category/sub-categories/[subcategories]/promptDetails/[promptSlug].js:1:4820
    at Wc (/home/jay/Desktop/prompt/node_modules/react-dom/cjs/react-dom-server.browser.production.min.js:68:44)
    at Zc (/home/jay/Desktop/prompt/node_modules/react-dom/cjs/react-dom-server.browser.production.min.js:70:253)
    at Z (/home/jay/Desktop/prompt/node_modules/react-dom/cjs/react-dom-server.browser.production.min.js:76:89)
    at Zc (/home/jay/Desktop/prompt/node_modules/react-dom/cjs/react-dom-server.browser.production.min.js:70:481)
    at Z (/home/jay/Desktop/prompt/node_modules/react-dom/cjs/react-dom-server.browser.production.min.js:76:89)
    at $c (/home/jay/Desktop/prompt/node_modules/react-dom/cjs/react-dom-server.browser.production.min.js:78:98)
    at Zc (/home/jay/Desktop/prompt/node_modules/react-dom/cjs/react-dom-server.browser.production.min.js:71:145)
    at Z (/home/jay/Desktop/prompt/node_modules/react-dom/cjs/react-dom-server.browser.production.min.js:76:89)

Error occurred prerendering page "/category/sub-categories/horse/promptDetails/side-movement-fashion-horse-portrait". Read more: https://nextjs.org/docs/messages/prerender-error

ReferenceError: imageUrl is not defined
    at D (/home/jay/Desktop/prompt/.next/server/pages/category/sub-categories/[subcategories]/promptDetails/[promptSlug].js:1:4355)
    at /home/jay/Desktop/prompt/.next/server/pages/category/sub-categories/[subcategories]/promptDetails/[promptSlug].js:1:4820
    at Wc (/home/jay/Desktop/prompt/node_modules/react-dom/cjs/react-dom-server.browser.production.min.js:68:44)
    at Zc (/home/jay/Desktop/prompt/node_modules/react-dom/cjs/react-dom-server.browser.production.min.js:70:253)
    at Z (/home/jay/Desktop/prompt/node_modules/react-dom/cjs/react-dom-server.browser.production.min.js:76:89)
    at Zc (/home/jay/Desktop/prompt/node_modules/react-dom/cjs/react-dom-server.browser.production.min.js:70:481)
    at Z (/home/jay/Desktop/prompt/node_modules/react-dom/cjs/react-dom-server.browser.production.min.js:76:89)
    at $c (/home/jay/Desktop/prompt/node_modules/react-dom/cjs/react-dom-server.browser.production.min.js:78:98)
    at Zc (/home/jay/Desktop/prompt/node_modules/react-dom/cjs/react-dom-server.browser.production.min.js:71:145)
    at Z (/home/jay/Desktop/prompt/node_modules/react-dom/cjs/react-dom-server.browser.production.min.js:76:89)
[Build Time] Fetching all categories from: https://admin.promptland.in/api/get_categories
[Build Time] Successfully fetched 29 categories
[Build Time] Fetching prompts for category 1, subcategory none
[Build Time] Successfully fetched 29 categories
[Build Time] Fetching prompts for category 1, subcategory none
[Build Time] Successfully fetched 29 categories
[Build Time] Fetching prompts for category 1, subcategory none
[Build Time] Successfully fetched 29 categories
[Build Time] Fetching prompts for category 1, subcategory none
[Build Time] Successfully fetched 29 categories
[Build Time] Fetching prompts for category 1, subcategory none
[Build Time] Successfully fetched 7 prompts for category 13
ReferenceError: imageUrl is not defined
    at D (/home/jay/Desktop/prompt/.next/server/pages/category/sub-categories/[subcategories]/promptDetails/[promptSlug].js:1:4355)
    at /home/jay/Desktop/prompt/.next/server/pages/category/sub-categories/[subcategories]/promptDetails/[promptSlug].js:1:4820
    at Wc (/home/jay/Desktop/prompt/node_modules/react-dom/cjs/react-dom-server.browser.production.min.js:68:44)
    at Zc (/home/jay/Desktop/prompt/node_modules/react-dom/cjs/react-dom-server.browser.production.min.js:70:253)
    at Z (/home/jay/Desktop/prompt/node_modules/react-dom/cjs/react-dom-server.browser.production.min.js:76:89)
    at Zc (/home/jay/Desktop/prompt/node_modules/react-dom/cjs/react-dom-server.browser.production.min.js:70:481)
    at Z (/home/jay/Desktop/prompt/node_modules/react-dom/cjs/react-dom-server.browser.production.min.js:76:89)
    at $c (/home/jay/Desktop/prompt/node_modules/react-dom/cjs/react-dom-server.browser.production.min.js:78:98)
    at Zc (/home/jay/Desktop/prompt/node_modules/react-dom/cjs/react-dom-server.browser.production.min.js:71:145)
    at Z (/home/jay/Desktop/prompt/node_modules/react-dom/cjs/react-dom-server.browser.production.min.js:76:89)

Error occurred prerendering page "/category/sub-categories/horse/promptDetails/stylish-controlled-horse-riding-pose". Read more: https://nextjs.org/docs/messages/prerender-error

ReferenceError: imageUrl is not defined
    at D (/home/jay/Desktop/prompt/.next/server/pages/category/sub-categories/[subcategories]/promptDetails/[promptSlug].js:1:4355)
    at /home/jay/Desktop/prompt/.next/server/pages/category/sub-categories/[subcategories]/promptDetails/[promptSlug].js:1:4820
    at Wc (/home/jay/Desktop/prompt/node_modules/react-dom/cjs/react-dom-server.browser.production.min.js:68:44)
    at Zc (/home/jay/Desktop/prompt/node_modules/react-dom/cjs/react-dom-server.browser.production.min.js:70:253)
    at Z (/home/jay/Desktop/prompt/node_modules/react-dom/cjs/react-dom-server.browser.production.min.js:76:89)
    at Zc (/home/jay/Desktop/prompt/node_modules/react-dom/cjs/react-dom-server.browser.production.min.js:70:481)
    at Z (/home/jay/Desktop/prompt/node_modules/react-dom/cjs/react-dom-server.browser.production.min.js:76:89)
    at $c (/home/jay/Desktop/prompt/node_modules/react-dom/cjs/react-dom-server.browser.production.min.js:78:98)
    at Zc (/home/jay/Desktop/prompt/node_modules/react-dom/cjs/react-dom-server.browser.production.min.js:71:145)
    at Z (/home/jay/Desktop/prompt/node_modules/react-dom/cjs/react-dom-server.browser.production.min.js:76:89)
[Build Time] Fetching all categories from: https://admin.promptland.in/api/get_categories
[Build Time] Successfully fetched 20 prompts for category 1
ReferenceError: imageUrl is not defined
    at D (/home/jay/Desktop/prompt/.next/server/pages/category/sub-categories/[subcategories]/promptDetails/[promptSlug].js:1:4355)
    at /home/jay/Desktop/prompt/.next/server/pages/category/sub-categories/[subcategories]/promptDetails/[promptSlug].js:1:4820
    at Wc (/home/jay/Desktop/prompt/node_modules/react-dom/cjs/react-dom-server.browser.production.min.js:68:44)
    at Zc (/home/jay/Desktop/prompt/node_modules/react-dom/cjs/react-dom-server.browser.production.min.js:70:253)
    at Z (/home/jay/Desktop/prompt/node_modules/react-dom/cjs/react-dom-server.browser.production.min.js:76:89)
    at Zc (/home/jay/Desktop/prompt/node_modules/react-dom/cjs/react-dom-server.browser.production.min.js:70:481)
    at Z (/home/jay/Desktop/prompt/node_modules/react-dom/cjs/react-dom-server.browser.production.min.js:76:89)
    at $c (/home/jay/Desktop/prompt/node_modules/react-dom/cjs/react-dom-server.browser.production.min.js:78:98)
    at Zc (/home/jay/Desktop/prompt/node_modules/react-dom/cjs/react-dom-server.browser.production.min.js:71:145)
    at Z (/home/jay/Desktop/prompt/node_modules/react-dom/cjs/react-dom-server.browser.production.min.js:76:89)

Error occurred prerendering page "/category/sub-categories/magazine/promptDetails/avant-garde-fashion-art-statement". Read more: https://nextjs.org/docs/messages/prerender-error

ReferenceError: imageUrl is not defined
    at D (/home/jay/Desktop/prompt/.next/server/pages/category/sub-categories/[subcategories]/promptDetails/[promptSlug].js:1:4355)
    at /home/jay/Desktop/prompt/.next/server/pages/category/sub-categories/[subcategories]/promptDetails/[promptSlug].js:1:4820
    at Wc (/home/jay/Desktop/prompt/node_modules/react-dom/cjs/react-dom-server.browser.production.min.js:68:44)
    at Zc (/home/jay/Desktop/prompt/node_modules/react-dom/cjs/react-dom-server.browser.production.min.js:70:253)
    at Z (/home/jay/Desktop/prompt/node_modules/react-dom/cjs/react-dom-server.browser.production.min.js:76:89)
    at Zc (/home/jay/Desktop/prompt/node_modules/react-dom/cjs/react-dom-server.browser.production.min.js:70:481)
    at Z (/home/jay/Desktop/prompt/node_modules/react-dom/cjs/react-dom-server.browser.production.min.js:76:89)
    at $c (/home/jay/Desktop/prompt/node_modules/react-dom/cjs/react-dom-server.browser.production.min.js:78:98)
    at Zc (/home/jay/Desktop/prompt/node_modules/react-dom/cjs/react-dom-server.browser.production.min.js:71:145)
    at Z (/home/jay/Desktop/prompt/node_modules/react-dom/cjs/react-dom-server.browser.production.min.js:76:89)
[Build Time] Successfully fetched 20 prompts for category 1
[Build Time] Successfully fetched 20 prompts for category 1
ReferenceError: imageUrl is not defined
    at D (/home/jay/Desktop/prompt/.next/server/pages/category/sub-categories/[subcategories]/promptDetails/[promptSlug].js:1:4355)
    at /home/jay/Desktop/prompt/.next/server/pages/category/sub-categories/[subcategories]/promptDetails/[promptSlug].js:1:4820
    at Wc (/home/jay/Desktop/prompt/node_modules/react-dom/cjs/react-dom-server.browser.production.min.js:68:44)
    at Zc (/home/jay/Desktop/prompt/node_modules/react-dom/cjs/react-dom-server.browser.production.min.js:70:253)
    at Z (/home/jay/Desktop/prompt/node_modules/react-dom/cjs/react-dom-server.browser.production.min.js:76:89)
    at Zc (/home/jay/Desktop/prompt/node_modules/react-dom/cjs/react-dom-server.browser.production.min.js:70:481)
    at Z (/home/jay/Desktop/prompt/node_modules/react-dom/cjs/react-dom-server.browser.production.min.js:76:89)
    at $c (/home/jay/Desktop/prompt/node_modules/react-dom/cjs/react-dom-server.browser.production.min.js:78:98)
    at Zc (/home/jay/Desktop/prompt/node_modules/react-dom/cjs/react-dom-server.browser.production.min.js:71:145)
    at Z (/home/jay/Desktop/prompt/node_modules/react-dom/cjs/react-dom-server.browser.production.min.js:76:89)

Error occurred prerendering page "/category/sub-categories/magazine/promptDetails/ethereal-space-inspired-fantasy-editorial". Read more: https://nextjs.org/docs/messages/prerender-error

ReferenceError: imageUrl is not defined
    at D (/home/jay/Desktop/prompt/.next/server/pages/category/sub-categories/[subcategories]/promptDetails/[promptSlug].js:1:4355)
    at /home/jay/Desktop/prompt/.next/server/pages/category/sub-categories/[subcategories]/promptDetails/[promptSlug].js:1:4820
    at Wc (/home/jay/Desktop/prompt/node_modules/react-dom/cjs/react-dom-server.browser.production.min.js:68:44)
    at Zc (/home/jay/Desktop/prompt/node_modules/react-dom/cjs/react-dom-server.browser.production.min.js:70:253)
    at Z (/home/jay/Desktop/prompt/node_modules/react-dom/cjs/react-dom-server.browser.production.min.js:76:89)
    at Zc (/home/jay/Desktop/prompt/node_modules/react-dom/cjs/react-dom-server.browser.production.min.js:70:481)
    at Z (/home/jay/Desktop/prompt/node_modules/react-dom/cjs/react-dom-server.browser.production.min.js:76:89)
    at $c (/home/jay/Desktop/prompt/node_modules/react-dom/cjs/react-dom-server.browser.production.min.js:78:98)
    at Zc (/home/jay/Desktop/prompt/node_modules/react-dom/cjs/react-dom-server.browser.production.min.js:71:145)
    at Z (/home/jay/Desktop/prompt/node_modules/react-dom/cjs/react-dom-server.browser.production.min.js:76:89)
[Build Time] Fetching all categories from: https://admin.promptland.in/api/get_categories
ReferenceError: imageUrl is not defined
    at D (/home/jay/Desktop/prompt/.next/server/pages/category/sub-categories/[subcategories]/promptDetails/[promptSlug].js:1:4355)
    at /home/jay/Desktop/prompt/.next/server/pages/category/sub-categories/[subcategories]/promptDetails/[promptSlug].js:1:4820
    at Wc (/home/jay/Desktop/prompt/node_modules/react-dom/cjs/react-dom-server.browser.production.min.js:68:44)
    at Zc (/home/jay/Desktop/prompt/node_modules/react-dom/cjs/react-dom-server.browser.production.min.js:70:253)
    at Z (/home/jay/Desktop/prompt/node_modules/react-dom/cjs/react-dom-server.browser.production.min.js:76:89)
    at Zc (/home/jay/Desktop/prompt/node_modules/react-dom/cjs/react-dom-server.browser.production.min.js:70:481)
    at Z (/home/jay/Desktop/prompt/node_modules/react-dom/cjs/react-dom-server.browser.production.min.js:76:89)
    at $c (/home/jay/Desktop/prompt/node_modules/react-dom/cjs/react-dom-server.browser.production.min.js:78:98)
    at Zc (/home/jay/Desktop/prompt/node_modules/react-dom/cjs/react-dom-server.browser.production.min.js:71:145)
    at Z (/home/jay/Desktop/prompt/node_modules/react-dom/cjs/react-dom-server.browser.production.min.js:76:89)

Error occurred prerendering page "/category/sub-categories/magazine/promptDetails/vogue-studio-power-issue". Read more: https://nextjs.org/docs/messages/prerender-error

ReferenceError: imageUrl is not defined
    at D (/home/jay/Desktop/prompt/.next/server/pages/category/sub-categories/[subcategories]/promptDetails/[promptSlug].js:1:4355)
    at /home/jay/Desktop/prompt/.next/server/pages/category/sub-categories/[subcategories]/promptDetails/[promptSlug].js:1:4820
    at Wc (/home/jay/Desktop/prompt/node_modules/react-dom/cjs/react-dom-server.browser.production.min.js:68:44)
    at Zc (/home/jay/Desktop/prompt/node_modules/react-dom/cjs/react-dom-server.browser.production.min.js:70:253)
    at Z (/home/jay/Desktop/prompt/node_modules/react-dom/cjs/react-dom-server.browser.production.min.js:76:89)
    at Zc (/home/jay/Desktop/prompt/node_modules/react-dom/cjs/react-dom-server.browser.production.min.js:70:481)
    at Z (/home/jay/Desktop/prompt/node_modules/react-dom/cjs/react-dom-server.browser.production.min.js:76:89)
    at $c (/home/jay/Desktop/prompt/node_modules/react-dom/cjs/react-dom-server.browser.production.min.js:78:98)
    at Zc (/home/jay/Desktop/prompt/node_modules/react-dom/cjs/react-dom-server.browser.production.min.js:71:145)
    at Z (/home/jay/Desktop/prompt/node_modules/react-dom/cjs/react-dom-server.browser.production.min.js:76:89)
[Build Time] Fetching all categories from: https://admin.promptland.in/api/get_categories
[Build Time] Fetching all categories from: https://admin.promptland.in/api/get_categories
[Build Time] Successfully fetched 20 prompts for category 1
ReferenceError: imageUrl is not defined
    at D (/home/jay/Desktop/prompt/.next/server/pages/category/sub-categories/[subcategories]/promptDetails/[promptSlug].js:1:4355)
    at /home/jay/Desktop/prompt/.next/server/pages/category/sub-categories/[subcategories]/promptDetails/[promptSlug].js:1:4820
    at Wc (/home/jay/Desktop/prompt/node_modules/react-dom/cjs/react-dom-server.browser.production.min.js:68:44)
    at Zc (/home/jay/Desktop/prompt/node_modules/react-dom/cjs/react-dom-server.browser.production.min.js:70:253)
    at Z (/home/jay/Desktop/prompt/node_modules/react-dom/cjs/react-dom-server.browser.production.min.js:76:89)
    at Zc (/home/jay/Desktop/prompt/node_modules/react-dom/cjs/react-dom-server.browser.production.min.js:70:481)
    at Z (/home/jay/Desktop/prompt/node_modules/react-dom/cjs/react-dom-server.browser.production.min.js:76:89)
    at $c (/home/jay/Desktop/prompt/node_modules/react-dom/cjs/react-dom-server.browser.production.min.js:78:98)
    at Zc (/home/jay/Desktop/prompt/node_modules/react-dom/cjs/react-dom-server.browser.production.min.js:71:145)
    at Z (/home/jay/Desktop/prompt/node_modules/react-dom/cjs/react-dom-server.browser.production.min.js:76:89)

Error occurred prerendering page "/category/sub-categories/magazine/promptDetails/graphic-red-black". Read more: https://nextjs.org/docs/messages/prerender-error

ReferenceError: imageUrl is not defined
    at D (/home/jay/Desktop/prompt/.next/server/pages/category/sub-categories/[subcategories]/promptDetails/[promptSlug].js:1:4355)
    at /home/jay/Desktop/prompt/.next/server/pages/category/sub-categories/[subcategories]/promptDetails/[promptSlug].js:1:4820
    at Wc (/home/jay/Desktop/prompt/node_modules/react-dom/cjs/react-dom-server.browser.production.min.js:68:44)
    at Zc (/home/jay/Desktop/prompt/node_modules/react-dom/cjs/react-dom-server.browser.production.min.js:70:253)
    at Z (/home/jay/Desktop/prompt/node_modules/react-dom/cjs/react-dom-server.browser.production.min.js:76:89)
    at Zc (/home/jay/Desktop/prompt/node_modules/react-dom/cjs/react-dom-server.browser.production.min.js:70:481)
    at Z (/home/jay/Desktop/prompt/node_modules/react-dom/cjs/react-dom-server.browser.production.min.js:76:89)
    at $c (/home/jay/Desktop/prompt/node_modules/react-dom/cjs/react-dom-server.browser.production.min.js:78:98)
    at Zc (/home/jay/Desktop/prompt/node_modules/react-dom/cjs/react-dom-server.browser.production.min.js:71:145)
    at Z (/home/jay/Desktop/prompt/node_modules/react-dom/cjs/react-dom-server.browser.production.min.js:76:89)
[Build Time] Successfully fetched 29 categories
[Build Time] Fetching prompts for category 1, subcategory none
[Build Time] Fetching all categories from: https://admin.promptland.in/api/get_categories
[Build Time] Successfully fetched 20 prompts for category 1
ReferenceError: imageUrl is not defined
    at D (/home/jay/Desktop/prompt/.next/server/pages/category/sub-categories/[subcategories]/promptDetails/[promptSlug].js:1:4355)
    at /home/jay/Desktop/prompt/.next/server/pages/category/sub-categories/[subcategories]/promptDetails/[promptSlug].js:1:4820
    at Wc (/home/jay/Desktop/prompt/node_modules/react-dom/cjs/react-dom-server.browser.production.min.js:68:44)
    at Zc (/home/jay/Desktop/prompt/node_modules/react-dom/cjs/react-dom-server.browser.production.min.js:70:253)
    at Z (/home/jay/Desktop/prompt/node_modules/react-dom/cjs/react-dom-server.browser.production.min.js:76:89)
    at Zc (/home/jay/Desktop/prompt/node_modules/react-dom/cjs/react-dom-server.browser.production.min.js:70:481)
    at Z (/home/jay/Desktop/prompt/node_modules/react-dom/cjs/react-dom-server.browser.production.min.js:76:89)
    at $c (/home/jay/Desktop/prompt/node_modules/react-dom/cjs/react-dom-server.browser.production.min.js:78:98)
    at Zc (/home/jay/Desktop/prompt/node_modules/react-dom/cjs/react-dom-server.browser.production.min.js:71:145)
    at Z (/home/jay/Desktop/prompt/node_modules/react-dom/cjs/react-dom-server.browser.production.min.js:76:89)

Error occurred prerendering page "/category/sub-categories/magazine/promptDetails/professional-female-empowerment-leader". Read more: https://nextjs.org/docs/messages/prerender-error

ReferenceError: imageUrl is not defined
    at D (/home/jay/Desktop/prompt/.next/server/pages/category/sub-categories/[subcategories]/promptDetails/[promptSlug].js:1:4355)
    at /home/jay/Desktop/prompt/.next/server/pages/category/sub-categories/[subcategories]/promptDetails/[promptSlug].js:1:4820
    at Wc (/home/jay/Desktop/prompt/node_modules/react-dom/cjs/react-dom-server.browser.production.min.js:68:44)
    at Zc (/home/jay/Desktop/prompt/node_modules/react-dom/cjs/react-dom-server.browser.production.min.js:70:253)
    at Z (/home/jay/Desktop/prompt/node_modules/react-dom/cjs/react-dom-server.browser.production.min.js:76:89)
    at Zc (/home/jay/Desktop/prompt/node_modules/react-dom/cjs/react-dom-server.browser.production.min.js:70:481)
    at Z (/home/jay/Desktop/prompt/node_modules/react-dom/cjs/react-dom-server.browser.production.min.js:76:89)
    at $c (/home/jay/Desktop/prompt/node_modules/react-dom/cjs/react-dom-server.browser.production.min.js:78:98)
    at Zc (/home/jay/Desktop/prompt/node_modules/react-dom/cjs/react-dom-server.browser.production.min.js:71:145)
    at Z (/home/jay/Desktop/prompt/node_modules/react-dom/cjs/react-dom-server.browser.production.min.js:76:89)
[Build Time] Successfully fetched 29 categories
[Build Time] Fetching prompts for category 1, subcategory none
[Build Time] Successfully fetched 20 prompts for category 1
[Build Time] Successfully fetched 29 categories
[Build Time] Fetching prompts for category 1, subcategory none
[Build Time] Successfully fetched 20 prompts for category 1
[Build Time] Successfully fetched 29 categories
[Build Time] Fetching prompts for category 1, subcategory none
[Build Time] Successfully fetched 20 prompts for category 1
[Build Time] Successfully fetched 29 categories
[Build Time] Fetching prompts for category 1, subcategory none
[Build Time] Successfully fetched 20 prompts for category 1
[Build Time] Successfully fetched 20 prompts for category 1
ReferenceError: imageUrl is not defined
    at D (/home/jay/Desktop/prompt/.next/server/pages/category/sub-categories/[subcategories]/promptDetails/[promptSlug].js:1:4355)
    at /home/jay/Desktop/prompt/.next/server/pages/category/sub-categories/[subcategories]/promptDetails/[promptSlug].js:1:4820
    at Wc (/home/jay/Desktop/prompt/node_modules/react-dom/cjs/react-dom-server.browser.production.min.js:68:44)
    at Zc (/home/jay/Desktop/prompt/node_modules/react-dom/cjs/react-dom-server.browser.production.min.js:70:253)
    at Z (/home/jay/Desktop/prompt/node_modules/react-dom/cjs/react-dom-server.browser.production.min.js:76:89)
    at Zc (/home/jay/Desktop/prompt/node_modules/react-dom/cjs/react-dom-server.browser.production.min.js:70:481)
    at Z (/home/jay/Desktop/prompt/node_modules/react-dom/cjs/react-dom-server.browser.production.min.js:76:89)
    at $c (/home/jay/Desktop/prompt/node_modules/react-dom/cjs/react-dom-server.browser.production.min.js:78:98)
    at Zc (/home/jay/Desktop/prompt/node_modules/react-dom/cjs/react-dom-server.browser.production.min.js:71:145)
    at Z (/home/jay/Desktop/prompt/node_modules/react-dom/cjs/react-dom-server.browser.production.min.js:76:89)

Error occurred prerendering page "/category/sub-categories/magazine/promptDetails/rajasthani-poshaq-swing-scene". Read more: https://nextjs.org/docs/messages/prerender-error

ReferenceError: imageUrl is not defined
    at D (/home/jay/Desktop/prompt/.next/server/pages/category/sub-categories/[subcategories]/promptDetails/[promptSlug].js:1:4355)
    at /home/jay/Desktop/prompt/.next/server/pages/category/sub-categories/[subcategories]/promptDetails/[promptSlug].js:1:4820
    at Wc (/home/jay/Desktop/prompt/node_modules/react-dom/cjs/react-dom-server.browser.production.min.js:68:44)
    at Zc (/home/jay/Desktop/prompt/node_modules/react-dom/cjs/react-dom-server.browser.production.min.js:70:253)
    at Z (/home/jay/Desktop/prompt/node_modules/react-dom/cjs/react-dom-server.browser.production.min.js:76:89)
    at Zc (/home/jay/Desktop/prompt/node_modules/react-dom/cjs/react-dom-server.browser.production.min.js:70:481)
    at Z (/home/jay/Desktop/prompt/node_modules/react-dom/cjs/react-dom-server.browser.production.min.js:76:89)
    at $c (/home/jay/Desktop/prompt/node_modules/react-dom/cjs/react-dom-server.browser.production.min.js:78:98)
    at Zc (/home/jay/Desktop/prompt/node_modules/react-dom/cjs/react-dom-server.browser.production.min.js:71:145)
    at Z (/home/jay/Desktop/prompt/node_modules/react-dom/cjs/react-dom-server.browser.production.min.js:76:89)
ReferenceError: imageUrl is not defined
    at D (/home/jay/Desktop/prompt/.next/server/pages/category/sub-categories/[subcategories]/promptDetails/[promptSlug].js:1:4355)
    at /home/jay/Desktop/prompt/.next/server/pages/category/sub-categories/[subcategories]/promptDetails/[promptSlug].js:1:4820
    at Wc (/home/jay/Desktop/prompt/node_modules/react-dom/cjs/react-dom-server.browser.production.min.js:68:44)
    at Zc (/home/jay/Desktop/prompt/node_modules/react-dom/cjs/react-dom-server.browser.production.min.js:70:253)
    at Z (/home/jay/Desktop/prompt/node_modules/react-dom/cjs/react-dom-server.browser.production.min.js:76:89)
    at Zc (/home/jay/Desktop/prompt/node_modules/react-dom/cjs/react-dom-server.browser.production.min.js:70:481)
    at Z (/home/jay/Desktop/prompt/node_modules/react-dom/cjs/react-dom-server.browser.production.min.js:76:89)
    at $c (/home/jay/Desktop/prompt/node_modules/react-dom/cjs/react-dom-server.browser.production.min.js:78:98)
    at Zc (/home/jay/Desktop/prompt/node_modules/react-dom/cjs/react-dom-server.browser.production.min.js:71:145)
    at Z (/home/jay/Desktop/prompt/node_modules/react-dom/cjs/react-dom-server.browser.production.min.js:76:89)

Error occurred prerendering page "/category/sub-categories/magazine/promptDetails/high-fashion-yellow-editorial-portrait". Read more: https://nextjs.org/docs/messages/prerender-error

ReferenceError: imageUrl is not defined
    at D (/home/jay/Desktop/prompt/.next/server/pages/category/sub-categories/[subcategories]/promptDetails/[promptSlug].js:1:4355)
    at /home/jay/Desktop/prompt/.next/server/pages/category/sub-categories/[subcategories]/promptDetails/[promptSlug].js:1:4820
    at Wc (/home/jay/Desktop/prompt/node_modules/react-dom/cjs/react-dom-server.browser.production.min.js:68:44)
    at Zc (/home/jay/Desktop/prompt/node_modules/react-dom/cjs/react-dom-server.browser.production.min.js:70:253)
    at Z (/home/jay/Desktop/prompt/node_modules/react-dom/cjs/react-dom-server.browser.production.min.js:76:89)
    at Zc (/home/jay/Desktop/prompt/node_modules/react-dom/cjs/react-dom-server.browser.production.min.js:70:481)
    at Z (/home/jay/Desktop/prompt/node_modules/react-dom/cjs/react-dom-server.browser.production.min.js:76:89)
    at $c (/home/jay/Desktop/prompt/node_modules/react-dom/cjs/react-dom-server.browser.production.min.js:78:98)
    at Zc (/home/jay/Desktop/prompt/node_modules/react-dom/cjs/react-dom-server.browser.production.min.js:71:145)
    at Z (/home/jay/Desktop/prompt/node_modules/react-dom/cjs/react-dom-server.browser.production.min.js:76:89)
ReferenceError: imageUrl is not defined
    at D (/home/jay/Desktop/prompt/.next/server/pages/category/sub-categories/[subcategories]/promptDetails/[promptSlug].js:1:4355)
    at /home/jay/Desktop/prompt/.next/server/pages/category/sub-categories/[subcategories]/promptDetails/[promptSlug].js:1:4820
    at Wc (/home/jay/Desktop/prompt/node_modules/react-dom/cjs/react-dom-server.browser.production.min.js:68:44)
    at Zc (/home/jay/Desktop/prompt/node_modules/react-dom/cjs/react-dom-server.browser.production.min.js:70:253)
    at Z (/home/jay/Desktop/prompt/node_modules/react-dom/cjs/react-dom-server.browser.production.min.js:76:89)
    at Zc (/home/jay/Desktop/prompt/node_modules/react-dom/cjs/react-dom-server.browser.production.min.js:70:481)
    at Z (/home/jay/Desktop/prompt/node_modules/react-dom/cjs/react-dom-server.browser.production.min.js:76:89)
    at $c (/home/jay/Desktop/prompt/node_modules/react-dom/cjs/react-dom-server.browser.production.min.js:78:98)
    at Zc (/home/jay/Desktop/prompt/node_modules/react-dom/cjs/react-dom-server.browser.production.min.js:71:145)
    at Z (/home/jay/Desktop/prompt/node_modules/react-dom/cjs/react-dom-server.browser.production.min.js:76:89)

Error occurred prerendering page "/category/sub-categories/magazine/promptDetails/ducati-parking-garage-portrait". Read more: https://nextjs.org/docs/messages/prerender-error

ReferenceError: imageUrl is not defined
    at D (/home/jay/Desktop/prompt/.next/server/pages/category/sub-categories/[subcategories]/promptDetails/[promptSlug].js:1:4355)
    at /home/jay/Desktop/prompt/.next/server/pages/category/sub-categories/[subcategories]/promptDetails/[promptSlug].js:1:4820
    at Wc (/home/jay/Desktop/prompt/node_modules/react-dom/cjs/react-dom-server.browser.production.min.js:68:44)
    at Zc (/home/jay/Desktop/prompt/node_modules/react-dom/cjs/react-dom-server.browser.production.min.js:70:253)
    at Z (/home/jay/Desktop/prompt/node_modules/react-dom/cjs/react-dom-server.browser.production.min.js:76:89)
    at Zc (/home/jay/Desktop/prompt/node_modules/react-dom/cjs/react-dom-server.browser.production.min.js:70:481)
    at Z (/home/jay/Desktop/prompt/node_modules/react-dom/cjs/react-dom-server.browser.production.min.js:76:89)
    at $c (/home/jay/Desktop/prompt/node_modules/react-dom/cjs/react-dom-server.browser.production.min.js:78:98)
    at Zc (/home/jay/Desktop/prompt/node_modules/react-dom/cjs/react-dom-server.browser.production.min.js:71:145)
    at Z (/home/jay/Desktop/prompt/node_modules/react-dom/cjs/react-dom-server.browser.production.min.js:76:89)
ReferenceError: imageUrl is not defined
    at D (/home/jay/Desktop/prompt/.next/server/pages/category/sub-categories/[subcategories]/promptDetails/[promptSlug].js:1:4355)
    at /home/jay/Desktop/prompt/.next/server/pages/category/sub-categories/[subcategories]/promptDetails/[promptSlug].js:1:4820
    at Wc (/home/jay/Desktop/prompt/node_modules/react-dom/cjs/react-dom-server.browser.production.min.js:68:44)
    at Zc (/home/jay/Desktop/prompt/node_modules/react-dom/cjs/react-dom-server.browser.production.min.js:70:253)
    at Z (/home/jay/Desktop/prompt/node_modules/react-dom/cjs/react-dom-server.browser.production.min.js:76:89)
    at Zc (/home/jay/Desktop/prompt/node_modules/react-dom/cjs/react-dom-server.browser.production.min.js:70:481)
    at Z (/home/jay/Desktop/prompt/node_modules/react-dom/cjs/react-dom-server.browser.production.min.js:76:89)
    at $c (/home/jay/Desktop/prompt/node_modules/react-dom/cjs/react-dom-server.browser.production.min.js:78:98)
    at Zc (/home/jay/Desktop/prompt/node_modules/react-dom/cjs/react-dom-server.browser.production.min.js:71:145)
    at Z (/home/jay/Desktop/prompt/node_modules/react-dom/cjs/react-dom-server.browser.production.min.js:76:89)

Error occurred prerendering page "/category/sub-categories/magazine/promptDetails/futuristic-yellow-fashion-editorial". Read more: https://nextjs.org/docs/messages/prerender-error

ReferenceError: imageUrl is not defined
    at D (/home/jay/Desktop/prompt/.next/server/pages/category/sub-categories/[subcategories]/promptDetails/[promptSlug].js:1:4355)
    at /home/jay/Desktop/prompt/.next/server/pages/category/sub-categories/[subcategories]/promptDetails/[promptSlug].js:1:4820
    at Wc (/home/jay/Desktop/prompt/node_modules/react-dom/cjs/react-dom-server.browser.production.min.js:68:44)
    at Zc (/home/jay/Desktop/prompt/node_modules/react-dom/cjs/react-dom-server.browser.production.min.js:70:253)
    at Z (/home/jay/Desktop/prompt/node_modules/react-dom/cjs/react-dom-server.browser.production.min.js:76:89)
    at Zc (/home/jay/Desktop/prompt/node_modules/react-dom/cjs/react-dom-server.browser.production.min.js:70:481)
    at Z (/home/jay/Desktop/prompt/node_modules/react-dom/cjs/react-dom-server.browser.production.min.js:76:89)
    at $c (/home/jay/Desktop/prompt/node_modules/react-dom/cjs/react-dom-server.browser.production.min.js:78:98)
    at Zc (/home/jay/Desktop/prompt/node_modules/react-dom/cjs/react-dom-server.browser.production.min.js:71:145)
    at Z (/home/jay/Desktop/prompt/node_modules/react-dom/cjs/react-dom-server.browser.production.min.js:76:89)
ReferenceError: imageUrl is not defined
    at D (/home/jay/Desktop/prompt/.next/server/pages/category/sub-categories/[subcategories]/promptDetails/[promptSlug].js:1:4355)
    at /home/jay/Desktop/prompt/.next/server/pages/category/sub-categories/[subcategories]/promptDetails/[promptSlug].js:1:4820
    at Wc (/home/jay/Desktop/prompt/node_modules/react-dom/cjs/react-dom-server.browser.production.min.js:68:44)
    at Zc (/home/jay/Desktop/prompt/node_modules/react-dom/cjs/react-dom-server.browser.production.min.js:70:253)
    at Z (/home/jay/Desktop/prompt/node_modules/react-dom/cjs/react-dom-server.browser.production.min.js:76:89)
    at Zc (/home/jay/Desktop/prompt/node_modules/react-dom/cjs/react-dom-server.browser.production.min.js:70:481)
    at Z (/home/jay/Desktop/prompt/node_modules/react-dom/cjs/react-dom-server.browser.production.min.js:76:89)
    at $c (/home/jay/Desktop/prompt/node_modules/react-dom/cjs/react-dom-server.browser.production.min.js:78:98)
    at Zc (/home/jay/Desktop/prompt/node_modules/react-dom/cjs/react-dom-server.browser.production.min.js:71:145)
    at Z (/home/jay/Desktop/prompt/node_modules/react-dom/cjs/react-dom-server.browser.production.min.js:76:89)

Error occurred prerendering page "/category/sub-categories/magazine/promptDetails/russian-traditional-portrait-editorial". Read more: https://nextjs.org/docs/messages/prerender-error

ReferenceError: imageUrl is not defined
    at D (/home/jay/Desktop/prompt/.next/server/pages/category/sub-categories/[subcategories]/promptDetails/[promptSlug].js:1:4355)
    at /home/jay/Desktop/prompt/.next/server/pages/category/sub-categories/[subcategories]/promptDetails/[promptSlug].js:1:4820
    at Wc (/home/jay/Desktop/prompt/node_modules/react-dom/cjs/react-dom-server.browser.production.min.js:68:44)
    at Zc (/home/jay/Desktop/prompt/node_modules/react-dom/cjs/react-dom-server.browser.production.min.js:70:253)
    at Z (/home/jay/Desktop/prompt/node_modules/react-dom/cjs/react-dom-server.browser.production.min.js:76:89)
    at Zc (/home/jay/Desktop/prompt/node_modules/react-dom/cjs/react-dom-server.browser.production.min.js:70:481)
    at Z (/home/jay/Desktop/prompt/node_modules/react-dom/cjs/react-dom-server.browser.production.min.js:76:89)
    at $c (/home/jay/Desktop/prompt/node_modules/react-dom/cjs/react-dom-server.browser.production.min.js:78:98)
    at Zc (/home/jay/Desktop/prompt/node_modules/react-dom/cjs/react-dom-server.browser.production.min.js:71:145)
    at Z (/home/jay/Desktop/prompt/node_modules/react-dom/cjs/react-dom-server.browser.production.min.js:76:89)
[Build Time] Fetching all categories from: https://admin.promptland.in/api/get_categories
[Build Time] Fetching all categories from: https://admin.promptland.in/api/get_categories
[Build Time] Fetching all categories from: https://admin.promptland.in/api/get_categories
[Build Time] Fetching all categories from: https://admin.promptland.in/api/get_categories
[Build Time] Fetching all categories from: https://admin.promptland.in/api/get_categories
[Build Time] Fetching all categories from: https://admin.promptland.in/api/get_categories
[Build Time] Successfully fetched 29 categories
[Build Time] Fetching prompts for category 1, subcategory none
[Build Time] Successfully fetched 20 prompts for category 1
[Build Time] Successfully fetched 29 categories
[Build Time] Fetching prompts for category 1, subcategory none
[Build Time] Successfully fetched 29 categories
[Build Time] Fetching prompts for category 1, subcategory none
[Build Time] Successfully fetched 20 prompts for category 1
[Build Time] Successfully fetched 29 categories
[Build Time] Fetching prompts for category 1, subcategory none
[Build Time] Successfully fetched 29 categories
[Build Time] Fetching prompts for category 1, subcategory none
[Build Time] Successfully fetched 20 prompts for category 1
[Build Time] Successfully fetched 29 categories
[Build Time] Fetching prompts for category 1, subcategory none
[Build Time] Successfully fetched 20 prompts for category 1
ReferenceError: imageUrl is not defined
    at D (/home/jay/Desktop/prompt/.next/server/pages/category/sub-categories/[subcategories]/promptDetails/[promptSlug].js:1:4355)
    at /home/jay/Desktop/prompt/.next/server/pages/category/sub-categories/[subcategories]/promptDetails/[promptSlug].js:1:4820
    at Wc (/home/jay/Desktop/prompt/node_modules/react-dom/cjs/react-dom-server.browser.production.min.js:68:44)
    at Zc (/home/jay/Desktop/prompt/node_modules/react-dom/cjs/react-dom-server.browser.production.min.js:70:253)
    at Z (/home/jay/Desktop/prompt/node_modules/react-dom/cjs/react-dom-server.browser.production.min.js:76:89)
    at Zc (/home/jay/Desktop/prompt/node_modules/react-dom/cjs/react-dom-server.browser.production.min.js:70:481)
    at Z (/home/jay/Desktop/prompt/node_modules/react-dom/cjs/react-dom-server.browser.production.min.js:76:89)
    at $c (/home/jay/Desktop/prompt/node_modules/react-dom/cjs/react-dom-server.browser.production.min.js:78:98)
    at Zc (/home/jay/Desktop/prompt/node_modules/react-dom/cjs/react-dom-server.browser.production.min.js:71:145)
    at Z (/home/jay/Desktop/prompt/node_modules/react-dom/cjs/react-dom-server.browser.production.min.js:76:89)

Error occurred prerendering page "/category/sub-categories/magazine/promptDetails/new-year-2026-cinematic-portrait". Read more: https://nextjs.org/docs/messages/prerender-error

ReferenceError: imageUrl is not defined
    at D (/home/jay/Desktop/prompt/.next/server/pages/category/sub-categories/[subcategories]/promptDetails/[promptSlug].js:1:4355)
    at /home/jay/Desktop/prompt/.next/server/pages/category/sub-categories/[subcategories]/promptDetails/[promptSlug].js:1:4820
    at Wc (/home/jay/Desktop/prompt/node_modules/react-dom/cjs/react-dom-server.browser.production.min.js:68:44)
    at Zc (/home/jay/Desktop/prompt/node_modules/react-dom/cjs/react-dom-server.browser.production.min.js:70:253)
    at Z (/home/jay/Desktop/prompt/node_modules/react-dom/cjs/react-dom-server.browser.production.min.js:76:89)
    at Zc (/home/jay/Desktop/prompt/node_modules/react-dom/cjs/react-dom-server.browser.production.min.js:70:481)
    at Z (/home/jay/Desktop/prompt/node_modules/react-dom/cjs/react-dom-server.browser.production.min.js:76:89)
    at $c (/home/jay/Desktop/prompt/node_modules/react-dom/cjs/react-dom-server.browser.production.min.js:78:98)
    at Zc (/home/jay/Desktop/prompt/node_modules/react-dom/cjs/react-dom-server.browser.production.min.js:71:145)
    at Z (/home/jay/Desktop/prompt/node_modules/react-dom/cjs/react-dom-server.browser.production.min.js:76:89)
ReferenceError: imageUrl is not defined
    at D (/home/jay/Desktop/prompt/.next/server/pages/category/sub-categories/[subcategories]/promptDetails/[promptSlug].js:1:4355)
    at /home/jay/Desktop/prompt/.next/server/pages/category/sub-categories/[subcategories]/promptDetails/[promptSlug].js:1:4820
    at Wc (/home/jay/Desktop/prompt/node_modules/react-dom/cjs/react-dom-server.browser.production.min.js:68:44)
    at Zc (/home/jay/Desktop/prompt/node_modules/react-dom/cjs/react-dom-server.browser.production.min.js:70:253)
    at Z (/home/jay/Desktop/prompt/node_modules/react-dom/cjs/react-dom-server.browser.production.min.js:76:89)
    at Zc (/home/jay/Desktop/prompt/node_modules/react-dom/cjs/react-dom-server.browser.production.min.js:70:481)
    at Z (/home/jay/Desktop/prompt/node_modules/react-dom/cjs/react-dom-server.browser.production.min.js:76:89)
    at $c (/home/jay/Desktop/prompt/node_modules/react-dom/cjs/react-dom-server.browser.production.min.js:78:98)
    at Zc (/home/jay/Desktop/prompt/node_modules/react-dom/cjs/react-dom-server.browser.production.min.js:71:145)
    at Z (/home/jay/Desktop/prompt/node_modules/react-dom/cjs/react-dom-server.browser.production.min.js:76:89)

Error occurred prerendering page "/category/sub-categories/magazine/promptDetails/new-year-2026-promotional-visual". Read more: https://nextjs.org/docs/messages/prerender-error

ReferenceError: imageUrl is not defined
    at D (/home/jay/Desktop/prompt/.next/server/pages/category/sub-categories/[subcategories]/promptDetails/[promptSlug].js:1:4355)
    at /home/jay/Desktop/prompt/.next/server/pages/category/sub-categories/[subcategories]/promptDetails/[promptSlug].js:1:4820
    at Wc (/home/jay/Desktop/prompt/node_modules/react-dom/cjs/react-dom-server.browser.production.min.js:68:44)
    at Zc (/home/jay/Desktop/prompt/node_modules/react-dom/cjs/react-dom-server.browser.production.min.js:70:253)
    at Z (/home/jay/Desktop/prompt/node_modules/react-dom/cjs/react-dom-server.browser.production.min.js:76:89)
    at Zc (/home/jay/Desktop/prompt/node_modules/react-dom/cjs/react-dom-server.browser.production.min.js:70:481)
    at Z (/home/jay/Desktop/prompt/node_modules/react-dom/cjs/react-dom-server.browser.production.min.js:76:89)
    at $c (/home/jay/Desktop/prompt/node_modules/react-dom/cjs/react-dom-server.browser.production.min.js:78:98)
    at Zc (/home/jay/Desktop/prompt/node_modules/react-dom/cjs/react-dom-server.browser.production.min.js:71:145)
    at Z (/home/jay/Desktop/prompt/node_modules/react-dom/cjs/react-dom-server.browser.production.min.js:76:89)
ReferenceError: imageUrl is not defined
    at D (/home/jay/Desktop/prompt/.next/server/pages/category/sub-categories/[subcategories]/promptDetails/[promptSlug].js:1:4355)
    at /home/jay/Desktop/prompt/.next/server/pages/category/sub-categories/[subcategories]/promptDetails/[promptSlug].js:1:4820
    at Wc (/home/jay/Desktop/prompt/node_modules/react-dom/cjs/react-dom-server.browser.production.min.js:68:44)
    at Zc (/home/jay/Desktop/prompt/node_modules/react-dom/cjs/react-dom-server.browser.production.min.js:70:253)
    at Z (/home/jay/Desktop/prompt/node_modules/react-dom/cjs/react-dom-server.browser.production.min.js:76:89)
    at Zc (/home/jay/Desktop/prompt/node_modules/react-dom/cjs/react-dom-server.browser.production.min.js:70:481)
    at Z (/home/jay/Desktop/prompt/node_modules/react-dom/cjs/react-dom-server.browser.production.min.js:76:89)
    at $c (/home/jay/Desktop/prompt/node_modules/react-dom/cjs/react-dom-server.browser.production.min.js:78:98)
    at Zc (/home/jay/Desktop/prompt/node_modules/react-dom/cjs/react-dom-server.browser.production.min.js:71:145)
    at Z (/home/jay/Desktop/prompt/node_modules/react-dom/cjs/react-dom-server.browser.production.min.js:76:89)

Error occurred prerendering page "/category/sub-categories/magazine/promptDetails/dramatic-mirror-reflection-portrait". Read more: https://nextjs.org/docs/messages/prerender-error

ReferenceError: imageUrl is not defined
    at D (/home/jay/Desktop/prompt/.next/server/pages/category/sub-categories/[subcategories]/promptDetails/[promptSlug].js:1:4355)
    at /home/jay/Desktop/prompt/.next/server/pages/category/sub-categories/[subcategories]/promptDetails/[promptSlug].js:1:4820
    at Wc (/home/jay/Desktop/prompt/node_modules/react-dom/cjs/react-dom-server.browser.production.min.js:68:44)
    at Zc (/home/jay/Desktop/prompt/node_modules/react-dom/cjs/react-dom-server.browser.production.min.js:70:253)
    at Z (/home/jay/Desktop/prompt/node_modules/react-dom/cjs/react-dom-server.browser.production.min.js:76:89)
    at Zc (/home/jay/Desktop/prompt/node_modules/react-dom/cjs/react-dom-server.browser.production.min.js:70:481)
    at Z (/home/jay/Desktop/prompt/node_modules/react-dom/cjs/react-dom-server.browser.production.min.js:76:89)
    at $c (/home/jay/Desktop/prompt/node_modules/react-dom/cjs/react-dom-server.browser.production.min.js:78:98)
    at Zc (/home/jay/Desktop/prompt/node_modules/react-dom/cjs/react-dom-server.browser.production.min.js:71:145)
    at Z (/home/jay/Desktop/prompt/node_modules/react-dom/cjs/react-dom-server.browser.production.min.js:76:89)
ReferenceError: imageUrl is not defined
    at D (/home/jay/Desktop/prompt/.next/server/pages/category/sub-categories/[subcategories]/promptDetails/[promptSlug].js:1:4355)
    at /home/jay/Desktop/prompt/.next/server/pages/category/sub-categories/[subcategories]/promptDetails/[promptSlug].js:1:4820
    at Wc (/home/jay/Desktop/prompt/node_modules/react-dom/cjs/react-dom-server.browser.production.min.js:68:44)
    at Zc (/home/jay/Desktop/prompt/node_modules/react-dom/cjs/react-dom-server.browser.production.min.js:70:253)
    at Z (/home/jay/Desktop/prompt/node_modules/react-dom/cjs/react-dom-server.browser.production.min.js:76:89)
    at Zc (/home/jay/Desktop/prompt/node_modules/react-dom/cjs/react-dom-server.browser.production.min.js:70:481)
    at Z (/home/jay/Desktop/prompt/node_modules/react-dom/cjs/react-dom-server.browser.production.min.js:76:89)
    at $c (/home/jay/Desktop/prompt/node_modules/react-dom/cjs/react-dom-server.browser.production.min.js:78:98)
    at Zc (/home/jay/Desktop/prompt/node_modules/react-dom/cjs/react-dom-server.browser.production.min.js:71:145)
    at Z (/home/jay/Desktop/prompt/node_modules/react-dom/cjs/react-dom-server.browser.production.min.js:76:89)

Error occurred prerendering page "/category/sub-categories/magazine/promptDetails/street-fashion-editorial-poster". Read more: https://nextjs.org/docs/messages/prerender-error

ReferenceError: imageUrl is not defined
    at D (/home/jay/Desktop/prompt/.next/server/pages/category/sub-categories/[subcategories]/promptDetails/[promptSlug].js:1:4355)
    at /home/jay/Desktop/prompt/.next/server/pages/category/sub-categories/[subcategories]/promptDetails/[promptSlug].js:1:4820
    at Wc (/home/jay/Desktop/prompt/node_modules/react-dom/cjs/react-dom-server.browser.production.min.js:68:44)
    at Zc (/home/jay/Desktop/prompt/node_modules/react-dom/cjs/react-dom-server.browser.production.min.js:70:253)
    at Z (/home/jay/Desktop/prompt/node_modules/react-dom/cjs/react-dom-server.browser.production.min.js:76:89)
    at Zc (/home/jay/Desktop/prompt/node_modules/react-dom/cjs/react-dom-server.browser.production.min.js:70:481)
    at Z (/home/jay/Desktop/prompt/node_modules/react-dom/cjs/react-dom-server.browser.production.min.js:76:89)
    at $c (/home/jay/Desktop/prompt/node_modules/react-dom/cjs/react-dom-server.browser.production.min.js:78:98)
    at Zc (/home/jay/Desktop/prompt/node_modules/react-dom/cjs/react-dom-server.browser.production.min.js:71:145)
    at Z (/home/jay/Desktop/prompt/node_modules/react-dom/cjs/react-dom-server.browser.production.min.js:76:89)
[Build Time] Fetching all categories from: https://admin.promptland.in/api/get_categories
[Build Time] Fetching all categories from: https://admin.promptland.in/api/get_categories
[Build Time] Fetching all categories from: https://admin.promptland.in/api/get_categories
[Build Time] Fetching all categories from: https://admin.promptland.in/api/get_categories
[Build Time] Successfully fetched 20 prompts for category 1
ReferenceError: imageUrl is not defined
    at D (/home/jay/Desktop/prompt/.next/server/pages/category/sub-categories/[subcategories]/promptDetails/[promptSlug].js:1:4355)
    at /home/jay/Desktop/prompt/.next/server/pages/category/sub-categories/[subcategories]/promptDetails/[promptSlug].js:1:4820
    at Wc (/home/jay/Desktop/prompt/node_modules/react-dom/cjs/react-dom-server.browser.production.min.js:68:44)
    at Zc (/home/jay/Desktop/prompt/node_modules/react-dom/cjs/react-dom-server.browser.production.min.js:70:253)
    at Z (/home/jay/Desktop/prompt/node_modules/react-dom/cjs/react-dom-server.browser.production.min.js:76:89)
    at Zc (/home/jay/Desktop/prompt/node_modules/react-dom/cjs/react-dom-server.browser.production.min.js:70:481)
    at Z (/home/jay/Desktop/prompt/node_modules/react-dom/cjs/react-dom-server.browser.production.min.js:76:89)
    at $c (/home/jay/Desktop/prompt/node_modules/react-dom/cjs/react-dom-server.browser.production.min.js:78:98)
    at Zc (/home/jay/Desktop/prompt/node_modules/react-dom/cjs/react-dom-server.browser.production.min.js:71:145)
    at Z (/home/jay/Desktop/prompt/node_modules/react-dom/cjs/react-dom-server.browser.production.min.js:76:89)

Error occurred prerendering page "/category/sub-categories/magazine/promptDetails/facebook-frame-cinematic-portrait". Read more: https://nextjs.org/docs/messages/prerender-error

ReferenceError: imageUrl is not defined
    at D (/home/jay/Desktop/prompt/.next/server/pages/category/sub-categories/[subcategories]/promptDetails/[promptSlug].js:1:4355)
    at /home/jay/Desktop/prompt/.next/server/pages/category/sub-categories/[subcategories]/promptDetails/[promptSlug].js:1:4820
    at Wc (/home/jay/Desktop/prompt/node_modules/react-dom/cjs/react-dom-server.browser.production.min.js:68:44)
    at Zc (/home/jay/Desktop/prompt/node_modules/react-dom/cjs/react-dom-server.browser.production.min.js:70:253)
    at Z (/home/jay/Desktop/prompt/node_modules/react-dom/cjs/react-dom-server.browser.production.min.js:76:89)
    at Zc (/home/jay/Desktop/prompt/node_modules/react-dom/cjs/react-dom-server.browser.production.min.js:70:481)
    at Z (/home/jay/Desktop/prompt/node_modules/react-dom/cjs/react-dom-server.browser.production.min.js:76:89)
    at $c (/home/jay/Desktop/prompt/node_modules/react-dom/cjs/react-dom-server.browser.production.min.js:78:98)
    at Zc (/home/jay/Desktop/prompt/node_modules/react-dom/cjs/react-dom-server.browser.production.min.js:71:145)
    at Z (/home/jay/Desktop/prompt/node_modules/react-dom/cjs/react-dom-server.browser.production.min.js:76:89)
[Build Time] Successfully fetched 7 prompts for category 13
ReferenceError: imageUrl is not defined
    at D (/home/jay/Desktop/prompt/.next/server/pages/category/sub-categories/[subcategories]/promptDetails/[promptSlug].js:1:4355)
    at /home/jay/Desktop/prompt/.next/server/pages/category/sub-categories/[subcategories]/promptDetails/[promptSlug].js:1:4820
    at Wc (/home/jay/Desktop/prompt/node_modules/react-dom/cjs/react-dom-server.browser.production.min.js:68:44)
    at Zc (/home/jay/Desktop/prompt/node_modules/react-dom/cjs/react-dom-server.browser.production.min.js:70:253)
    at Z (/home/jay/Desktop/prompt/node_modules/react-dom/cjs/react-dom-server.browser.production.min.js:76:89)
    at Zc (/home/jay/Desktop/prompt/node_modules/react-dom/cjs/react-dom-server.browser.production.min.js:70:481)
    at Z (/home/jay/Desktop/prompt/node_modules/react-dom/cjs/react-dom-server.browser.production.min.js:76:89)
    at $c (/home/jay/Desktop/prompt/node_modules/react-dom/cjs/react-dom-server.browser.production.min.js:78:98)
    at Zc (/home/jay/Desktop/prompt/node_modules/react-dom/cjs/react-dom-server.browser.production.min.js:71:145)
    at Z (/home/jay/Desktop/prompt/node_modules/react-dom/cjs/react-dom-server.browser.production.min.js:76:89)

Error occurred prerendering page "/category/sub-categories/horse/promptDetails/bold-attitude-horse-modelling-pose". Read more: https://nextjs.org/docs/messages/prerender-error

ReferenceError: imageUrl is not defined
    at D (/home/jay/Desktop/prompt/.next/server/pages/category/sub-categories/[subcategories]/promptDetails/[promptSlug].js:1:4355)
    at /home/jay/Desktop/prompt/.next/server/pages/category/sub-categories/[subcategories]/promptDetails/[promptSlug].js:1:4820
    at Wc (/home/jay/Desktop/prompt/node_modules/react-dom/cjs/react-dom-server.browser.production.min.js:68:44)
    at Zc (/home/jay/Desktop/prompt/node_modules/react-dom/cjs/react-dom-server.browser.production.min.js:70:253)
    at Z (/home/jay/Desktop/prompt/node_modules/react-dom/cjs/react-dom-server.browser.production.min.js:76:89)
    at Zc (/home/jay/Desktop/prompt/node_modules/react-dom/cjs/react-dom-server.browser.production.min.js:70:481)
    at Z (/home/jay/Desktop/prompt/node_modules/react-dom/cjs/react-dom-server.browser.production.min.js:76:89)
    at $c (/home/jay/Desktop/prompt/node_modules/react-dom/cjs/react-dom-server.browser.production.min.js:78:98)
    at Zc (/home/jay/Desktop/prompt/node_modules/react-dom/cjs/react-dom-server.browser.production.min.js:71:145)
    at Z (/home/jay/Desktop/prompt/node_modules/react-dom/cjs/react-dom-server.browser.production.min.js:76:89)
[Build Time] Fetching all categories from: https://admin.promptland.in/api/get_categories
[Build Time] Fetching all categories from: https://admin.promptland.in/api/get_categories
[Build Time] Successfully fetched 20 prompts for category 1
[Build Time] Successfully fetched 29 categories
[Build Time] Fetching prompts for category 1, subcategory none
[Build Time] Successfully fetched 29 categories
[Build Time] Fetching prompts for category 1, subcategory none
ReferenceError: imageUrl is not defined
    at D (/home/jay/Desktop/prompt/.next/server/pages/category/sub-categories/[subcategories]/promptDetails/[promptSlug].js:1:4355)
    at /home/jay/Desktop/prompt/.next/server/pages/category/sub-categories/[subcategories]/promptDetails/[promptSlug].js:1:4820
    at Wc (/home/jay/Desktop/prompt/node_modules/react-dom/cjs/react-dom-server.browser.production.min.js:68:44)
    at Zc (/home/jay/Desktop/prompt/node_modules/react-dom/cjs/react-dom-server.browser.production.min.js:70:253)
    at Z (/home/jay/Desktop/prompt/node_modules/react-dom/cjs/react-dom-server.browser.production.min.js:76:89)
    at Zc (/home/jay/Desktop/prompt/node_modules/react-dom/cjs/react-dom-server.browser.production.min.js:70:481)
    at Z (/home/jay/Desktop/prompt/node_modules/react-dom/cjs/react-dom-server.browser.production.min.js:76:89)
    at $c (/home/jay/Desktop/prompt/node_modules/react-dom/cjs/react-dom-server.browser.production.min.js:78:98)
    at Zc (/home/jay/Desktop/prompt/node_modules/react-dom/cjs/react-dom-server.browser.production.min.js:71:145)
    at Z (/home/jay/Desktop/prompt/node_modules/react-dom/cjs/react-dom-server.browser.production.min.js:76:89)

Error occurred prerendering page "/category/sub-categories/magazine/promptDetails/bold-cinematic-collage-poster". Read more: https://nextjs.org/docs/messages/prerender-error

ReferenceError: imageUrl is not defined
    at D (/home/jay/Desktop/prompt/.next/server/pages/category/sub-categories/[subcategories]/promptDetails/[promptSlug].js:1:4355)
    at /home/jay/Desktop/prompt/.next/server/pages/category/sub-categories/[subcategories]/promptDetails/[promptSlug].js:1:4820
    at Wc (/home/jay/Desktop/prompt/node_modules/react-dom/cjs/react-dom-server.browser.production.min.js:68:44)
    at Zc (/home/jay/Desktop/prompt/node_modules/react-dom/cjs/react-dom-server.browser.production.min.js:70:253)
    at Z (/home/jay/Desktop/prompt/node_modules/react-dom/cjs/react-dom-server.browser.production.min.js:76:89)
    at Zc (/home/jay/Desktop/prompt/node_modules/react-dom/cjs/react-dom-server.browser.production.min.js:70:481)
    at Z (/home/jay/Desktop/prompt/node_modules/react-dom/cjs/react-dom-server.browser.production.min.js:76:89)
    at $c (/home/jay/Desktop/prompt/node_modules/react-dom/cjs/react-dom-server.browser.production.min.js:78:98)
    at Zc (/home/jay/Desktop/prompt/node_modules/react-dom/cjs/react-dom-server.browser.production.min.js:71:145)
    at Z (/home/jay/Desktop/prompt/node_modules/react-dom/cjs/react-dom-server.browser.production.min.js:76:89)
[Build Time] Successfully fetched 29 categories
[Build Time] Fetching prompts for category 1, subcategory none
[Build Time] Successfully fetched 29 categories
[Build Time] Fetching prompts for category 1, subcategory none
[Build Time] Fetching all categories from: https://admin.promptland.in/api/get_categories
[Build Time] Successfully fetched 29 categories
[Build Time] Fetching prompts for category 34, subcategory none
[Build Time] Successfully fetched 29 categories
[Build Time] Fetching prompts for category 34, subcategory none
[Build Time] Successfully fetched 2 prompts for category 34
ReferenceError: imageUrl is not defined
    at D (/home/jay/Desktop/prompt/.next/server/pages/category/sub-categories/[subcategories]/promptDetails/[promptSlug].js:1:4355)
    at /home/jay/Desktop/prompt/.next/server/pages/category/sub-categories/[subcategories]/promptDetails/[promptSlug].js:1:4820
    at Wc (/home/jay/Desktop/prompt/node_modules/react-dom/cjs/react-dom-server.browser.production.min.js:68:44)
    at Zc (/home/jay/Desktop/prompt/node_modules/react-dom/cjs/react-dom-server.browser.production.min.js:70:253)
    at Z (/home/jay/Desktop/prompt/node_modules/react-dom/cjs/react-dom-server.browser.production.min.js:76:89)
    at Zc (/home/jay/Desktop/prompt/node_modules/react-dom/cjs/react-dom-server.browser.production.min.js:70:481)
    at Z (/home/jay/Desktop/prompt/node_modules/react-dom/cjs/react-dom-server.browser.production.min.js:76:89)
    at $c (/home/jay/Desktop/prompt/node_modules/react-dom/cjs/react-dom-server.browser.production.min.js:78:98)
    at Zc (/home/jay/Desktop/prompt/node_modules/react-dom/cjs/react-dom-server.browser.production.min.js:71:145)
    at Z (/home/jay/Desktop/prompt/node_modules/react-dom/cjs/react-dom-server.browser.production.min.js:76:89)

Error occurred prerendering page "/category/sub-categories/the-riders-freedom/promptDetails/futuristic-motorcycle-scene-prompt". Read more: https://nextjs.org/docs/messages/prerender-error

ReferenceError: imageUrl is not defined
    at D (/home/jay/Desktop/prompt/.next/server/pages/category/sub-categories/[subcategories]/promptDetails/[promptSlug].js:1:4355)
    at /home/jay/Desktop/prompt/.next/server/pages/category/sub-categories/[subcategories]/promptDetails/[promptSlug].js:1:4820
    at Wc (/home/jay/Desktop/prompt/node_modules/react-dom/cjs/react-dom-server.browser.production.min.js:68:44)
    at Zc (/home/jay/Desktop/prompt/node_modules/react-dom/cjs/react-dom-server.browser.production.min.js:70:253)
    at Z (/home/jay/Desktop/prompt/node_modules/react-dom/cjs/react-dom-server.browser.production.min.js:76:89)
    at Zc (/home/jay/Desktop/prompt/node_modules/react-dom/cjs/react-dom-server.browser.production.min.js:70:481)
    at Z (/home/jay/Desktop/prompt/node_modules/react-dom/cjs/react-dom-server.browser.production.min.js:76:89)
    at $c (/home/jay/Desktop/prompt/node_modules/react-dom/cjs/react-dom-server.browser.production.min.js:78:98)
    at Zc (/home/jay/Desktop/prompt/node_modules/react-dom/cjs/react-dom-server.browser.production.min.js:71:145)
    at Z (/home/jay/Desktop/prompt/node_modules/react-dom/cjs/react-dom-server.browser.production.min.js:76:89)
[Build Time] Fetching all categories from: https://admin.promptland.in/api/get_categories
[Build Time] Successfully fetched 29 categories
[Build Time] Fetching prompts for category 31, subcategory none
[Build Time] Successfully fetched 2 prompts for category 34
[Build Time] Successfully fetched 20 prompts for category 1
ReferenceError: imageUrl is not defined
    at D (/home/jay/Desktop/prompt/.next/server/pages/category/sub-categories/[subcategories]/promptDetails/[promptSlug].js:1:4355)
    at /home/jay/Desktop/prompt/.next/server/pages/category/sub-categories/[subcategories]/promptDetails/[promptSlug].js:1:4820
    at Wc (/home/jay/Desktop/prompt/node_modules/react-dom/cjs/react-dom-server.browser.production.min.js:68:44)
    at Zc (/home/jay/Desktop/prompt/node_modules/react-dom/cjs/react-dom-server.browser.production.min.js:70:253)
    at Z (/home/jay/Desktop/prompt/node_modules/react-dom/cjs/react-dom-server.browser.production.min.js:76:89)
    at Zc (/home/jay/Desktop/prompt/node_modules/react-dom/cjs/react-dom-server.browser.production.min.js:70:481)
    at Z (/home/jay/Desktop/prompt/node_modules/react-dom/cjs/react-dom-server.browser.production.min.js:76:89)
    at $c (/home/jay/Desktop/prompt/node_modules/react-dom/cjs/react-dom-server.browser.production.min.js:78:98)
    at Zc (/home/jay/Desktop/prompt/node_modules/react-dom/cjs/react-dom-server.browser.production.min.js:71:145)
    at Z (/home/jay/Desktop/prompt/node_modules/react-dom/cjs/react-dom-server.browser.production.min.js:76:89)

Error occurred prerendering page "/category/sub-categories/the-riders-freedom/promptDetails/motorcycle-ride-cinematic-shot". Read more: https://nextjs.org/docs/messages/prerender-error

ReferenceError: imageUrl is not defined
    at D (/home/jay/Desktop/prompt/.next/server/pages/category/sub-categories/[subcategories]/promptDetails/[promptSlug].js:1:4355)
    at /home/jay/Desktop/prompt/.next/server/pages/category/sub-categories/[subcategories]/promptDetails/[promptSlug].js:1:4820
    at Wc (/home/jay/Desktop/prompt/node_modules/react-dom/cjs/react-dom-server.browser.production.min.js:68:44)
    at Zc (/home/jay/Desktop/prompt/node_modules/react-dom/cjs/react-dom-server.browser.production.min.js:70:253)
    at Z (/home/jay/Desktop/prompt/node_modules/react-dom/cjs/react-dom-server.browser.production.min.js:76:89)
    at Zc (/home/jay/Desktop/prompt/node_modules/react-dom/cjs/react-dom-server.browser.production.min.js:70:481)
    at Z (/home/jay/Desktop/prompt/node_modules/react-dom/cjs/react-dom-server.browser.production.min.js:76:89)
    at $c (/home/jay/Desktop/prompt/node_modules/react-dom/cjs/react-dom-server.browser.production.min.js:78:98)
    at Zc (/home/jay/Desktop/prompt/node_modules/react-dom/cjs/react-dom-server.browser.production.min.js:71:145)
    at Z (/home/jay/Desktop/prompt/node_modules/react-dom/cjs/react-dom-server.browser.production.min.js:76:89)
ReferenceError: imageUrl is not defined
    at D (/home/jay/Desktop/prompt/.next/server/pages/category/sub-categories/[subcategories]/promptDetails/[promptSlug].js:1:4355)
    at /home/jay/Desktop/prompt/.next/server/pages/category/sub-categories/[subcategories]/promptDetails/[promptSlug].js:1:4820
    at Wc (/home/jay/Desktop/prompt/node_modules/react-dom/cjs/react-dom-server.browser.production.min.js:68:44)
    at Zc (/home/jay/Desktop/prompt/node_modules/react-dom/cjs/react-dom-server.browser.production.min.js:70:253)
    at Z (/home/jay/Desktop/prompt/node_modules/react-dom/cjs/react-dom-server.browser.production.min.js:76:89)
    at Zc (/home/jay/Desktop/prompt/node_modules/react-dom/cjs/react-dom-server.browser.production.min.js:70:481)
    at Z (/home/jay/Desktop/prompt/node_modules/react-dom/cjs/react-dom-server.browser.production.min.js:76:89)
    at $c (/home/jay/Desktop/prompt/node_modules/react-dom/cjs/react-dom-server.browser.production.min.js:78:98)
    at Zc (/home/jay/Desktop/prompt/node_modules/react-dom/cjs/react-dom-server.browser.production.min.js:71:145)
    at Z (/home/jay/Desktop/prompt/node_modules/react-dom/cjs/react-dom-server.browser.production.min.js:76:89)

Error occurred prerendering page "/category/sub-categories/magazine/promptDetails/hacker-room-cinematic-portrait". Read more: https://nextjs.org/docs/messages/prerender-error

ReferenceError: imageUrl is not defined
    at D (/home/jay/Desktop/prompt/.next/server/pages/category/sub-categories/[subcategories]/promptDetails/[promptSlug].js:1:4355)
    at /home/jay/Desktop/prompt/.next/server/pages/category/sub-categories/[subcategories]/promptDetails/[promptSlug].js:1:4820
    at Wc (/home/jay/Desktop/prompt/node_modules/react-dom/cjs/react-dom-server.browser.production.min.js:68:44)
    at Zc (/home/jay/Desktop/prompt/node_modules/react-dom/cjs/react-dom-server.browser.production.min.js:70:253)
    at Z (/home/jay/Desktop/prompt/node_modules/react-dom/cjs/react-dom-server.browser.production.min.js:76:89)
    at Zc (/home/jay/Desktop/prompt/node_modules/react-dom/cjs/react-dom-server.browser.production.min.js:70:481)
    at Z (/home/jay/Desktop/prompt/node_modules/react-dom/cjs/react-dom-server.browser.production.min.js:76:89)
    at $c (/home/jay/Desktop/prompt/node_modules/react-dom/cjs/react-dom-server.browser.production.min.js:78:98)
    at Zc (/home/jay/Desktop/prompt/node_modules/react-dom/cjs/react-dom-server.browser.production.min.js:71:145)
    at Z (/home/jay/Desktop/prompt/node_modules/react-dom/cjs/react-dom-server.browser.production.min.js:76:89)
[Build Time] Successfully fetched 20 prompts for category 1
[Build Time] Successfully fetched 20 prompts for category 1
[Build Time] Fetching all categories from: https://admin.promptland.in/api/get_categories
[Build Time] Successfully fetched 20 prompts for category 1
ReferenceError: imageUrl is not defined
    at D (/home/jay/Desktop/prompt/.next/server/pages/category/sub-categories/[subcategories]/promptDetails/[promptSlug].js:1:4355)
    at /home/jay/Desktop/prompt/.next/server/pages/category/sub-categories/[subcategories]/promptDetails/[promptSlug].js:1:4820
    at Wc (/home/jay/Desktop/prompt/node_modules/react-dom/cjs/react-dom-server.browser.production.min.js:68:44)
    at Zc (/home/jay/Desktop/prompt/node_modules/react-dom/cjs/react-dom-server.browser.production.min.js:70:253)
    at Z (/home/jay/Desktop/prompt/node_modules/react-dom/cjs/react-dom-server.browser.production.min.js:76:89)
    at Zc (/home/jay/Desktop/prompt/node_modules/react-dom/cjs/react-dom-server.browser.production.min.js:70:481)
    at Z (/home/jay/Desktop/prompt/node_modules/react-dom/cjs/react-dom-server.browser.production.min.js:76:89)
    at $c (/home/jay/Desktop/prompt/node_modules/react-dom/cjs/react-dom-server.browser.production.min.js:78:98)
    at Zc (/home/jay/Desktop/prompt/node_modules/react-dom/cjs/react-dom-server.browser.production.min.js:71:145)
    at Z (/home/jay/Desktop/prompt/node_modules/react-dom/cjs/react-dom-server.browser.production.min.js:76:89)

Error occurred prerendering page "/category/sub-categories/magazine/promptDetails/a-new-journey-begins-prompt". Read more: https://nextjs.org/docs/messages/prerender-error

ReferenceError: imageUrl is not defined
    at D (/home/jay/Desktop/prompt/.next/server/pages/category/sub-categories/[subcategories]/promptDetails/[promptSlug].js:1:4355)
    at /home/jay/Desktop/prompt/.next/server/pages/category/sub-categories/[subcategories]/promptDetails/[promptSlug].js:1:4820
    at Wc (/home/jay/Desktop/prompt/node_modules/react-dom/cjs/react-dom-server.browser.production.min.js:68:44)
    at Zc (/home/jay/Desktop/prompt/node_modules/react-dom/cjs/react-dom-server.browser.production.min.js:70:253)
    at Z (/home/jay/Desktop/prompt/node_modules/react-dom/cjs/react-dom-server.browser.production.min.js:76:89)
    at Zc (/home/jay/Desktop/prompt/node_modules/react-dom/cjs/react-dom-server.browser.production.min.js:70:481)
    at Z (/home/jay/Desktop/prompt/node_modules/react-dom/cjs/react-dom-server.browser.production.min.js:76:89)
    at $c (/home/jay/Desktop/prompt/node_modules/react-dom/cjs/react-dom-server.browser.production.min.js:78:98)
    at Zc (/home/jay/Desktop/prompt/node_modules/react-dom/cjs/react-dom-server.browser.production.min.js:71:145)
    at Z (/home/jay/Desktop/prompt/node_modules/react-dom/cjs/react-dom-server.browser.production.min.js:76:89)
[Build Time] Fetching all categories from: https://admin.promptland.in/api/get_categories
ReferenceError: imageUrl is not defined
    at D (/home/jay/Desktop/prompt/.next/server/pages/category/sub-categories/[subcategories]/promptDetails/[promptSlug].js:1:4355)
    at /home/jay/Desktop/prompt/.next/server/pages/category/sub-categories/[subcategories]/promptDetails/[promptSlug].js:1:4820
    at Wc (/home/jay/Desktop/prompt/node_modules/react-dom/cjs/react-dom-server.browser.production.min.js:68:44)
    at Zc (/home/jay/Desktop/prompt/node_modules/react-dom/cjs/react-dom-server.browser.production.min.js:70:253)
    at Z (/home/jay/Desktop/prompt/node_modules/react-dom/cjs/react-dom-server.browser.production.min.js:76:89)
    at Zc (/home/jay/Desktop/prompt/node_modules/react-dom/cjs/react-dom-server.browser.production.min.js:70:481)
    at Z (/home/jay/Desktop/prompt/node_modules/react-dom/cjs/react-dom-server.browser.production.min.js:76:89)
    at $c (/home/jay/Desktop/prompt/node_modules/react-dom/cjs/react-dom-server.browser.production.min.js:78:98)
    at Zc (/home/jay/Desktop/prompt/node_modules/react-dom/cjs/react-dom-server.browser.production.min.js:71:145)
    at Z (/home/jay/Desktop/prompt/node_modules/react-dom/cjs/react-dom-server.browser.production.min.js:76:89)

Error occurred prerendering page "/category/sub-categories/magazine/promptDetails/urban-street-style-poster". Read more: https://nextjs.org/docs/messages/prerender-error

ReferenceError: imageUrl is not defined
    at D (/home/jay/Desktop/prompt/.next/server/pages/category/sub-categories/[subcategories]/promptDetails/[promptSlug].js:1:4355)
    at /home/jay/Desktop/prompt/.next/server/pages/category/sub-categories/[subcategories]/promptDetails/[promptSlug].js:1:4820
    at Wc (/home/jay/Desktop/prompt/node_modules/react-dom/cjs/react-dom-server.browser.production.min.js:68:44)
    at Zc (/home/jay/Desktop/prompt/node_modules/react-dom/cjs/react-dom-server.browser.production.min.js:70:253)
    at Z (/home/jay/Desktop/prompt/node_modules/react-dom/cjs/react-dom-server.browser.production.min.js:76:89)
    at Zc (/home/jay/Desktop/prompt/node_modules/react-dom/cjs/react-dom-server.browser.production.min.js:70:481)
    at Z (/home/jay/Desktop/prompt/node_modules/react-dom/cjs/react-dom-server.browser.production.min.js:76:89)
    at $c (/home/jay/Desktop/prompt/node_modules/react-dom/cjs/react-dom-server.browser.production.min.js:78:98)
    at Zc (/home/jay/Desktop/prompt/node_modules/react-dom/cjs/react-dom-server.browser.production.min.js:71:145)
    at Z (/home/jay/Desktop/prompt/node_modules/react-dom/cjs/react-dom-server.browser.production.min.js:76:89)
ReferenceError: imageUrl is not defined
    at D (/home/jay/Desktop/prompt/.next/server/pages/category/sub-categories/[subcategories]/promptDetails/[promptSlug].js:1:4355)
    at /home/jay/Desktop/prompt/.next/server/pages/category/sub-categories/[subcategories]/promptDetails/[promptSlug].js:1:4820
    at Wc (/home/jay/Desktop/prompt/node_modules/react-dom/cjs/react-dom-server.browser.production.min.js:68:44)
    at Zc (/home/jay/Desktop/prompt/node_modules/react-dom/cjs/react-dom-server.browser.production.min.js:70:253)
    at Z (/home/jay/Desktop/prompt/node_modules/react-dom/cjs/react-dom-server.browser.production.min.js:76:89)
    at Zc (/home/jay/Desktop/prompt/node_modules/react-dom/cjs/react-dom-server.browser.production.min.js:70:481)
    at Z (/home/jay/Desktop/prompt/node_modules/react-dom/cjs/react-dom-server.browser.production.min.js:76:89)
    at $c (/home/jay/Desktop/prompt/node_modules/react-dom/cjs/react-dom-server.browser.production.min.js:78:98)
    at Zc (/home/jay/Desktop/prompt/node_modules/react-dom/cjs/react-dom-server.browser.production.min.js:71:145)
    at Z (/home/jay/Desktop/prompt/node_modules/react-dom/cjs/react-dom-server.browser.production.min.js:76:89)

Error occurred prerendering page "/category/sub-categories/magazine/promptDetails/minimalist-studio-coffee-portrait". Read more: https://nextjs.org/docs/messages/prerender-error

ReferenceError: imageUrl is not defined
    at D (/home/jay/Desktop/prompt/.next/server/pages/category/sub-categories/[subcategories]/promptDetails/[promptSlug].js:1:4355)
    at /home/jay/Desktop/prompt/.next/server/pages/category/sub-categories/[subcategories]/promptDetails/[promptSlug].js:1:4820
    at Wc (/home/jay/Desktop/prompt/node_modules/react-dom/cjs/react-dom-server.browser.production.min.js:68:44)
    at Zc (/home/jay/Desktop/prompt/node_modules/react-dom/cjs/react-dom-server.browser.production.min.js:70:253)
    at Z (/home/jay/Desktop/prompt/node_modules/react-dom/cjs/react-dom-server.browser.production.min.js:76:89)
    at Zc (/home/jay/Desktop/prompt/node_modules/react-dom/cjs/react-dom-server.browser.production.min.js:70:481)
    at Z (/home/jay/Desktop/prompt/node_modules/react-dom/cjs/react-dom-server.browser.production.min.js:76:89)
    at $c (/home/jay/Desktop/prompt/node_modules/react-dom/cjs/react-dom-server.browser.production.min.js:78:98)
    at Zc (/home/jay/Desktop/prompt/node_modules/react-dom/cjs/react-dom-server.browser.production.min.js:71:145)
    at Z (/home/jay/Desktop/prompt/node_modules/react-dom/cjs/react-dom-server.browser.production.min.js:76:89)
[Build Time] Fetching all categories from: https://admin.promptland.in/api/get_categories
[Build Time] Fetching all categories from: https://admin.promptland.in/api/get_categories
[Build Time] Fetching all categories from: https://admin.promptland.in/api/get_categories
[Build Time] Successfully fetched 29 categories
[Build Time] Fetching prompts for category 31, subcategory none
[Build Time] Successfully fetched 29 categories
[Build Time] Fetching prompts for category 31, subcategory none
[Build Time] Successfully fetched 29 categories
[Build Time] Fetching prompts for category 31, subcategory none
[Build Time] Successfully fetched 10 prompts for category 31
ReferenceError: imageUrl is not defined
    at D (/home/jay/Desktop/prompt/.next/server/pages/category/sub-categories/[subcategories]/promptDetails/[promptSlug].js:1:4355)
    at /home/jay/Desktop/prompt/.next/server/pages/category/sub-categories/[subcategories]/promptDetails/[promptSlug].js:1:4820
    at Wc (/home/jay/Desktop/prompt/node_modules/react-dom/cjs/react-dom-server.browser.production.min.js:68:44)
    at Zc (/home/jay/Desktop/prompt/node_modules/react-dom/cjs/react-dom-server.browser.production.min.js:70:253)
    at Z (/home/jay/Desktop/prompt/node_modules/react-dom/cjs/react-dom-server.browser.production.min.js:76:89)
    at Zc (/home/jay/Desktop/prompt/node_modules/react-dom/cjs/react-dom-server.browser.production.min.js:70:481)
    at Z (/home/jay/Desktop/prompt/node_modules/react-dom/cjs/react-dom-server.browser.production.min.js:76:89)
    at $c (/home/jay/Desktop/prompt/node_modules/react-dom/cjs/react-dom-server.browser.production.min.js:78:98)
    at Zc (/home/jay/Desktop/prompt/node_modules/react-dom/cjs/react-dom-server.browser.production.min.js:71:145)
    at Z (/home/jay/Desktop/prompt/node_modules/react-dom/cjs/react-dom-server.browser.production.min.js:76:89)

Error occurred prerendering page "/category/sub-categories/see-you-multi-time/promptDetails/hyper-realistic-4k-photo-poster-collage". Read more: https://nextjs.org/docs/messages/prerender-error

ReferenceError: imageUrl is not defined
    at D (/home/jay/Desktop/prompt/.next/server/pages/category/sub-categories/[subcategories]/promptDetails/[promptSlug].js:1:4355)
    at /home/jay/Desktop/prompt/.next/server/pages/category/sub-categories/[subcategories]/promptDetails/[promptSlug].js:1:4820
    at Wc (/home/jay/Desktop/prompt/node_modules/react-dom/cjs/react-dom-server.browser.production.min.js:68:44)
    at Zc (/home/jay/Desktop/prompt/node_modules/react-dom/cjs/react-dom-server.browser.production.min.js:70:253)
    at Z (/home/jay/Desktop/prompt/node_modules/react-dom/cjs/react-dom-server.browser.production.min.js:76:89)
    at Zc (/home/jay/Desktop/prompt/node_modules/react-dom/cjs/react-dom-server.browser.production.min.js:70:481)
    at Z (/home/jay/Desktop/prompt/node_modules/react-dom/cjs/react-dom-server.browser.production.min.js:76:89)
    at $c (/home/jay/Desktop/prompt/node_modules/react-dom/cjs/react-dom-server.browser.production.min.js:78:98)
    at Zc (/home/jay/Desktop/prompt/node_modules/react-dom/cjs/react-dom-server.browser.production.min.js:71:145)
    at Z (/home/jay/Desktop/prompt/node_modules/react-dom/cjs/react-dom-server.browser.production.min.js:76:89)
[Build Time] Fetching all categories from: https://admin.promptland.in/api/get_categories
[Build Time] Successfully fetched 29 categories
[Build Time] Fetching prompts for category 31, subcategory none
[Build Time] Successfully fetched 29 categories
[Build Time] Fetching prompts for category 31, subcategory none
[Build Time] Successfully fetched 29 categories
[Build Time] Fetching prompts for category 31, subcategory none
[Build Time] Successfully fetched 10 prompts for category 31
[Build Time] Successfully fetched 10 prompts for category 31
[Build Time] Successfully fetched 10 prompts for category 31
ReferenceError: imageUrl is not defined
    at D (/home/jay/Desktop/prompt/.next/server/pages/category/sub-categories/[subcategories]/promptDetails/[promptSlug].js:1:4355)
    at /home/jay/Desktop/prompt/.next/server/pages/category/sub-categories/[subcategories]/promptDetails/[promptSlug].js:1:4820
    at Wc (/home/jay/Desktop/prompt/node_modules/react-dom/cjs/react-dom-server.browser.production.min.js:68:44)
    at Zc (/home/jay/Desktop/prompt/node_modules/react-dom/cjs/react-dom-server.browser.production.min.js:70:253)
    at Z (/home/jay/Desktop/prompt/node_modules/react-dom/cjs/react-dom-server.browser.production.min.js:76:89)
    at Zc (/home/jay/Desktop/prompt/node_modules/react-dom/cjs/react-dom-server.browser.production.min.js:70:481)
    at Z (/home/jay/Desktop/prompt/node_modules/react-dom/cjs/react-dom-server.browser.production.min.js:76:89)
    at $c (/home/jay/Desktop/prompt/node_modules/react-dom/cjs/react-dom-server.browser.production.min.js:78:98)
    at Zc (/home/jay/Desktop/prompt/node_modules/react-dom/cjs/react-dom-server.browser.production.min.js:71:145)
    at Z (/home/jay/Desktop/prompt/node_modules/react-dom/cjs/react-dom-server.browser.production.min.js:76:89)

Error occurred prerendering page "/category/sub-categories/see-you-multi-time/promptDetails/bold-fashion-collage-poster". Read more: https://nextjs.org/docs/messages/prerender-error

ReferenceError: imageUrl is not defined
    at D (/home/jay/Desktop/prompt/.next/server/pages/category/sub-categories/[subcategories]/promptDetails/[promptSlug].js:1:4355)
    at /home/jay/Desktop/prompt/.next/server/pages/category/sub-categories/[subcategories]/promptDetails/[promptSlug].js:1:4820
    at Wc (/home/jay/Desktop/prompt/node_modules/react-dom/cjs/react-dom-server.browser.production.min.js:68:44)
    at Zc (/home/jay/Desktop/prompt/node_modules/react-dom/cjs/react-dom-server.browser.production.min.js:70:253)
    at Z (/home/jay/Desktop/prompt/node_modules/react-dom/cjs/react-dom-server.browser.production.min.js:76:89)
    at Zc (/home/jay/Desktop/prompt/node_modules/react-dom/cjs/react-dom-server.browser.production.min.js:70:481)
    at Z (/home/jay/Desktop/prompt/node_modules/react-dom/cjs/react-dom-server.browser.production.min.js:76:89)
    at $c (/home/jay/Desktop/prompt/node_modules/react-dom/cjs/react-dom-server.browser.production.min.js:78:98)
    at Zc (/home/jay/Desktop/prompt/node_modules/react-dom/cjs/react-dom-server.browser.production.min.js:71:145)
    at Z (/home/jay/Desktop/prompt/node_modules/react-dom/cjs/react-dom-server.browser.production.min.js:76:89)
ReferenceError: imageUrl is not defined
    at D (/home/jay/Desktop/prompt/.next/server/pages/category/sub-categories/[subcategories]/promptDetails/[promptSlug].js:1:4355)
    at /home/jay/Desktop/prompt/.next/server/pages/category/sub-categories/[subcategories]/promptDetails/[promptSlug].js:1:4820
    at Wc (/home/jay/Desktop/prompt/node_modules/react-dom/cjs/react-dom-server.browser.production.min.js:68:44)
    at Zc (/home/jay/Desktop/prompt/node_modules/react-dom/cjs/react-dom-server.browser.production.min.js:70:253)
    at Z (/home/jay/Desktop/prompt/node_modules/react-dom/cjs/react-dom-server.browser.production.min.js:76:89)
    at Zc (/home/jay/Desktop/prompt/node_modules/react-dom/cjs/react-dom-server.browser.production.min.js:70:481)
    at Z (/home/jay/Desktop/prompt/node_modules/react-dom/cjs/react-dom-server.browser.production.min.js:76:89)
    at $c (/home/jay/Desktop/prompt/node_modules/react-dom/cjs/react-dom-server.browser.production.min.js:78:98)
    at Zc (/home/jay/Desktop/prompt/node_modules/react-dom/cjs/react-dom-server.browser.production.min.js:71:145)
    at Z (/home/jay/Desktop/prompt/node_modules/react-dom/cjs/react-dom-server.browser.production.min.js:76:89)

Error occurred prerendering page "/category/sub-categories/see-you-multi-time/promptDetails/ultra-realistic-4k-urban-neon-collage-poster". Read more: https://nextjs.org/docs/messages/prerender-error

ReferenceError: imageUrl is not defined
    at D (/home/jay/Desktop/prompt/.next/server/pages/category/sub-categories/[subcategories]/promptDetails/[promptSlug].js:1:4355)
    at /home/jay/Desktop/prompt/.next/server/pages/category/sub-categories/[subcategories]/promptDetails/[promptSlug].js:1:4820
    at Wc (/home/jay/Desktop/prompt/node_modules/react-dom/cjs/react-dom-server.browser.production.min.js:68:44)
    at Zc (/home/jay/Desktop/prompt/node_modules/react-dom/cjs/react-dom-server.browser.production.min.js:70:253)
    at Z (/home/jay/Desktop/prompt/node_modules/react-dom/cjs/react-dom-server.browser.production.min.js:76:89)
    at Zc (/home/jay/Desktop/prompt/node_modules/react-dom/cjs/react-dom-server.browser.production.min.js:70:481)
    at Z (/home/jay/Desktop/prompt/node_modules/react-dom/cjs/react-dom-server.browser.production.min.js:76:89)
    at $c (/home/jay/Desktop/prompt/node_modules/react-dom/cjs/react-dom-server.browser.production.min.js:78:98)
    at Zc (/home/jay/Desktop/prompt/node_modules/react-dom/cjs/react-dom-server.browser.production.min.js:71:145)
    at Z (/home/jay/Desktop/prompt/node_modules/react-dom/cjs/react-dom-server.browser.production.min.js:76:89)

Error occurred prerendering page "/category/sub-categories/see-you-multi-time/promptDetails/hyper-realistic-4k-cinematic-action-collage". Read more: https://nextjs.org/docs/messages/prerender-error

ReferenceError: imageUrl is not defined
    at D (/home/jay/Desktop/prompt/.next/server/pages/category/sub-categories/[subcategories]/promptDetails/[promptSlug].js:1:4355)
    at /home/jay/Desktop/prompt/.next/server/pages/category/sub-categories/[subcategories]/promptDetails/[promptSlug].js:1:4820
    at Wc (/home/jay/Desktop/prompt/node_modules/react-dom/cjs/react-dom-server.browser.production.min.js:68:44)
    at Zc (/home/jay/Desktop/prompt/node_modules/react-dom/cjs/react-dom-server.browser.production.min.js:70:253)
    at Z (/home/jay/Desktop/prompt/node_modules/react-dom/cjs/react-dom-server.browser.production.min.js:76:89)
    at Zc (/home/jay/Desktop/prompt/node_modules/react-dom/cjs/react-dom-server.browser.production.min.js:70:481)
    at Z (/home/jay/Desktop/prompt/node_modules/react-dom/cjs/react-dom-server.browser.production.min.js:76:89)
    at $c (/home/jay/Desktop/prompt/node_modules/react-dom/cjs/react-dom-server.browser.production.min.js:78:98)
    at Zc (/home/jay/Desktop/prompt/node_modules/react-dom/cjs/react-dom-server.browser.production.min.js:71:145)
    at Z (/home/jay/Desktop/prompt/node_modules/react-dom/cjs/react-dom-server.browser.production.min.js:76:89)
ReferenceError: imageUrl is not defined
    at D (/home/jay/Desktop/prompt/.next/server/pages/category/sub-categories/[subcategories]/promptDetails/[promptSlug].js:1:4355)
    at /home/jay/Desktop/prompt/.next/server/pages/category/sub-categories/[subcategories]/promptDetails/[promptSlug].js:1:4820
    at Wc (/home/jay/Desktop/prompt/node_modules/react-dom/cjs/react-dom-server.browser.production.min.js:68:44)
    at Zc (/home/jay/Desktop/prompt/node_modules/react-dom/cjs/react-dom-server.browser.production.min.js:70:253)
    at Z (/home/jay/Desktop/prompt/node_modules/react-dom/cjs/react-dom-server.browser.production.min.js:76:89)
    at Zc (/home/jay/Desktop/prompt/node_modules/react-dom/cjs/react-dom-server.browser.production.min.js:70:481)
    at Z (/home/jay/Desktop/prompt/node_modules/react-dom/cjs/react-dom-server.browser.production.min.js:76:89)
    at $c (/home/jay/Desktop/prompt/node_modules/react-dom/cjs/react-dom-server.browser.production.min.js:78:98)
    at Zc (/home/jay/Desktop/prompt/node_modules/react-dom/cjs/react-dom-server.browser.production.min.js:71:145)
    at Z (/home/jay/Desktop/prompt/node_modules/react-dom/cjs/react-dom-server.browser.production.min.js:76:89)
[Build Time] Fetching all categories from: https://admin.promptland.in/api/get_categories
[Build Time] Fetching all categories from: https://admin.promptland.in/api/get_categories
[Build Time] Fetching all categories from: https://admin.promptland.in/api/get_categories
[Build Time] Successfully fetched 29 categories
[Build Time] Fetching prompts for category 31, subcategory none
[Build Time] Successfully fetched 10 prompts for category 31
[Build Time] Successfully fetched 10 prompts for category 31
ReferenceError: imageUrl is not defined
    at D (/home/jay/Desktop/prompt/.next/server/pages/category/sub-categories/[subcategories]/promptDetails/[promptSlug].js:1:4355)
    at /home/jay/Desktop/prompt/.next/server/pages/category/sub-categories/[subcategories]/promptDetails/[promptSlug].js:1:4820
    at Wc (/home/jay/Desktop/prompt/node_modules/react-dom/cjs/react-dom-server.browser.production.min.js:68:44)
    at Zc (/home/jay/Desktop/prompt/node_modules/react-dom/cjs/react-dom-server.browser.production.min.js:70:253)
    at Z (/home/jay/Desktop/prompt/node_modules/react-dom/cjs/react-dom-server.browser.production.min.js:76:89)
    at Zc (/home/jay/Desktop/prompt/node_modules/react-dom/cjs/react-dom-server.browser.production.min.js:70:481)
    at Z (/home/jay/Desktop/prompt/node_modules/react-dom/cjs/react-dom-server.browser.production.min.js:76:89)
    at $c (/home/jay/Desktop/prompt/node_modules/react-dom/cjs/react-dom-server.browser.production.min.js:78:98)
    at Zc (/home/jay/Desktop/prompt/node_modules/react-dom/cjs/react-dom-server.browser.production.min.js:71:145)
    at Z (/home/jay/Desktop/prompt/node_modules/react-dom/cjs/react-dom-server.browser.production.min.js:76:89)
[Build Time] Successfully fetched 10 prompts for category 31

Error occurred prerendering page "/category/sub-categories/see-you-multi-time/promptDetails/modern-villain-poster-portrait". Read more: https://nextjs.org/docs/messages/prerender-error

ReferenceError: imageUrl is not defined
    at D (/home/jay/Desktop/prompt/.next/server/pages/category/sub-categories/[subcategories]/promptDetails/[promptSlug].js:1:4355)
    at /home/jay/Desktop/prompt/.next/server/pages/category/sub-categories/[subcategories]/promptDetails/[promptSlug].js:1:4820
    at Wc (/home/jay/Desktop/prompt/node_modules/react-dom/cjs/react-dom-server.browser.production.min.js:68:44)
    at Zc (/home/jay/Desktop/prompt/node_modules/react-dom/cjs/react-dom-server.browser.production.min.js:70:253)
    at Z (/home/jay/Desktop/prompt/node_modules/react-dom/cjs/react-dom-server.browser.production.min.js:76:89)
    at Zc (/home/jay/Desktop/prompt/node_modules/react-dom/cjs/react-dom-server.browser.production.min.js:70:481)
    at Z (/home/jay/Desktop/prompt/node_modules/react-dom/cjs/react-dom-server.browser.production.min.js:76:89)
    at $c (/home/jay/Desktop/prompt/node_modules/react-dom/cjs/react-dom-server.browser.production.min.js:78:98)
    at Zc (/home/jay/Desktop/prompt/node_modules/react-dom/cjs/react-dom-server.browser.production.min.js:71:145)
    at Z (/home/jay/Desktop/prompt/node_modules/react-dom/cjs/react-dom-server.browser.production.min.js:76:89)
ReferenceError: imageUrl is not defined
    at D (/home/jay/Desktop/prompt/.next/server/pages/category/sub-categories/[subcategories]/promptDetails/[promptSlug].js:1:4355)
    at /home/jay/Desktop/prompt/.next/server/pages/category/sub-categories/[subcategories]/promptDetails/[promptSlug].js:1:4820
    at Wc (/home/jay/Desktop/prompt/node_modules/react-dom/cjs/react-dom-server.browser.production.min.js:68:44)
    at Zc (/home/jay/Desktop/prompt/node_modules/react-dom/cjs/react-dom-server.browser.production.min.js:70:253)
    at Z (/home/jay/Desktop/prompt/node_modules/react-dom/cjs/react-dom-server.browser.production.min.js:76:89)
    at Zc (/home/jay/Desktop/prompt/node_modules/react-dom/cjs/react-dom-server.browser.production.min.js:70:481)
    at Z (/home/jay/Desktop/prompt/node_modules/react-dom/cjs/react-dom-server.browser.production.min.js:76:89)
    at $c (/home/jay/Desktop/prompt/node_modules/react-dom/cjs/react-dom-server.browser.production.min.js:78:98)
    at Zc (/home/jay/Desktop/prompt/node_modules/react-dom/cjs/react-dom-server.browser.production.min.js:71:145)
    at Z (/home/jay/Desktop/prompt/node_modules/react-dom/cjs/react-dom-server.browser.production.min.js:76:89)

Error occurred prerendering page "/category/sub-categories/see-you-multi-time/promptDetails/two-version-cinematic-portrait-frame". Read more: https://nextjs.org/docs/messages/prerender-error

ReferenceError: imageUrl is not defined
    at D (/home/jay/Desktop/prompt/.next/server/pages/category/sub-categories/[subcategories]/promptDetails/[promptSlug].js:1:4355)
    at /home/jay/Desktop/prompt/.next/server/pages/category/sub-categories/[subcategories]/promptDetails/[promptSlug].js:1:4820
    at Wc (/home/jay/Desktop/prompt/node_modules/react-dom/cjs/react-dom-server.browser.production.min.js:68:44)
    at Zc (/home/jay/Desktop/prompt/node_modules/react-dom/cjs/react-dom-server.browser.production.min.js:70:253)
    at Z (/home/jay/Desktop/prompt/node_modules/react-dom/cjs/react-dom-server.browser.production.min.js:76:89)
    at Zc (/home/jay/Desktop/prompt/node_modules/react-dom/cjs/react-dom-server.browser.production.min.js:70:481)
    at Z (/home/jay/Desktop/prompt/node_modules/react-dom/cjs/react-dom-server.browser.production.min.js:76:89)
    at $c (/home/jay/Desktop/prompt/node_modules/react-dom/cjs/react-dom-server.browser.production.min.js:78:98)
    at Zc (/home/jay/Desktop/prompt/node_modules/react-dom/cjs/react-dom-server.browser.production.min.js:71:145)
    at Z (/home/jay/Desktop/prompt/node_modules/react-dom/cjs/react-dom-server.browser.production.min.js:76:89)
ReferenceError: imageUrl is not defined
    at D (/home/jay/Desktop/prompt/.next/server/pages/category/sub-categories/[subcategories]/promptDetails/[promptSlug].js:1:4355)
    at /home/jay/Desktop/prompt/.next/server/pages/category/sub-categories/[subcategories]/promptDetails/[promptSlug].js:1:4820
    at Wc (/home/jay/Desktop/prompt/node_modules/react-dom/cjs/react-dom-server.browser.production.min.js:68:44)
    at Zc (/home/jay/Desktop/prompt/node_modules/react-dom/cjs/react-dom-server.browser.production.min.js:70:253)
    at Z (/home/jay/Desktop/prompt/node_modules/react-dom/cjs/react-dom-server.browser.production.min.js:76:89)
    at Zc (/home/jay/Desktop/prompt/node_modules/react-dom/cjs/react-dom-server.browser.production.min.js:70:481)
    at Z (/home/jay/Desktop/prompt/node_modules/react-dom/cjs/react-dom-server.browser.production.min.js:76:89)
    at $c (/home/jay/Desktop/prompt/node_modules/react-dom/cjs/react-dom-server.browser.production.min.js:78:98)
    at Zc (/home/jay/Desktop/prompt/node_modules/react-dom/cjs/react-dom-server.browser.production.min.js:71:145)
    at Z (/home/jay/Desktop/prompt/node_modules/react-dom/cjs/react-dom-server.browser.production.min.js:76:89)

Error occurred prerendering page "/category/sub-categories/see-you-multi-time/promptDetails/conceptual-movie-poster-composition". Read more: https://nextjs.org/docs/messages/prerender-error

[Build Time] Fetching all categories from: https://admin.promptland.in/api/get_categories
ReferenceError: imageUrl is not defined
    at D (/home/jay/Desktop/prompt/.next/server/pages/category/sub-categories/[subcategories]/promptDetails/[promptSlug].js:1:4355)
    at /home/jay/Desktop/prompt/.next/server/pages/category/sub-categories/[subcategories]/promptDetails/[promptSlug].js:1:4820
    at Wc (/home/jay/Desktop/prompt/node_modules/react-dom/cjs/react-dom-server.browser.production.min.js:68:44)
    at Zc (/home/jay/Desktop/prompt/node_modules/react-dom/cjs/react-dom-server.browser.production.min.js:70:253)
    at Z (/home/jay/Desktop/prompt/node_modules/react-dom/cjs/react-dom-server.browser.production.min.js:76:89)
    at Zc (/home/jay/Desktop/prompt/node_modules/react-dom/cjs/react-dom-server.browser.production.min.js:70:481)
    at Z (/home/jay/Desktop/prompt/node_modules/react-dom/cjs/react-dom-server.browser.production.min.js:76:89)
    at $c (/home/jay/Desktop/prompt/node_modules/react-dom/cjs/react-dom-server.browser.production.min.js:78:98)
    at Zc (/home/jay/Desktop/prompt/node_modules/react-dom/cjs/react-dom-server.browser.production.min.js:71:145)
    at Z (/home/jay/Desktop/prompt/node_modules/react-dom/cjs/react-dom-server.browser.production.min.js:76:89)
[Build Time] Fetching all categories from: https://admin.promptland.in/api/get_categories
[Build Time] Fetching all categories from: https://admin.promptland.in/api/get_categories
[Build Time] Successfully fetched 29 categories
[Build Time] Fetching prompts for category 31, subcategory none
[Build Time] Successfully fetched 29 categories
[Build Time] Fetching prompts for category 31, subcategory none
[Build Time] Successfully fetched 29 categories
[Build Time] Fetching prompts for category 30, subcategory none
[Build Time] Successfully fetched 10 prompts for category 31
ReferenceError: imageUrl is not defined
    at D (/home/jay/Desktop/prompt/.next/server/pages/category/sub-categories/[subcategories]/promptDetails/[promptSlug].js:1:4355)
    at /home/jay/Desktop/prompt/.next/server/pages/category/sub-categories/[subcategories]/promptDetails/[promptSlug].js:1:4820
    at Wc (/home/jay/Desktop/prompt/node_modules/react-dom/cjs/react-dom-server.browser.production.min.js:68:44)
    at Zc (/home/jay/Desktop/prompt/node_modules/react-dom/cjs/react-dom-server.browser.production.min.js:70:253)
    at Z (/home/jay/Desktop/prompt/node_modules/react-dom/cjs/react-dom-server.browser.production.min.js:76:89)
    at Zc (/home/jay/Desktop/prompt/node_modules/react-dom/cjs/react-dom-server.browser.production.min.js:70:481)
    at Z (/home/jay/Desktop/prompt/node_modules/react-dom/cjs/react-dom-server.browser.production.min.js:76:89)
    at $c (/home/jay/Desktop/prompt/node_modules/react-dom/cjs/react-dom-server.browser.production.min.js:78:98)
    at Zc (/home/jay/Desktop/prompt/node_modules/react-dom/cjs/react-dom-server.browser.production.min.js:71:145)
    at Z (/home/jay/Desktop/prompt/node_modules/react-dom/cjs/react-dom-server.browser.production.min.js:76:89)

Error occurred prerendering page "/category/sub-categories/see-you-multi-time/promptDetails/dual-pose-fan-art-portrait". Read more: https://nextjs.org/docs/messages/prerender-error

ReferenceError: imageUrl is not defined
    at D (/home/jay/Desktop/prompt/.next/server/pages/category/sub-categories/[subcategories]/promptDetails/[promptSlug].js:1:4355)
    at /home/jay/Desktop/prompt/.next/server/pages/category/sub-categories/[subcategories]/promptDetails/[promptSlug].js:1:4820
    at Wc (/home/jay/Desktop/prompt/node_modules/react-dom/cjs/react-dom-server.browser.production.min.js:68:44)
    at Zc (/home/jay/Desktop/prompt/node_modules/react-dom/cjs/react-dom-server.browser.production.min.js:70:253)
    at Z (/home/jay/Desktop/prompt/node_modules/react-dom/cjs/react-dom-server.browser.production.min.js:76:89)
    at Zc (/home/jay/Desktop/prompt/node_modules/react-dom/cjs/react-dom-server.browser.production.min.js:70:481)
    at Z (/home/jay/Desktop/prompt/node_modules/react-dom/cjs/react-dom-server.browser.production.min.js:76:89)
    at $c (/home/jay/Desktop/prompt/node_modules/react-dom/cjs/react-dom-server.browser.production.min.js:78:98)
    at Zc (/home/jay/Desktop/prompt/node_modules/react-dom/cjs/react-dom-server.browser.production.min.js:71:145)
    at Z (/home/jay/Desktop/prompt/node_modules/react-dom/cjs/react-dom-server.browser.production.min.js:76:89)
[Build Time] Fetching all categories from: https://admin.promptland.in/api/get_categories
[Build Time] Successfully fetched 29 categories
[Build Time] Fetching prompts for category 30, subcategory none
[Build Time] Successfully fetched 29 categories
[Build Time] Fetching prompts for category 14, subcategory none
[Build Time] Successfully fetched 29 categories
[Build Time] Fetching prompts for category 30, subcategory none
[Build Time] Successfully fetched 3 prompts for category 30
ReferenceError: imageUrl is not defined
    at D (/home/jay/Desktop/prompt/.next/server/pages/category/sub-categories/[subcategories]/promptDetails/[promptSlug].js:1:4355)
    at /home/jay/Desktop/prompt/.next/server/pages/category/sub-categories/[subcategories]/promptDetails/[promptSlug].js:1:4820
    at Wc (/home/jay/Desktop/prompt/node_modules/react-dom/cjs/react-dom-server.browser.production.min.js:68:44)
    at Zc (/home/jay/Desktop/prompt/node_modules/react-dom/cjs/react-dom-server.browser.production.min.js:70:253)
    at Z (/home/jay/Desktop/prompt/node_modules/react-dom/cjs/react-dom-server.browser.production.min.js:76:89)
    at Zc (/home/jay/Desktop/prompt/node_modules/react-dom/cjs/react-dom-server.browser.production.min.js:70:481)
    at Z (/home/jay/Desktop/prompt/node_modules/react-dom/cjs/react-dom-server.browser.production.min.js:76:89)
    at $c (/home/jay/Desktop/prompt/node_modules/react-dom/cjs/react-dom-server.browser.production.min.js:78:98)
    at Zc (/home/jay/Desktop/prompt/node_modules/react-dom/cjs/react-dom-server.browser.production.min.js:71:145)
    at Z (/home/jay/Desktop/prompt/node_modules/react-dom/cjs/react-dom-server.browser.production.min.js:76:89)

Error occurred prerendering page "/category/sub-categories/the-classic-background-vibe/promptDetails/mint-green-dynamic-fashion-shoot". Read more: https://nextjs.org/docs/messages/prerender-error

ReferenceError: imageUrl is not defined
    at D (/home/jay/Desktop/prompt/.next/server/pages/category/sub-categories/[subcategories]/promptDetails/[promptSlug].js:1:4355)
    at /home/jay/Desktop/prompt/.next/server/pages/category/sub-categories/[subcategories]/promptDetails/[promptSlug].js:1:4820
    at Wc (/home/jay/Desktop/prompt/node_modules/react-dom/cjs/react-dom-server.browser.production.min.js:68:44)
    at Zc (/home/jay/Desktop/prompt/node_modules/react-dom/cjs/react-dom-server.browser.production.min.js:70:253)
    at Z (/home/jay/Desktop/prompt/node_modules/react-dom/cjs/react-dom-server.browser.production.min.js:76:89)
    at Zc (/home/jay/Desktop/prompt/node_modules/react-dom/cjs/react-dom-server.browser.production.min.js:70:481)
    at Z (/home/jay/Desktop/prompt/node_modules/react-dom/cjs/react-dom-server.browser.production.min.js:76:89)
    at $c (/home/jay/Desktop/prompt/node_modules/react-dom/cjs/react-dom-server.browser.production.min.js:78:98)
    at Zc (/home/jay/Desktop/prompt/node_modules/react-dom/cjs/react-dom-server.browser.production.min.js:71:145)
    at Z (/home/jay/Desktop/prompt/node_modules/react-dom/cjs/react-dom-server.browser.production.min.js:76:89)
[Build Time] Fetching all categories from: https://admin.promptland.in/api/get_categories
[Build Time] Successfully fetched 10 prompts for category 31
[Build Time] Successfully fetched 10 prompts for category 31
ReferenceError: imageUrl is not defined
    at D (/home/jay/Desktop/prompt/.next/server/pages/category/sub-categories/[subcategories]/promptDetails/[promptSlug].js:1:4355)
    at /home/jay/Desktop/prompt/.next/server/pages/category/sub-categories/[subcategories]/promptDetails/[promptSlug].js:1:4820
    at Wc (/home/jay/Desktop/prompt/node_modules/react-dom/cjs/react-dom-server.browser.production.min.js:68:44)
    at Zc (/home/jay/Desktop/prompt/node_modules/react-dom/cjs/react-dom-server.browser.production.min.js:70:253)
    at Z (/home/jay/Desktop/prompt/node_modules/react-dom/cjs/react-dom-server.browser.production.min.js:76:89)
    at Zc (/home/jay/Desktop/prompt/node_modules/react-dom/cjs/react-dom-server.browser.production.min.js:70:481)
    at Z (/home/jay/Desktop/prompt/node_modules/react-dom/cjs/react-dom-server.browser.production.min.js:76:89)
    at $c (/home/jay/Desktop/prompt/node_modules/react-dom/cjs/react-dom-server.browser.production.min.js:78:98)
    at Zc (/home/jay/Desktop/prompt/node_modules/react-dom/cjs/react-dom-server.browser.production.min.js:71:145)
    at Z (/home/jay/Desktop/prompt/node_modules/react-dom/cjs/react-dom-server.browser.production.min.js:76:89)

Error occurred prerendering page "/category/sub-categories/see-you-multi-time/promptDetails/pixar-style-character-generator-male". Read more: https://nextjs.org/docs/messages/prerender-error

ReferenceError: imageUrl is not defined
    at D (/home/jay/Desktop/prompt/.next/server/pages/category/sub-categories/[subcategories]/promptDetails/[promptSlug].js:1:4355)
    at /home/jay/Desktop/prompt/.next/server/pages/category/sub-categories/[subcategories]/promptDetails/[promptSlug].js:1:4820
    at Wc (/home/jay/Desktop/prompt/node_modules/react-dom/cjs/react-dom-server.browser.production.min.js:68:44)
    at Zc (/home/jay/Desktop/prompt/node_modules/react-dom/cjs/react-dom-server.browser.production.min.js:70:253)
    at Z (/home/jay/Desktop/prompt/node_modules/react-dom/cjs/react-dom-server.browser.production.min.js:76:89)
    at Zc (/home/jay/Desktop/prompt/node_modules/react-dom/cjs/react-dom-server.browser.production.min.js:70:481)
    at Z (/home/jay/Desktop/prompt/node_modules/react-dom/cjs/react-dom-server.browser.production.min.js:76:89)
    at $c (/home/jay/Desktop/prompt/node_modules/react-dom/cjs/react-dom-server.browser.production.min.js:78:98)
    at Zc (/home/jay/Desktop/prompt/node_modules/react-dom/cjs/react-dom-server.browser.production.min.js:71:145)
    at Z (/home/jay/Desktop/prompt/node_modules/react-dom/cjs/react-dom-server.browser.production.min.js:76:89)
ReferenceError: imageUrl is not defined
    at D (/home/jay/Desktop/prompt/.next/server/pages/category/sub-categories/[subcategories]/promptDetails/[promptSlug].js:1:4355)
    at /home/jay/Desktop/prompt/.next/server/pages/category/sub-categories/[subcategories]/promptDetails/[promptSlug].js:1:4820
    at Wc (/home/jay/Desktop/prompt/node_modules/react-dom/cjs/react-dom-server.browser.production.min.js:68:44)
    at Zc (/home/jay/Desktop/prompt/node_modules/react-dom/cjs/react-dom-server.browser.production.min.js:70:253)
    at Z (/home/jay/Desktop/prompt/node_modules/react-dom/cjs/react-dom-server.browser.production.min.js:76:89)
    at Zc (/home/jay/Desktop/prompt/node_modules/react-dom/cjs/react-dom-server.browser.production.min.js:70:481)
    at Z (/home/jay/Desktop/prompt/node_modules/react-dom/cjs/react-dom-server.browser.production.min.js:76:89)
    at $c (/home/jay/Desktop/prompt/node_modules/react-dom/cjs/react-dom-server.browser.production.min.js:78:98)
    at Zc (/home/jay/Desktop/prompt/node_modules/react-dom/cjs/react-dom-server.browser.production.min.js:71:145)
    at Z (/home/jay/Desktop/prompt/node_modules/react-dom/cjs/react-dom-server.browser.production.min.js:76:89)
[Build Time] Fetching all categories from: https://admin.promptland.in/api/get_categories

Error occurred prerendering page "/category/sub-categories/see-you-multi-time/promptDetails/pixar-style-character-generator-female". Read more: https://nextjs.org/docs/messages/prerender-error

ReferenceError: imageUrl is not defined
    at D (/home/jay/Desktop/prompt/.next/server/pages/category/sub-categories/[subcategories]/promptDetails/[promptSlug].js:1:4355)
    at /home/jay/Desktop/prompt/.next/server/pages/category/sub-categories/[subcategories]/promptDetails/[promptSlug].js:1:4820
    at Wc (/home/jay/Desktop/prompt/node_modules/react-dom/cjs/react-dom-server.browser.production.min.js:68:44)
    at Zc (/home/jay/Desktop/prompt/node_modules/react-dom/cjs/react-dom-server.browser.production.min.js:70:253)
    at Z (/home/jay/Desktop/prompt/node_modules/react-dom/cjs/react-dom-server.browser.production.min.js:76:89)
    at Zc (/home/jay/Desktop/prompt/node_modules/react-dom/cjs/react-dom-server.browser.production.min.js:70:481)
    at Z (/home/jay/Desktop/prompt/node_modules/react-dom/cjs/react-dom-server.browser.production.min.js:76:89)
    at $c (/home/jay/Desktop/prompt/node_modules/react-dom/cjs/react-dom-server.browser.production.min.js:78:98)
    at Zc (/home/jay/Desktop/prompt/node_modules/react-dom/cjs/react-dom-server.browser.production.min.js:71:145)
    at Z (/home/jay/Desktop/prompt/node_modules/react-dom/cjs/react-dom-server.browser.production.min.js:76:89)
[Build Time] Successfully fetched 29 categories
[Build Time] Fetching prompts for category 14, subcategory none
[Build Time] Fetching all categories from: https://admin.promptland.in/api/get_categories
[Build Time] Successfully fetched 3 prompts for category 30
ReferenceError: imageUrl is not defined
    at D (/home/jay/Desktop/prompt/.next/server/pages/category/sub-categories/[subcategories]/promptDetails/[promptSlug].js:1:4355)
    at /home/jay/Desktop/prompt/.next/server/pages/category/sub-categories/[subcategories]/promptDetails/[promptSlug].js:1:4820
    at Wc (/home/jay/Desktop/prompt/node_modules/react-dom/cjs/react-dom-server.browser.production.min.js:68:44)
    at Zc (/home/jay/Desktop/prompt/node_modules/react-dom/cjs/react-dom-server.browser.production.min.js:70:253)
    at Z (/home/jay/Desktop/prompt/node_modules/react-dom/cjs/react-dom-server.browser.production.min.js:76:89)
    at Zc (/home/jay/Desktop/prompt/node_modules/react-dom/cjs/react-dom-server.browser.production.min.js:70:481)
    at Z (/home/jay/Desktop/prompt/node_modules/react-dom/cjs/react-dom-server.browser.production.min.js:76:89)
    at $c (/home/jay/Desktop/prompt/node_modules/react-dom/cjs/react-dom-server.browser.production.min.js:78:98)
    at Zc (/home/jay/Desktop/prompt/node_modules/react-dom/cjs/react-dom-server.browser.production.min.js:71:145)
    at Z (/home/jay/Desktop/prompt/node_modules/react-dom/cjs/react-dom-server.browser.production.min.js:76:89)

Error occurred prerendering page "/category/sub-categories/the-classic-background-vibe/promptDetails/minimalist-fashion-portrait". Read more: https://nextjs.org/docs/messages/prerender-error

ReferenceError: imageUrl is not defined
    at D (/home/jay/Desktop/prompt/.next/server/pages/category/sub-categories/[subcategories]/promptDetails/[promptSlug].js:1:4355)
    at /home/jay/Desktop/prompt/.next/server/pages/category/sub-categories/[subcategories]/promptDetails/[promptSlug].js:1:4820
    at Wc (/home/jay/Desktop/prompt/node_modules/react-dom/cjs/react-dom-server.browser.production.min.js:68:44)
    at Zc (/home/jay/Desktop/prompt/node_modules/react-dom/cjs/react-dom-server.browser.production.min.js:70:253)
    at Z (/home/jay/Desktop/prompt/node_modules/react-dom/cjs/react-dom-server.browser.production.min.js:76:89)
    at Zc (/home/jay/Desktop/prompt/node_modules/react-dom/cjs/react-dom-server.browser.production.min.js:70:481)
    at Z (/home/jay/Desktop/prompt/node_modules/react-dom/cjs/react-dom-server.browser.production.min.js:76:89)
    at $c (/home/jay/Desktop/prompt/node_modules/react-dom/cjs/react-dom-server.browser.production.min.js:78:98)
    at Zc (/home/jay/Desktop/prompt/node_modules/react-dom/cjs/react-dom-server.browser.production.min.js:71:145)
    at Z (/home/jay/Desktop/prompt/node_modules/react-dom/cjs/react-dom-server.browser.production.min.js:76:89)
[Build Time] Successfully fetched 29 categories
[Build Time] Fetching prompts for category 14, subcategory none
[Build Time] Successfully fetched 3 prompts for category 30
[Build Time] Fetching all categories from: https://admin.promptland.in/api/get_categories
[Build Time] Successfully fetched 18 prompts for category 14
ReferenceError: imageUrl is not defined
    at D (/home/jay/Desktop/prompt/.next/server/pages/category/sub-categories/[subcategories]/promptDetails/[promptSlug].js:1:4355)
    at /home/jay/Desktop/prompt/.next/server/pages/category/sub-categories/[subcategories]/promptDetails/[promptSlug].js:1:4820
    at Wc (/home/jay/Desktop/prompt/node_modules/react-dom/cjs/react-dom-server.browser.production.min.js:68:44)
    at Zc (/home/jay/Desktop/prompt/node_modules/react-dom/cjs/react-dom-server.browser.production.min.js:70:253)
    at Z (/home/jay/Desktop/prompt/node_modules/react-dom/cjs/react-dom-server.browser.production.min.js:76:89)
    at Zc (/home/jay/Desktop/prompt/node_modules/react-dom/cjs/react-dom-server.browser.production.min.js:70:481)
    at Z (/home/jay/Desktop/prompt/node_modules/react-dom/cjs/react-dom-server.browser.production.min.js:76:89)
    at $c (/home/jay/Desktop/prompt/node_modules/react-dom/cjs/react-dom-server.browser.production.min.js:78:98)
    at Zc (/home/jay/Desktop/prompt/node_modules/react-dom/cjs/react-dom-server.browser.production.min.js:71:145)
    at Z (/home/jay/Desktop/prompt/node_modules/react-dom/cjs/react-dom-server.browser.production.min.js:76:89)

Error occurred prerendering page "/category/sub-categories/the-classic-background-vibe/promptDetails/dark-cinematic-portrait-with-dramatic-mood". Read more: https://nextjs.org/docs/messages/prerender-error

ReferenceError: imageUrl is not defined
    at D (/home/jay/Desktop/prompt/.next/server/pages/category/sub-categories/[subcategories]/promptDetails/[promptSlug].js:1:4355)
    at /home/jay/Desktop/prompt/.next/server/pages/category/sub-categories/[subcategories]/promptDetails/[promptSlug].js:1:4820
    at Wc (/home/jay/Desktop/prompt/node_modules/react-dom/cjs/react-dom-server.browser.production.min.js:68:44)
    at Zc (/home/jay/Desktop/prompt/node_modules/react-dom/cjs/react-dom-server.browser.production.min.js:70:253)
    at Z (/home/jay/Desktop/prompt/node_modules/react-dom/cjs/react-dom-server.browser.production.min.js:76:89)
    at Zc (/home/jay/Desktop/prompt/node_modules/react-dom/cjs/react-dom-server.browser.production.min.js:70:481)
    at Z (/home/jay/Desktop/prompt/node_modules/react-dom/cjs/react-dom-server.browser.production.min.js:76:89)
    at $c (/home/jay/Desktop/prompt/node_modules/react-dom/cjs/react-dom-server.browser.production.min.js:78:98)
    at Zc (/home/jay/Desktop/prompt/node_modules/react-dom/cjs/react-dom-server.browser.production.min.js:71:145)
    at Z (/home/jay/Desktop/prompt/node_modules/react-dom/cjs/react-dom-server.browser.production.min.js:76:89)
[Build Time] Fetching all categories from: https://admin.promptland.in/api/get_categories
ReferenceError: imageUrl is not defined
    at D (/home/jay/Desktop/prompt/.next/server/pages/category/sub-categories/[subcategories]/promptDetails/[promptSlug].js:1:4355)
    at /home/jay/Desktop/prompt/.next/server/pages/category/sub-categories/[subcategories]/promptDetails/[promptSlug].js:1:4820
    at Wc (/home/jay/Desktop/prompt/node_modules/react-dom/cjs/react-dom-server.browser.production.min.js:68:44)
    at Zc (/home/jay/Desktop/prompt/node_modules/react-dom/cjs/react-dom-server.browser.production.min.js:70:253)
    at Z (/home/jay/Desktop/prompt/node_modules/react-dom/cjs/react-dom-server.browser.production.min.js:76:89)
    at Zc (/home/jay/Desktop/prompt/node_modules/react-dom/cjs/react-dom-server.browser.production.min.js:70:481)
    at Z (/home/jay/Desktop/prompt/node_modules/react-dom/cjs/react-dom-server.browser.production.min.js:76:89)
    at $c (/home/jay/Desktop/prompt/node_modules/react-dom/cjs/react-dom-server.browser.production.min.js:78:98)
    at Zc (/home/jay/Desktop/prompt/node_modules/react-dom/cjs/react-dom-server.browser.production.min.js:71:145)
    at Z (/home/jay/Desktop/prompt/node_modules/react-dom/cjs/react-dom-server.browser.production.min.js:76:89)

Error occurred prerendering page "/category/sub-categories/water/promptDetails/the-poetic-lake". Read more: https://nextjs.org/docs/messages/prerender-error

ReferenceError: imageUrl is not defined
    at D (/home/jay/Desktop/prompt/.next/server/pages/category/sub-categories/[subcategories]/promptDetails/[promptSlug].js:1:4355)
    at /home/jay/Desktop/prompt/.next/server/pages/category/sub-categories/[subcategories]/promptDetails/[promptSlug].js:1:4820
    at Wc (/home/jay/Desktop/prompt/node_modules/react-dom/cjs/react-dom-server.browser.production.min.js:68:44)
    at Zc (/home/jay/Desktop/prompt/node_modules/react-dom/cjs/react-dom-server.browser.production.min.js:70:253)
    at Z (/home/jay/Desktop/prompt/node_modules/react-dom/cjs/react-dom-server.browser.production.min.js:76:89)
    at Zc (/home/jay/Desktop/prompt/node_modules/react-dom/cjs/react-dom-server.browser.production.min.js:70:481)
    at Z (/home/jay/Desktop/prompt/node_modules/react-dom/cjs/react-dom-server.browser.production.min.js:76:89)
    at $c (/home/jay/Desktop/prompt/node_modules/react-dom/cjs/react-dom-server.browser.production.min.js:78:98)
    at Zc (/home/jay/Desktop/prompt/node_modules/react-dom/cjs/react-dom-server.browser.production.min.js:71:145)
    at Z (/home/jay/Desktop/prompt/node_modules/react-dom/cjs/react-dom-server.browser.production.min.js:76:89)
[Build Time] Successfully fetched 29 categories
[Build Time] Fetching prompts for category 14, subcategory none
[Build Time] Fetching all categories from: https://admin.promptland.in/api/get_categories
[Build Time] Successfully fetched 29 categories
[Build Time] Fetching prompts for category 14, subcategory none
[Build Time] Successfully fetched 18 prompts for category 14
ReferenceError: imageUrl is not defined
    at D (/home/jay/Desktop/prompt/.next/server/pages/category/sub-categories/[subcategories]/promptDetails/[promptSlug].js:1:4355)
    at /home/jay/Desktop/prompt/.next/server/pages/category/sub-categories/[subcategories]/promptDetails/[promptSlug].js:1:4820
    at Wc (/home/jay/Desktop/prompt/node_modules/react-dom/cjs/react-dom-server.browser.production.min.js:68:44)
    at Zc (/home/jay/Desktop/prompt/node_modules/react-dom/cjs/react-dom-server.browser.production.min.js:70:253)
    at Z (/home/jay/Desktop/prompt/node_modules/react-dom/cjs/react-dom-server.browser.production.min.js:76:89)
    at Zc (/home/jay/Desktop/prompt/node_modules/react-dom/cjs/react-dom-server.browser.production.min.js:70:481)
    at Z (/home/jay/Desktop/prompt/node_modules/react-dom/cjs/react-dom-server.browser.production.min.js:76:89)
    at $c (/home/jay/Desktop/prompt/node_modules/react-dom/cjs/react-dom-server.browser.production.min.js:78:98)
    at Zc (/home/jay/Desktop/prompt/node_modules/react-dom/cjs/react-dom-server.browser.production.min.js:71:145)
    at Z (/home/jay/Desktop/prompt/node_modules/react-dom/cjs/react-dom-server.browser.production.min.js:76:89)

Error occurred prerendering page "/category/sub-categories/water/promptDetails/the-water-element". Read more: https://nextjs.org/docs/messages/prerender-error

ReferenceError: imageUrl is not defined
    at D (/home/jay/Desktop/prompt/.next/server/pages/category/sub-categories/[subcategories]/promptDetails/[promptSlug].js:1:4355)
    at /home/jay/Desktop/prompt/.next/server/pages/category/sub-categories/[subcategories]/promptDetails/[promptSlug].js:1:4820
    at Wc (/home/jay/Desktop/prompt/node_modules/react-dom/cjs/react-dom-server.browser.production.min.js:68:44)
    at Zc (/home/jay/Desktop/prompt/node_modules/react-dom/cjs/react-dom-server.browser.production.min.js:70:253)
    at Z (/home/jay/Desktop/prompt/node_modules/react-dom/cjs/react-dom-server.browser.production.min.js:76:89)
    at Zc (/home/jay/Desktop/prompt/node_modules/react-dom/cjs/react-dom-server.browser.production.min.js:70:481)
    at Z (/home/jay/Desktop/prompt/node_modules/react-dom/cjs/react-dom-server.browser.production.min.js:76:89)
    at $c (/home/jay/Desktop/prompt/node_modules/react-dom/cjs/react-dom-server.browser.production.min.js:78:98)
    at Zc (/home/jay/Desktop/prompt/node_modules/react-dom/cjs/react-dom-server.browser.production.min.js:71:145)
    at Z (/home/jay/Desktop/prompt/node_modules/react-dom/cjs/react-dom-server.browser.production.min.js:76:89)
[Build Time] Fetching all categories from: https://admin.promptland.in/api/get_categories
[Build Time] Successfully fetched 18 prompts for category 14
[Build Time] Successfully fetched 29 categories
[Build Time] Fetching prompts for category 14, subcategory none
ReferenceError: imageUrl is not defined
    at D (/home/jay/Desktop/prompt/.next/server/pages/category/sub-categories/[subcategories]/promptDetails/[promptSlug].js:1:4355)
    at /home/jay/Desktop/prompt/.next/server/pages/category/sub-categories/[subcategories]/promptDetails/[promptSlug].js:1:4820
    at Wc (/home/jay/Desktop/prompt/node_modules/react-dom/cjs/react-dom-server.browser.production.min.js:68:44)
    at Zc (/home/jay/Desktop/prompt/node_modules/react-dom/cjs/react-dom-server.browser.production.min.js:70:253)
    at Z (/home/jay/Desktop/prompt/node_modules/react-dom/cjs/react-dom-server.browser.production.min.js:76:89)
    at Zc (/home/jay/Desktop/prompt/node_modules/react-dom/cjs/react-dom-server.browser.production.min.js:70:481)
    at Z (/home/jay/Desktop/prompt/node_modules/react-dom/cjs/react-dom-server.browser.production.min.js:76:89)
    at $c (/home/jay/Desktop/prompt/node_modules/react-dom/cjs/react-dom-server.browser.production.min.js:78:98)
    at Zc (/home/jay/Desktop/prompt/node_modules/react-dom/cjs/react-dom-server.browser.production.min.js:71:145)
    at Z (/home/jay/Desktop/prompt/node_modules/react-dom/cjs/react-dom-server.browser.production.min.js:76:89)

Error occurred prerendering page "/category/sub-categories/water/promptDetails/retro-river-portrait-indian-woman". Read more: https://nextjs.org/docs/messages/prerender-error

ReferenceError: imageUrl is not defined
    at D (/home/jay/Desktop/prompt/.next/server/pages/category/sub-categories/[subcategories]/promptDetails/[promptSlug].js:1:4355)
    at /home/jay/Desktop/prompt/.next/server/pages/category/sub-categories/[subcategories]/promptDetails/[promptSlug].js:1:4820
    at Wc (/home/jay/Desktop/prompt/node_modules/react-dom/cjs/react-dom-server.browser.production.min.js:68:44)
    at Zc (/home/jay/Desktop/prompt/node_modules/react-dom/cjs/react-dom-server.browser.production.min.js:70:253)
    at Z (/home/jay/Desktop/prompt/node_modules/react-dom/cjs/react-dom-server.browser.production.min.js:76:89)
    at Zc (/home/jay/Desktop/prompt/node_modules/react-dom/cjs/react-dom-server.browser.production.min.js:70:481)
    at Z (/home/jay/Desktop/prompt/node_modules/react-dom/cjs/react-dom-server.browser.production.min.js:76:89)
    at $c (/home/jay/Desktop/prompt/node_modules/react-dom/cjs/react-dom-server.browser.production.min.js:78:98)
    at Zc (/home/jay/Desktop/prompt/node_modules/react-dom/cjs/react-dom-server.browser.production.min.js:71:145)
    at Z (/home/jay/Desktop/prompt/node_modules/react-dom/cjs/react-dom-server.browser.production.min.js:76:89)
[Build Time] Fetching all categories from: https://admin.promptland.in/api/get_categories
[Build Time] Successfully fetched 29 categories
[Build Time] Fetching prompts for category 14, subcategory none
[Build Time] Successfully fetched 29 categories
[Build Time] Fetching prompts for category 14, subcategory none
[Build Time] Successfully fetched 18 prompts for category 14
ReferenceError: imageUrl is not defined
    at D (/home/jay/Desktop/prompt/.next/server/pages/category/sub-categories/[subcategories]/promptDetails/[promptSlug].js:1:4355)
    at /home/jay/Desktop/prompt/.next/server/pages/category/sub-categories/[subcategories]/promptDetails/[promptSlug].js:1:4820
    at Wc (/home/jay/Desktop/prompt/node_modules/react-dom/cjs/react-dom-server.browser.production.min.js:68:44)
    at Zc (/home/jay/Desktop/prompt/node_modules/react-dom/cjs/react-dom-server.browser.production.min.js:70:253)
    at Z (/home/jay/Desktop/prompt/node_modules/react-dom/cjs/react-dom-server.browser.production.min.js:76:89)
    at Zc (/home/jay/Desktop/prompt/node_modules/react-dom/cjs/react-dom-server.browser.production.min.js:70:481)
    at Z (/home/jay/Desktop/prompt/node_modules/react-dom/cjs/react-dom-server.browser.production.min.js:76:89)
    at $c (/home/jay/Desktop/prompt/node_modules/react-dom/cjs/react-dom-server.browser.production.min.js:78:98)
    at Zc (/home/jay/Desktop/prompt/node_modules/react-dom/cjs/react-dom-server.browser.production.min.js:71:145)
    at Z (/home/jay/Desktop/prompt/node_modules/react-dom/cjs/react-dom-server.browser.production.min.js:76:89)

Error occurred prerendering page "/category/sub-categories/water/promptDetails/twilight-beach-cinematic-look". Read more: https://nextjs.org/docs/messages/prerender-error

ReferenceError: imageUrl is not defined
    at D (/home/jay/Desktop/prompt/.next/server/pages/category/sub-categories/[subcategories]/promptDetails/[promptSlug].js:1:4355)
    at /home/jay/Desktop/prompt/.next/server/pages/category/sub-categories/[subcategories]/promptDetails/[promptSlug].js:1:4820
    at Wc (/home/jay/Desktop/prompt/node_modules/react-dom/cjs/react-dom-server.browser.production.min.js:68:44)
    at Zc (/home/jay/Desktop/prompt/node_modules/react-dom/cjs/react-dom-server.browser.production.min.js:70:253)
    at Z (/home/jay/Desktop/prompt/node_modules/react-dom/cjs/react-dom-server.browser.production.min.js:76:89)
    at Zc (/home/jay/Desktop/prompt/node_modules/react-dom/cjs/react-dom-server.browser.production.min.js:70:481)
    at Z (/home/jay/Desktop/prompt/node_modules/react-dom/cjs/react-dom-server.browser.production.min.js:76:89)
    at $c (/home/jay/Desktop/prompt/node_modules/react-dom/cjs/react-dom-server.browser.production.min.js:78:98)
    at Zc (/home/jay/Desktop/prompt/node_modules/react-dom/cjs/react-dom-server.browser.production.min.js:71:145)
    at Z (/home/jay/Desktop/prompt/node_modules/react-dom/cjs/react-dom-server.browser.production.min.js:76:89)
[Build Time] Fetching all categories from: https://admin.promptland.in/api/get_categories
[Build Time] Successfully fetched 18 prompts for category 14
[Build Time] Successfully fetched 29 categories
[Build Time] Fetching prompts for category 14, subcategory none
ReferenceError: imageUrl is not defined
    at D (/home/jay/Desktop/prompt/.next/server/pages/category/sub-categories/[subcategories]/promptDetails/[promptSlug].js:1:4355)
    at /home/jay/Desktop/prompt/.next/server/pages/category/sub-categories/[subcategories]/promptDetails/[promptSlug].js:1:4820
    at Wc (/home/jay/Desktop/prompt/node_modules/react-dom/cjs/react-dom-server.browser.production.min.js:68:44)
    at Zc (/home/jay/Desktop/prompt/node_modules/react-dom/cjs/react-dom-server.browser.production.min.js:70:253)
    at Z (/home/jay/Desktop/prompt/node_modules/react-dom/cjs/react-dom-server.browser.production.min.js:76:89)
    at Zc (/home/jay/Desktop/prompt/node_modules/react-dom/cjs/react-dom-server.browser.production.min.js:70:481)
    at Z (/home/jay/Desktop/prompt/node_modules/react-dom/cjs/react-dom-server.browser.production.min.js:76:89)
    at $c (/home/jay/Desktop/prompt/node_modules/react-dom/cjs/react-dom-server.browser.production.min.js:78:98)
    at Zc (/home/jay/Desktop/prompt/node_modules/react-dom/cjs/react-dom-server.browser.production.min.js:71:145)
    at Z (/home/jay/Desktop/prompt/node_modules/react-dom/cjs/react-dom-server.browser.production.min.js:76:89)

Error occurred prerendering page "/category/sub-categories/water/promptDetails/beach-guitar-portrait-seated-on-stool". Read more: https://nextjs.org/docs/messages/prerender-error

ReferenceError: imageUrl is not defined
    at D (/home/jay/Desktop/prompt/.next/server/pages/category/sub-categories/[subcategories]/promptDetails/[promptSlug].js:1:4355)
    at /home/jay/Desktop/prompt/.next/server/pages/category/sub-categories/[subcategories]/promptDetails/[promptSlug].js:1:4820
    at Wc (/home/jay/Desktop/prompt/node_modules/react-dom/cjs/react-dom-server.browser.production.min.js:68:44)
    at Zc (/home/jay/Desktop/prompt/node_modules/react-dom/cjs/react-dom-server.browser.production.min.js:70:253)
    at Z (/home/jay/Desktop/prompt/node_modules/react-dom/cjs/react-dom-server.browser.production.min.js:76:89)
    at Zc (/home/jay/Desktop/prompt/node_modules/react-dom/cjs/react-dom-server.browser.production.min.js:70:481)
    at Z (/home/jay/Desktop/prompt/node_modules/react-dom/cjs/react-dom-server.browser.production.min.js:76:89)
    at $c (/home/jay/Desktop/prompt/node_modules/react-dom/cjs/react-dom-server.browser.production.min.js:78:98)
    at Zc (/home/jay/Desktop/prompt/node_modules/react-dom/cjs/react-dom-server.browser.production.min.js:71:145)
    at Z (/home/jay/Desktop/prompt/node_modules/react-dom/cjs/react-dom-server.browser.production.min.js:76:89)
[Build Time] Fetching all categories from: https://admin.promptland.in/api/get_categories
[Build Time] Successfully fetched 29 categories
[Build Time] Fetching prompts for category 14, subcategory none
[Build Time] Successfully fetched 18 prompts for category 14
[Build Time] Successfully fetched 29 categories
[Build Time] Fetching prompts for category 14, subcategory none
[Build Time] Successfully fetched 18 prompts for category 14
[Build Time] Successfully fetched 18 prompts for category 14
ReferenceError: imageUrl is not defined
    at D (/home/jay/Desktop/prompt/.next/server/pages/category/sub-categories/[subcategories]/promptDetails/[promptSlug].js:1:4355)
    at /home/jay/Desktop/prompt/.next/server/pages/category/sub-categories/[subcategories]/promptDetails/[promptSlug].js:1:4820
    at Wc (/home/jay/Desktop/prompt/node_modules/react-dom/cjs/react-dom-server.browser.production.min.js:68:44)
    at Zc (/home/jay/Desktop/prompt/node_modules/react-dom/cjs/react-dom-server.browser.production.min.js:70:253)
    at Z (/home/jay/Desktop/prompt/node_modules/react-dom/cjs/react-dom-server.browser.production.min.js:76:89)
    at Zc (/home/jay/Desktop/prompt/node_modules/react-dom/cjs/react-dom-server.browser.production.min.js:70:481)
    at Z (/home/jay/Desktop/prompt/node_modules/react-dom/cjs/react-dom-server.browser.production.min.js:76:89)
    at $c (/home/jay/Desktop/prompt/node_modules/react-dom/cjs/react-dom-server.browser.production.min.js:78:98)
    at Zc (/home/jay/Desktop/prompt/node_modules/react-dom/cjs/react-dom-server.browser.production.min.js:71:145)
    at Z (/home/jay/Desktop/prompt/node_modules/react-dom/cjs/react-dom-server.browser.production.min.js:76:89)

Error occurred prerendering page "/category/sub-categories/water/promptDetails/beach-guitar-portrait-seated-thoughtful-mood". Read more: https://nextjs.org/docs/messages/prerender-error

ReferenceError: imageUrl is not defined
    at D (/home/jay/Desktop/prompt/.next/server/pages/category/sub-categories/[subcategories]/promptDetails/[promptSlug].js:1:4355)
    at /home/jay/Desktop/prompt/.next/server/pages/category/sub-categories/[subcategories]/promptDetails/[promptSlug].js:1:4820
    at Wc (/home/jay/Desktop/prompt/node_modules/react-dom/cjs/react-dom-server.browser.production.min.js:68:44)
    at Zc (/home/jay/Desktop/prompt/node_modules/react-dom/cjs/react-dom-server.browser.production.min.js:70:253)
    at Z (/home/jay/Desktop/prompt/node_modules/react-dom/cjs/react-dom-server.browser.production.min.js:76:89)
    at Zc (/home/jay/Desktop/prompt/node_modules/react-dom/cjs/react-dom-server.browser.production.min.js:70:481)
    at Z (/home/jay/Desktop/prompt/node_modules/react-dom/cjs/react-dom-server.browser.production.min.js:76:89)
    at $c (/home/jay/Desktop/prompt/node_modules/react-dom/cjs/react-dom-server.browser.production.min.js:78:98)
    at Zc (/home/jay/Desktop/prompt/node_modules/react-dom/cjs/react-dom-server.browser.production.min.js:71:145)
    at Z (/home/jay/Desktop/prompt/node_modules/react-dom/cjs/react-dom-server.browser.production.min.js:76:89)
ReferenceError: imageUrl is not defined
    at D (/home/jay/Desktop/prompt/.next/server/pages/category/sub-categories/[subcategories]/promptDetails/[promptSlug].js:1:4355)
    at /home/jay/Desktop/prompt/.next/server/pages/category/sub-categories/[subcategories]/promptDetails/[promptSlug].js:1:4820
    at Wc (/home/jay/Desktop/prompt/node_modules/react-dom/cjs/react-dom-server.browser.production.min.js:68:44)
    at Zc (/home/jay/Desktop/prompt/node_modules/react-dom/cjs/react-dom-server.browser.production.min.js:70:253)
    at Z (/home/jay/Desktop/prompt/node_modules/react-dom/cjs/react-dom-server.browser.production.min.js:76:89)
    at Zc (/home/jay/Desktop/prompt/node_modules/react-dom/cjs/react-dom-server.browser.production.min.js:70:481)
    at Z (/home/jay/Desktop/prompt/node_modules/react-dom/cjs/react-dom-server.browser.production.min.js:76:89)
    at $c (/home/jay/Desktop/prompt/node_modules/react-dom/cjs/react-dom-server.browser.production.min.js:78:98)
    at Zc (/home/jay/Desktop/prompt/node_modules/react-dom/cjs/react-dom-server.browser.production.min.js:71:145)
    at Z (/home/jay/Desktop/prompt/node_modules/react-dom/cjs/react-dom-server.browser.production.min.js:76:89)

Error occurred prerendering page "/category/sub-categories/water/promptDetails/beach-guitar-portrait-back-facing-ocean". Read more: https://nextjs.org/docs/messages/prerender-error

ReferenceError: imageUrl is not defined
    at D (/home/jay/Desktop/prompt/.next/server/pages/category/sub-categories/[subcategories]/promptDetails/[promptSlug].js:1:4355)
    at /home/jay/Desktop/prompt/.next/server/pages/category/sub-categories/[subcategories]/promptDetails/[promptSlug].js:1:4820
    at Wc (/home/jay/Desktop/prompt/node_modules/react-dom/cjs/react-dom-server.browser.production.min.js:68:44)
    at Zc (/home/jay/Desktop/prompt/node_modules/react-dom/cjs/react-dom-server.browser.production.min.js:70:253)
    at Z (/home/jay/Desktop/prompt/node_modules/react-dom/cjs/react-dom-server.browser.production.min.js:76:89)
    at Zc (/home/jay/Desktop/prompt/node_modules/react-dom/cjs/react-dom-server.browser.production.min.js:70:481)
    at Z (/home/jay/Desktop/prompt/node_modules/react-dom/cjs/react-dom-server.browser.production.min.js:76:89)
    at $c (/home/jay/Desktop/prompt/node_modules/react-dom/cjs/react-dom-server.browser.production.min.js:78:98)
    at Zc (/home/jay/Desktop/prompt/node_modules/react-dom/cjs/react-dom-server.browser.production.min.js:71:145)
    at Z (/home/jay/Desktop/prompt/node_modules/react-dom/cjs/react-dom-server.browser.production.min.js:76:89)
[Build Time] Fetching all categories from: https://admin.promptland.in/api/get_categories
[Build Time] Fetching all categories from: https://admin.promptland.in/api/get_categories
ReferenceError: imageUrl is not defined
    at D (/home/jay/Desktop/prompt/.next/server/pages/category/sub-categories/[subcategories]/promptDetails/[promptSlug].js:1:4355)
    at /home/jay/Desktop/prompt/.next/server/pages/category/sub-categories/[subcategories]/promptDetails/[promptSlug].js:1:4820
    at Wc (/home/jay/Desktop/prompt/node_modules/react-dom/cjs/react-dom-server.browser.production.min.js:68:44)
    at Zc (/home/jay/Desktop/prompt/node_modules/react-dom/cjs/react-dom-server.browser.production.min.js:70:253)
    at Z (/home/jay/Desktop/prompt/node_modules/react-dom/cjs/react-dom-server.browser.production.min.js:76:89)
    at Zc (/home/jay/Desktop/prompt/node_modules/react-dom/cjs/react-dom-server.browser.production.min.js:70:481)
    at Z (/home/jay/Desktop/prompt/node_modules/react-dom/cjs/react-dom-server.browser.production.min.js:76:89)
    at $c (/home/jay/Desktop/prompt/node_modules/react-dom/cjs/react-dom-server.browser.production.min.js:78:98)
    at Zc (/home/jay/Desktop/prompt/node_modules/react-dom/cjs/react-dom-server.browser.production.min.js:71:145)
    at Z (/home/jay/Desktop/prompt/node_modules/react-dom/cjs/react-dom-server.browser.production.min.js:76:89)

Error occurred prerendering page "/category/sub-categories/water/promptDetails/beach-guitar-portrait-standing-sideways". Read more: https://nextjs.org/docs/messages/prerender-error

ReferenceError: imageUrl is not defined
    at D (/home/jay/Desktop/prompt/.next/server/pages/category/sub-categories/[subcategories]/promptDetails/[promptSlug].js:1:4355)
    at /home/jay/Desktop/prompt/.next/server/pages/category/sub-categories/[subcategories]/promptDetails/[promptSlug].js:1:4820
    at Wc (/home/jay/Desktop/prompt/node_modules/react-dom/cjs/react-dom-server.browser.production.min.js:68:44)
    at Zc (/home/jay/Desktop/prompt/node_modules/react-dom/cjs/react-dom-server.browser.production.min.js:70:253)
    at Z (/home/jay/Desktop/prompt/node_modules/react-dom/cjs/react-dom-server.browser.production.min.js:76:89)
    at Zc (/home/jay/Desktop/prompt/node_modules/react-dom/cjs/react-dom-server.browser.production.min.js:70:481)
    at Z (/home/jay/Desktop/prompt/node_modules/react-dom/cjs/react-dom-server.browser.production.min.js:76:89)
    at $c (/home/jay/Desktop/prompt/node_modules/react-dom/cjs/react-dom-server.browser.production.min.js:78:98)
    at Zc (/home/jay/Desktop/prompt/node_modules/react-dom/cjs/react-dom-server.browser.production.min.js:71:145)
    at Z (/home/jay/Desktop/prompt/node_modules/react-dom/cjs/react-dom-server.browser.production.min.js:76:89)
[Build Time] Successfully fetched 29 categories
[Build Time] Fetching prompts for category 14, subcategory none
[Build Time] Fetching all categories from: https://admin.promptland.in/api/get_categories
[Build Time] Successfully fetched 18 prompts for category 14
ReferenceError: imageUrl is not defined
    at D (/home/jay/Desktop/prompt/.next/server/pages/category/sub-categories/[subcategories]/promptDetails/[promptSlug].js:1:4355)
    at /home/jay/Desktop/prompt/.next/server/pages/category/sub-categories/[subcategories]/promptDetails/[promptSlug].js:1:4820
    at Wc (/home/jay/Desktop/prompt/node_modules/react-dom/cjs/react-dom-server.browser.production.min.js:68:44)
    at Zc (/home/jay/Desktop/prompt/node_modules/react-dom/cjs/react-dom-server.browser.production.min.js:70:253)
    at Z (/home/jay/Desktop/prompt/node_modules/react-dom/cjs/react-dom-server.browser.production.min.js:76:89)
    at Zc (/home/jay/Desktop/prompt/node_modules/react-dom/cjs/react-dom-server.browser.production.min.js:70:481)
    at Z (/home/jay/Desktop/prompt/node_modules/react-dom/cjs/react-dom-server.browser.production.min.js:76:89)
    at $c (/home/jay/Desktop/prompt/node_modules/react-dom/cjs/react-dom-server.browser.production.min.js:78:98)
    at Zc (/home/jay/Desktop/prompt/node_modules/react-dom/cjs/react-dom-server.browser.production.min.js:71:145)
    at Z (/home/jay/Desktop/prompt/node_modules/react-dom/cjs/react-dom-server.browser.production.min.js:76:89)

Error occurred prerendering page "/category/sub-categories/water/promptDetails/beach-guitar-portrait-rock-seating". Read more: https://nextjs.org/docs/messages/prerender-error

ReferenceError: imageUrl is not defined
    at D (/home/jay/Desktop/prompt/.next/server/pages/category/sub-categories/[subcategories]/promptDetails/[promptSlug].js:1:4355)
    at /home/jay/Desktop/prompt/.next/server/pages/category/sub-categories/[subcategories]/promptDetails/[promptSlug].js:1:4820
    at Wc (/home/jay/Desktop/prompt/node_modules/react-dom/cjs/react-dom-server.browser.production.min.js:68:44)
    at Zc (/home/jay/Desktop/prompt/node_modules/react-dom/cjs/react-dom-server.browser.production.min.js:70:253)
    at Z (/home/jay/Desktop/prompt/node_modules/react-dom/cjs/react-dom-server.browser.production.min.js:76:89)
    at Zc (/home/jay/Desktop/prompt/node_modules/react-dom/cjs/react-dom-server.browser.production.min.js:70:481)
    at Z (/home/jay/Desktop/prompt/node_modules/react-dom/cjs/react-dom-server.browser.production.min.js:76:89)
    at $c (/home/jay/Desktop/prompt/node_modules/react-dom/cjs/react-dom-server.browser.production.min.js:78:98)
    at Zc (/home/jay/Desktop/prompt/node_modules/react-dom/cjs/react-dom-server.browser.production.min.js:71:145)
    at Z (/home/jay/Desktop/prompt/node_modules/react-dom/cjs/react-dom-server.browser.production.min.js:76:89)
[Build Time] Fetching all categories from: https://admin.promptland.in/api/get_categories
[Build Time] Successfully fetched 18 prompts for category 14
ReferenceError: imageUrl is not defined
    at D (/home/jay/Desktop/prompt/.next/server/pages/category/sub-categories/[subcategories]/promptDetails/[promptSlug].js:1:4355)
    at /home/jay/Desktop/prompt/.next/server/pages/category/sub-categories/[subcategories]/promptDetails/[promptSlug].js:1:4820
    at Wc (/home/jay/Desktop/prompt/node_modules/react-dom/cjs/react-dom-server.browser.production.min.js:68:44)
    at Zc (/home/jay/Desktop/prompt/node_modules/react-dom/cjs/react-dom-server.browser.production.min.js:70:253)
    at Z (/home/jay/Desktop/prompt/node_modules/react-dom/cjs/react-dom-server.browser.production.min.js:76:89)
    at Zc (/home/jay/Desktop/prompt/node_modules/react-dom/cjs/react-dom-server.browser.production.min.js:70:481)
    at Z (/home/jay/Desktop/prompt/node_modules/react-dom/cjs/react-dom-server.browser.production.min.js:76:89)
    at $c (/home/jay/Desktop/prompt/node_modules/react-dom/cjs/react-dom-server.browser.production.min.js:78:98)
    at Zc (/home/jay/Desktop/prompt/node_modules/react-dom/cjs/react-dom-server.browser.production.min.js:71:145)
    at Z (/home/jay/Desktop/prompt/node_modules/react-dom/cjs/react-dom-server.browser.production.min.js:76:89)

Error occurred prerendering page "/category/sub-categories/water/promptDetails/yacht-guitar-summer-mood". Read more: https://nextjs.org/docs/messages/prerender-error

ReferenceError: imageUrl is not defined
    at D (/home/jay/Desktop/prompt/.next/server/pages/category/sub-categories/[subcategories]/promptDetails/[promptSlug].js:1:4355)
    at /home/jay/Desktop/prompt/.next/server/pages/category/sub-categories/[subcategories]/promptDetails/[promptSlug].js:1:4820
    at Wc (/home/jay/Desktop/prompt/node_modules/react-dom/cjs/react-dom-server.browser.production.min.js:68:44)
    at Zc (/home/jay/Desktop/prompt/node_modules/react-dom/cjs/react-dom-server.browser.production.min.js:70:253)
    at Z (/home/jay/Desktop/prompt/node_modules/react-dom/cjs/react-dom-server.browser.production.min.js:76:89)
    at Zc (/home/jay/Desktop/prompt/node_modules/react-dom/cjs/react-dom-server.browser.production.min.js:70:481)
    at Z (/home/jay/Desktop/prompt/node_modules/react-dom/cjs/react-dom-server.browser.production.min.js:76:89)
    at $c (/home/jay/Desktop/prompt/node_modules/react-dom/cjs/react-dom-server.browser.production.min.js:78:98)
    at Zc (/home/jay/Desktop/prompt/node_modules/react-dom/cjs/react-dom-server.browser.production.min.js:71:145)
    at Z (/home/jay/Desktop/prompt/node_modules/react-dom/cjs/react-dom-server.browser.production.min.js:76:89)
[Build Time] Successfully fetched 18 prompts for category 14
[Build Time] Fetching all categories from: https://admin.promptland.in/api/get_categories
ReferenceError: imageUrl is not defined
    at D (/home/jay/Desktop/prompt/.next/server/pages/category/sub-categories/[subcategories]/promptDetails/[promptSlug].js:1:4355)
    at /home/jay/Desktop/prompt/.next/server/pages/category/sub-categories/[subcategories]/promptDetails/[promptSlug].js:1:4820
    at Wc (/home/jay/Desktop/prompt/node_modules/react-dom/cjs/react-dom-server.browser.production.min.js:68:44)
    at Zc (/home/jay/Desktop/prompt/node_modules/react-dom/cjs/react-dom-server.browser.production.min.js:70:253)
    at Z (/home/jay/Desktop/prompt/node_modules/react-dom/cjs/react-dom-server.browser.production.min.js:76:89)
    at Zc (/home/jay/Desktop/prompt/node_modules/react-dom/cjs/react-dom-server.browser.production.min.js:70:481)
    at Z (/home/jay/Desktop/prompt/node_modules/react-dom/cjs/react-dom-server.browser.production.min.js:76:89)
    at $c (/home/jay/Desktop/prompt/node_modules/react-dom/cjs/react-dom-server.browser.production.min.js:78:98)
    at Zc (/home/jay/Desktop/prompt/node_modules/react-dom/cjs/react-dom-server.browser.production.min.js:71:145)
    at Z (/home/jay/Desktop/prompt/node_modules/react-dom/cjs/react-dom-server.browser.production.min.js:76:89)

Error occurred prerendering page "/category/sub-categories/water/promptDetails/luxury-yacht-sunset-portrait". Read more: https://nextjs.org/docs/messages/prerender-error

ReferenceError: imageUrl is not defined
    at D (/home/jay/Desktop/prompt/.next/server/pages/category/sub-categories/[subcategories]/promptDetails/[promptSlug].js:1:4355)
    at /home/jay/Desktop/prompt/.next/server/pages/category/sub-categories/[subcategories]/promptDetails/[promptSlug].js:1:4820
    at Wc (/home/jay/Desktop/prompt/node_modules/react-dom/cjs/react-dom-server.browser.production.min.js:68:44)
    at Zc (/home/jay/Desktop/prompt/node_modules/react-dom/cjs/react-dom-server.browser.production.min.js:70:253)
    at Z (/home/jay/Desktop/prompt/node_modules/react-dom/cjs/react-dom-server.browser.production.min.js:76:89)
    at Zc (/home/jay/Desktop/prompt/node_modules/react-dom/cjs/react-dom-server.browser.production.min.js:70:481)
    at Z (/home/jay/Desktop/prompt/node_modules/react-dom/cjs/react-dom-server.browser.production.min.js:76:89)
    at $c (/home/jay/Desktop/prompt/node_modules/react-dom/cjs/react-dom-server.browser.production.min.js:78:98)
    at Zc (/home/jay/Desktop/prompt/node_modules/react-dom/cjs/react-dom-server.browser.production.min.js:71:145)
    at Z (/home/jay/Desktop/prompt/node_modules/react-dom/cjs/react-dom-server.browser.production.min.js:76:89)
[Build Time] Fetching all categories from: https://admin.promptland.in/api/get_categories
[Build Time] Successfully fetched 29 categories
[Build Time] Fetching prompts for category 14, subcategory none
[Build Time] Successfully fetched 18 prompts for category 14
[Build Time] Successfully fetched 29 categories
[Build Time] Successfully fetched 29 categories
[Build Time] Fetching prompts for category 14, subcategory none
[Build Time] Fetching prompts for category 14, subcategory none
ReferenceError: imageUrl is not defined
    at D (/home/jay/Desktop/prompt/.next/server/pages/category/sub-categories/[subcategories]/promptDetails/[promptSlug].js:1:4355)
    at /home/jay/Desktop/prompt/.next/server/pages/category/sub-categories/[subcategories]/promptDetails/[promptSlug].js:1:4820
    at Wc (/home/jay/Desktop/prompt/node_modules/react-dom/cjs/react-dom-server.browser.production.min.js:68:44)
    at Zc (/home/jay/Desktop/prompt/node_modules/react-dom/cjs/react-dom-server.browser.production.min.js:70:253)
    at Z (/home/jay/Desktop/prompt/node_modules/react-dom/cjs/react-dom-server.browser.production.min.js:76:89)
    at Zc (/home/jay/Desktop/prompt/node_modules/react-dom/cjs/react-dom-server.browser.production.min.js:70:481)
    at Z (/home/jay/Desktop/prompt/node_modules/react-dom/cjs/react-dom-server.browser.production.min.js:76:89)
    at $c (/home/jay/Desktop/prompt/node_modules/react-dom/cjs/react-dom-server.browser.production.min.js:78:98)
    at Zc (/home/jay/Desktop/prompt/node_modules/react-dom/cjs/react-dom-server.browser.production.min.js:71:145)
    at Z (/home/jay/Desktop/prompt/node_modules/react-dom/cjs/react-dom-server.browser.production.min.js:76:89)

Error occurred prerendering page "/category/sub-categories/water/promptDetails/nautical-casual-deck-look". Read more: https://nextjs.org/docs/messages/prerender-error

ReferenceError: imageUrl is not defined
    at D (/home/jay/Desktop/prompt/.next/server/pages/category/sub-categories/[subcategories]/promptDetails/[promptSlug].js:1:4355)
    at /home/jay/Desktop/prompt/.next/server/pages/category/sub-categories/[subcategories]/promptDetails/[promptSlug].js:1:4820
    at Wc (/home/jay/Desktop/prompt/node_modules/react-dom/cjs/react-dom-server.browser.production.min.js:68:44)
    at Zc (/home/jay/Desktop/prompt/node_modules/react-dom/cjs/react-dom-server.browser.production.min.js:70:253)
    at Z (/home/jay/Desktop/prompt/node_modules/react-dom/cjs/react-dom-server.browser.production.min.js:76:89)
    at Zc (/home/jay/Desktop/prompt/node_modules/react-dom/cjs/react-dom-server.browser.production.min.js:70:481)
    at Z (/home/jay/Desktop/prompt/node_modules/react-dom/cjs/react-dom-server.browser.production.min.js:76:89)
    at $c (/home/jay/Desktop/prompt/node_modules/react-dom/cjs/react-dom-server.browser.production.min.js:78:98)
    at Zc (/home/jay/Desktop/prompt/node_modules/react-dom/cjs/react-dom-server.browser.production.min.js:71:145)
    at Z (/home/jay/Desktop/prompt/node_modules/react-dom/cjs/react-dom-server.browser.production.min.js:76:89)
[Build Time] Successfully fetched 29 categories
[Build Time] Fetching prompts for category 14, subcategory none
[Build Time] Successfully fetched 29 categories
[Build Time] Fetching prompts for category 14, subcategory none
[Build Time] Successfully fetched 29 categories
[Build Time] Fetching prompts for category 14, subcategory none
[Build Time] Successfully fetched 18 prompts for category 14
ReferenceError: imageUrl is not defined
    at D (/home/jay/Desktop/prompt/.next/server/pages/category/sub-categories/[subcategories]/promptDetails/[promptSlug].js:1:4355)
    at /home/jay/Desktop/prompt/.next/server/pages/category/sub-categories/[subcategories]/promptDetails/[promptSlug].js:1:4820
    at Wc (/home/jay/Desktop/prompt/node_modules/react-dom/cjs/react-dom-server.browser.production.min.js:68:44)
    at Zc (/home/jay/Desktop/prompt/node_modules/react-dom/cjs/react-dom-server.browser.production.min.js:70:253)
    at Z (/home/jay/Desktop/prompt/node_modules/react-dom/cjs/react-dom-server.browser.production.min.js:76:89)
    at Zc (/home/jay/Desktop/prompt/node_modules/react-dom/cjs/react-dom-server.browser.production.min.js:70:481)
    at Z (/home/jay/Desktop/prompt/node_modules/react-dom/cjs/react-dom-server.browser.production.min.js:76:89)
    at $c (/home/jay/Desktop/prompt/node_modules/react-dom/cjs/react-dom-server.browser.production.min.js:78:98)
    at Zc (/home/jay/Desktop/prompt/node_modules/react-dom/cjs/react-dom-server.browser.production.min.js:71:145)
    at Z (/home/jay/Desktop/prompt/node_modules/react-dom/cjs/react-dom-server.browser.production.min.js:76:89)

Error occurred prerendering page "/category/sub-categories/water/promptDetails/indian-woman-winter-lake-portrait". Read more: https://nextjs.org/docs/messages/prerender-error

ReferenceError: imageUrl is not defined
    at D (/home/jay/Desktop/prompt/.next/server/pages/category/sub-categories/[subcategories]/promptDetails/[promptSlug].js:1:4355)
    at /home/jay/Desktop/prompt/.next/server/pages/category/sub-categories/[subcategories]/promptDetails/[promptSlug].js:1:4820
    at Wc (/home/jay/Desktop/prompt/node_modules/react-dom/cjs/react-dom-server.browser.production.min.js:68:44)
    at Zc (/home/jay/Desktop/prompt/node_modules/react-dom/cjs/react-dom-server.browser.production.min.js:70:253)
    at Z (/home/jay/Desktop/prompt/node_modules/react-dom/cjs/react-dom-server.browser.production.min.js:76:89)
    at Zc (/home/jay/Desktop/prompt/node_modules/react-dom/cjs/react-dom-server.browser.production.min.js:70:481)
    at Z (/home/jay/Desktop/prompt/node_modules/react-dom/cjs/react-dom-server.browser.production.min.js:76:89)
    at $c (/home/jay/Desktop/prompt/node_modules/react-dom/cjs/react-dom-server.browser.production.min.js:78:98)
    at Zc (/home/jay/Desktop/prompt/node_modules/react-dom/cjs/react-dom-server.browser.production.min.js:71:145)
    at Z (/home/jay/Desktop/prompt/node_modules/react-dom/cjs/react-dom-server.browser.production.min.js:76:89)
[Build Time] Successfully fetched 18 prompts for category 14
[Build Time] Successfully fetched 18 prompts for category 14
ReferenceError: imageUrl is not defined
    at D (/home/jay/Desktop/prompt/.next/server/pages/category/sub-categories/[subcategories]/promptDetails/[promptSlug].js:1:4355)
    at /home/jay/Desktop/prompt/.next/server/pages/category/sub-categories/[subcategories]/promptDetails/[promptSlug].js:1:4820
    at Wc (/home/jay/Desktop/prompt/node_modules/react-dom/cjs/react-dom-server.browser.production.min.js:68:44)
    at Zc (/home/jay/Desktop/prompt/node_modules/react-dom/cjs/react-dom-server.browser.production.min.js:70:253)
    at Z (/home/jay/Desktop/prompt/node_modules/react-dom/cjs/react-dom-server.browser.production.min.js:76:89)
    at Zc (/home/jay/Desktop/prompt/node_modules/react-dom/cjs/react-dom-server.browser.production.min.js:70:481)
    at Z (/home/jay/Desktop/prompt/node_modules/react-dom/cjs/react-dom-server.browser.production.min.js:76:89)
    at $c (/home/jay/Desktop/prompt/node_modules/react-dom/cjs/react-dom-server.browser.production.min.js:78:98)
    at Zc (/home/jay/Desktop/prompt/node_modules/react-dom/cjs/react-dom-server.browser.production.min.js:71:145)
    at Z (/home/jay/Desktop/prompt/node_modules/react-dom/cjs/react-dom-server.browser.production.min.js:76:89)

Error occurred prerendering page "/category/sub-categories/water/promptDetails/fantasy-cherry-blossom-woman-portrait". Read more: https://nextjs.org/docs/messages/prerender-error

ReferenceError: imageUrl is not defined
    at D (/home/jay/Desktop/prompt/.next/server/pages/category/sub-categories/[subcategories]/promptDetails/[promptSlug].js:1:4355)
    at /home/jay/Desktop/prompt/.next/server/pages/category/sub-categories/[subcategories]/promptDetails/[promptSlug].js:1:4820
    at Wc (/home/jay/Desktop/prompt/node_modules/react-dom/cjs/react-dom-server.browser.production.min.js:68:44)
    at Zc (/home/jay/Desktop/prompt/node_modules/react-dom/cjs/react-dom-server.browser.production.min.js:70:253)
    at Z (/home/jay/Desktop/prompt/node_modules/react-dom/cjs/react-dom-server.browser.production.min.js:76:89)
    at Zc (/home/jay/Desktop/prompt/node_modules/react-dom/cjs/react-dom-server.browser.production.min.js:70:481)
    at Z (/home/jay/Desktop/prompt/node_modules/react-dom/cjs/react-dom-server.browser.production.min.js:76:89)
    at $c (/home/jay/Desktop/prompt/node_modules/react-dom/cjs/react-dom-server.browser.production.min.js:78:98)
    at Zc (/home/jay/Desktop/prompt/node_modules/react-dom/cjs/react-dom-server.browser.production.min.js:71:145)
    at Z (/home/jay/Desktop/prompt/node_modules/react-dom/cjs/react-dom-server.browser.production.min.js:76:89)
ReferenceError: imageUrl is not defined
    at D (/home/jay/Desktop/prompt/.next/server/pages/category/sub-categories/[subcategories]/promptDetails/[promptSlug].js:1:4355)
    at /home/jay/Desktop/prompt/.next/server/pages/category/sub-categories/[subcategories]/promptDetails/[promptSlug].js:1:4820
    at Wc (/home/jay/Desktop/prompt/node_modules/react-dom/cjs/react-dom-server.browser.production.min.js:68:44)
    at Zc (/home/jay/Desktop/prompt/node_modules/react-dom/cjs/react-dom-server.browser.production.min.js:70:253)
    at Z (/home/jay/Desktop/prompt/node_modules/react-dom/cjs/react-dom-server.browser.production.min.js:76:89)
    at Zc (/home/jay/Desktop/prompt/node_modules/react-dom/cjs/react-dom-server.browser.production.min.js:70:481)
    at Z (/home/jay/Desktop/prompt/node_modules/react-dom/cjs/react-dom-server.browser.production.min.js:76:89)
    at $c (/home/jay/Desktop/prompt/node_modules/react-dom/cjs/react-dom-server.browser.production.min.js:78:98)
    at Zc (/home/jay/Desktop/prompt/node_modules/react-dom/cjs/react-dom-server.browser.production.min.js:71:145)
    at Z (/home/jay/Desktop/prompt/node_modules/react-dom/cjs/react-dom-server.browser.production.min.js:76:89)

Error occurred prerendering page "/category/sub-categories/water/promptDetails/lily-boat-close-up-cinematic-portrait". Read more: https://nextjs.org/docs/messages/prerender-error

ReferenceError: imageUrl is not defined
    at D (/home/jay/Desktop/prompt/.next/server/pages/category/sub-categories/[subcategories]/promptDetails/[promptSlug].js:1:4355)
    at /home/jay/Desktop/prompt/.next/server/pages/category/sub-categories/[subcategories]/promptDetails/[promptSlug].js:1:4820
    at Wc (/home/jay/Desktop/prompt/node_modules/react-dom/cjs/react-dom-server.browser.production.min.js:68:44)
    at Zc (/home/jay/Desktop/prompt/node_modules/react-dom/cjs/react-dom-server.browser.production.min.js:70:253)
    at Z (/home/jay/Desktop/prompt/node_modules/react-dom/cjs/react-dom-server.browser.production.min.js:76:89)
    at Zc (/home/jay/Desktop/prompt/node_modules/react-dom/cjs/react-dom-server.browser.production.min.js:70:481)
    at Z (/home/jay/Desktop/prompt/node_modules/react-dom/cjs/react-dom-server.browser.production.min.js:76:89)
    at $c (/home/jay/Desktop/prompt/node_modules/react-dom/cjs/react-dom-server.browser.production.min.js:78:98)
    at Zc (/home/jay/Desktop/prompt/node_modules/react-dom/cjs/react-dom-server.browser.production.min.js:71:145)
    at Z (/home/jay/Desktop/prompt/node_modules/react-dom/cjs/react-dom-server.browser.production.min.js:76:89)
[Build Time] Successfully fetched 18 prompts for category 14
[Build Time] Successfully fetched 18 prompts for category 14
[Build Time] Successfully fetched 18 prompts for category 14
ReferenceError: imageUrl is not defined
    at D (/home/jay/Desktop/prompt/.next/server/pages/category/sub-categories/[subcategories]/promptDetails/[promptSlug].js:1:4355)
    at /home/jay/Desktop/prompt/.next/server/pages/category/sub-categories/[subcategories]/promptDetails/[promptSlug].js:1:4820
    at Wc (/home/jay/Desktop/prompt/node_modules/react-dom/cjs/react-dom-server.browser.production.min.js:68:44)
    at Zc (/home/jay/Desktop/prompt/node_modules/react-dom/cjs/react-dom-server.browser.production.min.js:70:253)
    at Z (/home/jay/Desktop/prompt/node_modules/react-dom/cjs/react-dom-server.browser.production.min.js:76:89)
    at Zc (/home/jay/Desktop/prompt/node_modules/react-dom/cjs/react-dom-server.browser.production.min.js:70:481)
    at Z (/home/jay/Desktop/prompt/node_modules/react-dom/cjs/react-dom-server.browser.production.min.js:76:89)
    at $c (/home/jay/Desktop/prompt/node_modules/react-dom/cjs/react-dom-server.browser.production.min.js:78:98)
    at Zc (/home/jay/Desktop/prompt/node_modules/react-dom/cjs/react-dom-server.browser.production.min.js:71:145)
    at Z (/home/jay/Desktop/prompt/node_modules/react-dom/cjs/react-dom-server.browser.production.min.js:76:89)

Error occurred prerendering page "/category/sub-categories/water/promptDetails/seaside-melancholic-portrait". Read more: https://nextjs.org/docs/messages/prerender-error

ReferenceError: imageUrl is not defined
    at D (/home/jay/Desktop/prompt/.next/server/pages/category/sub-categories/[subcategories]/promptDetails/[promptSlug].js:1:4355)
    at /home/jay/Desktop/prompt/.next/server/pages/category/sub-categories/[subcategories]/promptDetails/[promptSlug].js:1:4820
    at Wc (/home/jay/Desktop/prompt/node_modules/react-dom/cjs/react-dom-server.browser.production.min.js:68:44)
    at Zc (/home/jay/Desktop/prompt/node_modules/react-dom/cjs/react-dom-server.browser.production.min.js:70:253)
    at Z (/home/jay/Desktop/prompt/node_modules/react-dom/cjs/react-dom-server.browser.production.min.js:76:89)
    at Zc (/home/jay/Desktop/prompt/node_modules/react-dom/cjs/react-dom-server.browser.production.min.js:70:481)
    at Z (/home/jay/Desktop/prompt/node_modules/react-dom/cjs/react-dom-server.browser.production.min.js:76:89)
    at $c (/home/jay/Desktop/prompt/node_modules/react-dom/cjs/react-dom-server.browser.production.min.js:78:98)
    at Zc (/home/jay/Desktop/prompt/node_modules/react-dom/cjs/react-dom-server.browser.production.min.js:71:145)
    at Z (/home/jay/Desktop/prompt/node_modules/react-dom/cjs/react-dom-server.browser.production.min.js:76:89)
ReferenceError: imageUrl is not defined
    at D (/home/jay/Desktop/prompt/.next/server/pages/category/sub-categories/[subcategories]/promptDetails/[promptSlug].js:1:4355)
    at /home/jay/Desktop/prompt/.next/server/pages/category/sub-categories/[subcategories]/promptDetails/[promptSlug].js:1:4820
    at Wc (/home/jay/Desktop/prompt/node_modules/react-dom/cjs/react-dom-server.browser.production.min.js:68:44)
    at Zc (/home/jay/Desktop/prompt/node_modules/react-dom/cjs/react-dom-server.browser.production.min.js:70:253)
    at Z (/home/jay/Desktop/prompt/node_modules/react-dom/cjs/react-dom-server.browser.production.min.js:76:89)
    at Zc (/home/jay/Desktop/prompt/node_modules/react-dom/cjs/react-dom-server.browser.production.min.js:70:481)
    at Z (/home/jay/Desktop/prompt/node_modules/react-dom/cjs/react-dom-server.browser.production.min.js:76:89)
    at $c (/home/jay/Desktop/prompt/node_modules/react-dom/cjs/react-dom-server.browser.production.min.js:78:98)
    at Zc (/home/jay/Desktop/prompt/node_modules/react-dom/cjs/react-dom-server.browser.production.min.js:71:145)
    at Z (/home/jay/Desktop/prompt/node_modules/react-dom/cjs/react-dom-server.browser.production.min.js:76:89)
ReferenceError: imageUrl is not defined
    at D (/home/jay/Desktop/prompt/.next/server/pages/category/sub-categories/[subcategories]/promptDetails/[promptSlug].js:1:4355)
    at /home/jay/Desktop/prompt/.next/server/pages/category/sub-categories/[subcategories]/promptDetails/[promptSlug].js:1:4820
    at Wc (/home/jay/Desktop/prompt/node_modules/react-dom/cjs/react-dom-server.browser.production.min.js:68:44)
    at Zc (/home/jay/Desktop/prompt/node_modules/react-dom/cjs/react-dom-server.browser.production.min.js:70:253)
    at Z (/home/jay/Desktop/prompt/node_modules/react-dom/cjs/react-dom-server.browser.production.min.js:76:89)
    at Zc (/home/jay/Desktop/prompt/node_modules/react-dom/cjs/react-dom-server.browser.production.min.js:70:481)
    at Z (/home/jay/Desktop/prompt/node_modules/react-dom/cjs/react-dom-server.browser.production.min.js:76:89)
    at $c (/home/jay/Desktop/prompt/node_modules/react-dom/cjs/react-dom-server.browser.production.min.js:78:98)
    at Zc (/home/jay/Desktop/prompt/node_modules/react-dom/cjs/react-dom-server.browser.production.min.js:71:145)
    at Z (/home/jay/Desktop/prompt/node_modules/react-dom/cjs/react-dom-server.browser.production.min.js:76:89)

Error occurred prerendering page "/category/sub-categories/water/promptDetails/wide-angle-mountain-travel-selfie". Read more: https://nextjs.org/docs/messages/prerender-error

ReferenceError: imageUrl is not defined
    at D (/home/jay/Desktop/prompt/.next/server/pages/category/sub-categories/[subcategories]/promptDetails/[promptSlug].js:1:4355)
    at /home/jay/Desktop/prompt/.next/server/pages/category/sub-categories/[subcategories]/promptDetails/[promptSlug].js:1:4820
    at Wc (/home/jay/Desktop/prompt/node_modules/react-dom/cjs/react-dom-server.browser.production.min.js:68:44)
    at Zc (/home/jay/Desktop/prompt/node_modules/react-dom/cjs/react-dom-server.browser.production.min.js:70:253)
    at Z (/home/jay/Desktop/prompt/node_modules/react-dom/cjs/react-dom-server.browser.production.min.js:76:89)
    at Zc (/home/jay/Desktop/prompt/node_modules/react-dom/cjs/react-dom-server.browser.production.min.js:70:481)
    at Z (/home/jay/Desktop/prompt/node_modules/react-dom/cjs/react-dom-server.browser.production.min.js:76:89)
    at $c (/home/jay/Desktop/prompt/node_modules/react-dom/cjs/react-dom-server.browser.production.min.js:78:98)
    at Zc (/home/jay/Desktop/prompt/node_modules/react-dom/cjs/react-dom-server.browser.production.min.js:71:145)
    at Z (/home/jay/Desktop/prompt/node_modules/react-dom/cjs/react-dom-server.browser.production.min.js:76:89)

Error occurred prerendering page "/category/sub-categories/water/promptDetails/paragliding-adventure-selfie". Read more: https://nextjs.org/docs/messages/prerender-error

ReferenceError: imageUrl is not defined
    at D (/home/jay/Desktop/prompt/.next/server/pages/category/sub-categories/[subcategories]/promptDetails/[promptSlug].js:1:4355)
    at /home/jay/Desktop/prompt/.next/server/pages/category/sub-categories/[subcategories]/promptDetails/[promptSlug].js:1:4820
    at Wc (/home/jay/Desktop/prompt/node_modules/react-dom/cjs/react-dom-server.browser.production.min.js:68:44)
    at Zc (/home/jay/Desktop/prompt/node_modules/react-dom/cjs/react-dom-server.browser.production.min.js:70:253)
    at Z (/home/jay/Desktop/prompt/node_modules/react-dom/cjs/react-dom-server.browser.production.min.js:76:89)
    at Zc (/home/jay/Desktop/prompt/node_modules/react-dom/cjs/react-dom-server.browser.production.min.js:70:481)
    at Z (/home/jay/Desktop/prompt/node_modules/react-dom/cjs/react-dom-server.browser.production.min.js:76:89)
    at $c (/home/jay/Desktop/prompt/node_modules/react-dom/cjs/react-dom-server.browser.production.min.js:78:98)
    at Zc (/home/jay/Desktop/prompt/node_modules/react-dom/cjs/react-dom-server.browser.production.min.js:71:145)
    at Z (/home/jay/Desktop/prompt/node_modules/react-dom/cjs/react-dom-server.browser.production.min.js:76:89)
 ✓ Generating static pages (673/673)

> Export encountered errors on following paths:
	/category/sub-categories/[subcategories]/promptDetails/[promptSlug]: /category/sub-categories/art/promptDetails/abstract-oil-painting-portrait
	/category/sub-categories/[subcategories]/promptDetails/[promptSlug]: /category/sub-categories/art/promptDetails/apocalyptic-double-exposure
	/category/sub-categories/[subcategories]/promptDetails/[promptSlug]: /category/sub-categories/art/promptDetails/classical-impressionist-oil-portrait
	/category/sub-categories/[subcategories]/promptDetails/[promptSlug]: /category/sub-categories/art/promptDetails/cute-cartoon-character-transformation
	/category/sub-categories/[subcategories]/promptDetails/[promptSlug]: /category/sub-categories/art/promptDetails/cute-cartoon-woman-transformation
	/category/sub-categories/[subcategories]/promptDetails/[promptSlug]: /category/sub-categories/art/promptDetails/dramatic-stylized-yellow-portrait
	/category/sub-categories/[subcategories]/promptDetails/[promptSlug]: /category/sub-categories/art/promptDetails/ethereal-floral-portrait-variant
	/category/sub-categories/[subcategories]/promptDetails/[promptSlug]: /category/sub-categories/art/promptDetails/floral-ethereal-portrait-prompt
	/category/sub-categories/[subcategories]/promptDetails/[promptSlug]: /category/sub-categories/art/promptDetails/hand-drawn-notebook-portrait-prompt
	/category/sub-categories/[subcategories]/promptDetails/[promptSlug]: /category/sub-categories/art/promptDetails/hand-drawn-sketch-description
	/category/sub-categories/[subcategories]/promptDetails/[promptSlug]: /category/sub-categories/art/promptDetails/indoor-artist-painting-portrait
	/category/sub-categories/[subcategories]/promptDetails/[promptSlug]: /category/sub-categories/art/promptDetails/ink-sketch-style-portrait-prompt
	/category/sub-categories/[subcategories]/promptDetails/[promptSlug]: /category/sub-categories/art/promptDetails/man-observing-his-own-portrait
	/category/sub-categories/[subcategories]/promptDetails/[promptSlug]: /category/sub-categories/art/promptDetails/mixed-media-brainstorm-portrait
	/category/sub-categories/[subcategories]/promptDetails/[promptSlug]: /category/sub-categories/art/promptDetails/monochrome-graffiti-doodles
	/category/sub-categories/[subcategories]/promptDetails/[promptSlug]: /category/sub-categories/art/promptDetails/monochrome-ink-illustration
	/category/sub-categories/[subcategories]/promptDetails/[promptSlug]: /category/sub-categories/art/promptDetails/monochrome-ink-illustration-portrait
	/category/sub-categories/[subcategories]/promptDetails/[promptSlug]: /category/sub-categories/art/promptDetails/pastel-expressionist-portrait
	/category/sub-categories/[subcategories]/promptDetails/[promptSlug]: /category/sub-categories/art/promptDetails/red-and-yellow-pen-illustration-prompt
	/category/sub-categories/[subcategories]/promptDetails/[promptSlug]: /category/sub-categories/art/promptDetails/scrapbook-character-study
	/category/sub-categories/[subcategories]/promptDetails/[promptSlug]: /category/sub-categories/art/promptDetails/the-ashes-of-emotion
	/category/sub-categories/[subcategories]/promptDetails/[promptSlug]: /category/sub-categories/art/promptDetails/the-bohemian-artists-loft
	/category/sub-categories/[subcategories]/promptDetails/[promptSlug]: /category/sub-categories/art/promptDetails/the-ethereal-forest-nymph-mystical-nature-portrait
	/category/sub-categories/[subcategories]/promptDetails/[promptSlug]: /category/sub-categories/art/promptDetails/thoughtful-doodle-portrait-prompt
	/category/sub-categories/[subcategories]/promptDetails/[promptSlug]: /category/sub-categories/art/promptDetails/vintage-pen-sketch-portrait
	/category/sub-categories/[subcategories]/promptDetails/[promptSlug]: /category/sub-categories/art/promptDetails/watercolor-anime-portrait-style
	/category/sub-categories/[subcategories]/promptDetails/[promptSlug]: /category/sub-categories/art/promptDetails/watercolor-portrait-illustration-prompt
	/category/sub-categories/[subcategories]/promptDetails/[promptSlug]: /category/sub-categories/art/promptDetails/watercolor-workspace-top-down-view
	/category/sub-categories/[subcategories]/promptDetails/[promptSlug]: /category/sub-categories/birthday/promptDetails/artistic-watercolor-whimsical-painted-celebration
	/category/sub-categories/[subcategories]/promptDetails/[promptSlug]: /category/sub-categories/birthday/promptDetails/birthday-collage-portrait-circular-halo
	/category/sub-categories/[subcategories]/promptDetails/[promptSlug]: /category/sub-categories/birthday/promptDetails/birthday-collage-portrait-polaroid-style
	/category/sub-categories/[subcategories]/promptDetails/[promptSlug]: /category/sub-categories/birthday/promptDetails/birthday-fashion-campaign-poster-version-1
	/category/sub-categories/[subcategories]/promptDetails/[promptSlug]: /category/sub-categories/birthday/promptDetails/birthday-fashion-campaign-poster-version-2
	/category/sub-categories/[subcategories]/promptDetails/[promptSlug]: /category/sub-categories/birthday/promptDetails/birthday-graphic-portrait-facing-right
	/category/sub-categories/[subcategories]/promptDetails/[promptSlug]: /category/sub-categories/birthday/promptDetails/birthday-poster-collage-design
	/category/sub-categories/[subcategories]/promptDetails/[promptSlug]: /category/sub-categories/birthday/promptDetails/birthday-poster-with-crossed-arms
	/category/sub-categories/[subcategories]/promptDetails/[promptSlug]: /category/sub-categories/birthday/promptDetails/cinematic-birthday-celebration-scene
	/category/sub-categories/[subcategories]/promptDetails/[promptSlug]: /category/sub-categories/birthday/promptDetails/cinematic-birthday-portrait-prompt
	/category/sub-categories/[subcategories]/promptDetails/[promptSlug]: /category/sub-categories/birthday/promptDetails/confident-birthday-fashion-poster
	/category/sub-categories/[subcategories]/promptDetails/[promptSlug]: /category/sub-categories/birthday/promptDetails/cyberpunk-holographic-futuristic-digital-avatar
	/category/sub-categories/[subcategories]/promptDetails/[promptSlug]: /category/sub-categories/birthday/promptDetails/dramatic-spotlight-birthday
	/category/sub-categories/[subcategories]/promptDetails/[promptSlug]: /category/sub-categories/birthday/promptDetails/elegant-birthday-graphic-portrait
	/category/sub-categories/[subcategories]/promptDetails/[promptSlug]: /category/sub-categories/birthday/promptDetails/elegant-party-celebration-description
	/category/sub-categories/[subcategories]/promptDetails/[promptSlug]: /category/sub-categories/birthday/promptDetails/fairy-queen-throne-fantasy
	/category/sub-categories/[subcategories]/promptDetails/[promptSlug]: /category/sub-categories/birthday/promptDetails/glamour-flash-birthday
	/category/sub-categories/[subcategories]/promptDetails/[promptSlug]: /category/sub-categories/birthday/promptDetails/golden-balloon-garden-birthday
	/category/sub-categories/[subcategories]/promptDetails/[promptSlug]: /category/sub-categories/birthday/promptDetails/high-fashion-birthday-studio-portrait
	/category/sub-categories/[subcategories]/promptDetails/[promptSlug]: /category/sub-categories/birthday/promptDetails/king-chair-birthday-portrait
	/category/sub-categories/[subcategories]/promptDetails/[promptSlug]: /category/sub-categories/birthday/promptDetails/luxurious-birthday-close-up-scene
	/category/sub-categories/[subcategories]/promptDetails/[promptSlug]: /category/sub-categories/birthday/promptDetails/luxury-velvet-birthday-portrait
	/category/sub-categories/[subcategories]/promptDetails/[promptSlug]: /category/sub-categories/birthday/promptDetails/messy-birthday-table-close-up
	/category/sub-categories/[subcategories]/promptDetails/[promptSlug]: /category/sub-categories/birthday/promptDetails/monochrome-birthday-cool-age-adjustable
	/category/sub-categories/[subcategories]/promptDetails/[promptSlug]: /category/sub-categories/birthday/promptDetails/moody-red-29th-profile
	/category/sub-categories/[subcategories]/promptDetails/[promptSlug]: /category/sub-categories/birthday/promptDetails/opulent-golden-ballroom-luxury-milestone-celebration
	/category/sub-categories/[subcategories]/promptDetails/[promptSlug]: /category/sub-categories/birthday/promptDetails/pastel-dream-garden-soft-whimsical-birthday-celebration
	/category/sub-categories/[subcategories]/promptDetails/[promptSlug]: /category/sub-categories/birthday/promptDetails/purple-neon-birthday-glam
	/category/sub-categories/[subcategories]/promptDetails/[promptSlug]: /category/sub-categories/birthday/promptDetails/realistic-birthday-cake-portrait
	/category/sub-categories/[subcategories]/promptDetails/[promptSlug]: /category/sub-categories/birthday/promptDetails/relaxed-pose-birthday-poster
	/category/sub-categories/[subcategories]/promptDetails/[promptSlug]: /category/sub-categories/birthday/promptDetails/sophisticated-monochromatic-black-and-white-aesthetic
	/category/sub-categories/[subcategories]/promptDetails/[promptSlug]: /category/sub-categories/birthday/promptDetails/split-personality-birthday-fashion-poster
	/category/sub-categories/[subcategories]/promptDetails/[promptSlug]: /category/sub-categories/birthday/promptDetails/studio-birthday-cake-portrait
	/category/sub-categories/[subcategories]/promptDetails/[promptSlug]: /category/sub-categories/birthday/promptDetails/the-ultimate-29th-birthday-studio-portrait
	/category/sub-categories/[subcategories]/promptDetails/[promptSlug]: /category/sub-categories/birthday/promptDetails/ultra-realistic-outdoor-birthday-photo
	/category/sub-categories/[subcategories]/promptDetails/[promptSlug]: /category/sub-categories/birthday/promptDetails/vintage-film-noir-retro-classic-celebration
	/category/sub-categories/[subcategories]/promptDetails/[promptSlug]: /category/sub-categories/black-and-white/promptDetails/candlelight-cinematic-portrait
	/category/sub-categories/[subcategories]/promptDetails/[promptSlug]: /category/sub-categories/black-and-white/promptDetails/cinematic-dual-portrait-with-smoke
	/category/sub-categories/[subcategories]/promptDetails/[promptSlug]: /category/sub-categories/black-and-white/promptDetails/crimson-torn-paper-portrait
	/category/sub-categories/[subcategories]/promptDetails/[promptSlug]: /category/sub-categories/black-and-white/promptDetails/cyberpunk-torn-portrait
	/category/sub-categories/[subcategories]/promptDetails/[promptSlug]: /category/sub-categories/black-and-white/promptDetails/dual-expression-ultra-realistic-portrait
	/category/sub-categories/[subcategories]/promptDetails/[promptSlug]: /category/sub-categories/black-and-white/promptDetails/dual-pose-cinematic-fashion-poster
	/category/sub-categories/[subcategories]/promptDetails/[promptSlug]: /category/sub-categories/black-and-white/promptDetails/dual-version-studio-portrait
	/category/sub-categories/[subcategories]/promptDetails/[promptSlug]: /category/sub-categories/black-and-white/promptDetails/emotional-duality-vertical-poster
	/category/sub-categories/[subcategories]/promptDetails/[promptSlug]: /category/sub-categories/black-and-white/promptDetails/futuristic-monochrome-ai-portrait
	/category/sub-categories/[subcategories]/promptDetails/[promptSlug]: /category/sub-categories/black-and-white/promptDetails/studio-fashion-dual-portrait
	/category/sub-categories/[subcategories]/promptDetails/[promptSlug]: /category/sub-categories/black-and-white/promptDetails/torn-paper-dual-personality-portrait
	/category/sub-categories/[subcategories]/promptDetails/[promptSlug]: /category/sub-categories/black-and-white/promptDetails/torn-paper-minimal-portrait
	/category/sub-categories/[subcategories]/promptDetails/[promptSlug]: /category/sub-categories/black-and-white/promptDetails/ultra-realistic-4k-grayscale-fashion-collage
	/category/sub-categories/[subcategories]/promptDetails/[promptSlug]: /category/sub-categories/car/promptDetails/dubai-museum-mustang
	/category/sub-categories/[subcategories]/promptDetails/[promptSlug]: /category/sub-categories/car/promptDetails/field-and-luxury-car-portrait
	/category/sub-categories/[subcategories]/promptDetails/[promptSlug]: /category/sub-categories/car/promptDetails/jeep-serenity-with-sunglasses
	/category/sub-categories/[subcategories]/promptDetails/[promptSlug]: /category/sub-categories/car/promptDetails/lamborghini-girl-with-a-view
	/category/sub-categories/[subcategories]/promptDetails/[promptSlug]: /category/sub-categories/car/promptDetails/lavender-garden-reflection
	/category/sub-categories/[subcategories]/promptDetails/[promptSlug]: /category/sub-categories/car/promptDetails/luxury-automotive-equestrian-cinematic-portrait
	/category/sub-categories/[subcategories]/promptDetails/[promptSlug]: /category/sub-categories/car/promptDetails/luxury-maybach-interior-portrait
	/category/sub-categories/[subcategories]/promptDetails/[promptSlug]: /category/sub-categories/car/promptDetails/mercedes-amg-gt-r-power-stance
	/category/sub-categories/[subcategories]/promptDetails/[promptSlug]: /category/sub-categories/car/promptDetails/night-city-parking-cinematic-portrait
	/category/sub-categories/[subcategories]/promptDetails/[promptSlug]: /category/sub-categories/car/promptDetails/night-city-suit-flowers
	/category/sub-categories/[subcategories]/promptDetails/[promptSlug]: /category/sub-categories/car/promptDetails/night-scene-with-black-thar
	/category/sub-categories/[subcategories]/promptDetails/[promptSlug]: /category/sub-categories/car/promptDetails/night-street-racing-cinematic-scene
	/category/sub-categories/[subcategories]/promptDetails/[promptSlug]: /category/sub-categories/car/promptDetails/retro-bollywood-aesthetics
	/category/sub-categories/[subcategories]/promptDetails/[promptSlug]: /category/sub-categories/car/promptDetails/rolls-royce-elegance-with-coffee
	/category/sub-categories/[subcategories]/promptDetails/[promptSlug]: /category/sub-categories/car/promptDetails/sophisticated-man-with-vintage-car
	/category/sub-categories/[subcategories]/promptDetails/[promptSlug]: /category/sub-categories/car/promptDetails/suv-sunset-fashion-editorial
	/category/sub-categories/[subcategories]/promptDetails/[promptSlug]: /category/sub-categories/car/promptDetails/the-luxury-garage
	/category/sub-categories/[subcategories]/promptDetails/[promptSlug]: /category/sub-categories/car/promptDetails/the-midnight-date
	/category/sub-categories/[subcategories]/promptDetails/[promptSlug]: /category/sub-categories/couple-special/promptDetails/90s-baddie-in-red-saree
	/category/sub-categories/[subcategories]/promptDetails/[promptSlug]: /category/sub-categories/couple-special/promptDetails/artistic-sunset-double-exposure
	/category/sub-categories/[subcategories]/promptDetails/[promptSlug]: /category/sub-categories/couple-special/promptDetails/autumn-whispers-a-cozy-forest-stroll
	/category/sub-categories/[subcategories]/promptDetails/[promptSlug]: /category/sub-categories/couple-special/promptDetails/bollywood-snowfall-romance
	/category/sub-categories/[subcategories]/promptDetails/[promptSlug]: /category/sub-categories/couple-special/promptDetails/celestial-embrace-under-the-aurora
	/category/sub-categories/[subcategories]/promptDetails/[promptSlug]: /category/sub-categories/couple-special/promptDetails/couple-caf-embrace-in-snow
	/category/sub-categories/[subcategories]/promptDetails/[promptSlug]: /category/sub-categories/couple-special/promptDetails/couple-winter-drive-scene
	/category/sub-categories/[subcategories]/promptDetails/[promptSlug]: /category/sub-categories/couple-special/promptDetails/cozy-caf-couple-portrait-detailed-version
	/category/sub-categories/[subcategories]/promptDetails/[promptSlug]: /category/sub-categories/couple-special/promptDetails/cozy-caf-couple-portrait-short-prompt
	/category/sub-categories/[subcategories]/promptDetails/[promptSlug]: /category/sub-categories/couple-special/promptDetails/desert-wanderers-a-timeless-love-story
	/category/sub-categories/[subcategories]/promptDetails/[promptSlug]: /category/sub-categories/couple-special/promptDetails/dreamy-beach-double-exposure
	/category/sub-categories/[subcategories]/promptDetails/[promptSlug]: /category/sub-categories/couple-special/promptDetails/floral-swing-studio-portrait
	/category/sub-categories/[subcategories]/promptDetails/[promptSlug]: /category/sub-categories/couple-special/promptDetails/grandeur-on-the-steps
	/category/sub-categories/[subcategories]/promptDetails/[promptSlug]: /category/sub-categories/couple-special/promptDetails/green-hills-soft-romance
	/category/sub-categories/[subcategories]/promptDetails/[promptSlug]: /category/sub-categories/couple-special/promptDetails/hot-air-balloon-adventure-love-above-the-clouds
	/category/sub-categories/[subcategories]/promptDetails/[promptSlug]: /category/sub-categories/couple-special/promptDetails/indian-couple-mirror-portrait
	/category/sub-categories/[subcategories]/promptDetails/[promptSlug]: /category/sub-categories/couple-special/promptDetails/indian-couple-romantic-stance
	/category/sub-categories/[subcategories]/promptDetails/[promptSlug]: /category/sub-categories/couple-special/promptDetails/luxurious-garden-portrait-with-bangles-focus
	/category/sub-categories/[subcategories]/promptDetails/[promptSlug]: /category/sub-categories/couple-special/promptDetails/misty-hill-station-romance
	/category/sub-categories/[subcategories]/promptDetails/[promptSlug]: /category/sub-categories/couple-special/promptDetails/moonlight-coastal-editorial
	/category/sub-categories/[subcategories]/promptDetails/[promptSlug]: /category/sub-categories/couple-special/promptDetails/moonlight-messy-hair
	/category/sub-categories/[subcategories]/promptDetails/[promptSlug]: /category/sub-categories/couple-special/promptDetails/morning-coffee-on-the-balcony
	/category/sub-categories/[subcategories]/promptDetails/[promptSlug]: /category/sub-categories/couple-special/promptDetails/nighttime-flash-selfie
	/category/sub-categories/[subcategories]/promptDetails/[promptSlug]: /category/sub-categories/couple-special/promptDetails/pastel-saree-by-the-window
	/category/sub-categories/[subcategories]/promptDetails/[promptSlug]: /category/sub-categories/couple-special/promptDetails/prem-mandir-couple-selfie-portrait
	/category/sub-categories/[subcategories]/promptDetails/[promptSlug]: /category/sub-categories/couple-special/promptDetails/rain-kissed-romance-a-city-night-embrace
	/category/sub-categories/[subcategories]/promptDetails/[promptSlug]: /category/sub-categories/couple-special/promptDetails/romantic-indian-couple-outdoor-portrait
	/category/sub-categories/[subcategories]/promptDetails/[promptSlug]: /category/sub-categories/couple-special/promptDetails/romantic-indian-couple-portrait-casual
	/category/sub-categories/[subcategories]/promptDetails/[promptSlug]: /category/sub-categories/couple-special/promptDetails/romantic-indian-couple-portrait-text-variant
	/category/sub-categories/[subcategories]/promptDetails/[promptSlug]: /category/sub-categories/couple-special/promptDetails/romantic-indian-couple-portrait-version-1
	/category/sub-categories/[subcategories]/promptDetails/[promptSlug]: /category/sub-categories/couple-special/promptDetails/romantic-indian-couple-portrait-version-2
	/category/sub-categories/[subcategories]/promptDetails/[promptSlug]: /category/sub-categories/couple-special/promptDetails/romantic-indian-couple-portrait-version-3
	/category/sub-categories/[subcategories]/promptDetails/[promptSlug]: /category/sub-categories/couple-special/promptDetails/romantic-indian-couple-portrait-version-4
	/category/sub-categories/[subcategories]/promptDetails/[promptSlug]: /category/sub-categories/couple-special/promptDetails/romantic-indian-couple-portrait-version-5
	/category/sub-categories/[subcategories]/promptDetails/[promptSlug]: /category/sub-categories/couple-special/promptDetails/romantic-winter-horse-portrait
	/category/sub-categories/[subcategories]/promptDetails/[promptSlug]: /category/sub-categories/couple-special/promptDetails/seaside-golden-hour-selfie
	/category/sub-categories/[subcategories]/promptDetails/[promptSlug]: /category/sub-categories/couple-special/promptDetails/serene-traditional-embrace
	/category/sub-categories/[subcategories]/promptDetails/[promptSlug]: /category/sub-categories/couple-special/promptDetails/snowy-forehead-touch
	/category/sub-categories/[subcategories]/promptDetails/[promptSlug]: /category/sub-categories/couple-special/promptDetails/south-asian-couple-snowy-street-romance
	/category/sub-categories/[subcategories]/promptDetails/[promptSlug]: /category/sub-categories/couple-special/promptDetails/starlight-rendezvous-under-a-blanket-of-stars
	/category/sub-categories/[subcategories]/promptDetails/[promptSlug]: /category/sub-categories/couple-special/promptDetails/studio-doodle-art
	/category/sub-categories/[subcategories]/promptDetails/[promptSlug]: /category/sub-categories/couple-special/promptDetails/sunlit-studio-romantic-couple-portrait
	/category/sub-categories/[subcategories]/promptDetails/[promptSlug]: /category/sub-categories/couple-special/promptDetails/the-elevator-mirror-selfie
	/category/sub-categories/[subcategories]/promptDetails/[promptSlug]: /category/sub-categories/couple-special/promptDetails/the-single-candle-glow
	/category/sub-categories/[subcategories]/promptDetails/[promptSlug]: /category/sub-categories/couple-special/promptDetails/true-love-cinematic-poster
	/category/sub-categories/[subcategories]/promptDetails/[promptSlug]: /category/sub-categories/couple-special/promptDetails/underwater-serenity-lovers-in-a-coral-garden
	/category/sub-categories/[subcategories]/promptDetails/[promptSlug]: /category/sub-categories/couple-special/promptDetails/vintage-picnic-by-the-lake-a-retro-rendezvous
	/category/sub-categories/[subcategories]/promptDetails/[promptSlug]: /category/sub-categories/couple-special/promptDetails/white-floral-studio-with-painted-background
	/category/sub-categories/[subcategories]/promptDetails/[promptSlug]: /category/sub-categories/couple-special/promptDetails/winter-campfire-intimacy
	/category/sub-categories/[subcategories]/promptDetails/[promptSlug]: /category/sub-categories/horse/promptDetails/bold-attitude-horse-modelling-pose
	/category/sub-categories/[subcategories]/promptDetails/[promptSlug]: /category/sub-categories/horse/promptDetails/dramatic-outdoor-fashion-portrait-with-horse
	/category/sub-categories/[subcategories]/promptDetails/[promptSlug]: /category/sub-categories/horse/promptDetails/high-speed-horse-riding-cinematic-portrait
	/category/sub-categories/[subcategories]/promptDetails/[promptSlug]: /category/sub-categories/horse/promptDetails/side-movement-fashion-horse-portrait
	/category/sub-categories/[subcategories]/promptDetails/[promptSlug]: /category/sub-categories/horse/promptDetails/stylish-controlled-horse-riding-pose
	/category/sub-categories/[subcategories]/promptDetails/[promptSlug]: /category/sub-categories/horse/promptDetails/the-galloping-gentleman
	/category/sub-categories/[subcategories]/promptDetails/[promptSlug]: /category/sub-categories/horse/promptDetails/unicorn-fashion-editorial
	/category/sub-categories/[subcategories]/promptDetails/[promptSlug]: /category/sub-categories/ipl-fever/promptDetails/joyful-celebration-with-your-team-just-select-your-team
	/category/sub-categories/[subcategories]/promptDetails/[promptSlug]: /category/sub-categories/lion/promptDetails/golden-savanna-lion-portrait
	/category/sub-categories/[subcategories]/promptDetails/[promptSlug]: /category/sub-categories/lion/promptDetails/royal-throne-portrait-with-lion
	/category/sub-categories/[subcategories]/promptDetails/[promptSlug]: /category/sub-categories/lion/promptDetails/the-lion-and-the-machine
	/category/sub-categories/[subcategories]/promptDetails/[promptSlug]: /category/sub-categories/lion/promptDetails/walking-through-smoke-with-panther-and-lion
	/category/sub-categories/[subcategories]/promptDetails/[promptSlug]: /category/sub-categories/lion/promptDetails/wildlife-photographer-moment
	/category/sub-categories/[subcategories]/promptDetails/[promptSlug]: /category/sub-categories/magazine/promptDetails/a-new-journey-begins-prompt
	/category/sub-categories/[subcategories]/promptDetails/[promptSlug]: /category/sub-categories/magazine/promptDetails/avant-garde-fashion-art-statement
	/category/sub-categories/[subcategories]/promptDetails/[promptSlug]: /category/sub-categories/magazine/promptDetails/bold-cinematic-collage-poster
	/category/sub-categories/[subcategories]/promptDetails/[promptSlug]: /category/sub-categories/magazine/promptDetails/dramatic-mirror-reflection-portrait
	/category/sub-categories/[subcategories]/promptDetails/[promptSlug]: /category/sub-categories/magazine/promptDetails/ducati-parking-garage-portrait
	/category/sub-categories/[subcategories]/promptDetails/[promptSlug]: /category/sub-categories/magazine/promptDetails/ethereal-space-inspired-fantasy-editorial
	/category/sub-categories/[subcategories]/promptDetails/[promptSlug]: /category/sub-categories/magazine/promptDetails/facebook-frame-cinematic-portrait
	/category/sub-categories/[subcategories]/promptDetails/[promptSlug]: /category/sub-categories/magazine/promptDetails/futuristic-yellow-fashion-editorial
	/category/sub-categories/[subcategories]/promptDetails/[promptSlug]: /category/sub-categories/magazine/promptDetails/graphic-red-black
	/category/sub-categories/[subcategories]/promptDetails/[promptSlug]: /category/sub-categories/magazine/promptDetails/hacker-room-cinematic-portrait
	/category/sub-categories/[subcategories]/promptDetails/[promptSlug]: /category/sub-categories/magazine/promptDetails/high-fashion-yellow-editorial-portrait
	/category/sub-categories/[subcategories]/promptDetails/[promptSlug]: /category/sub-categories/magazine/promptDetails/minimalist-studio-coffee-portrait
	/category/sub-categories/[subcategories]/promptDetails/[promptSlug]: /category/sub-categories/magazine/promptDetails/new-year-2026-cinematic-portrait
	/category/sub-categories/[subcategories]/promptDetails/[promptSlug]: /category/sub-categories/magazine/promptDetails/new-year-2026-promotional-visual
	/category/sub-categories/[subcategories]/promptDetails/[promptSlug]: /category/sub-categories/magazine/promptDetails/professional-female-empowerment-leader
	/category/sub-categories/[subcategories]/promptDetails/[promptSlug]: /category/sub-categories/magazine/promptDetails/rajasthani-poshaq-swing-scene
	/category/sub-categories/[subcategories]/promptDetails/[promptSlug]: /category/sub-categories/magazine/promptDetails/russian-traditional-portrait-editorial
	/category/sub-categories/[subcategories]/promptDetails/[promptSlug]: /category/sub-categories/magazine/promptDetails/street-fashion-editorial-poster
	/category/sub-categories/[subcategories]/promptDetails/[promptSlug]: /category/sub-categories/magazine/promptDetails/urban-street-style-poster
	/category/sub-categories/[subcategories]/promptDetails/[promptSlug]: /category/sub-categories/magazine/promptDetails/vogue-studio-power-issue
	/category/sub-categories/[subcategories]/promptDetails/[promptSlug]: /category/sub-categories/midnight-energy/promptDetails/editorial-lightning-studio-shoot
	/category/sub-categories/[subcategories]/promptDetails/[promptSlug]: /category/sub-categories/midnight-energy/promptDetails/neon-night-dual-portrait-fashion-poster
	/category/sub-categories/[subcategories]/promptDetails/[promptSlug]: /category/sub-categories/nature/promptDetails/blooming-field-romantic-scene
	/category/sub-categories/[subcategories]/promptDetails/[promptSlug]: /category/sub-categories/nature/promptDetails/calm-garden-portrait
	/category/sub-categories/[subcategories]/promptDetails/[promptSlug]: /category/sub-categories/nature/promptDetails/cinematic-outdoor-portrait-with-camera
	/category/sub-categories/[subcategories]/promptDetails/[promptSlug]: /category/sub-categories/nature/promptDetails/cinematic-wide-shot-in-field
	/category/sub-categories/[subcategories]/promptDetails/[promptSlug]: /category/sub-categories/nature/promptDetails/dslr-garden-portrait-hands-in-pockets
	/category/sub-categories/[subcategories]/promptDetails/[promptSlug]: /category/sub-categories/nature/promptDetails/dslr-garden-portrait-leaning-on-tree-dali
	/category/sub-categories/[subcategories]/promptDetails/[promptSlug]: /category/sub-categories/nature/promptDetails/dslr-garden-portrait-seated-on-tree-dali
	/category/sub-categories/[subcategories]/promptDetails/[promptSlug]: /category/sub-categories/nature/promptDetails/freedom-in-the-field
	/category/sub-categories/[subcategories]/promptDetails/[promptSlug]: /category/sub-categories/nature/promptDetails/garden-portrait-with-kitten
	/category/sub-categories/[subcategories]/promptDetails/[promptSlug]: /category/sub-categories/nature/promptDetails/golden-hour-couture-portrait
	/category/sub-categories/[subcategories]/promptDetails/[promptSlug]: /category/sub-categories/nature/promptDetails/golden-hour-garden-portrait
	/category/sub-categories/[subcategories]/promptDetails/[promptSlug]: /category/sub-categories/nature/promptDetails/half-length-sakura-portrait
	/category/sub-categories/[subcategories]/promptDetails/[promptSlug]: /category/sub-categories/nature/promptDetails/hyper-realistic-outdoor-cinematic-portrait
	/category/sub-categories/[subcategories]/promptDetails/[promptSlug]: /category/sub-categories/nature/promptDetails/hyper-realistic-park-portrait
	/category/sub-categories/[subcategories]/promptDetails/[promptSlug]: /category/sub-categories/nature/promptDetails/kneeling-sunset-dissolve-scene
	/category/sub-categories/[subcategories]/promptDetails/[promptSlug]: /category/sub-categories/nature/promptDetails/mossy-stone-outdoor-leaning-portrait
	/category/sub-categories/[subcategories]/promptDetails/[promptSlug]: /category/sub-categories/nature/promptDetails/mountain-adventure-smartphone-portrait
	/category/sub-categories/[subcategories]/promptDetails/[promptSlug]: /category/sub-categories/nature/promptDetails/mustard-field-freedom-portrait
	/category/sub-categories/[subcategories]/promptDetails/[promptSlug]: /category/sub-categories/nature/promptDetails/outdoor-fashion-portrait-with-camera
	/category/sub-categories/[subcategories]/promptDetails/[promptSlug]: /category/sub-categories/nature/promptDetails/outdoor-floral-lehenga-portrait
	/category/sub-categories/[subcategories]/promptDetails/[promptSlug]: /category/sub-categories/nature/promptDetails/poetic-field-portrait-with-rose
	/category/sub-categories/[subcategories]/promptDetails/[promptSlug]: /category/sub-categories/nature/promptDetails/realistic-woman-under-tree-with-falling-petals
	/category/sub-categories/[subcategories]/promptDetails/[promptSlug]: /category/sub-categories/nature/promptDetails/retro-garden-blossom-scene-version-1
	/category/sub-categories/[subcategories]/promptDetails/[promptSlug]: /category/sub-categories/nature/promptDetails/retro-garden-blossom-scene-version-2
	/category/sub-categories/[subcategories]/promptDetails/[promptSlug]: /category/sub-categories/nature/promptDetails/stylish-garden-fashion-portrait
	/category/sub-categories/[subcategories]/promptDetails/[promptSlug]: /category/sub-categories/nature/promptDetails/sunflower-silver-silk-portrait
	/category/sub-categories/[subcategories]/promptDetails/[promptSlug]: /category/sub-categories/nature/promptDetails/the-river-valley
	/category/sub-categories/[subcategories]/promptDetails/[promptSlug]: /category/sub-categories/nature/promptDetails/ultra-realistic-dslr-portrait-leaning-pose
	/category/sub-categories/[subcategories]/promptDetails/[promptSlug]: /category/sub-categories/nature/promptDetails/ultra-realistic-dslr-portrait-standing-pose
	/category/sub-categories/[subcategories]/promptDetails/[promptSlug]: /category/sub-categories/nature/promptDetails/woman-on-rock-at-sunset-over-the-shoulder-pose
	/category/sub-categories/[subcategories]/promptDetails/[promptSlug]: /category/sub-categories/nature/promptDetails/woman-on-rock-upside-gaze-close-up
	/category/sub-categories/[subcategories]/promptDetails/[promptSlug]: /category/sub-categories/nature/promptDetails/woman-standing-side-pose-on-rock
	/category/sub-categories/[subcategories]/promptDetails/[promptSlug]: /category/sub-categories/nature/promptDetails/yellow-outfit-flower-shop-scene
	/category/sub-categories/[subcategories]/promptDetails/[promptSlug]: /category/sub-categories/outdoor/promptDetails/airport-cinematic-portrait
	/category/sub-categories/[subcategories]/promptDetails/[promptSlug]: /category/sub-categories/outdoor/promptDetails/airport-runway-travel-portrait
	/category/sub-categories/[subcategories]/promptDetails/[promptSlug]: /category/sub-categories/outdoor/promptDetails/brutalist-architecture-fashion-portrait
	/category/sub-categories/[subcategories]/promptDetails/[promptSlug]: /category/sub-categories/outdoor/promptDetails/caf-fashion-editorial-portrait
	/category/sub-categories/[subcategories]/promptDetails/[promptSlug]: /category/sub-categories/outdoor/promptDetails/cinematic-batman-inspired-portrait
	/category/sub-categories/[subcategories]/promptDetails/[promptSlug]: /category/sub-categories/outdoor/promptDetails/cinematic-ship-deck-portrait
	/category/sub-categories/[subcategories]/promptDetails/[promptSlug]: /category/sub-categories/outdoor/promptDetails/dark-suit-with-wolf-portrait
	/category/sub-categories/[subcategories]/promptDetails/[promptSlug]: /category/sub-categories/outdoor/promptDetails/desert-adventure-fashion-poster
	/category/sub-categories/[subcategories]/promptDetails/[promptSlug]: /category/sub-categories/outdoor/promptDetails/dual-portrait-sunglasses-fashion-poster
	/category/sub-categories/[subcategories]/promptDetails/[promptSlug]: /category/sub-categories/outdoor/promptDetails/editorial-street-fashion-scene
	/category/sub-categories/[subcategories]/promptDetails/[promptSlug]: /category/sub-categories/outdoor/promptDetails/european-caf-cinematic-portrait
	/category/sub-categories/[subcategories]/promptDetails/[promptSlug]: /category/sub-categories/outdoor/promptDetails/floral-butterfly-net-saree-portrait
	/category/sub-categories/[subcategories]/promptDetails/[promptSlug]: /category/sub-categories/outdoor/promptDetails/golden-hour-rooftop-portrait
	/category/sub-categories/[subcategories]/promptDetails/[promptSlug]: /category/sub-categories/outdoor/promptDetails/golden-hour-street-poster
	/category/sub-categories/[subcategories]/promptDetails/[promptSlug]: /category/sub-categories/outdoor/promptDetails/gothic-editorial-rose-portrait
	/category/sub-categories/[subcategories]/promptDetails/[promptSlug]: /category/sub-categories/outdoor/promptDetails/high-fashion-editorial-portrait
	/category/sub-categories/[subcategories]/promptDetails/[promptSlug]: /category/sub-categories/outdoor/promptDetails/iron-bridge-street-style-portrait
	/category/sub-categories/[subcategories]/promptDetails/[promptSlug]: /category/sub-categories/outdoor/promptDetails/joyful-bohemian-swing-portrait
	/category/sub-categories/[subcategories]/promptDetails/[promptSlug]: /category/sub-categories/outdoor/promptDetails/low-angle-urban-power-shot
	/category/sub-categories/[subcategories]/promptDetails/[promptSlug]: /category/sub-categories/outdoor/promptDetails/luxury-marina-walk-portrait
	/category/sub-categories/[subcategories]/promptDetails/[promptSlug]: /category/sub-categories/outdoor/promptDetails/modern-black-outfit-editorial-portrait
	/category/sub-categories/[subcategories]/promptDetails/[promptSlug]: /category/sub-categories/outdoor/promptDetails/modern-indoor-travel-aesthetic
	/category/sub-categories/[subcategories]/promptDetails/[promptSlug]: /category/sub-categories/outdoor/promptDetails/natural-beauty-close-up
	/category/sub-categories/[subcategories]/promptDetails/[promptSlug]: /category/sub-categories/outdoor/promptDetails/neon-noir-profile
	/category/sub-categories/[subcategories]/promptDetails/[promptSlug]: /category/sub-categories/outdoor/promptDetails/nighttime-glow-with-led-umbrella
	/category/sub-categories/[subcategories]/promptDetails/[promptSlug]: /category/sub-categories/outdoor/promptDetails/noir-city-isolation-portrait
	/category/sub-categories/[subcategories]/promptDetails/[promptSlug]: /category/sub-categories/outdoor/promptDetails/outdoor-caf-cinematic-lifestyle
	/category/sub-categories/[subcategories]/promptDetails/[promptSlug]: /category/sub-categories/outdoor/promptDetails/outdoor-garden-casual-portrait
	/category/sub-categories/[subcategories]/promptDetails/[promptSlug]: /category/sub-categories/outdoor/promptDetails/private-jet-luxury-portrait
	/category/sub-categories/[subcategories]/promptDetails/[promptSlug]: /category/sub-categories/outdoor/promptDetails/railway-cinematic-portrait
	/category/sub-categories/[subcategories]/promptDetails/[promptSlug]: /category/sub-categories/outdoor/promptDetails/retro-hong-kong-balcony-portrait
	/category/sub-categories/[subcategories]/promptDetails/[promptSlug]: /category/sub-categories/outdoor/promptDetails/rooftop-fashion-portrait-at-sunset
	/category/sub-categories/[subcategories]/promptDetails/[promptSlug]: /category/sub-categories/outdoor/promptDetails/rustic-european-editorial-portrait
	/category/sub-categories/[subcategories]/promptDetails/[promptSlug]: /category/sub-categories/outdoor/promptDetails/rustic-window-cinematic-portrait
	/category/sub-categories/[subcategories]/promptDetails/[promptSlug]: /category/sub-categories/outdoor/promptDetails/standing-portrait-with-husky-modeling-pose
	/category/sub-categories/[subcategories]/promptDetails/[promptSlug]: /category/sub-categories/outdoor/promptDetails/the-wicker-chair-lifestyle
	/category/sub-categories/[subcategories]/promptDetails/[promptSlug]: /category/sub-categories/outdoor/promptDetails/traditional-textured-stone-wall-portrait
	/category/sub-categories/[subcategories]/promptDetails/[promptSlug]: /category/sub-categories/outdoor/promptDetails/ultra-realistic-caf-lifestyle-portrait
	/category/sub-categories/[subcategories]/promptDetails/[promptSlug]: /category/sub-categories/outdoor/promptDetails/ultra-realistic-casual-stone-steps-portrait
	/category/sub-categories/[subcategories]/promptDetails/[promptSlug]: /category/sub-categories/outdoor/promptDetails/urban-graffiti-street-portrait
	/category/sub-categories/[subcategories]/promptDetails/[promptSlug]: /category/sub-categories/outdoor/promptDetails/urban-luxury-reflection
	/category/sub-categories/[subcategories]/promptDetails/[promptSlug]: /category/sub-categories/outdoor/promptDetails/urban-metro-portrait
	/category/sub-categories/[subcategories]/promptDetails/[promptSlug]: /category/sub-categories/outdoor/promptDetails/urban-mid-body-cinematic-portrait
	/category/sub-categories/[subcategories]/promptDetails/[promptSlug]: /category/sub-categories/outdoor/promptDetails/urban-streetwear-portrait
	/category/sub-categories/[subcategories]/promptDetails/[promptSlug]: /category/sub-categories/outdoor/promptDetails/vip-helicopter-arrival-scene
	/category/sub-categories/[subcategories]/promptDetails/[promptSlug]: /category/sub-categories/profession/promptDetails/alpha-executive-elegance
	/category/sub-categories/[subcategories]/promptDetails/[promptSlug]: /category/sub-categories/profession/promptDetails/boss-level-power-pose
	/category/sub-categories/[subcategories]/promptDetails/[promptSlug]: /category/sub-categories/profession/promptDetails/cinematic-editorial-smoke-portrait
	/category/sub-categories/[subcategories]/promptDetails/[promptSlug]: /category/sub-categories/profession/promptDetails/confident-businessman-walkway-portrait
	/category/sub-categories/[subcategories]/promptDetails/[promptSlug]: /category/sub-categories/profession/promptDetails/cozy-cinematic-reading-portrait
	/category/sub-categories/[subcategories]/promptDetails/[promptSlug]: /category/sub-categories/profession/promptDetails/dark-cinematic-guitar-portrait
	/category/sub-categories/[subcategories]/promptDetails/[promptSlug]: /category/sub-categories/profession/promptDetails/fearless-executive-stance
	/category/sub-categories/[subcategories]/promptDetails/[promptSlug]: /category/sub-categories/profession/promptDetails/high-end-office-portrait
	/category/sub-categories/[subcategories]/promptDetails/[promptSlug]: /category/sub-categories/profession/promptDetails/high-fashion-studio-portrait
	/category/sub-categories/[subcategories]/promptDetails/[promptSlug]: /category/sub-categories/profession/promptDetails/indoor-lifestyle-neon-scene
	/category/sub-categories/[subcategories]/promptDetails/[promptSlug]: /category/sub-categories/profession/promptDetails/industrial-portrait-with-crates
	/category/sub-categories/[subcategories]/promptDetails/[promptSlug]: /category/sub-categories/profession/promptDetails/levitation-creative-professional-scene
	/category/sub-categories/[subcategories]/promptDetails/[promptSlug]: /category/sub-categories/profession/promptDetails/marble-glass-storm-portrait
	/category/sub-categories/[subcategories]/promptDetails/[promptSlug]: /category/sub-categories/profession/promptDetails/minimalist-studio-portrait
	/category/sub-categories/[subcategories]/promptDetails/[promptSlug]: /category/sub-categories/profession/promptDetails/penthouse-window-portrait
	/category/sub-categories/[subcategories]/promptDetails/[promptSlug]: /category/sub-categories/profession/promptDetails/piano-garden-portrait
	/category/sub-categories/[subcategories]/promptDetails/[promptSlug]: /category/sub-categories/profession/promptDetails/power-pose-corporate-portrait
	/category/sub-categories/[subcategories]/promptDetails/[promptSlug]: /category/sub-categories/profession/promptDetails/rustic-guitar-portrait
	/category/sub-categories/[subcategories]/promptDetails/[promptSlug]: /category/sub-categories/profession/promptDetails/ultra-realistic-stylish-young-man-portrait
	/category/sub-categories/[subcategories]/promptDetails/[promptSlug]: /category/sub-categories/sarees-timeless-drape/promptDetails/close-up-red-saree-portrait
	/category/sub-categories/[subcategories]/promptDetails/[promptSlug]: /category/sub-categories/sarees-timeless-drape/promptDetails/full-body-reading-pose
	/category/sub-categories/[subcategories]/promptDetails/[promptSlug]: /category/sub-categories/sarees-timeless-drape/promptDetails/garden-swing-outdoor-portrait
	/category/sub-categories/[subcategories]/promptDetails/[promptSlug]: /category/sub-categories/sarees-timeless-drape/promptDetails/green-dress-ocean-portrait
	/category/sub-categories/[subcategories]/promptDetails/[promptSlug]: /category/sub-categories/sarees-timeless-drape/promptDetails/high-angle-thoughtful-portrait
	/category/sub-categories/[subcategories]/promptDetails/[promptSlug]: /category/sub-categories/sarees-timeless-drape/promptDetails/hyper-realistic-saree-portrait-at-dusk
	/category/sub-categories/[subcategories]/promptDetails/[promptSlug]: /category/sub-categories/sarees-timeless-drape/promptDetails/indian-jewelry-market-scene
	/category/sub-categories/[subcategories]/promptDetails/[promptSlug]: /category/sub-categories/sarees-timeless-drape/promptDetails/lotus-pond-serenity-portrait
	/category/sub-categories/[subcategories]/promptDetails/[promptSlug]: /category/sub-categories/sarees-timeless-drape/promptDetails/park-scene-gradient-saree-portrait
	/category/sub-categories/[subcategories]/promptDetails/[promptSlug]: /category/sub-categories/sarees-timeless-drape/promptDetails/plum-to-deep-wine-cinematic-portrait
	/category/sub-categories/[subcategories]/promptDetails/[promptSlug]: /category/sub-categories/sarees-timeless-drape/promptDetails/red-hibiscus-saree-portrait
	/category/sub-categories/[subcategories]/promptDetails/[promptSlug]: /category/sub-categories/sarees-timeless-drape/promptDetails/reflective-surface-portrait
	/category/sub-categories/[subcategories]/promptDetails/[promptSlug]: /category/sub-categories/sarees-timeless-drape/promptDetails/royal-blue-saree-double-exposure-portrait
	/category/sub-categories/[subcategories]/promptDetails/[promptSlug]: /category/sub-categories/sarees-timeless-drape/promptDetails/royal-gold-saree-double-exposure-portrait
	/category/sub-categories/[subcategories]/promptDetails/[promptSlug]: /category/sub-categories/sarees-timeless-drape/promptDetails/royal-pink-saree-double-exposure-portrait
	/category/sub-categories/[subcategories]/promptDetails/[promptSlug]: /category/sub-categories/sarees-winter-elegance/promptDetails/forest-green-snowy-hilltop-portrait
	/category/sub-categories/[subcategories]/promptDetails/[promptSlug]: /category/sub-categories/sarees-winter-elegance/promptDetails/glacier-blue-winter-saree-portrait
	/category/sub-categories/[subcategories]/promptDetails/[promptSlug]: /category/sub-categories/sarees-winter-elegance/promptDetails/lavender-chiffon-dreamy-portrait
	/category/sub-categories/[subcategories]/promptDetails/[promptSlug]: /category/sub-categories/sarees-winter-elegance/promptDetails/magenta-to-electric-purple-saree-motion-shot
	/category/sub-categories/[subcategories]/promptDetails/[promptSlug]: /category/sub-categories/sarees-winter-elegance/promptDetails/navy-blue-chiffon-mountain-portrait
	/category/sub-categories/[subcategories]/promptDetails/[promptSlug]: /category/sub-categories/sarees-winter-elegance/promptDetails/royal-blue-ombre-saree-on-snowy-peak
	/category/sub-categories/[subcategories]/promptDetails/[promptSlug]: /category/sub-categories/see-you-multi-time/promptDetails/bold-fashion-collage-poster
	/category/sub-categories/[subcategories]/promptDetails/[promptSlug]: /category/sub-categories/see-you-multi-time/promptDetails/conceptual-movie-poster-composition
	/category/sub-categories/[subcategories]/promptDetails/[promptSlug]: /category/sub-categories/see-you-multi-time/promptDetails/dual-pose-fan-art-portrait
	/category/sub-categories/[subcategories]/promptDetails/[promptSlug]: /category/sub-categories/see-you-multi-time/promptDetails/hyper-realistic-4k-cinematic-action-collage
	/category/sub-categories/[subcategories]/promptDetails/[promptSlug]: /category/sub-categories/see-you-multi-time/promptDetails/hyper-realistic-4k-photo-poster-collage
	/category/sub-categories/[subcategories]/promptDetails/[promptSlug]: /category/sub-categories/see-you-multi-time/promptDetails/modern-villain-poster-portrait
	/category/sub-categories/[subcategories]/promptDetails/[promptSlug]: /category/sub-categories/see-you-multi-time/promptDetails/pixar-style-character-generator-female
	/category/sub-categories/[subcategories]/promptDetails/[promptSlug]: /category/sub-categories/see-you-multi-time/promptDetails/pixar-style-character-generator-male
	/category/sub-categories/[subcategories]/promptDetails/[promptSlug]: /category/sub-categories/see-you-multi-time/promptDetails/two-version-cinematic-portrait-frame
	/category/sub-categories/[subcategories]/promptDetails/[promptSlug]: /category/sub-categories/see-you-multi-time/promptDetails/ultra-realistic-4k-urban-neon-collage-poster
	/category/sub-categories/[subcategories]/promptDetails/[promptSlug]: /category/sub-categories/studio/promptDetails/artistic-monochrome-portrait-edit
	/category/sub-categories/[subcategories]/promptDetails/[promptSlug]: /category/sub-categories/studio/promptDetails/beige-hoodie-sherpa-jacket-streetwear
	/category/sub-categories/[subcategories]/promptDetails/[promptSlug]: /category/sub-categories/studio/promptDetails/beige-streetwear-editorial-portrait
	/category/sub-categories/[subcategories]/promptDetails/[promptSlug]: /category/sub-categories/studio/promptDetails/burgundy-velvet-noir
	/category/sub-categories/[subcategories]/promptDetails/[promptSlug]: /category/sub-categories/studio/promptDetails/chic-cozy-indoor-lifestyle
	/category/sub-categories/[subcategories]/promptDetails/[promptSlug]: /category/sub-categories/studio/promptDetails/cinematic-indoor-futuristic-portrait
	/category/sub-categories/[subcategories]/promptDetails/[promptSlug]: /category/sub-categories/studio/promptDetails/cinematic-indoor-portrait-repeated-frame
	/category/sub-categories/[subcategories]/promptDetails/[promptSlug]: /category/sub-categories/studio/promptDetails/cinematic-indoor-portrait-variant
	/category/sub-categories/[subcategories]/promptDetails/[promptSlug]: /category/sub-categories/studio/promptDetails/cinematic-rose-portrait-vertical
	/category/sub-categories/[subcategories]/promptDetails/[promptSlug]: /category/sub-categories/studio/promptDetails/crescent-energy-disintegration-scene
	/category/sub-categories/[subcategories]/promptDetails/[promptSlug]: /category/sub-categories/studio/promptDetails/futuristic-streetwear-editorial
	/category/sub-categories/[subcategories]/promptDetails/[promptSlug]: /category/sub-categories/studio/promptDetails/golden-hour-casual
	/category/sub-categories/[subcategories]/promptDetails/[promptSlug]: /category/sub-categories/studio/promptDetails/high-contrast-black-white-close-up
	/category/sub-categories/[subcategories]/promptDetails/[promptSlug]: /category/sub-categories/studio/promptDetails/indoor-mirror-reflection-portrait
	/category/sub-categories/[subcategories]/promptDetails/[promptSlug]: /category/sub-categories/studio/promptDetails/leather-jacket-night-portrait
	/category/sub-categories/[subcategories]/promptDetails/[promptSlug]: /category/sub-categories/studio/promptDetails/minimal-indoor-fashion-portrait
	/category/sub-categories/[subcategories]/promptDetails/[promptSlug]: /category/sub-categories/studio/promptDetails/minimalist-butterfly-spotlight
	/category/sub-categories/[subcategories]/promptDetails/[promptSlug]: /category/sub-categories/studio/promptDetails/modern-elegance-in-maroon
	/category/sub-categories/[subcategories]/promptDetails/[promptSlug]: /category/sub-categories/studio/promptDetails/modern-grey-editorial-interior
	/category/sub-categories/[subcategories]/promptDetails/[promptSlug]: /category/sub-categories/studio/promptDetails/modern-surreal-studio-fashion-scene
	/category/sub-categories/[subcategories]/promptDetails/[promptSlug]: /category/sub-categories/studio/promptDetails/moody-retro-urban-portrait
	/category/sub-categories/[subcategories]/promptDetails/[promptSlug]: /category/sub-categories/studio/promptDetails/red-light-cinematic-male-portrait
	/category/sub-categories/[subcategories]/promptDetails/[promptSlug]: /category/sub-categories/studio/promptDetails/red-vintage-couture-portrait
	/category/sub-categories/[subcategories]/promptDetails/[promptSlug]: /category/sub-categories/studio/promptDetails/retro-vintage-waistcoat-look
	/category/sub-categories/[subcategories]/promptDetails/[promptSlug]: /category/sub-categories/studio/promptDetails/spotlight-with-a-vertical-white-smoke
	/category/sub-categories/[subcategories]/promptDetails/[promptSlug]: /category/sub-categories/studio/promptDetails/studio-fashion-holiday-portrait
	/category/sub-categories/[subcategories]/promptDetails/[promptSlug]: /category/sub-categories/studio/promptDetails/the-avant-garde-vogue-couture-shoot
	/category/sub-categories/[subcategories]/promptDetails/[promptSlug]: /category/sub-categories/studio/promptDetails/the-burning-news
	/category/sub-categories/[subcategories]/promptDetails/[promptSlug]: /category/sub-categories/studio/promptDetails/the-burning-roses
	/category/sub-categories/[subcategories]/promptDetails/[promptSlug]: /category/sub-categories/studio/promptDetails/the-celebrity-spotlight-portrait
	/category/sub-categories/[subcategories]/promptDetails/[promptSlug]: /category/sub-categories/studio/promptDetails/the-charcoal-executive
	/category/sub-categories/[subcategories]/promptDetails/[promptSlug]: /category/sub-categories/studio/promptDetails/the-dice-roll-of-fate
	/category/sub-categories/[subcategories]/promptDetails/[promptSlug]: /category/sub-categories/studio/promptDetails/the-ethereal-god-ray-fantasy
	/category/sub-categories/[subcategories]/promptDetails/[promptSlug]: /category/sub-categories/studio/promptDetails/the-halo-spotlight
	/category/sub-categories/[subcategories]/promptDetails/[promptSlug]: /category/sub-categories/studio/promptDetails/the-midnight-tuxedo
	/category/sub-categories/[subcategories]/promptDetails/[promptSlug]: /category/sub-categories/studio/promptDetails/the-noir-chiaroscuro-detective
	/category/sub-categories/[subcategories]/promptDetails/[promptSlug]: /category/sub-categories/studio/promptDetails/the-renaissance-painters-muse
	/category/sub-categories/[subcategories]/promptDetails/[promptSlug]: /category/sub-categories/studio/promptDetails/the-retro-anime-room
	/category/sub-categories/[subcategories]/promptDetails/[promptSlug]: /category/sub-categories/studio/promptDetails/the-sci-fi-spaceship-pilot
	/category/sub-categories/[subcategories]/promptDetails/[promptSlug]: /category/sub-categories/studio/promptDetails/the-sharp-business-executive-studio-portrait
	/category/sub-categories/[subcategories]/promptDetails/[promptSlug]: /category/sub-categories/studio/promptDetails/the-streetwear-icon-urban-graffiti-studio
	/category/sub-categories/[subcategories]/promptDetails/[promptSlug]: /category/sub-categories/studio/promptDetails/the-sunlight-silk-goddess-golden-hour-editorial
	/category/sub-categories/[subcategories]/promptDetails/[promptSlug]: /category/sub-categories/studio/promptDetails/the-vintage-film-noir-detective-moody-private-studio
	/category/sub-categories/[subcategories]/promptDetails/[promptSlug]: /category/sub-categories/studio/promptDetails/ultra-photorealistic-editorial-portrait
	/category/sub-categories/[subcategories]/promptDetails/[promptSlug]: /category/sub-categories/studio/promptDetails/ultra-realistic-bollywood-poster-portrait
	/category/sub-categories/[subcategories]/promptDetails/[promptSlug]: /category/sub-categories/studio/promptDetails/ultra-realistic-indian-bridal-portrait
	/category/sub-categories/[subcategories]/promptDetails/[promptSlug]: /category/sub-categories/studio/promptDetails/ultra-realistic-monochrome-portrait-prompt
	/category/sub-categories/[subcategories]/promptDetails/[promptSlug]: /category/sub-categories/studio/promptDetails/ultra-realistic-wet-skin-close-up
	/category/sub-categories/[subcategories]/promptDetails/[promptSlug]: /category/sub-categories/studio/promptDetails/white-red-minimal-fashion-portrait
	/category/sub-categories/[subcategories]/promptDetails/[promptSlug]: /category/sub-categories/the-beachs-salty-love/promptDetails/beach-scene-with-2026-balloon-concept
	/category/sub-categories/[subcategories]/promptDetails/[promptSlug]: /category/sub-categories/the-beachs-salty-love/promptDetails/beach-walk-at-sunset
	/category/sub-categories/[subcategories]/promptDetails/[promptSlug]: /category/sub-categories/the-beachs-salty-love/promptDetails/beach-walk-cinematic-scene
	/category/sub-categories/[subcategories]/promptDetails/[promptSlug]: /category/sub-categories/the-beachs-salty-love/promptDetails/disintegration-surreal-concept-portrait
	/category/sub-categories/[subcategories]/promptDetails/[promptSlug]: /category/sub-categories/the-beachs-salty-love/promptDetails/new-year-beach-celebration-portrait
	/category/sub-categories/[subcategories]/promptDetails/[promptSlug]: /category/sub-categories/the-celebrity-spark/promptDetails/birthday-cake-moment-with-virat-kohli
	/category/sub-categories/[subcategories]/promptDetails/[promptSlug]: /category/sub-categories/the-celebrity-spark/promptDetails/birthday-celebration-with-virat-kohli-pose-1
	/category/sub-categories/[subcategories]/promptDetails/[promptSlug]: /category/sub-categories/the-celebrity-spark/promptDetails/birthday-celebration-with-virat-kohli-pose-2
	/category/sub-categories/[subcategories]/promptDetails/[promptSlug]: /category/sub-categories/the-celebrity-spark/promptDetails/birthday-celebration-with-virat-kohli-pose-3
	/category/sub-categories/[subcategories]/promptDetails/[promptSlug]: /category/sub-categories/the-celebrity-spark/promptDetails/friendly-cake-celebration
	/category/sub-categories/[subcategories]/promptDetails/[promptSlug]: /category/sub-categories/the-classic-background-vibe/promptDetails/dark-cinematic-portrait-with-dramatic-mood
	/category/sub-categories/[subcategories]/promptDetails/[promptSlug]: /category/sub-categories/the-classic-background-vibe/promptDetails/minimalist-fashion-portrait
	/category/sub-categories/[subcategories]/promptDetails/[promptSlug]: /category/sub-categories/the-classic-background-vibe/promptDetails/mint-green-dynamic-fashion-shoot
	/category/sub-categories/[subcategories]/promptDetails/[promptSlug]: /category/sub-categories/the-dogs-loyal-love/promptDetails/confident-sitting-portrait-with-husky-front-view
	/category/sub-categories/[subcategories]/promptDetails/[promptSlug]: /category/sub-categories/the-dogs-loyal-love/promptDetails/sitting-portrait-with-husky-companion-relaxed-pose
	/category/sub-categories/[subcategories]/promptDetails/[promptSlug]: /category/sub-categories/the-dogs-loyal-love/promptDetails/standing-portrait-with-husky-modeling-pose
	/category/sub-categories/[subcategories]/promptDetails/[promptSlug]: /category/sub-categories/the-dogs-loyal-love/promptDetails/urban-sitting-pose-with-husky-side-angle
	/category/sub-categories/[subcategories]/promptDetails/[promptSlug]: /category/sub-categories/the-power-of-your-name/promptDetails/cinematic-digital-id-card
	/category/sub-categories/[subcategories]/promptDetails/[promptSlug]: /category/sub-categories/the-power-of-your-name/promptDetails/stylized-letter-portrait-concept
	/category/sub-categories/[subcategories]/promptDetails/[promptSlug]: /category/sub-categories/the-riders-freedom/promptDetails/futuristic-motorcycle-scene-prompt
	/category/sub-categories/[subcategories]/promptDetails/[promptSlug]: /category/sub-categories/the-riders-freedom/promptDetails/motorcycle-ride-cinematic-shot
	/category/sub-categories/[subcategories]/promptDetails/[promptSlug]: /category/sub-categories/the-taj-mahal-charm/promptDetails/8k-taj-mahal-golden-hour-portrait
	/category/sub-categories/[subcategories]/promptDetails/[promptSlug]: /category/sub-categories/the-taj-mahal-charm/promptDetails/candid-walking-shot-near-riverbank
	/category/sub-categories/[subcategories]/promptDetails/[promptSlug]: /category/sub-categories/the-taj-mahal-charm/promptDetails/cinematic-travel-photo-near-taj-mahal
	/category/sub-categories/[subcategories]/promptDetails/[promptSlug]: /category/sub-categories/the-taj-mahal-charm/promptDetails/side-profile-taj-mahal-portrait
	/category/sub-categories/[subcategories]/promptDetails/[promptSlug]: /category/sub-categories/the-taj-mahal-charm/promptDetails/ultra-real-close-up-golden-hour-portrait
	/category/sub-categories/[subcategories]/promptDetails/[promptSlug]: /category/sub-categories/the-taj-mahal-charm/promptDetails/ultra-real-side-profile-compression-look
	/category/sub-categories/[subcategories]/promptDetails/[promptSlug]: /category/sub-categories/the-templates-perfection/promptDetails/hanuman-devotional-portrait-concept
	/category/sub-categories/[subcategories]/promptDetails/[promptSlug]: /category/sub-categories/the-templates-perfection/promptDetails/traditional-kanjivaram-staircase-portrait
	/category/sub-categories/[subcategories]/promptDetails/[promptSlug]: /category/sub-categories/water/promptDetails/beach-guitar-portrait-back-facing-ocean
	/category/sub-categories/[subcategories]/promptDetails/[promptSlug]: /category/sub-categories/water/promptDetails/beach-guitar-portrait-rock-seating
	/category/sub-categories/[subcategories]/promptDetails/[promptSlug]: /category/sub-categories/water/promptDetails/beach-guitar-portrait-seated-on-stool
	/category/sub-categories/[subcategories]/promptDetails/[promptSlug]: /category/sub-categories/water/promptDetails/beach-guitar-portrait-seated-thoughtful-mood
	/category/sub-categories/[subcategories]/promptDetails/[promptSlug]: /category/sub-categories/water/promptDetails/beach-guitar-portrait-standing-sideways
	/category/sub-categories/[subcategories]/promptDetails/[promptSlug]: /category/sub-categories/water/promptDetails/fantasy-cherry-blossom-woman-portrait
	/category/sub-categories/[subcategories]/promptDetails/[promptSlug]: /category/sub-categories/water/promptDetails/indian-woman-winter-lake-portrait
	/category/sub-categories/[subcategories]/promptDetails/[promptSlug]: /category/sub-categories/water/promptDetails/lily-boat-close-up-cinematic-portrait
	/category/sub-categories/[subcategories]/promptDetails/[promptSlug]: /category/sub-categories/water/promptDetails/luxury-yacht-sunset-portrait
	/category/sub-categories/[subcategories]/promptDetails/[promptSlug]: /category/sub-categories/water/promptDetails/nautical-casual-deck-look
	/category/sub-categories/[subcategories]/promptDetails/[promptSlug]: /category/sub-categories/water/promptDetails/paragliding-adventure-selfie
	/category/sub-categories/[subcategories]/promptDetails/[promptSlug]: /category/sub-categories/water/promptDetails/retro-river-portrait-indian-woman
	/category/sub-categories/[subcategories]/promptDetails/[promptSlug]: /category/sub-categories/water/promptDetails/seaside-melancholic-portrait
	/category/sub-categories/[subcategories]/promptDetails/[promptSlug]: /category/sub-categories/water/promptDetails/the-poetic-lake
	/category/sub-categories/[subcategories]/promptDetails/[promptSlug]: /category/sub-categories/water/promptDetails/the-water-element
	/category/sub-categories/[subcategories]/promptDetails/[promptSlug]: /category/sub-categories/water/promptDetails/twilight-beach-cinematic-look
	/category/sub-categories/[subcategories]/promptDetails/[promptSlug]: /category/sub-categories/water/promptDetails/wide-angle-mountain-travel-selfie
	/category/sub-categories/[subcategories]/promptDetails/[promptSlug]: /category/sub-categories/water/promptDetails/yacht-guitar-summer-mood
	/category/sub-categories/[subcategories]/promptDetails/[promptSlug]: /category/sub-categories/wedding/promptDetails/haldi-ceremony-couple-close-shot
	/category/sub-categories/[subcategories]/promptDetails/[promptSlug]: /category/sub-categories/wedding/promptDetails/indian-bride-haldi-sitting-portrait
	/category/sub-categories/[subcategories]/promptDetails/[promptSlug]: /category/sub-categories/wedding/promptDetails/indian-bride-standing-haldi-portrait
	/category/sub-categories/[subcategories]/promptDetails/[promptSlug]: /category/sub-categories/winter-and-snow/promptDetails/arctic-fur-triptych
	/category/sub-categories/[subcategories]/promptDetails/[promptSlug]: /category/sub-categories/winter-and-snow/promptDetails/cinematic-dragon-profile-shot
	/category/sub-categories/[subcategories]/promptDetails/[promptSlug]: /category/sub-categories/winter-and-snow/promptDetails/cozy-winter-portrait-prompt
	/category/sub-categories/[subcategories]/promptDetails/[promptSlug]: /category/sub-categories/winter-and-snow/promptDetails/cute-winter-portrait-with-flowers
	/category/sub-categories/[subcategories]/promptDetails/[promptSlug]: /category/sub-categories/winter-and-snow/promptDetails/dreamy-winter-fashion-moment
	/category/sub-categories/[subcategories]/promptDetails/[promptSlug]: /category/sub-categories/winter-and-snow/promptDetails/frozen-close-up-cinematic-shot
	/category/sub-categories/[subcategories]/promptDetails/[promptSlug]: /category/sub-categories/winter-and-snow/promptDetails/frozen-environment-portrait
	/category/sub-categories/[subcategories]/promptDetails/[promptSlug]: /category/sub-categories/winter-and-snow/promptDetails/frozen-full-body-epic-scene
	/category/sub-categories/[subcategories]/promptDetails/[promptSlug]: /category/sub-categories/winter-and-snow/promptDetails/game-of-thrones-inspired-close-up
	/category/sub-categories/[subcategories]/promptDetails/[promptSlug]: /category/sub-categories/winter-and-snow/promptDetails/knit-sweater-cinematic-portrait
	/category/sub-categories/[subcategories]/promptDetails/[promptSlug]: /category/sub-categories/winter-and-snow/promptDetails/korean-drama-snowfall-triptych-vertical-three-panel
	/category/sub-categories/[subcategories]/promptDetails/[promptSlug]: /category/sub-categories/winter-and-snow/promptDetails/korean-drama-snowfall-variation-vertical-two-panel
	/category/sub-categories/[subcategories]/promptDetails/[promptSlug]: /category/sub-categories/winter-and-snow/promptDetails/luxury-winter-portrait
	/category/sub-categories/[subcategories]/promptDetails/[promptSlug]: /category/sub-categories/winter-and-snow/promptDetails/parisian-trench-coat-balcony
	/category/sub-categories/[subcategories]/promptDetails/[promptSlug]: /category/sub-categories/winter-and-snow/promptDetails/retro-winter-coffee-portrait
	/category/sub-categories/[subcategories]/promptDetails/[promptSlug]: /category/sub-categories/winter-and-snow/promptDetails/rooftop-metropolis-dusk-portrait
	/category/sub-categories/[subcategories]/promptDetails/[promptSlug]: /category/sub-categories/winter-and-snow/promptDetails/serene-winter-magic-composite
	/category/sub-categories/[subcategories]/promptDetails/[promptSlug]: /category/sub-categories/winter-and-snow/promptDetails/snow-angel-queen-fantasy-scene
	/category/sub-categories/[subcategories]/promptDetails/[promptSlug]: /category/sub-categories/winter-and-snow/promptDetails/snowfall-close-up-portrait
	/category/sub-categories/[subcategories]/promptDetails/[promptSlug]: /category/sub-categories/winter-and-snow/promptDetails/snowy-city-fashion-portrait
	/category/sub-categories/[subcategories]/promptDetails/[promptSlug]: /category/sub-categories/winter-and-snow/promptDetails/snowy-rock-fashion-editorial
	/category/sub-categories/[subcategories]/promptDetails/[promptSlug]: /category/sub-categories/winter-and-snow/promptDetails/white-winter-serenity
	/category/sub-categories/[subcategories]/promptDetails/[promptSlug]: /category/sub-categories/winter-and-snow/promptDetails/winter-bench-lifestyle-portrait
	/category/sub-categories/[subcategories]/promptDetails/[promptSlug]: /category/sub-categories/winter-and-snow/promptDetails/winter-campfire-portrait
	/category/sub-categories/[subcategories]/promptDetails/[promptSlug]: /category/sub-categories/winter-and-snow/promptDetails/winter-chic-in-the-snow
	/category/sub-categories/[subcategories]/promptDetails/[promptSlug]: /category/sub-categories/winter-and-snow/promptDetails/winter-gaze-diptych
	/category/sub-categories/[subcategories]/promptDetails/[promptSlug]: /category/sub-categories/winters-warm-hug/promptDetails/campfire-cinematic-couple-prompt-alternate
	/category/sub-categories/[subcategories]/promptDetails/[promptSlug]: /category/sub-categories/winters-warm-hug/promptDetails/campfire-night-scene-prompt
	/category/sub-categories/[subcategories]/promptDetails/[promptSlug]: /category/sub-categories/winters-warm-hug/promptDetails/mountain-embrace-portrait
	/category/sub-categories/[subcategories]/promptDetails/[promptSlug]: /category/sub-categories/winters-warm-hug/promptDetails/playful-snowy-mountain-joy
	/top-creators
